###############################################################################
#
# IAR ELF Linker V8.30.1.114/W32 for ARM                  10/Oct/2018  22:56:07
# Copyright 2007-2018 IAR Systems AB.
#
#    Output file  =  
#        C:\Users\ahj\Desktop\CE4057\Source_Code_CE4057\ce4053\Micrium\Software\EvalBoards\TI\LM3S9B92-EVALBOT\IAR\uCOS-III-CE4053_PG\Flash\Exe\uCOS-III-Ex4.out
#    Map file     =  
#        C:\Users\ahj\Desktop\CE4057\Source_Code_CE4057\ce4053\Micrium\Software\EvalBoards\TI\LM3S9B92-EVALBOT\IAR\uCOS-III-CE4053_PG\Flash\List\uCOS-III-Ex4.map
#    Command line =  
#        -f C:\Users\ahj\AppData\Local\Temp\EWC3F6.tmp
#        (C:\Users\ahj\Desktop\CE4057\Source_Code_CE4057\ce4053\Micrium\Software\EvalBoards\TI\LM3S9B92-EVALBOT\IAR\uCOS-III-CE4053_PG\Flash\Obj\adc.o
#        C:\Users\ahj\Desktop\CE4057\Source_Code_CE4057\ce4053\Micrium\Software\EvalBoards\TI\LM3S9B92-EVALBOT\IAR\uCOS-III-CE4053_PG\Flash\Obj\app.o
#        C:\Users\ahj\Desktop\CE4057\Source_Code_CE4057\ce4053\Micrium\Software\EvalBoards\TI\LM3S9B92-EVALBOT\IAR\uCOS-III-CE4053_PG\Flash\Obj\app_vect.o
#        C:\Users\ahj\Desktop\CE4057\Source_Code_CE4057\ce4053\Micrium\Software\EvalBoards\TI\LM3S9B92-EVALBOT\IAR\uCOS-III-CE4053_PG\Flash\Obj\bsp.o
#        C:\Users\ahj\Desktop\CE4057\Source_Code_CE4057\ce4053\Micrium\Software\EvalBoards\TI\LM3S9B92-EVALBOT\IAR\uCOS-III-CE4053_PG\Flash\Obj\bsp_dac.o
#        C:\Users\ahj\Desktop\CE4057\Source_Code_CE4057\ce4053\Micrium\Software\EvalBoards\TI\LM3S9B92-EVALBOT\IAR\uCOS-III-CE4053_PG\Flash\Obj\bsp_display.o
#        C:\Users\ahj\Desktop\CE4057\Source_Code_CE4057\ce4053\Micrium\Software\EvalBoards\TI\LM3S9B92-EVALBOT\IAR\uCOS-III-CE4053_PG\Flash\Obj\bsp_int.o
#        C:\Users\ahj\Desktop\CE4057\Source_Code_CE4057\ce4053\Micrium\Software\EvalBoards\TI\LM3S9B92-EVALBOT\IAR\uCOS-III-CE4053_PG\Flash\Obj\bsp_io.o
#        C:\Users\ahj\Desktop\CE4057\Source_Code_CE4057\ce4053\Micrium\Software\EvalBoards\TI\LM3S9B92-EVALBOT\IAR\uCOS-III-CE4053_PG\Flash\Obj\bsp_motor.o
#        C:\Users\ahj\Desktop\CE4057\Source_Code_CE4057\ce4053\Micrium\Software\EvalBoards\TI\LM3S9B92-EVALBOT\IAR\uCOS-III-CE4053_PG\Flash\Obj\bsp_sensors.o
#        C:\Users\ahj\Desktop\CE4057\Source_Code_CE4057\ce4053\Micrium\Software\EvalBoards\TI\LM3S9B92-EVALBOT\IAR\uCOS-III-CE4053_PG\Flash\Obj\can.o
#        C:\Users\ahj\Desktop\CE4057\Source_Code_CE4057\ce4053\Micrium\Software\EvalBoards\TI\LM3S9B92-EVALBOT\IAR\uCOS-III-CE4053_PG\Flash\Obj\comp.o
#        C:\Users\ahj\Desktop\CE4057\Source_Code_CE4057\ce4053\Micrium\Software\EvalBoards\TI\LM3S9B92-EVALBOT\IAR\uCOS-III-CE4053_PG\Flash\Obj\cpu_.o
#        C:\Users\ahj\Desktop\CE4057\Source_Code_CE4057\ce4053\Micrium\Software\EvalBoards\TI\LM3S9B92-EVALBOT\IAR\uCOS-III-CE4053_PG\Flash\Obj\cpu_a.o
#        C:\Users\ahj\Desktop\CE4057\Source_Code_CE4057\ce4053\Micrium\Software\EvalBoards\TI\LM3S9B92-EVALBOT\IAR\uCOS-III-CE4053_PG\Flash\Obj\cpu_bsp.o
#        C:\Users\ahj\Desktop\CE4057\Source_Code_CE4057\ce4053\Micrium\Software\EvalBoards\TI\LM3S9B92-EVALBOT\IAR\uCOS-III-CE4053_PG\Flash\Obj\cpu_c.o
#        C:\Users\ahj\Desktop\CE4057\Source_Code_CE4057\ce4053\Micrium\Software\EvalBoards\TI\LM3S9B92-EVALBOT\IAR\uCOS-III-CE4053_PG\Flash\Obj\cpu_core.o
#        C:\Users\ahj\Desktop\CE4057\Source_Code_CE4057\ce4053\Micrium\Software\EvalBoards\TI\LM3S9B92-EVALBOT\IAR\uCOS-III-CE4053_PG\Flash\Obj\epi.o
#        C:\Users\ahj\Desktop\CE4057\Source_Code_CE4057\ce4053\Micrium\Software\EvalBoards\TI\LM3S9B92-EVALBOT\IAR\uCOS-III-CE4053_PG\Flash\Obj\ethernet.o
#        C:\Users\ahj\Desktop\CE4057\Source_Code_CE4057\ce4053\Micrium\Software\EvalBoards\TI\LM3S9B92-EVALBOT\IAR\uCOS-III-CE4053_PG\Flash\Obj\fatfs.o
#        C:\Users\ahj\Desktop\CE4057\Source_Code_CE4057\ce4053\Micrium\Software\EvalBoards\TI\LM3S9B92-EVALBOT\IAR\uCOS-III-CE4053_PG\Flash\Obj\flash.o
#        C:\Users\ahj\Desktop\CE4057\Source_Code_CE4057\ce4053\Micrium\Software\EvalBoards\TI\LM3S9B92-EVALBOT\IAR\uCOS-III-CE4053_PG\Flash\Obj\gpio.o
#        C:\Users\ahj\Desktop\CE4057\Source_Code_CE4057\ce4053\Micrium\Software\EvalBoards\TI\LM3S9B92-EVALBOT\IAR\uCOS-III-CE4053_PG\Flash\Obj\hibernate.o
#        C:\Users\ahj\Desktop\CE4057\Source_Code_CE4057\ce4053\Micrium\Software\EvalBoards\TI\LM3S9B92-EVALBOT\IAR\uCOS-III-CE4053_PG\Flash\Obj\i2c.o
#        C:\Users\ahj\Desktop\CE4057\Source_Code_CE4057\ce4053\Micrium\Software\EvalBoards\TI\LM3S9B92-EVALBOT\IAR\uCOS-III-CE4053_PG\Flash\Obj\i2s.o
#        C:\Users\ahj\Desktop\CE4057\Source_Code_CE4057\ce4053\Micrium\Software\EvalBoards\TI\LM3S9B92-EVALBOT\IAR\uCOS-III-CE4053_PG\Flash\Obj\interrupt.o
#        C:\Users\ahj\Desktop\CE4057\Source_Code_CE4057\ce4053\Micrium\Software\EvalBoards\TI\LM3S9B92-EVALBOT\IAR\uCOS-III-CE4053_PG\Flash\Obj\lib_ascii.o
#        C:\Users\ahj\Desktop\CE4057\Source_Code_CE4057\ce4053\Micrium\Software\EvalBoards\TI\LM3S9B92-EVALBOT\IAR\uCOS-III-CE4053_PG\Flash\Obj\lib_math.o
#        C:\Users\ahj\Desktop\CE4057\Source_Code_CE4057\ce4053\Micrium\Software\EvalBoards\TI\LM3S9B92-EVALBOT\IAR\uCOS-III-CE4053_PG\Flash\Obj\lib_mem.o
#        C:\Users\ahj\Desktop\CE4057\Source_Code_CE4057\ce4053\Micrium\Software\EvalBoards\TI\LM3S9B92-EVALBOT\IAR\uCOS-III-CE4053_PG\Flash\Obj\lib_str.o
#        C:\Users\ahj\Desktop\CE4057\Source_Code_CE4057\ce4053\Micrium\Software\EvalBoards\TI\LM3S9B92-EVALBOT\IAR\uCOS-III-CE4053_PG\Flash\Obj\linkedList.o
#        C:\Users\ahj\Desktop\CE4057\Source_Code_CE4057\ce4053\Micrium\Software\EvalBoards\TI\LM3S9B92-EVALBOT\IAR\uCOS-III-CE4053_PG\Flash\Obj\microsd.o
#        C:\Users\ahj\Desktop\CE4057\Source_Code_CE4057\ce4053\Micrium\Software\EvalBoards\TI\LM3S9B92-EVALBOT\IAR\uCOS-III-CE4053_PG\Flash\Obj\mpu.o
#        C:\Users\ahj\Desktop\CE4057\Source_Code_CE4057\ce4053\Micrium\Software\EvalBoards\TI\LM3S9B92-EVALBOT\IAR\uCOS-III-CE4053_PG\Flash\Obj\os_app_hooks.o
#        C:\Users\ahj\Desktop\CE4057\Source_Code_CE4057\ce4053\Micrium\Software\EvalBoards\TI\LM3S9B92-EVALBOT\IAR\uCOS-III-CE4053_PG\Flash\Obj\os_cfg_app.o
#        C:\Users\ahj\Desktop\CE4057\Source_Code_CE4057\ce4053\Micrium\Software\EvalBoards\TI\LM3S9B92-EVALBOT\IAR\uCOS-III-CE4053_PG\Flash\Obj\os_core.o
#        C:\Users\ahj\Desktop\CE4057\Source_Code_CE4057\ce4053\Micrium\Software\EvalBoards\TI\LM3S9B92-EVALBOT\IAR\uCOS-III-CE4053_PG\Flash\Obj\os_cpu_a.o
#        C:\Users\ahj\Desktop\CE4057\Source_Code_CE4057\ce4053\Micrium\Software\EvalBoards\TI\LM3S9B92-EVALBOT\IAR\uCOS-III-CE4053_PG\Flash\Obj\os_cpu_c.o
#        C:\Users\ahj\Desktop\CE4057\Source_Code_CE4057\ce4053\Micrium\Software\EvalBoards\TI\LM3S9B92-EVALBOT\IAR\uCOS-III-CE4053_PG\Flash\Obj\os_dbg.o
#        C:\Users\ahj\Desktop\CE4057\Source_Code_CE4057\ce4053\Micrium\Software\EvalBoards\TI\LM3S9B92-EVALBOT\IAR\uCOS-III-CE4053_PG\Flash\Obj\os_flag.o
#        C:\Users\ahj\Desktop\CE4057\Source_Code_CE4057\ce4053\Micrium\Software\EvalBoards\TI\LM3S9B92-EVALBOT\IAR\uCOS-III-CE4053_PG\Flash\Obj\os_int.o
#        C:\Users\ahj\Desktop\CE4057\Source_Code_CE4057\ce4053\Micrium\Software\EvalBoards\TI\LM3S9B92-EVALBOT\IAR\uCOS-III-CE4053_PG\Flash\Obj\os_mem.o
#        C:\Users\ahj\Desktop\CE4057\Source_Code_CE4057\ce4053\Micrium\Software\EvalBoards\TI\LM3S9B92-EVALBOT\IAR\uCOS-III-CE4053_PG\Flash\Obj\os_msg.o
#        C:\Users\ahj\Desktop\CE4057\Source_Code_CE4057\ce4053\Micrium\Software\EvalBoards\TI\LM3S9B92-EVALBOT\IAR\uCOS-III-CE4053_PG\Flash\Obj\os_mutex.o
#        C:\Users\ahj\Desktop\CE4057\Source_Code_CE4057\ce4053\Micrium\Software\EvalBoards\TI\LM3S9B92-EVALBOT\IAR\uCOS-III-CE4053_PG\Flash\Obj\os_pend_multi.o
#        C:\Users\ahj\Desktop\CE4057\Source_Code_CE4057\ce4053\Micrium\Software\EvalBoards\TI\LM3S9B92-EVALBOT\IAR\uCOS-III-CE4053_PG\Flash\Obj\os_prio.o
#        C:\Users\ahj\Desktop\CE4057\Source_Code_CE4057\ce4053\Micrium\Software\EvalBoards\TI\LM3S9B92-EVALBOT\IAR\uCOS-III-CE4053_PG\Flash\Obj\os_q.o
#        C:\Users\ahj\Desktop\CE4057\Source_Code_CE4057\ce4053\Micrium\Software\EvalBoards\TI\LM3S9B92-EVALBOT\IAR\uCOS-III-CE4053_PG\Flash\Obj\OS_RecTaskServices.o
#        C:\Users\ahj\Desktop\CE4057\Source_Code_CE4057\ce4053\Micrium\Software\EvalBoards\TI\LM3S9B92-EVALBOT\IAR\uCOS-III-CE4053_PG\Flash\Obj\os_sem.o
#        C:\Users\ahj\Desktop\CE4057\Source_Code_CE4057\ce4053\Micrium\Software\EvalBoards\TI\LM3S9B92-EVALBOT\IAR\uCOS-III-CE4053_PG\Flash\Obj\os_stat.o
#        C:\Users\ahj\Desktop\CE4057\Source_Code_CE4057\ce4053\Micrium\Software\EvalBoards\TI\LM3S9B92-EVALBOT\IAR\uCOS-III-CE4053_PG\Flash\Obj\os_task.o
#        C:\Users\ahj\Desktop\CE4057\Source_Code_CE4057\ce4053\Micrium\Software\EvalBoards\TI\LM3S9B92-EVALBOT\IAR\uCOS-III-CE4053_PG\Flash\Obj\os_tick.o
#        C:\Users\ahj\Desktop\CE4057\Source_Code_CE4057\ce4053\Micrium\Software\EvalBoards\TI\LM3S9B92-EVALBOT\IAR\uCOS-III-CE4053_PG\Flash\Obj\os_time.o
#        C:\Users\ahj\Desktop\CE4057\Source_Code_CE4057\ce4053\Micrium\Software\EvalBoards\TI\LM3S9B92-EVALBOT\IAR\uCOS-III-CE4053_PG\Flash\Obj\os_tmr.o
#        C:\Users\ahj\Desktop\CE4057\Source_Code_CE4057\ce4053\Micrium\Software\EvalBoards\TI\LM3S9B92-EVALBOT\IAR\uCOS-III-CE4053_PG\Flash\Obj\os_var.o
#        C:\Users\ahj\Desktop\CE4057\Source_Code_CE4057\ce4053\Micrium\Software\EvalBoards\TI\LM3S9B92-EVALBOT\IAR\uCOS-III-CE4053_PG\Flash\Obj\pwm.o
#        C:\Users\ahj\Desktop\CE4057\Source_Code_CE4057\ce4053\Micrium\Software\EvalBoards\TI\LM3S9B92-EVALBOT\IAR\uCOS-III-CE4053_PG\Flash\Obj\qei.o
#        C:\Users\ahj\Desktop\CE4057\Source_Code_CE4057\ce4053\Micrium\Software\EvalBoards\TI\LM3S9B92-EVALBOT\IAR\uCOS-III-CE4053_PG\Flash\Obj\RBTree.o
#        C:\Users\ahj\Desktop\CE4057\Source_Code_CE4057\ce4053\Micrium\Software\EvalBoards\TI\LM3S9B92-EVALBOT\IAR\uCOS-III-CE4053_PG\Flash\Obj\RBTree2.o
#        C:\Users\ahj\Desktop\CE4057\Source_Code_CE4057\ce4053\Micrium\Software\EvalBoards\TI\LM3S9B92-EVALBOT\IAR\uCOS-III-CE4053_PG\Flash\Obj\skiplist.o
#        C:\Users\ahj\Desktop\CE4057\Source_Code_CE4057\ce4053\Micrium\Software\EvalBoards\TI\LM3S9B92-EVALBOT\IAR\uCOS-III-CE4053_PG\Flash\Obj\ssi.o
#        C:\Users\ahj\Desktop\CE4057\Source_Code_CE4057\ce4053\Micrium\Software\EvalBoards\TI\LM3S9B92-EVALBOT\IAR\uCOS-III-CE4053_PG\Flash\Obj\sysctl.o
#        C:\Users\ahj\Desktop\CE4057\Source_Code_CE4057\ce4053\Micrium\Software\EvalBoards\TI\LM3S9B92-EVALBOT\IAR\uCOS-III-CE4053_PG\Flash\Obj\systick.o
#        C:\Users\ahj\Desktop\CE4057\Source_Code_CE4057\ce4053\Micrium\Software\EvalBoards\TI\LM3S9B92-EVALBOT\IAR\uCOS-III-CE4053_PG\Flash\Obj\timer.o
#        C:\Users\ahj\Desktop\CE4057\Source_Code_CE4057\ce4053\Micrium\Software\EvalBoards\TI\LM3S9B92-EVALBOT\IAR\uCOS-III-CE4053_PG\Flash\Obj\uart.o
#        C:\Users\ahj\Desktop\CE4057\Source_Code_CE4057\ce4053\Micrium\Software\EvalBoards\TI\LM3S9B92-EVALBOT\IAR\uCOS-III-CE4053_PG\Flash\Obj\udma.o
#        C:\Users\ahj\Desktop\CE4057\Source_Code_CE4057\ce4053\Micrium\Software\EvalBoards\TI\LM3S9B92-EVALBOT\IAR\uCOS-III-CE4053_PG\Flash\Obj\usb.o
#        C:\Users\ahj\Desktop\CE4057\Source_Code_CE4057\ce4053\Micrium\Software\EvalBoards\TI\LM3S9B92-EVALBOT\IAR\uCOS-III-CE4053_PG\Flash\Obj\watchdog.o
#        --redirect _Printf=_PrintfFull --redirect _Scanf=_ScanfFull
#        --no_out_extension -o
#        C:\Users\ahj\Desktop\CE4057\Source_Code_CE4057\ce4053\Micrium\Software\EvalBoards\TI\LM3S9B92-EVALBOT\IAR\uCOS-III-CE4053_PG\Flash\Exe\uCOS-III-Ex4.out
#        --map
#        C:\Users\ahj\Desktop\CE4057\Source_Code_CE4057\ce4053\Micrium\Software\EvalBoards\TI\LM3S9B92-EVALBOT\IAR\uCOS-III-CE4053_PG\Flash\List\uCOS-III-Ex4.map
#        --config
#        C:\Users\ahj\Desktop\CE4057\Source_Code_CE4057\ce4053\Micrium\Software\EvalBoards\TI\LM3S9B92-EVALBOT\IAR\uCOS-III-CE4053_PG\..\BSP\LM3S9B92_Flash.icf
#        --semihosting --entry __iar_program_start --vfe --text_out locale)
#
###############################################################################

*******************************************************************************
*** RUNTIME MODEL ATTRIBUTES
***

CppFlavor       = *
__Heap_Handler  = Basic
__SystemLibrary = DLib
__dlib_version  = 6


*******************************************************************************
*** HEAP SELECTION
***

The basic heap was selected because some modules are built with
size limitations (and not runtime checking), and --advanced_heap
was not specified.


*******************************************************************************
*** PLACEMENT SUMMARY
***

"A0":  place at start of [from 0x0 to 0x3'ffff] { ro section .intvec };
"P1":  place in [from 0x0 to 0x3'ffff] { ro };
"P2":  place in [from 0x0 to 0x3'ffff] { section wave_1 };
"P3":  place in [from 0x0 to 0x3'ffff] { section wave_2 };
"P4":  place in [from 0x0 to 0x3'ffff] { section wave_3 };
"P5":  place in [from 0x0 to 0x3'ffff] { section wave_4 };
"P6":  place in [from 0x0 to 0x3'ffff] { section wave_5 };
define block HEAP with size = 0M, alignment = 8 { };
define block CSTACK with size = 1K, alignment = 8 { };
"P7":  place in [from 0x2000'0000 to 0x2001'7fff] {
          rw, block HEAP, block CSTACK };
initialize by copy { rw };

No sections matched the following patterns:

  section wave_1  in "P1-P6"
  section wave_2  in "P1-P6"
  section wave_3  in "P1-P6"
  section wave_4  in "P1-P6"
  section wave_5  in "P1-P6"


  Section            Kind         Address    Size  Object
  -------            ----         -------    ----  ------
"A0":                                       0x11c
  .intvec            const            0x0   0x11c  app_vect.o [1]
                                  - 0x11c   0x11c

"P1-P6":                                   0x4404
  .text              ro code        0x11c   0x85e  os_core.o [1]
  .text              ro code        0x97a    0x3a  zero_init3.o [4]
  .text              ro code        0x9b4   0x140  os_cpu_c.o [1]
  .text              ro code        0xaf4    0x90  os_prio.o [1]
  .text              ro code        0xb84   0x5a4  os_task.o [1]
  .text              ro code       0x1128   0x3cc  os_tick.o [1]
  .text              ro code       0x14f4   0x170  os_mem.o [1]
  .text              ro code       0x1664    0xc4  os_msg.o [1]
  .text              ro code       0x1728    0x1c  os_mutex.o [1]
  .text              ro code       0x1744    0x1c  os_q.o [1]
  .text              ro code       0x1760   0x2dc  os_tmr.o [1]
  .text              ro code       0x1a3c   0x170  os_dbg.o [1]
  .text              ro code       0x1bac    0xac  os_cfg_app.o [1]
  CODE               ro code       0x1c58    0x2a  cpu_a.o [1]
  .rodata            const         0x1c82     0x2  os_cfg_app.o [1]
  .text              ro code       0x1c84   0x188  cpu_core.o [1]
  CODE               ro code       0x1e0c    0x84  os_cpu_a.o [1]
  .text              ro code       0x1e90    0x24  cpu_bsp.o [1]
  .text              ro code       0x1eb4    0x44  os_time.o [1]
  .text              ro code       0x1ef8   0x3cc  OS_RecTaskServices.o [1]
  .text              ro code       0x22c4    0x60  lib_mem.o [1]
  .text              ro code       0x2324    0xa8  bsp.o [1]
  .text              ro code       0x23cc   0x500  RBTree2.o [1]
  .text              ro code       0x28cc    0xc8  linkedList.o [1]
  .text              ro code       0x2994   0x184  skiplist.o [1]
  .text              ro code       0x2b18   0x414  sysctl.o [1]
  .text              ro code       0x2f2c   0x256  bsp_int.o [1]
  .rodata            const         0x3182     0x2  os_cfg_app.o [1]
  .text              ro code       0x3184   0x258  bsp_display.o [1]
  .text              ro code       0x33dc   0x100  bsp_io.o [1]
  .text              ro code       0x34dc   0x164  bsp_sensors.o [1]
  .text              ro code       0x3640   0x12c  bsp_motor.o [1]
  .text              ro code       0x376c     0x4  exit.o [2]
  .text              ro code       0x3770    0xa4  rand.o [2]
  .text              ro code       0x3814   0x138  cpu_c.o [1]
  .text              ro code       0x394c    0xc2  i2c.o [1]
  .rodata            const         0x3a0e     0x2  os_cfg_app.o [1]
  .text              ro code       0x3a10   0x348  gpio.o [1]
  .text              ro code       0x3d58    0xc6  pwm.o [1]
  .rodata            const         0x3e1e     0x2  os_dbg.o [1]
  .text              ro code       0x3e20     0xa  cexit.o [4]
  .rodata            const         0x3e2a     0x2  os_dbg.o [1]
  .text              ro code       0x3e2c    0x14  exit.o [5]
  .text              ro code       0x3e40    0x30  iarttio.o [5]
  .text              ro code       0x3e70     0xc  XShttio.o [2]
  .text              ro code       0x3e7c   0x288  app.o [1]
  .rodata            const         0x4104    0x5c  sysctl.o [1]
  .rodata            const         0x4160    0x50  bsp_display.o [1]
  .rodata            const         0x41b0    0x48  gpio.o [1]
  .rodata            const         0x41f8    0x34  os_dbg.o [1]
  .rodata            const         0x422c    0x30  os_dbg.o [1]
  .rodata            const         0x425c    0x2c  os_dbg.o [1]
  .text              ro code       0x4288    0x2c  copy_init3.o [4]
  .rodata            const         0x42b4    0x28  os_dbg.o [1]
  .rodata            const         0x42dc    0x28  os_dbg.o [1]
  .text              ro code       0x4304    0x28  data_init.o [4]
  .iar.init_table    const         0x432c    0x24  - Linker created -
  .rodata            const         0x4350    0x20  os_dbg.o [1]
  .text              ro code       0x4370    0x1e  cmain.o [4]
  .text              ro code       0x438e     0x4  low_level_init.o [2]
  .rodata            const         0x4392     0x2  os_dbg.o [1]
  .rodata            const         0x4394    0x18  os_tmr.o [1]
  .rodata            const         0x43ac    0x14  app.o [1]
  .rodata            const         0x43c0    0x14  os_core.o [1]
  .rodata            const         0x43d4    0x14  os_tick.o [1]
  .rodata            const         0x43e8    0x10  app.o [1]
  .rodata            const         0x43f8    0x10  app.o [1]
  Initializer bytes  const         0x4408    0x10  <for P7-1>
  .rodata            const         0x4418     0xc  os_core.o [1]
  .rodata            const         0x4424     0xc  sysctl.o [1]
  .rodata            const         0x4430     0xc  sysctl.o [1]
  .text              ro code       0x443c     0xc  app_vect.o [1]
  .text              ro code       0x4448     0xc  cstartup_M.o [4]
  .rodata            const         0x4454     0x8  bsp_display.o [1]
  .rodata            const         0x445c     0x8  bsp_display.o [1]
  .rodata            const         0x4464     0x8  os_core.o [1]
  .rodata            const         0x446c     0x8  os_task.o [1]
  .rodata            const         0x4474     0x4  os_cfg_app.o [1]
  .rodata            const         0x4478     0x4  os_cfg_app.o [1]
  .rodata            const         0x447c     0x4  os_cfg_app.o [1]
  .rodata            const         0x4480     0x4  os_cfg_app.o [1]
  .rodata            const         0x4484     0x4  os_cfg_app.o [1]
  .rodata            const         0x4488     0x4  os_cfg_app.o [1]
  .rodata            const         0x448c     0x4  os_cfg_app.o [1]
  .rodata            const         0x4490     0x4  os_cfg_app.o [1]
  .rodata            const         0x4494     0x4  os_cfg_app.o [1]
  .rodata            const         0x4498     0x4  os_cfg_app.o [1]
  .rodata            const         0x449c     0x4  os_cfg_app.o [1]
  .rodata            const         0x44a0     0x4  os_cfg_app.o [1]
  .rodata            const         0x44a4     0x4  os_cfg_app.o [1]
  .rodata            const         0x44a8     0x4  os_cfg_app.o [1]
  .rodata            const         0x44ac     0x4  os_cfg_app.o [1]
  .rodata            const         0x44b0     0x4  os_cfg_app.o [1]
  .rodata            const         0x44b4     0x4  os_cfg_app.o [1]
  .rodata            const         0x44b8     0x4  os_cfg_app.o [1]
  .rodata            const         0x44bc     0x4  os_cfg_app.o [1]
  .rodata            const         0x44c0     0x4  os_cfg_app.o [1]
  .rodata            const         0x44c4     0x4  os_cfg_app.o [1]
  .rodata            const         0x44c8     0x4  os_cfg_app.o [1]
  .rodata            const         0x44cc     0x4  os_cfg_app.o [1]
  .rodata            const         0x44d0     0x4  os_dbg.o [1]
  .rodata            const         0x44d4     0x4  os_dbg.o [1]
  .rodata            const         0x44d8     0x4  os_dbg.o [1]
  .rodata            const         0x44dc     0x2  os_dbg.o [1]
  .rodata            const         0x44de     0x2  os_dbg.o [1]
  .rodata            const         0x44e0     0x2  os_dbg.o [1]
  .rodata            const         0x44e2     0x2  os_dbg.o [1]
  .rodata            const         0x44e4     0x2  os_dbg.o [1]
  .rodata            const         0x44e6     0x2  os_dbg.o [1]
  .rodata            const         0x44e8     0x2  os_dbg.o [1]
  .rodata            const         0x44ea     0x2  os_dbg.o [1]
  .rodata            const         0x44ec     0x2  os_dbg.o [1]
  .rodata            const         0x44ee     0x2  os_dbg.o [1]
  .rodata            const         0x44f0     0x2  os_dbg.o [1]
  .rodata            const         0x44f2     0x2  os_dbg.o [1]
  .rodata            const         0x44f4     0x2  os_dbg.o [1]
  .rodata            const         0x44f6     0x2  os_dbg.o [1]
  .rodata            const         0x44f8     0x2  os_dbg.o [1]
  .rodata            const         0x44fa     0x2  os_dbg.o [1]
  .rodata            const         0x44fc     0x2  os_dbg.o [1]
  .rodata            const         0x44fe     0x1  os_cfg_app.o [1]
  .rodata            const         0x44ff     0x1  os_cfg_app.o [1]
  .rodata            const         0x4500     0x1  os_dbg.o [1]
  .rodata            const         0x4501     0x1  os_dbg.o [1]
  .rodata            const         0x4502     0x1  os_dbg.o [1]
  .rodata            const         0x4503     0x1  os_dbg.o [1]
  .rodata            const         0x4504     0x1  os_dbg.o [1]
  .rodata            const         0x4505     0x1  os_dbg.o [1]
  .rodata            const         0x4506     0x1  os_dbg.o [1]
  .rodata            const         0x4507     0x1  os_dbg.o [1]
  .rodata            const         0x4508     0x1  os_dbg.o [1]
  .rodata            const         0x4509     0x1  os_dbg.o [1]
  .rodata            const         0x450a     0x1  os_dbg.o [1]
  .rodata            const         0x450b     0x1  os_dbg.o [1]
  .rodata            const         0x450c     0x1  os_dbg.o [1]
  .rodata            const         0x450d     0x1  os_dbg.o [1]
  .rodata            const         0x450e     0x1  os_dbg.o [1]
  .rodata            const         0x450f     0x1  os_dbg.o [1]
  .rodata            const         0x4510     0x1  os_dbg.o [1]
  .rodata            const         0x4511     0x1  os_dbg.o [1]
  .rodata            const         0x4512     0x1  os_dbg.o [1]
  .rodata            const         0x4513     0x1  os_dbg.o [1]
  .rodata            const         0x4514     0x1  os_dbg.o [1]
  .rodata            const         0x4515     0x1  os_dbg.o [1]
  .rodata            const         0x4516     0x1  os_dbg.o [1]
  .rodata            const         0x4517     0x1  os_dbg.o [1]
  .rodata            const         0x4518     0x1  os_dbg.o [1]
  .rodata            const         0x4519     0x1  os_dbg.o [1]
  .rodata            const         0x451a     0x1  os_dbg.o [1]
  .rodata            const         0x451b     0x1  os_dbg.o [1]
  .rodata            const         0x451c     0x1  os_dbg.o [1]
  .rodata            const         0x451d     0x1  os_dbg.o [1]
  .rodata            const         0x451e     0x1  os_dbg.o [1]
  .rodata            const         0x451f     0x1  os_dbg.o [1]
  .rodata            const         0x4520     0x0  zero_init3.o [4]
  .rodata            const         0x4520     0x0  copy_init3.o [4]
                                 - 0x4520  0x4404

"P7", part 1 of 3:                           0x10
  P7-1                        0x2000'0000    0x10  <Init block>
    .data            inited   0x2000'0000     0x8  rand.o [2]
    .data            inited   0x2000'0008     0x8  XShttio.o [2]
                            - 0x2000'0010    0x10

"P7", part 2 of 3:                         0x1b60
  .bss               zero     0x2000'0010   0x640  os_cfg_app.o [1]
  .bss               zero     0x2000'0650   0x240  app.o [1]
  .bss               zero     0x2000'0890   0x200  app.o [1]
  .bss               zero     0x2000'0a90   0x200  app.o [1]
  .bss               zero     0x2000'0c90   0x200  os_cfg_app.o [1]
  .bss               zero     0x2000'0e90   0x200  os_cfg_app.o [1]
  .bss               zero     0x2000'1090   0x200  os_cfg_app.o [1]
  .bss               zero     0x2000'1290   0x200  os_cfg_app.o [1]
  .bss               zero     0x2000'1490   0x118  bsp_int.o [1]
  .bss               zero     0x2000'15a8    0xf0  os_var.o [1]
  .bss               zero     0x2000'1698    0x8c  app.o [1]
  .bss               zero     0x2000'1724    0x8c  app.o [1]
  .bss               zero     0x2000'17b0    0x8c  os_var.o [1]
  .bss               zero     0x2000'183c    0x8c  os_var.o [1]
  .bss               zero     0x2000'18c8    0x8c  os_var.o [1]
  .bss               zero     0x2000'1954    0x84  rand.o [2]
  .bss               zero     0x2000'19d8    0x68  os_cfg_app.o [1]
  .bss               zero     0x2000'1a40    0x68  os_cfg_app.o [1]
  .bss               zero     0x2000'1aa8    0x20  app.o [1]
  .bss               zero     0x2000'1ac8    0x10  cpu_core.o [1]
  .bss               zero     0x2000'1ad8     0x8  os_var.o [1]
  .bss               zero     0x2000'1ae0     0x4  bsp.o [1]
  .bss               zero     0x2000'1ae4     0x4  bsp_display.o [1]
  .bss               zero     0x2000'1ae8     0x4  cpu_core.o [1]
  .bss               zero     0x2000'1aec     0x4  cpu_core.o [1]
  .bss               zero     0x2000'1af0     0x4  cpu_core.o [1]
  .bss               zero     0x2000'1af4     0x4  cpu_core.o [1]
  .bss               zero     0x2000'1af8     0x4  cpu_core.o [1]
  .bss               zero     0x2000'1afc     0x4  cpu_core.o [1]
  .bss               zero     0x2000'1b00     0x4  os_cpu_c.o [1]
  .bss               zero     0x2000'1b04     0x4  os_prio.o [1]
  .bss               zero     0x2000'1b08     0x4  os_var.o [1]
  .bss               zero     0x2000'1b0c     0x4  os_var.o [1]
  .bss               zero     0x2000'1b10     0x4  os_var.o [1]
  .bss               zero     0x2000'1b14     0x4  os_var.o [1]
  .bss               zero     0x2000'1b18     0x4  os_var.o [1]
  .bss               zero     0x2000'1b1c     0x4  os_var.o [1]
  .bss               zero     0x2000'1b20     0x4  os_var.o [1]
  .bss               zero     0x2000'1b24     0x4  os_var.o [1]
  .bss               zero     0x2000'1b28     0x4  os_var.o [1]
  .bss               zero     0x2000'1b2c     0x4  os_var.o [1]
  .bss               zero     0x2000'1b30     0x4  os_var.o [1]
  .bss               zero     0x2000'1b34     0x4  os_var.o [1]
  .bss               zero     0x2000'1b38     0x4  os_var.o [1]
  .bss               zero     0x2000'1b3c     0x4  os_var.o [1]
  .bss               zero     0x2000'1b40     0x4  os_var.o [1]
  .bss               zero     0x2000'1b44     0x4  os_var.o [1]
  .bss               zero     0x2000'1b48     0x4  os_var.o [1]
  .bss               zero     0x2000'1b4c     0x4  os_var.o [1]
  .bss               zero     0x2000'1b50     0x4  RBTree2.o [1]
  .bss               zero     0x2000'1b54     0x4  skiplist.o [1]
  .bss               zero     0x2000'1b58     0x2  cpu_core.o [1]
  .bss               zero     0x2000'1b5a     0x2  cpu_core.o [1]
  .bss               zero     0x2000'1b5c     0x2  os_var.o [1]
  .bss               zero     0x2000'1b5e     0x2  os_var.o [1]
  .bss               zero     0x2000'1b60     0x2  os_var.o [1]
  .bss               zero     0x2000'1b62     0x2  os_var.o [1]
  .bss               zero     0x2000'1b64     0x1  app.o [1]
  .bss               zero     0x2000'1b65     0x1  app.o [1]
  .bss               zero     0x2000'1b66     0x1  app.o [1]
  .bss               zero     0x2000'1b67     0x1  app.o [1]
  .bss               zero     0x2000'1b68     0x1  app.o [1]
  .bss               zero     0x2000'1b69     0x1  os_var.o [1]
  .bss               zero     0x2000'1b6a     0x1  os_var.o [1]
  .bss               zero     0x2000'1b6b     0x1  os_var.o [1]
  .bss               zero     0x2000'1b6c     0x1  os_var.o [1]
  .bss               zero     0x2000'1b6d     0x1  os_var.o [1]
                            - 0x2000'1b6e  0x1b5e

"P7", part 3 of 3:                          0x400
  CSTACK                      0x2000'1b70   0x400  <Block>
    CSTACK           uninit   0x2000'1b70   0x400  <Block tail>
                            - 0x2000'1f70   0x400

Unused ranges:

         From           To      Size
         ----           --      ----
       0x4520     0x3'ffff  0x3'bae0
  0x2000'1f70  0x2001'7fff  0x1'6090


*******************************************************************************
*** INIT TABLE
***

          Address      Size
          -------      ----
Zero (__iar_zero_init3)
    1 destination range, total size 0x1b5e:
          0x2000'0010  0x1b5e

Copy (__iar_copy_init3)
    1 source range, total size 0x10:
               0x4408    0x10
    1 destination range, total size 0x10:
          0x2000'0000    0x10



*******************************************************************************
*** MODULE SUMMARY
***

    Module                ro code  ro data  rw data
    ------                -------  -------  -------
command line/config:
    -----------------------------------------------
    Total:

C:\Users\ahj\Desktop\CE4057\Source_Code_CE4057\ce4053\Micrium\Software\EvalBoards\TI\LM3S9B92-EVALBOT\IAR\uCOS-III-CE4053_PG\Flash\Obj: [1]
    OS_RecTaskServices.o      972
    RBTree2.o               1 280                 4
    app.o                     648       52    1 917
    app_vect.o                 12      284
    bsp.o                     168                 4
    bsp_display.o             600       96        4
    bsp_int.o                 598               280
    bsp_io.o                  256
    bsp_motor.o               300
    bsp_sensors.o             356
    cpu_a.o                    42
    cpu_bsp.o                  36
    cpu_c.o                   312
    cpu_core.o                392                44
    gpio.o                    840       72
    i2c.o                     194
    lib_mem.o                  96
    linkedList.o              200
    os_cfg_app.o              172      100    3 856
    os_core.o               2 142       40
    os_cpu_a.o                132
    os_cpu_c.o                320                 4
    os_dbg.o                  368      340
    os_mem.o                  368
    os_msg.o                  196
    os_mutex.o                 28
    os_prio.o                 144                 4
    os_q.o                     28
    os_task.o               1 444        8
    os_tick.o                 972       20
    os_time.o                  68
    os_tmr.o                  732       24
    os_var.o                                    753
    pwm.o                     198
    skiplist.o                388                 4
    sysctl.o                1 044      116
    -----------------------------------------------
    Total:                 16 046    1 152    6 874

dl7M_tlf.a: [2]
    XShttio.o                  12        8        8
    exit.o                      4
    low_level_init.o            4
    rand.o                    164        8      140
    -----------------------------------------------
    Total:                    184       16      148

m7M_tl.a: [3]
    -----------------------------------------------
    Total:

rt7M_tl.a: [4]
    cexit.o                    10
    cmain.o                    30
    copy_init3.o               44
    cstartup_M.o               12
    data_init.o                40
    zero_init3.o               58
    -----------------------------------------------
    Total:                    194

shb_l.a: [5]
    exit.o                     20
    iarttio.o                  48
    -----------------------------------------------
    Total:                     68

    Linker created                      36    1 024
---------------------------------------------------
    Grand Total:           16 492    1 204    8 046


*******************************************************************************
*** ENTRY LIST
***

Entry                       Address   Size  Type      Object
-----                       -------   ----  ----      ------
.iar.init_table$$Base        0x432c          --   Gb  - Linker created -
.iar.init_table$$Limit       0x4350          --   Gb  - Linker created -
?main                        0x4371         Code  Gb  cmain.o [4]
AppRobotMotorDriveSensorEnable
                             0x3fdd   0x20  Code  Lc  app.o [1]
AppTaskStart                 0x3f2d   0x68  Code  Lc  app.o [1]
AppTaskStartStk         0x2000'0890  0x200  Data  Lc  app.o [1]
AppTaskStartTCB         0x2000'1698   0x8c  Data  Lc  app.o [1]
AppTaskThreeStk         0x2000'0a90  0x200  Data  Lc  app.o [1]
AppTaskThreeTCB         0x2000'1724   0x8c  Data  Lc  app.o [1]
AppTaskTwo                   0x3f95   0x48  Code  Lc  app.o [1]
App_BusFault_ISR             0x4441    0x2  Code  Lc  app_vect.o [1]
App_Fault_ISR                0x443f    0x2  Code  Lc  app_vect.o [1]
App_MemFault_ISR             0x4445    0x2  Code  Lc  app_vect.o [1]
App_NMI_ISR                  0x443d    0x2  Code  Lc  app_vect.o [1]
App_Spurious_ISR             0x4447    0x2  Code  Lc  app_vect.o [1]
App_UsageFault_ISR           0x4443    0x2  Code  Lc  app_vect.o [1]
BSP_BumpSensorsInit          0x34dd   0x1a  Code  Gb  bsp_sensors.o [1]
BSP_CPUClkFreq               0x2389   0x12  Code  Gb  bsp.o [1]
BSP_CPU_ClkFreq_MHz     0x2000'1ae0    0x4  Data  Gb  bsp.o [1]
BSP_DisplayClear             0x325b   0x4c  Code  Gb  bsp_display.o [1]
BSP_DisplayInit              0x32dd   0xd2  Code  Gb  bsp_display.o [1]
BSP_DisplayOn                0x32a7   0x36  Code  Gb  bsp_display.o [1]
BSP_DisplayWriteArray        0x31dd   0x3e  Code  Lc  bsp_display.o [1]
BSP_DisplayWriteByte         0x31ab   0x32  Code  Lc  bsp_display.o [1]
BSP_DisplayWriteFinal        0x321b   0x40  Code  Lc  bsp_display.o [1]
BSP_DisplayWriteFirst        0x3185   0x26  Code  Lc  bsp_display.o [1]
BSP_Init                     0x2325   0x64  Code  Gb  bsp.o [1]
BSP_IntDisAll                0x2f2d    0x8  Code  Gb  bsp_int.o [1]
BSP_IntEn                    0x2f35   0x10  Code  Gb  bsp_int.o [1]
BSP_IntHandler               0x315b   0x20  Code  Lc  bsp_int.o [1]
BSP_IntHandlerADC0           0x2fdf    0xa  Code  Gb  bsp_int.o [1]
BSP_IntHandlerADC1           0x2fe9    0xa  Code  Gb  bsp_int.o [1]
BSP_IntHandlerADC1_0         0x3115    0xa  Code  Gb  bsp_int.o [1]
BSP_IntHandlerADC1_1         0x311f    0xa  Code  Gb  bsp_int.o [1]
BSP_IntHandlerADC1_2         0x3129    0xa  Code  Gb  bsp_int.o [1]
BSP_IntHandlerADC1_3         0x3133    0xa  Code  Gb  bsp_int.o [1]
BSP_IntHandlerADC2           0x2ff3    0xa  Code  Gb  bsp_int.o [1]
BSP_IntHandlerADC3           0x2ffd    0xa  Code  Gb  bsp_int.o [1]
BSP_IntHandlerCAN0           0x30cf    0xa  Code  Gb  bsp_int.o [1]
BSP_IntHandlerCAN1           0x30d9    0xa  Code  Gb  bsp_int.o [1]
BSP_IntHandlerCOMP0          0x304d    0xa  Code  Gb  bsp_int.o [1]
BSP_IntHandlerCOMP1          0x3057    0xa  Code  Gb  bsp_int.o [1]
BSP_IntHandlerCOMP2          0x3061    0xa  Code  Gb  bsp_int.o [1]
BSP_IntHandlerDummy          0x3181    0x2  Code  Lc  bsp_int.o [1]
BSP_IntHandlerEPI            0x3147    0xa  Code  Gb  bsp_int.o [1]
BSP_IntHandlerETH            0x30e3    0xa  Code  Gb  bsp_int.o [1]
BSP_IntHandlerFLASH          0x3075    0xa  Code  Gb  bsp_int.o [1]
BSP_IntHandlerGPIOA          0x2f85    0xa  Code  Gb  bsp_int.o [1]
BSP_IntHandlerGPIOB          0x2f8f    0xa  Code  Gb  bsp_int.o [1]
BSP_IntHandlerGPIOC          0x2f99    0xa  Code  Gb  bsp_int.o [1]
BSP_IntHandlerGPIOD          0x2fa3    0xa  Code  Gb  bsp_int.o [1]
BSP_IntHandlerGPIOE          0x2fad    0xa  Code  Gb  bsp_int.o [1]
BSP_IntHandlerGPIOF          0x307f    0xa  Code  Gb  bsp_int.o [1]
BSP_IntHandlerGPIOG          0x3089    0xa  Code  Gb  bsp_int.o [1]
BSP_IntHandlerGPIOH          0x3093    0xa  Code  Gb  bsp_int.o [1]
BSP_IntHandlerGPIOJ          0x3151    0xa  Code  Gb  bsp_int.o [1]
BSP_IntHandlerHIBERNATE
                             0x30ed    0xa  Code  Gb  bsp_int.o [1]
BSP_IntHandlerI2C0           0x2fd5    0xa  Code  Gb  bsp_int.o [1]
BSP_IntHandlerI2C1           0x30c5    0xa  Code  Gb  bsp_int.o [1]
BSP_IntHandlerI2S0           0x313d    0xa  Code  Gb  bsp_int.o [1]
BSP_IntHandlerSSI0           0x2fcb    0xa  Code  Gb  bsp_int.o [1]
BSP_IntHandlerSSI1           0x30a7    0xa  Code  Gb  bsp_int.o [1]
BSP_IntHandlerSYSCTL         0x306b    0xa  Code  Gb  bsp_int.o [1]
BSP_IntHandlerTIMER0A        0x3011    0xa  Code  Gb  bsp_int.o [1]
BSP_IntHandlerTIMER0B        0x301b    0xa  Code  Gb  bsp_int.o [1]
BSP_IntHandlerTIMER1A        0x3025    0xa  Code  Gb  bsp_int.o [1]
BSP_IntHandlerTIMER1B        0x302f    0xa  Code  Gb  bsp_int.o [1]
BSP_IntHandlerTIMER2A        0x3039    0xa  Code  Gb  bsp_int.o [1]
BSP_IntHandlerTIMER2B        0x3043    0xa  Code  Gb  bsp_int.o [1]
BSP_IntHandlerTIMER3A        0x30b1    0xa  Code  Gb  bsp_int.o [1]
BSP_IntHandlerTIMER3B        0x30bb    0xa  Code  Gb  bsp_int.o [1]
BSP_IntHandlerUART0          0x2fb7    0xa  Code  Gb  bsp_int.o [1]
BSP_IntHandlerUART1          0x2fc1    0xa  Code  Gb  bsp_int.o [1]
BSP_IntHandlerUART2          0x309d    0xa  Code  Gb  bsp_int.o [1]
BSP_IntHandlerUDMA_ERR       0x310b    0xa  Code  Gb  bsp_int.o [1]
BSP_IntHandlerUDMA_SW        0x3101    0xa  Code  Gb  bsp_int.o [1]
BSP_IntHandlerUSB            0x30f7    0xa  Code  Gb  bsp_int.o [1]
BSP_IntHandlerWATCHDOG       0x3007    0xa  Code  Gb  bsp_int.o [1]
BSP_IntInit                  0x2f6d   0x18  Code  Gb  bsp_int.o [1]
BSP_IntVectSet               0x2f45   0x28  Code  Gb  bsp_int.o [1]
BSP_IntVectTbl          0x2000'1490  0x118  Data  Lc  bsp_int.o [1]
BSP_LED_Off                  0x343f   0x36  Code  Gb  bsp_io.o [1]
BSP_LED_On                   0x3409   0x36  Code  Gb  bsp_io.o [1]
BSP_LED_Toggle               0x3475   0x60  Code  Gb  bsp_io.o [1]
BSP_LEDsInit                 0x33f7   0x12  Code  Gb  bsp_io.o [1]
BSP_MotorStop                0x3723   0x34  Code  Gb  bsp_motor.o [1]
BSP_MotorsInit               0x3641   0xe2  Code  Gb  bsp_motor.o [1]
BSP_PushButtonsInit          0x33dd   0x1a  Code  Gb  bsp_io.o [1]
BSP_WheelSensorEnable        0x359f    0xe  Code  Gb  bsp_sensors.o [1]
BSP_WheelSensorIntEnable
                             0x35ad   0x86  Code  Gb  bsp_sensors.o [1]
BSP_WheelSensorsInit         0x34f7   0xa8  Code  Gb  bsp_sensors.o [1]
CPU_CntLeadZeros             0x1c6f         Code  Gb  cpu_a.o [1]
CPU_Init                     0x1c85   0x10  Code  Gb  cpu_core.o [1]
CPU_IntDis                   0x1c59         Code  Gb  cpu_a.o [1]
CPU_IntDisMeasCtr       0x2000'1b58    0x2  Data  Gb  cpu_core.o [1]
CPU_IntDisMeasInit           0x1d5f   0x78  Code  Lc  cpu_core.o [1]
CPU_IntDisMeasMaxCalc        0x1dd7   0x12  Code  Lc  cpu_core.o [1]
CPU_IntDisMeasMaxCurGet
                             0x1cd9   0x18  Code  Gb  cpu_core.o [1]
CPU_IntDisMeasMaxCurReset
                             0x1cbd   0x1c  Code  Gb  cpu_core.o [1]
CPU_IntDisMeasMaxCur_cnts
                        0x2000'1af8    0x4  Data  Gb  cpu_core.o [1]
CPU_IntDisMeasMax_cnts  0x2000'1afc    0x4  Data  Gb  cpu_core.o [1]
CPU_IntDisMeasOvrhd_cnts
                        0x2000'1af4    0x4  Data  Gb  cpu_core.o [1]
CPU_IntDisMeasStart          0x1cf1   0x22  Code  Gb  cpu_core.o [1]
CPU_IntDisMeasStart_cnts
                        0x2000'1aec    0x4  Data  Gb  cpu_core.o [1]
CPU_IntDisMeasStop           0x1d13   0x36  Code  Gb  cpu_core.o [1]
CPU_IntDisMeasStop_cnts
                        0x2000'1af0    0x4  Data  Gb  cpu_core.o [1]
CPU_IntDisNestCtr       0x2000'1b5a    0x2  Data  Gb  cpu_core.o [1]
CPU_IntEn                    0x1c5d         Code  Gb  cpu_a.o [1]
CPU_IntSrcEn                 0x3815  0x126  Code  Gb  cpu_c.o [1]
CPU_Name                0x2000'1ac8   0x10  Data  Gb  cpu_core.o [1]
CPU_NameClr                  0x1c95   0x22  Code  Gb  cpu_core.o [1]
CPU_NameInit                 0x1d49    0x8  Code  Lc  cpu_core.o [1]
CPU_RevBits                  0x1c75         Code  Gb  cpu_a.o [1]
CPU_SR_Restore               0x1c69         Code  Gb  cpu_a.o [1]
CPU_SR_Save                  0x1c61         Code  Gb  cpu_a.o [1]
CPU_TS_Init                  0x1d51    0xe  Code  Lc  cpu_core.o [1]
CPU_TS_TmrFreqSet            0x1cb7    0x6  Code  Gb  cpu_core.o [1]
CPU_TS_TmrFreq_Hz       0x2000'1ae8    0x4  Data  Gb  cpu_core.o [1]
CPU_TS_TmrInit               0x1e91   0x16  Code  Gb  cpu_bsp.o [1]
CPU_TS_TmrRd                 0x1ea7    0x6  Code  Gb  cpu_bsp.o [1]
CPU_WaitForExcept            0x1c7f         Code  Gb  cpu_a.o [1]
CPU_WaitForInt               0x1c7b         Code  Gb  cpu_a.o [1]
CSTACK$$Base            0x2000'1b70          --   Gb  - Linker created -
CSTACK$$Limit           0x2000'1f70          --   Gb  - Linker created -
CommMem2                0x2000'1aa8   0x20  Data  Gb  app.o [1]
GPIODirModeSet               0x3a11   0x52  Code  Gb  gpio.o [1]
GPIOIntTypeSet               0x3a63   0x78  Code  Gb  gpio.o [1]
GPIOPadConfigSet             0x3adb  0x15c  Code  Gb  gpio.o [1]
GPIOPinConfigure             0x3d07   0x46  Code  Gb  gpio.o [1]
GPIOPinIntClear              0x3c77    0xc  Code  Gb  gpio.o [1]
GPIOPinIntDisable            0x3c4b   0x14  Code  Gb  gpio.o [1]
GPIOPinIntEnable             0x3c37   0x14  Code  Gb  gpio.o [1]
GPIOPinIntStatus             0x3c5f   0x18  Code  Gb  gpio.o [1]
GPIOPinRead                  0x3c83    0xa  Code  Gb  gpio.o [1]
GPIOPinTypeGPIOInput         0x3ca1   0x22  Code  Gb  gpio.o [1]
GPIOPinTypeGPIOOutput        0x3cc3   0x22  Code  Gb  gpio.o [1]
GPIOPinTypeI2C               0x3ce5   0x22  Code  Gb  gpio.o [1]
GPIOPinWrite                 0x3c8d   0x14  Code  Gb  gpio.o [1]
I2CMasterControl             0x39dd    0x6  Code  Gb  i2c.o [1]
I2CMasterDataPut             0x3a03    0xc  Code  Gb  i2c.o [1]
I2CMasterEnable              0x3983   0x12  Code  Gb  i2c.o [1]
I2CMasterErr                 0x39e3   0x20  Code  Gb  i2c.o [1]
I2CMasterInitExpClk          0x394d   0x36  Code  Gb  i2c.o [1]
I2CMasterIntStatus           0x3995   0x2c  Code  Gb  i2c.o [1]
I2CMasterSlaveAddrSet        0x39c9   0x14  Code  Gb  i2c.o [1]
IntWheelSensor               0x3ffd   0xbc  Code  Gb  app.o [1]
IntWheelSensor::CountL  0x2000'1b66    0x1  Data  Lc  app.o [1]
IntWheelSensor::CountR  0x2000'1b67    0x1  Data  Lc  app.o [1]
IntWheelSensor::data    0x2000'1b68    0x1  Data  Lc  app.o [1]
Left_tgt                0x2000'1b64    0x1  Data  Gb  app.o [1]
Mem_Clr                      0x22c5    0xc  Code  Gb  lib_mem.o [1]
Mem_Set                      0x22d1   0x54  Code  Gb  lib_mem.o [1]
OSCfg_DataSizeRAM            0x44cc    0x4  Data  Gb  os_cfg_app.o [1]
OSCfg_ISRStk            0x2000'0e90  0x200  Data  Gb  os_cfg_app.o [1]
OSCfg_ISRStkBasePtr          0x4484    0x4  Data  Gb  os_cfg_app.o [1]
OSCfg_ISRStkSize             0x4488    0x4  Data  Gb  os_cfg_app.o [1]
OSCfg_ISRStkSizeRAM          0x448c    0x4  Data  Gb  os_cfg_app.o [1]
OSCfg_IdleTaskStk       0x2000'0c90  0x200  Data  Gb  os_cfg_app.o [1]
OSCfg_IdleTaskStkBasePtr
                             0x4474    0x4  Data  Gb  os_cfg_app.o [1]
OSCfg_IdleTaskStkLimit       0x4478    0x4  Data  Gb  os_cfg_app.o [1]
OSCfg_IdleTaskStkSize        0x447c    0x4  Data  Gb  os_cfg_app.o [1]
OSCfg_IdleTaskStkSizeRAM
                             0x4480    0x4  Data  Gb  os_cfg_app.o [1]
OSCfg_Init                   0x1bad   0xac  Code  Gb  os_cfg_app.o [1]
OSCfg_MsgPool           0x2000'0010  0x640  Data  Gb  os_cfg_app.o [1]
OSCfg_MsgPoolBasePtr         0x4494    0x4  Data  Gb  os_cfg_app.o [1]
OSCfg_MsgPoolSize            0x1c82    0x2  Data  Gb  os_cfg_app.o [1]
OSCfg_MsgPoolSizeRAM         0x4490    0x4  Data  Gb  os_cfg_app.o [1]
OSCfg_StkSizeMin             0x4498    0x4  Data  Gb  os_cfg_app.o [1]
OSCfg_TickRate_Hz            0x449c    0x4  Data  Gb  os_cfg_app.o [1]
OSCfg_TickTaskPrio           0x44fe    0x1  Data  Gb  os_cfg_app.o [1]
OSCfg_TickTaskStk       0x2000'1090  0x200  Data  Gb  os_cfg_app.o [1]
OSCfg_TickTaskStkBasePtr
                             0x44a0    0x4  Data  Gb  os_cfg_app.o [1]
OSCfg_TickTaskStkLimit       0x44a4    0x4  Data  Gb  os_cfg_app.o [1]
OSCfg_TickTaskStkSize        0x44a8    0x4  Data  Gb  os_cfg_app.o [1]
OSCfg_TickTaskStkSizeRAM
                             0x44ac    0x4  Data  Gb  os_cfg_app.o [1]
OSCfg_TickWheel         0x2000'19d8   0x68  Data  Gb  os_cfg_app.o [1]
OSCfg_TickWheelSize          0x3182    0x2  Data  Gb  os_cfg_app.o [1]
OSCfg_TickWheelSizeRAM       0x44b0    0x4  Data  Gb  os_cfg_app.o [1]
OSCfg_TmrTaskPrio            0x44ff    0x1  Data  Gb  os_cfg_app.o [1]
OSCfg_TmrTaskRate_Hz         0x44b4    0x4  Data  Gb  os_cfg_app.o [1]
OSCfg_TmrTaskStk        0x2000'1290  0x200  Data  Gb  os_cfg_app.o [1]
OSCfg_TmrTaskStkBasePtr
                             0x44b8    0x4  Data  Gb  os_cfg_app.o [1]
OSCfg_TmrTaskStkLimit        0x44bc    0x4  Data  Gb  os_cfg_app.o [1]
OSCfg_TmrTaskStkSize         0x44c0    0x4  Data  Gb  os_cfg_app.o [1]
OSCfg_TmrTaskStkSizeRAM
                             0x44c4    0x4  Data  Gb  os_cfg_app.o [1]
OSCfg_TmrWheel          0x2000'1a40   0x68  Data  Gb  os_cfg_app.o [1]
OSCfg_TmrWheelSize           0x3a0e    0x2  Data  Gb  os_cfg_app.o [1]
OSCfg_TmrWheelSizeRAM        0x44c8    0x4  Data  Gb  os_cfg_app.o [1]
OSDbg_AppHooksEn             0x4501    0x1  Data  Gb  os_dbg.o [1]
OSDbg_ArgChkEn               0x4500    0x1  Data  Gb  os_dbg.o [1]
OSDbg_CalledFromISRChkEn
                             0x4502    0x1  Data  Gb  os_dbg.o [1]
OSDbg_DataSize               0x44d8    0x4  Data  Gb  os_dbg.o [1]
OSDbg_DbgEn                  0x3e1e    0x2  Data  Gb  os_dbg.o [1]
OSDbg_EndiannessTest         0x44d0    0x4  Data  Gb  os_dbg.o [1]
OSDbg_FlagEn                 0x4503    0x1  Data  Gb  os_dbg.o [1]
OSDbg_FlagGrp                0x42b4   0x28  Data  Gb  os_dbg.o [1]
OSDbg_ISRPostDeferredEn
                             0x4504    0x1  Data  Gb  os_dbg.o [1]
OSDbg_Mem                    0x4350   0x20  Data  Gb  os_dbg.o [1]
OSDbg_MemEn                  0x4505    0x1  Data  Gb  os_dbg.o [1]
OSDbg_MemSize                0x3e2a    0x2  Data  Gb  os_dbg.o [1]
OSDbg_MsgEn                  0x4506    0x1  Data  Gb  os_dbg.o [1]
OSDbg_MsgPoolSize            0x44dc    0x2  Data  Gb  os_dbg.o [1]
OSDbg_MsgQSize               0x44de    0x2  Data  Gb  os_dbg.o [1]
OSDbg_MsgSize                0x4392    0x2  Data  Gb  os_dbg.o [1]
OSDbg_Mutex                  0x425c   0x2c  Data  Gb  os_dbg.o [1]
OSDbg_MutexDelEn             0x4508    0x1  Data  Gb  os_dbg.o [1]
OSDbg_MutexEn                0x4507    0x1  Data  Gb  os_dbg.o [1]
OSDbg_MutexPendAbortEn       0x4509    0x1  Data  Gb  os_dbg.o [1]
OSDbg_MutexSize              0x44e0    0x2  Data  Gb  os_dbg.o [1]
OSDbg_ObjTypeChkEn           0x450a    0x1  Data  Gb  os_dbg.o [1]
OSDbg_PendDataSize           0x44e2    0x2  Data  Gb  os_dbg.o [1]
OSDbg_PendListSize           0x44e4    0x2  Data  Gb  os_dbg.o [1]
OSDbg_PendMultiEn            0x450b    0x1  Data  Gb  os_dbg.o [1]
OSDbg_PendObjSize            0x44e6    0x2  Data  Gb  os_dbg.o [1]
OSDbg_PrioMax                0x44e8    0x2  Data  Gb  os_dbg.o [1]
OSDbg_PrioTblSize            0x44ea    0x2  Data  Gb  os_dbg.o [1]
OSDbg_PtrSize                0x44ec    0x2  Data  Gb  os_dbg.o [1]
OSDbg_Q                      0x422c   0x30  Data  Gb  os_dbg.o [1]
OSDbg_QDelEn                 0x450d    0x1  Data  Gb  os_dbg.o [1]
OSDbg_QEn                    0x450c    0x1  Data  Gb  os_dbg.o [1]
OSDbg_QFlushEn               0x450e    0x1  Data  Gb  os_dbg.o [1]
OSDbg_QPendAbortEn           0x450f    0x1  Data  Gb  os_dbg.o [1]
OSDbg_QSize                  0x44ee    0x2  Data  Gb  os_dbg.o [1]
OSDbg_RdyList                0x44f0    0x2  Data  Gb  os_dbg.o [1]
OSDbg_RdyListSize            0x44d4    0x4  Data  Gb  os_dbg.o [1]
OSDbg_SchedRoundRobinEn
                             0x4510    0x1  Data  Gb  os_dbg.o [1]
OSDbg_Sem                    0x42dc   0x28  Data  Gb  os_dbg.o [1]
OSDbg_SemEn                  0x4511    0x1  Data  Gb  os_dbg.o [1]
OSDbg_StatTaskEn             0x4513    0x1  Data  Gb  os_dbg.o [1]
OSDbg_StatTaskStkChkEn       0x4514    0x1  Data  Gb  os_dbg.o [1]
OSDbg_StkWidth               0x4512    0x1  Data  Gb  os_dbg.o [1]
OSDbg_TCBSize                0x44f4    0x2  Data  Gb  os_dbg.o [1]
OSDbg_TaskChangePrioEn       0x4515    0x1  Data  Gb  os_dbg.o [1]
OSDbg_TaskDelEn              0x4516    0x1  Data  Gb  os_dbg.o [1]
OSDbg_TaskProfileEn          0x4519    0x1  Data  Gb  os_dbg.o [1]
OSDbg_TaskQEn                0x4517    0x1  Data  Gb  os_dbg.o [1]
OSDbg_TaskQPendAbortEn       0x4518    0x1  Data  Gb  os_dbg.o [1]
OSDbg_TaskRegTblSize         0x44f2    0x2  Data  Gb  os_dbg.o [1]
OSDbg_TaskSemPendAbortEn
                             0x451a    0x1  Data  Gb  os_dbg.o [1]
OSDbg_TaskSuspendEn          0x451b    0x1  Data  Gb  os_dbg.o [1]
OSDbg_TickSpokeSize          0x44f6    0x2  Data  Gb  os_dbg.o [1]
OSDbg_TimeDlyHMSMEn          0x451c    0x1  Data  Gb  os_dbg.o [1]
OSDbg_TimeDlyResumeEn        0x451d    0x1  Data  Gb  os_dbg.o [1]
OSDbg_Tmr                    0x41f8   0x34  Data  Gb  os_dbg.o [1]
OSDbg_TmrDelEn               0x451f    0x1  Data  Gb  os_dbg.o [1]
OSDbg_TmrEn                  0x451e    0x1  Data  Gb  os_dbg.o [1]
OSDbg_TmrSize                0x44f8    0x2  Data  Gb  os_dbg.o [1]
OSDbg_TmrSpokeSize           0x44fa    0x2  Data  Gb  os_dbg.o [1]
OSDbg_VersionNbr             0x44fc    0x2  Data  Gb  os_dbg.o [1]
OSIdleTaskCtr           0x2000'1b08    0x4  Data  Gb  os_var.o [1]
OSIdleTaskHook                0x9b5    0x2  Code  Gb  os_cpu_c.o [1]
OSIdleTaskTCB           0x2000'17b0   0x8c  Data  Gb  os_var.o [1]
OSInit                        0x11d   0xce  Code  Gb  os_core.o [1]
OSInitHook                    0x9b7   0x14  Code  Gb  os_cpu_c.o [1]
OSIntEnter                    0x1eb   0x1c  Code  Gb  os_core.o [1]
OSIntExit                     0x207   0x98  Code  Gb  os_core.o [1]
OSIntNestingCtr         0x2000'1b69    0x1  Data  Gb  os_var.o [1]
OSMemCreate                  0x14f5   0x9a  Code  Gb  os_mem.o [1]
OSMemDbgListPtr         0x2000'1b0c    0x4  Data  Gb  os_var.o [1]
OSMemGet                     0x158f   0x4a  Code  Gb  os_mem.o [1]
OSMemPut                     0x15d9   0x4a  Code  Gb  os_mem.o [1]
OSMemQty                0x2000'1b5c    0x2  Data  Gb  os_var.o [1]
OSMsgPool               0x2000'1ad8    0x8  Data  Gb  os_var.o [1]
OSMutexDbgListPtr       0x2000'1b10    0x4  Data  Gb  os_var.o [1]
OSMutexQty              0x2000'1b5e    0x2  Data  Gb  os_var.o [1]
OSPrioCur               0x2000'1b6b    0x1  Data  Gb  os_var.o [1]
OSPrioHighRdy           0x2000'1b6c    0x1  Data  Gb  os_var.o [1]
OSPrioTbl               0x2000'1b04    0x4  Data  Gb  os_prio.o [1]
OSQDbgListPtr           0x2000'1b14    0x4  Data  Gb  os_var.o [1]
OSQQty                  0x2000'1b60    0x2  Data  Gb  os_var.o [1]
OSRdyList               0x2000'15a8   0xf0  Data  Gb  os_var.o [1]
OSRunning               0x2000'1b6a    0x1  Data  Gb  os_var.o [1]
OSSched                       0x29f   0x6a  Code  Gb  os_core.o [1]
OSSchedLock                   0x309   0x60  Code  Gb  os_core.o [1]
OSSchedLockNestingCtr   0x2000'1b6d    0x1  Data  Gb  os_var.o [1]
OSSchedLockTimeBegin    0x2000'1b18    0x4  Data  Gb  os_var.o [1]
OSSchedLockTimeMax      0x2000'1b1c    0x4  Data  Gb  os_var.o [1]
OSSchedLockTimeMaxCur   0x2000'1b20    0x4  Data  Gb  os_var.o [1]
OSSchedUnlock                 0x369   0x7c  Code  Gb  os_core.o [1]
OSStart                       0x3e5   0x52  Code  Gb  os_core.o [1]
OSStartHighRdy               0x1e0d         Code  Gb  os_cpu_a.o [1]
OSTCBCurPtr             0x2000'1b48    0x4  Data  Gb  os_var.o [1]
OSTCBHighRdyPtr         0x2000'1b4c    0x4  Data  Gb  os_var.o [1]
OSTaskCreate                  0xb85  0x120  Code  Gb  os_task.o [1]
OSTaskCreateHook              0x9cb    0x2  Code  Gb  os_cpu_c.o [1]
OSTaskCreateRecursive        0x1ef9  0x16a  Code  Gb  OS_RecTaskServices.o [1]
OSTaskCtxSwCtr          0x2000'1b24    0x4  Data  Gb  os_var.o [1]
OSTaskDbgListPtr        0x2000'1b28    0x4  Data  Gb  os_var.o [1]
OSTaskDel                     0xca5   0xfe  Code  Gb  os_task.o [1]
OSTaskDelHook                 0x9cd    0x2  Code  Gb  os_cpu_c.o [1]
OSTaskQty               0x2000'1b62    0x2  Data  Gb  os_var.o [1]
OSTaskReCreateRecursive
                             0x2063  0x140  Code  Gb  OS_RecTaskServices.o [1]
OSTaskReturnHook              0x9cf    0x2  Code  Gb  os_cpu_c.o [1]
OSTaskSemPend                 0xda3  0x126  Code  Gb  os_task.o [1]
OSTaskSemPost                 0xec9   0x1c  Code  Gb  os_task.o [1]
OSTaskStkInit                 0x9d1   0x7e  Code  Gb  os_cpu_c.o [1]
OSTaskSwHook                  0xa4f   0x2c  Code  Gb  os_cpu_c.o [1]
OSTickCtr               0x2000'1b2c    0x4  Data  Gb  os_var.o [1]
OSTickTaskTCB           0x2000'183c   0x8c  Data  Gb  os_var.o [1]
OSTickTaskTimeMax       0x2000'1b30    0x4  Data  Gb  os_var.o [1]
OSTimeTick                   0x1eb5   0x30  Code  Gb  os_time.o [1]
OSTimeTickHook                0xa7b    0x2  Code  Gb  os_cpu_c.o [1]
OSTmrDbgListPtr         0x2000'1b34    0x4  Data  Gb  os_var.o [1]
OSTmrTaskTCB            0x2000'18c8   0x8c  Data  Gb  os_var.o [1]
OSTmrTaskTimeMax        0x2000'1b38    0x4  Data  Gb  os_var.o [1]
OSTmrTickCtr            0x2000'1b3c    0x4  Data  Gb  os_var.o [1]
OSTmrUpdateCnt          0x2000'1b40    0x4  Data  Gb  os_var.o [1]
OSTmrUpdateCtr          0x2000'1b44    0x4  Data  Gb  os_var.o [1]
OS_CPU_ExceptStkBase    0x2000'1b00    0x4  Data  Gb  os_cpu_c.o [1]
OS_CPU_PendSVHandler         0x1e2b         Code  Gb  os_cpu_a.o [1]
OS_CPU_SysTickHandler         0xa7d   0x2a  Code  Gb  os_cpu_c.o [1]
OS_CPU_SysTickInit            0xaa7   0x24  Code  Gb  os_cpu_c.o [1]
OS_Dbg_Init                  0x1a3d  0x170  Code  Gb  os_dbg.o [1]
OS_IdleTask                   0x437   0x28  Code  Gb  os_core.o [1]
OS_IdleTaskInit               0x45f   0x50  Code  Gb  os_core.o [1]
OS_MemDbgListAdd             0x1623   0x1e  Code  Gb  os_mem.o [1]
OS_MemInit                   0x1641   0x12  Code  Gb  os_mem.o [1]
OS_MsgPoolCreate             0x1665   0x40  Code  Gb  os_msg.o [1]
OS_MsgPoolInit               0x16a5   0x24  Code  Gb  os_msg.o [1]
OS_MsgQFreeAll               0x16c9   0x3e  Code  Gb  os_msg.o [1]
OS_MsgQInit                  0x1707   0x14  Code  Gb  os_msg.o [1]
OS_MutexInit                 0x1729   0x12  Code  Gb  os_mutex.o [1]
OS_Pend                       0x4af   0x54  Code  Gb  os_core.o [1]
OS_PendDataInit               0x503   0x38  Code  Gb  os_core.o [1]
OS_PendDbgNameAdd             0x53b   0x42  Code  Gb  os_core.o [1]
OS_PendDbgNameRemove          0x57d   0x1c  Code  Gb  os_core.o [1]
OS_PendListInsertPrio         0x59d   0x72  Code  Gb  os_core.o [1]
OS_PendListRemove             0x60f   0x2a  Code  Gb  os_core.o [1]
OS_PendListRemove1            0x639   0x48  Code  Gb  os_core.o [1]
OS_Post                       0x681   0xc0  Code  Gb  os_core.o [1]
OS_Post1                      0x741   0x28  Code  Gb  os_core.o [1]
OS_PrioGetHighest             0xb09   0x20  Code  Gb  os_prio.o [1]
OS_PrioInit                   0xaf5   0x14  Code  Gb  os_prio.o [1]
OS_PrioInsert                 0xb29   0x2a  Code  Gb  os_prio.o [1]
OS_PrioRemove                 0xb53   0x2c  Code  Gb  os_prio.o [1]
OS_QInit                     0x1745   0x12  Code  Gb  os_q.o [1]
OS_RdyListInit                0x769   0x2a  Code  Gb  os_core.o [1]
OS_RdyListInsert              0x793   0x28  Code  Gb  os_core.o [1]
OS_RdyListInsertHead          0x7bb   0x3a  Code  Gb  os_core.o [1]
OS_RdyListInsertTail          0x7f5   0x38  Code  Gb  os_core.o [1]
OS_RdyListRemove              0x82d   0x5c  Code  Gb  os_core.o [1]
OS_SchedLockTimeMeasStart
                              0x889   0x14  Code  Gb  os_core.o [1]
OS_SchedLockTimeMeasStop
                              0x89d   0x2a  Code  Gb  os_core.o [1]
OS_TaskBlock                  0x929   0x38  Code  Gb  os_core.o [1]
OS_TaskDbgListAdd             0xee5   0x26  Code  Gb  os_task.o [1]
OS_TaskDbgListRemove          0xf0b   0x4a  Code  Gb  os_task.o [1]
OS_TaskInit                   0xf55   0x18  Code  Gb  os_task.o [1]
OS_TaskInitTCB                0xf6d   0xa8  Code  Gb  os_task.o [1]
OS_TaskRdy                    0x961   0x1a  Code  Gb  os_core.o [1]
OS_TaskReturn                0x1015   0x14  Code  Gb  os_task.o [1]
OS_TaskSemPost               0x1029   0xd4  Code  Gb  os_task.o [1]
OS_TickListInit              0x11bf   0x2e  Code  Gb  os_tick.o [1]
OS_TickListInsert            0x11ed  0x11c  Code  Gb  os_tick.o [1]
OS_TickListRemove            0x1309   0x42  Code  Gb  os_tick.o [1]
OS_TickListUpdate            0x134b  0x172  Code  Gb  os_tick.o [1]
OS_TickTask                  0x1129   0x26  Code  Gb  os_tick.o [1]
OS_TickTaskInit              0x114f   0x70  Code  Gb  os_tick.o [1]
OS_TmrInit                   0x1761   0xd6  Code  Gb  os_tmr.o [1]
OS_TmrLink                   0x1837   0xd0  Code  Gb  os_tmr.o [1]
OS_TmrTask                   0x1955   0xa6  Code  Gb  os_tmr.o [1]
OS_TmrUnlink                 0x1907   0x4c  Code  Gb  os_tmr.o [1]
PWMGenConfigure              0x3d59   0x3c  Code  Gb  pwm.o [1]
PWMGenEnable                 0x3db7    0xe  Code  Gb  pwm.o [1]
PWMGenPeriodSet              0x3d95   0x22  Code  Gb  pwm.o [1]
PWMOutputState               0x3df3   0x2c  Code  Gb  pwm.o [1]
PWMPulseWidthSet             0x3dc5   0x2e  Code  Gb  pwm.o [1]
RBFindMin                    0x266b    0xc  Code  Gb  RBTree2.o [1]
RMSched                      0x2245   0x54  Code  Gb  OS_RecTaskServices.o [1]
Region$$Table$$Base          0x432c          --   Gb  - Linker created -
Region$$Table$$Limit         0x4350          --   Gb  - Linker created -
Right_tgt               0x2000'1b65    0x1  Data  Gb  app.o [1]
SysCtlClockGet               0x2d19  0x1a2  Code  Gb  sysctl.o [1]
SysCtlClockSet               0x2bad  0x16c  Code  Gb  sysctl.o [1]
SysCtlDelay                  0x2ba5    0x8  Code  Gb  sysctl.o [1]
SysCtlPWMClockSet            0x2ebb    0xe  Code  Gb  sysctl.o [1]
SysCtlPeripheralEnable       0x2b79   0x2c  Code  Gb  sysctl.o [1]
SysCtlPeripheralReset        0x2b19   0x60  Code  Gb  sysctl.o [1]
_Rand_idx               0x2000'19d4    0x4  Data  Lc  rand.o [2]
_Rand_rv                0x2000'1954   0x80  Data  Lc  rand.o [2]
_Randinit               0x2000'0000    0x1  Data  Gb  rand.o [2]
_Randseed               0x2000'0004    0x4  Data  Gb  rand.o [2]
__cmain                      0x4371         Code  Gb  cmain.o [4]
__exit                       0x3e2d   0x14  Code  Gb  exit.o [5]
__iar_close_ttio             0x3e41   0x2e  Code  Gb  iarttio.o [5]
__iar_copy_init3             0x4289   0x2c  Code  Gb  copy_init3.o [4]
__iar_data_init3             0x4305   0x28  Code  Gb  data_init.o [4]
__iar_lookup_ttioh           0x3e71    0x4  Code  Gb  XShttio.o [2]
__iar_program_start          0x4449         Code  Gb  cstartup_M.o [4]
__iar_ttio_handles      0x2000'0008    0x8  Data  Lc  XShttio.o [2]
__iar_zero_init3              0x97b   0x3a  Code  Gb  zero_init3.o [4]
__low_level_init             0x438f    0x4  Code  Gb  low_level_init.o [2]
__vector_table                  0x0  0x11c  Data  Gb  app_vect.o [1]
_call_main                   0x437d         Code  Gb  cmain.o [4]
_exit                        0x3e21         Code  Gb  cexit.o [4]
_main                        0x438b         Code  Gb  cmain.o [4]
append                       0x292f   0x2c  Code  Gb  linkedList.o [1]
chooseHeight                 0x2995   0x22  Code  Lc  skiplist.o [1]
color_delete                 0x26a9  0x162  Code  Gb  RBTree2.o [1]
color_insert                 0x2459  0x116  Code  Gb  RBTree2.o [1]
create                       0x28cd   0x62  Code  Gb  linkedList.o [1]
delete                       0x280b   0xb8  Code  Gb  RBTree2.o [1]
dispose                      0x296f   0x20  Code  Gb  linkedList.o [1]
exit                         0x376d    0x4  Code  Gb  exit.o [2]
g_pucRITInit                 0x4160   0x50  Data  Lc  bsp_display.o [1]
g_pucRow1                    0x4454    0x8  Data  Lc  bsp_display.o [1]
g_pucRow2                    0x445c    0x8  Data  Lc  bsp_display.o [1]
g_pulGPIOBaseAddrs           0x41b0   0x48  Data  Lc  gpio.o [1]
g_pulRCGCRegs                0x4430    0xc  Data  Lc  sysctl.o [1]
g_pulSRCRRegs                0x4424    0xc  Data  Lc  sysctl.o [1]
g_pulXtals                   0x4104   0x5c  Data  Lc  sysctl.o [1]
g_ulDelay               0x2000'1ae4    0x4  Data  Lc  bsp_display.o [1]
getMinKeyNode2               0x2b15    0x4  Code  Gb  skiplist.o [1]
insert                       0x256f   0xd8  Code  Gb  RBTree2.o [1]
leftRotate                   0x23cd   0x46  Code  Gb  RBTree2.o [1]
main                         0x3e7d   0xb0  Code  Gb  app.o [1]
min                          0x2677    0xc  Code  Gb  RBTree2.o [1]
p_addr                  0x2000'0650  0x240  Data  Gb  app.o [1]
rand                         0x3771   0x94  Code  Gb  rand.o [2]
readyQueue              0x2000'1b54    0x4  Data  Gb  skiplist.o [1]
releaseTask                  0x21e1   0x64  Code  Gb  OS_RecTaskServices.o [1]
rightRotate                  0x2413   0x46  Code  Gb  RBTree2.o [1]
root                    0x2000'1b50    0x4  Data  Gb  RBTree2.o [1]
searchRB                     0x2647   0x24  Code  Gb  RBTree2.o [1]
skiplistCreateNode           0x29b7   0x98  Code  Lc  skiplist.o [1]
skiplistInsert               0x2a81   0x8a  Code  Gb  skiplist.o [1]
skiplistSearch               0x2a4f   0x32  Code  Gb  skiplist.o [1]
successor                    0x2683   0x26  Code  Gb  RBTree2.o [1]
tickHandlerRecursion         0x21a3   0x3a  Code  Gb  OS_RecTaskServices.o [1]
traverse                     0x295b   0x14  Code  Gb  linkedList.o [1]


[1] = C:\Users\ahj\Desktop\CE4057\Source_Code_CE4057\ce4053\Micrium\Software\EvalBoards\TI\LM3S9B92-EVALBOT\IAR\uCOS-III-CE4053_PG\Flash\Obj
[2] = dl7M_tlf.a
[3] = m7M_tl.a
[4] = rt7M_tl.a
[5] = shb_l.a

  16 492 bytes of readonly  code memory
   1 204 bytes of readonly  data memory
   8 046 bytes of readwrite data memory

Errors: none
Warnings: none
