###############################################################################
#
# IAR ELF Linker V8.30.1.114/W32 for ARM                  12/Oct/2018  15:47:48
# Copyright 2007-2018 IAR Systems AB.
#
#    Output file  =  
#        C:\Users\ahj\Desktop\CE4057\Source_Code_CE4057\ce4053\Micrium\Software\EvalBoards\TI\LM3S9B92-EVALBOT\IAR\uCOS-III-CE4053_PG\Flash\Exe\uCOS-III-Ex4.out
#    Map file     =  
#        C:\Users\ahj\Desktop\CE4057\Source_Code_CE4057\ce4053\Micrium\Software\EvalBoards\TI\LM3S9B92-EVALBOT\IAR\uCOS-III-CE4053_PG\Flash\List\uCOS-III-Ex4.map
#    Command line =  
#        -f C:\Users\ahj\AppData\Local\Temp\EW5859.tmp
#        (C:\Users\ahj\Desktop\CE4057\Source_Code_CE4057\ce4053\Micrium\Software\EvalBoards\TI\LM3S9B92-EVALBOT\IAR\uCOS-III-CE4053_PG\Flash\Obj\adc.o
#        C:\Users\ahj\Desktop\CE4057\Source_Code_CE4057\ce4053\Micrium\Software\EvalBoards\TI\LM3S9B92-EVALBOT\IAR\uCOS-III-CE4053_PG\Flash\Obj\app.o
#        C:\Users\ahj\Desktop\CE4057\Source_Code_CE4057\ce4053\Micrium\Software\EvalBoards\TI\LM3S9B92-EVALBOT\IAR\uCOS-III-CE4053_PG\Flash\Obj\app_vect.o
#        C:\Users\ahj\Desktop\CE4057\Source_Code_CE4057\ce4053\Micrium\Software\EvalBoards\TI\LM3S9B92-EVALBOT\IAR\uCOS-III-CE4053_PG\Flash\Obj\bsp.o
#        C:\Users\ahj\Desktop\CE4057\Source_Code_CE4057\ce4053\Micrium\Software\EvalBoards\TI\LM3S9B92-EVALBOT\IAR\uCOS-III-CE4053_PG\Flash\Obj\bsp_dac.o
#        C:\Users\ahj\Desktop\CE4057\Source_Code_CE4057\ce4053\Micrium\Software\EvalBoards\TI\LM3S9B92-EVALBOT\IAR\uCOS-III-CE4053_PG\Flash\Obj\bsp_display.o
#        C:\Users\ahj\Desktop\CE4057\Source_Code_CE4057\ce4053\Micrium\Software\EvalBoards\TI\LM3S9B92-EVALBOT\IAR\uCOS-III-CE4053_PG\Flash\Obj\bsp_int.o
#        C:\Users\ahj\Desktop\CE4057\Source_Code_CE4057\ce4053\Micrium\Software\EvalBoards\TI\LM3S9B92-EVALBOT\IAR\uCOS-III-CE4053_PG\Flash\Obj\bsp_io.o
#        C:\Users\ahj\Desktop\CE4057\Source_Code_CE4057\ce4053\Micrium\Software\EvalBoards\TI\LM3S9B92-EVALBOT\IAR\uCOS-III-CE4053_PG\Flash\Obj\bsp_motor.o
#        C:\Users\ahj\Desktop\CE4057\Source_Code_CE4057\ce4053\Micrium\Software\EvalBoards\TI\LM3S9B92-EVALBOT\IAR\uCOS-III-CE4053_PG\Flash\Obj\bsp_sensors.o
#        C:\Users\ahj\Desktop\CE4057\Source_Code_CE4057\ce4053\Micrium\Software\EvalBoards\TI\LM3S9B92-EVALBOT\IAR\uCOS-III-CE4053_PG\Flash\Obj\can.o
#        C:\Users\ahj\Desktop\CE4057\Source_Code_CE4057\ce4053\Micrium\Software\EvalBoards\TI\LM3S9B92-EVALBOT\IAR\uCOS-III-CE4053_PG\Flash\Obj\comp.o
#        C:\Users\ahj\Desktop\CE4057\Source_Code_CE4057\ce4053\Micrium\Software\EvalBoards\TI\LM3S9B92-EVALBOT\IAR\uCOS-III-CE4053_PG\Flash\Obj\cpu_.o
#        C:\Users\ahj\Desktop\CE4057\Source_Code_CE4057\ce4053\Micrium\Software\EvalBoards\TI\LM3S9B92-EVALBOT\IAR\uCOS-III-CE4053_PG\Flash\Obj\cpu_a.o
#        C:\Users\ahj\Desktop\CE4057\Source_Code_CE4057\ce4053\Micrium\Software\EvalBoards\TI\LM3S9B92-EVALBOT\IAR\uCOS-III-CE4053_PG\Flash\Obj\cpu_bsp.o
#        C:\Users\ahj\Desktop\CE4057\Source_Code_CE4057\ce4053\Micrium\Software\EvalBoards\TI\LM3S9B92-EVALBOT\IAR\uCOS-III-CE4053_PG\Flash\Obj\cpu_c.o
#        C:\Users\ahj\Desktop\CE4057\Source_Code_CE4057\ce4053\Micrium\Software\EvalBoards\TI\LM3S9B92-EVALBOT\IAR\uCOS-III-CE4053_PG\Flash\Obj\cpu_core.o
#        C:\Users\ahj\Desktop\CE4057\Source_Code_CE4057\ce4053\Micrium\Software\EvalBoards\TI\LM3S9B92-EVALBOT\IAR\uCOS-III-CE4053_PG\Flash\Obj\epi.o
#        C:\Users\ahj\Desktop\CE4057\Source_Code_CE4057\ce4053\Micrium\Software\EvalBoards\TI\LM3S9B92-EVALBOT\IAR\uCOS-III-CE4053_PG\Flash\Obj\ethernet.o
#        C:\Users\ahj\Desktop\CE4057\Source_Code_CE4057\ce4053\Micrium\Software\EvalBoards\TI\LM3S9B92-EVALBOT\IAR\uCOS-III-CE4053_PG\Flash\Obj\fatfs.o
#        C:\Users\ahj\Desktop\CE4057\Source_Code_CE4057\ce4053\Micrium\Software\EvalBoards\TI\LM3S9B92-EVALBOT\IAR\uCOS-III-CE4053_PG\Flash\Obj\flash.o
#        C:\Users\ahj\Desktop\CE4057\Source_Code_CE4057\ce4053\Micrium\Software\EvalBoards\TI\LM3S9B92-EVALBOT\IAR\uCOS-III-CE4053_PG\Flash\Obj\gpio.o
#        C:\Users\ahj\Desktop\CE4057\Source_Code_CE4057\ce4053\Micrium\Software\EvalBoards\TI\LM3S9B92-EVALBOT\IAR\uCOS-III-CE4053_PG\Flash\Obj\hibernate.o
#        C:\Users\ahj\Desktop\CE4057\Source_Code_CE4057\ce4053\Micrium\Software\EvalBoards\TI\LM3S9B92-EVALBOT\IAR\uCOS-III-CE4053_PG\Flash\Obj\i2c.o
#        C:\Users\ahj\Desktop\CE4057\Source_Code_CE4057\ce4053\Micrium\Software\EvalBoards\TI\LM3S9B92-EVALBOT\IAR\uCOS-III-CE4053_PG\Flash\Obj\i2s.o
#        C:\Users\ahj\Desktop\CE4057\Source_Code_CE4057\ce4053\Micrium\Software\EvalBoards\TI\LM3S9B92-EVALBOT\IAR\uCOS-III-CE4053_PG\Flash\Obj\interrupt.o
#        C:\Users\ahj\Desktop\CE4057\Source_Code_CE4057\ce4053\Micrium\Software\EvalBoards\TI\LM3S9B92-EVALBOT\IAR\uCOS-III-CE4053_PG\Flash\Obj\lib_ascii.o
#        C:\Users\ahj\Desktop\CE4057\Source_Code_CE4057\ce4053\Micrium\Software\EvalBoards\TI\LM3S9B92-EVALBOT\IAR\uCOS-III-CE4053_PG\Flash\Obj\lib_math.o
#        C:\Users\ahj\Desktop\CE4057\Source_Code_CE4057\ce4053\Micrium\Software\EvalBoards\TI\LM3S9B92-EVALBOT\IAR\uCOS-III-CE4053_PG\Flash\Obj\lib_mem.o
#        C:\Users\ahj\Desktop\CE4057\Source_Code_CE4057\ce4053\Micrium\Software\EvalBoards\TI\LM3S9B92-EVALBOT\IAR\uCOS-III-CE4053_PG\Flash\Obj\lib_str.o
#        C:\Users\ahj\Desktop\CE4057\Source_Code_CE4057\ce4053\Micrium\Software\EvalBoards\TI\LM3S9B92-EVALBOT\IAR\uCOS-III-CE4053_PG\Flash\Obj\linkedList.o
#        C:\Users\ahj\Desktop\CE4057\Source_Code_CE4057\ce4053\Micrium\Software\EvalBoards\TI\LM3S9B92-EVALBOT\IAR\uCOS-III-CE4053_PG\Flash\Obj\microsd.o
#        C:\Users\ahj\Desktop\CE4057\Source_Code_CE4057\ce4053\Micrium\Software\EvalBoards\TI\LM3S9B92-EVALBOT\IAR\uCOS-III-CE4053_PG\Flash\Obj\mpu.o
#        C:\Users\ahj\Desktop\CE4057\Source_Code_CE4057\ce4053\Micrium\Software\EvalBoards\TI\LM3S9B92-EVALBOT\IAR\uCOS-III-CE4053_PG\Flash\Obj\os_app_hooks.o
#        C:\Users\ahj\Desktop\CE4057\Source_Code_CE4057\ce4053\Micrium\Software\EvalBoards\TI\LM3S9B92-EVALBOT\IAR\uCOS-III-CE4053_PG\Flash\Obj\os_cfg_app.o
#        C:\Users\ahj\Desktop\CE4057\Source_Code_CE4057\ce4053\Micrium\Software\EvalBoards\TI\LM3S9B92-EVALBOT\IAR\uCOS-III-CE4053_PG\Flash\Obj\os_core.o
#        C:\Users\ahj\Desktop\CE4057\Source_Code_CE4057\ce4053\Micrium\Software\EvalBoards\TI\LM3S9B92-EVALBOT\IAR\uCOS-III-CE4053_PG\Flash\Obj\os_cpu_a.o
#        C:\Users\ahj\Desktop\CE4057\Source_Code_CE4057\ce4053\Micrium\Software\EvalBoards\TI\LM3S9B92-EVALBOT\IAR\uCOS-III-CE4053_PG\Flash\Obj\os_cpu_c.o
#        C:\Users\ahj\Desktop\CE4057\Source_Code_CE4057\ce4053\Micrium\Software\EvalBoards\TI\LM3S9B92-EVALBOT\IAR\uCOS-III-CE4053_PG\Flash\Obj\os_dbg.o
#        C:\Users\ahj\Desktop\CE4057\Source_Code_CE4057\ce4053\Micrium\Software\EvalBoards\TI\LM3S9B92-EVALBOT\IAR\uCOS-III-CE4053_PG\Flash\Obj\os_flag.o
#        C:\Users\ahj\Desktop\CE4057\Source_Code_CE4057\ce4053\Micrium\Software\EvalBoards\TI\LM3S9B92-EVALBOT\IAR\uCOS-III-CE4053_PG\Flash\Obj\os_int.o
#        C:\Users\ahj\Desktop\CE4057\Source_Code_CE4057\ce4053\Micrium\Software\EvalBoards\TI\LM3S9B92-EVALBOT\IAR\uCOS-III-CE4053_PG\Flash\Obj\os_mem.o
#        C:\Users\ahj\Desktop\CE4057\Source_Code_CE4057\ce4053\Micrium\Software\EvalBoards\TI\LM3S9B92-EVALBOT\IAR\uCOS-III-CE4053_PG\Flash\Obj\os_msg.o
#        C:\Users\ahj\Desktop\CE4057\Source_Code_CE4057\ce4053\Micrium\Software\EvalBoards\TI\LM3S9B92-EVALBOT\IAR\uCOS-III-CE4053_PG\Flash\Obj\os_mutex.o
#        C:\Users\ahj\Desktop\CE4057\Source_Code_CE4057\ce4053\Micrium\Software\EvalBoards\TI\LM3S9B92-EVALBOT\IAR\uCOS-III-CE4053_PG\Flash\Obj\os_pend_multi.o
#        C:\Users\ahj\Desktop\CE4057\Source_Code_CE4057\ce4053\Micrium\Software\EvalBoards\TI\LM3S9B92-EVALBOT\IAR\uCOS-III-CE4053_PG\Flash\Obj\os_prio.o
#        C:\Users\ahj\Desktop\CE4057\Source_Code_CE4057\ce4053\Micrium\Software\EvalBoards\TI\LM3S9B92-EVALBOT\IAR\uCOS-III-CE4053_PG\Flash\Obj\os_q.o
#        C:\Users\ahj\Desktop\CE4057\Source_Code_CE4057\ce4053\Micrium\Software\EvalBoards\TI\LM3S9B92-EVALBOT\IAR\uCOS-III-CE4053_PG\Flash\Obj\OS_RecTaskServices.o
#        C:\Users\ahj\Desktop\CE4057\Source_Code_CE4057\ce4053\Micrium\Software\EvalBoards\TI\LM3S9B92-EVALBOT\IAR\uCOS-III-CE4053_PG\Flash\Obj\os_sem.o
#        C:\Users\ahj\Desktop\CE4057\Source_Code_CE4057\ce4053\Micrium\Software\EvalBoards\TI\LM3S9B92-EVALBOT\IAR\uCOS-III-CE4053_PG\Flash\Obj\os_stat.o
#        C:\Users\ahj\Desktop\CE4057\Source_Code_CE4057\ce4053\Micrium\Software\EvalBoards\TI\LM3S9B92-EVALBOT\IAR\uCOS-III-CE4053_PG\Flash\Obj\os_task.o
#        C:\Users\ahj\Desktop\CE4057\Source_Code_CE4057\ce4053\Micrium\Software\EvalBoards\TI\LM3S9B92-EVALBOT\IAR\uCOS-III-CE4053_PG\Flash\Obj\os_tick.o
#        C:\Users\ahj\Desktop\CE4057\Source_Code_CE4057\ce4053\Micrium\Software\EvalBoards\TI\LM3S9B92-EVALBOT\IAR\uCOS-III-CE4053_PG\Flash\Obj\os_time.o
#        C:\Users\ahj\Desktop\CE4057\Source_Code_CE4057\ce4053\Micrium\Software\EvalBoards\TI\LM3S9B92-EVALBOT\IAR\uCOS-III-CE4053_PG\Flash\Obj\os_tmr.o
#        C:\Users\ahj\Desktop\CE4057\Source_Code_CE4057\ce4053\Micrium\Software\EvalBoards\TI\LM3S9B92-EVALBOT\IAR\uCOS-III-CE4053_PG\Flash\Obj\os_var.o
#        C:\Users\ahj\Desktop\CE4057\Source_Code_CE4057\ce4053\Micrium\Software\EvalBoards\TI\LM3S9B92-EVALBOT\IAR\uCOS-III-CE4053_PG\Flash\Obj\pwm.o
#        C:\Users\ahj\Desktop\CE4057\Source_Code_CE4057\ce4053\Micrium\Software\EvalBoards\TI\LM3S9B92-EVALBOT\IAR\uCOS-III-CE4053_PG\Flash\Obj\qei.o
#        C:\Users\ahj\Desktop\CE4057\Source_Code_CE4057\ce4053\Micrium\Software\EvalBoards\TI\LM3S9B92-EVALBOT\IAR\uCOS-III-CE4053_PG\Flash\Obj\RBTree.o
#        C:\Users\ahj\Desktop\CE4057\Source_Code_CE4057\ce4053\Micrium\Software\EvalBoards\TI\LM3S9B92-EVALBOT\IAR\uCOS-III-CE4053_PG\Flash\Obj\RBTree2.o
#        C:\Users\ahj\Desktop\CE4057\Source_Code_CE4057\ce4053\Micrium\Software\EvalBoards\TI\LM3S9B92-EVALBOT\IAR\uCOS-III-CE4053_PG\Flash\Obj\skiplist.o
#        C:\Users\ahj\Desktop\CE4057\Source_Code_CE4057\ce4053\Micrium\Software\EvalBoards\TI\LM3S9B92-EVALBOT\IAR\uCOS-III-CE4053_PG\Flash\Obj\ssi.o
#        C:\Users\ahj\Desktop\CE4057\Source_Code_CE4057\ce4053\Micrium\Software\EvalBoards\TI\LM3S9B92-EVALBOT\IAR\uCOS-III-CE4053_PG\Flash\Obj\sysctl.o
#        C:\Users\ahj\Desktop\CE4057\Source_Code_CE4057\ce4053\Micrium\Software\EvalBoards\TI\LM3S9B92-EVALBOT\IAR\uCOS-III-CE4053_PG\Flash\Obj\systick.o
#        C:\Users\ahj\Desktop\CE4057\Source_Code_CE4057\ce4053\Micrium\Software\EvalBoards\TI\LM3S9B92-EVALBOT\IAR\uCOS-III-CE4053_PG\Flash\Obj\timer.o
#        C:\Users\ahj\Desktop\CE4057\Source_Code_CE4057\ce4053\Micrium\Software\EvalBoards\TI\LM3S9B92-EVALBOT\IAR\uCOS-III-CE4053_PG\Flash\Obj\uart.o
#        C:\Users\ahj\Desktop\CE4057\Source_Code_CE4057\ce4053\Micrium\Software\EvalBoards\TI\LM3S9B92-EVALBOT\IAR\uCOS-III-CE4053_PG\Flash\Obj\udma.o
#        C:\Users\ahj\Desktop\CE4057\Source_Code_CE4057\ce4053\Micrium\Software\EvalBoards\TI\LM3S9B92-EVALBOT\IAR\uCOS-III-CE4053_PG\Flash\Obj\usb.o
#        C:\Users\ahj\Desktop\CE4057\Source_Code_CE4057\ce4053\Micrium\Software\EvalBoards\TI\LM3S9B92-EVALBOT\IAR\uCOS-III-CE4053_PG\Flash\Obj\watchdog.o
#        --redirect _Printf=_PrintfFull --redirect _Scanf=_ScanfFull
#        --no_out_extension -o
#        C:\Users\ahj\Desktop\CE4057\Source_Code_CE4057\ce4053\Micrium\Software\EvalBoards\TI\LM3S9B92-EVALBOT\IAR\uCOS-III-CE4053_PG\Flash\Exe\uCOS-III-Ex4.out
#        --map
#        C:\Users\ahj\Desktop\CE4057\Source_Code_CE4057\ce4053\Micrium\Software\EvalBoards\TI\LM3S9B92-EVALBOT\IAR\uCOS-III-CE4053_PG\Flash\List\uCOS-III-Ex4.map
#        --config
#        C:\Users\ahj\Desktop\CE4057\Source_Code_CE4057\ce4053\Micrium\Software\EvalBoards\TI\LM3S9B92-EVALBOT\IAR\uCOS-III-CE4053_PG\..\BSP\LM3S9B92_Flash.icf
#        --semihosting --entry __iar_program_start --vfe --text_out locale)
#
###############################################################################

*******************************************************************************
*** RUNTIME MODEL ATTRIBUTES
***

CppFlavor       = *
__Heap_Handler  = Basic
__SystemLibrary = DLib
__dlib_version  = 6


*******************************************************************************
*** HEAP SELECTION
***

The basic heap was selected because some modules are built with
size limitations (and not runtime checking), and --advanced_heap
was not specified.


*******************************************************************************
*** PLACEMENT SUMMARY
***

"A0":  place at start of [from 0x0 to 0x3'ffff] { ro section .intvec };
"P1":  place in [from 0x0 to 0x3'ffff] { ro };
"P2":  place in [from 0x0 to 0x3'ffff] { section wave_1 };
"P3":  place in [from 0x0 to 0x3'ffff] { section wave_2 };
"P4":  place in [from 0x0 to 0x3'ffff] { section wave_3 };
"P5":  place in [from 0x0 to 0x3'ffff] { section wave_4 };
"P6":  place in [from 0x0 to 0x3'ffff] { section wave_5 };
define block HEAP with size = 0M, alignment = 8 { };
define block CSTACK with size = 1K, alignment = 8 { };
"P7":  place in [from 0x2000'0000 to 0x2001'7fff] {
          rw, block HEAP, block CSTACK };
initialize by copy { rw };

No sections matched the following patterns:

  section wave_1  in "P1-P6"
  section wave_2  in "P1-P6"
  section wave_3  in "P1-P6"
  section wave_4  in "P1-P6"
  section wave_5  in "P1-P6"


  Section            Kind         Address    Size  Object
  -------            ----         -------    ----  ------
"A0":                                       0x11c
  .intvec            const            0x0   0x11c  app_vect.o [1]
                                  - 0x11c   0x11c

"P1-P6":                                   0x450c
  .text              ro code        0x11c   0x85e  os_core.o [1]
  .text              ro code        0x97a    0x3a  zero_init3.o [4]
  .text              ro code        0x9b4   0x140  os_cpu_c.o [1]
  .text              ro code        0xaf4    0x90  os_prio.o [1]
  .text              ro code        0xb84   0x5a4  os_task.o [1]
  .text              ro code       0x1128   0x3cc  os_tick.o [1]
  .text              ro code       0x14f4   0x170  os_mem.o [1]
  .text              ro code       0x1664    0xc4  os_msg.o [1]
  .text              ro code       0x1728    0x1c  os_mutex.o [1]
  .text              ro code       0x1744    0x1c  os_q.o [1]
  .text              ro code       0x1760   0x2dc  os_tmr.o [1]
  .text              ro code       0x1a3c   0x170  os_dbg.o [1]
  .text              ro code       0x1bac    0xac  os_cfg_app.o [1]
  CODE               ro code       0x1c58    0x2a  cpu_a.o [1]
  .rodata            const         0x1c82     0x2  os_cfg_app.o [1]
  .text              ro code       0x1c84   0x188  cpu_core.o [1]
  CODE               ro code       0x1e0c    0x84  os_cpu_a.o [1]
  .text              ro code       0x1e90    0x24  cpu_bsp.o [1]
  .text              ro code       0x1eb4    0x44  os_time.o [1]
  .text              ro code       0x1ef8   0x320  OS_RecTaskServices.o [1]
  .text              ro code       0x2218    0x60  lib_mem.o [1]
  .text              ro code       0x2278    0xa8  bsp.o [1]
  .text              ro code       0x2320   0x500  RBTree2.o [1]
  .text              ro code       0x2820   0x15c  linkedList.o [1]
  .text              ro code       0x297c     0x4  exit.o [2]
  .text              ro code       0x2980   0x414  sysctl.o [1]
  .text              ro code       0x2d94   0x256  bsp_int.o [1]
  .rodata            const         0x2fea     0x2  os_cfg_app.o [1]
  .text              ro code       0x2fec   0x258  bsp_display.o [1]
  .text              ro code       0x3244    0xa0  bsp_io.o [1]
  .text              ro code       0x32e4   0x164  bsp_sensors.o [1]
  .text              ro code       0x3448   0x208  bsp_motor.o [1]
  .text              ro code       0x3650     0xa  cexit.o [4]
  .rodata            const         0x365a     0x2  os_cfg_app.o [1]
  .text              ro code       0x365c   0x138  cpu_c.o [1]
  .text              ro code       0x3794    0xc2  i2c.o [1]
  .rodata            const         0x3856     0x2  os_dbg.o [1]
  .text              ro code       0x3858   0x360  gpio.o [1]
  .text              ro code       0x3bb8    0xf2  pwm.o [1]
  .rodata            const         0x3caa     0x2  os_dbg.o [1]
  .text              ro code       0x3cac    0x14  exit.o [5]
  .text              ro code       0x3cc0    0x30  iarttio.o [5]
  .text              ro code       0x3cf0     0xc  XShttio.o [2]
  .text              ro code       0x3cfc   0x4bc  app.o [1]
  .rodata            const         0x41b8    0x5c  sysctl.o [1]
  .rodata            const         0x4214    0x50  bsp_display.o [1]
  .rodata            const         0x4264    0x48  gpio.o [1]
  .rodata            const         0x42ac    0x34  os_dbg.o [1]
  .rodata            const         0x42e0    0x30  os_dbg.o [1]
  .rodata            const         0x4310    0x2c  os_dbg.o [1]
  .text              ro code       0x433c    0x2c  copy_init3.o [4]
  .rodata            const         0x4368    0x28  os_dbg.o [1]
  .rodata            const         0x4390    0x28  os_dbg.o [1]
  .text              ro code       0x43b8    0x28  data_init.o [4]
  .iar.init_table    const         0x43e0    0x24  - Linker created -
  .rodata            const         0x4404    0x20  os_dbg.o [1]
  .text              ro code       0x4424    0x1e  cmain.o [4]
  .text              ro code       0x4442     0x4  low_level_init.o [2]
  .rodata            const         0x4446     0x2  os_dbg.o [1]
  Initializer bytes  const         0x4448    0x1c  <for P7-1>
  .rodata            const         0x4464    0x18  os_tmr.o [1]
  .rodata            const         0x447c    0x14  app.o [1]
  .rodata            const         0x4490    0x14  app.o [1]
  .rodata            const         0x44a4    0x14  app.o [1]
  .rodata            const         0x44b8    0x14  os_core.o [1]
  .rodata            const         0x44cc    0x14  os_tick.o [1]
  .rodata            const         0x44e0    0x10  app.o [1]
  .rodata            const         0x44f0    0x10  app.o [1]
  .rodata            const         0x4500    0x10  app.o [1]
  .rodata            const         0x4510    0x10  app.o [1]
  .rodata            const         0x4520     0xc  os_core.o [1]
  .rodata            const         0x452c     0xc  sysctl.o [1]
  .rodata            const         0x4538     0xc  sysctl.o [1]
  .text              ro code       0x4544     0xc  app_vect.o [1]
  .text              ro code       0x4550     0xc  cstartup_M.o [4]
  .rodata            const         0x455c     0x8  bsp_display.o [1]
  .rodata            const         0x4564     0x8  bsp_display.o [1]
  .rodata            const         0x456c     0x8  os_core.o [1]
  .rodata            const         0x4574     0x8  os_task.o [1]
  .rodata            const         0x457c     0x4  os_cfg_app.o [1]
  .rodata            const         0x4580     0x4  os_cfg_app.o [1]
  .rodata            const         0x4584     0x4  os_cfg_app.o [1]
  .rodata            const         0x4588     0x4  os_cfg_app.o [1]
  .rodata            const         0x458c     0x4  os_cfg_app.o [1]
  .rodata            const         0x4590     0x4  os_cfg_app.o [1]
  .rodata            const         0x4594     0x4  os_cfg_app.o [1]
  .rodata            const         0x4598     0x4  os_cfg_app.o [1]
  .rodata            const         0x459c     0x4  os_cfg_app.o [1]
  .rodata            const         0x45a0     0x4  os_cfg_app.o [1]
  .rodata            const         0x45a4     0x4  os_cfg_app.o [1]
  .rodata            const         0x45a8     0x4  os_cfg_app.o [1]
  .rodata            const         0x45ac     0x4  os_cfg_app.o [1]
  .rodata            const         0x45b0     0x4  os_cfg_app.o [1]
  .rodata            const         0x45b4     0x4  os_cfg_app.o [1]
  .rodata            const         0x45b8     0x4  os_cfg_app.o [1]
  .rodata            const         0x45bc     0x4  os_cfg_app.o [1]
  .rodata            const         0x45c0     0x4  os_cfg_app.o [1]
  .rodata            const         0x45c4     0x4  os_cfg_app.o [1]
  .rodata            const         0x45c8     0x4  os_cfg_app.o [1]
  .rodata            const         0x45cc     0x4  os_cfg_app.o [1]
  .rodata            const         0x45d0     0x4  os_cfg_app.o [1]
  .rodata            const         0x45d4     0x4  os_cfg_app.o [1]
  .rodata            const         0x45d8     0x4  os_dbg.o [1]
  .rodata            const         0x45dc     0x4  os_dbg.o [1]
  .rodata            const         0x45e0     0x4  os_dbg.o [1]
  .rodata            const         0x45e4     0x2  os_dbg.o [1]
  .rodata            const         0x45e6     0x2  os_dbg.o [1]
  .rodata            const         0x45e8     0x2  os_dbg.o [1]
  .rodata            const         0x45ea     0x2  os_dbg.o [1]
  .rodata            const         0x45ec     0x2  os_dbg.o [1]
  .rodata            const         0x45ee     0x2  os_dbg.o [1]
  .rodata            const         0x45f0     0x2  os_dbg.o [1]
  .rodata            const         0x45f2     0x2  os_dbg.o [1]
  .rodata            const         0x45f4     0x2  os_dbg.o [1]
  .rodata            const         0x45f6     0x2  os_dbg.o [1]
  .rodata            const         0x45f8     0x2  os_dbg.o [1]
  .rodata            const         0x45fa     0x2  os_dbg.o [1]
  .rodata            const         0x45fc     0x2  os_dbg.o [1]
  .rodata            const         0x45fe     0x2  os_dbg.o [1]
  .rodata            const         0x4600     0x2  os_dbg.o [1]
  .rodata            const         0x4602     0x2  os_dbg.o [1]
  .rodata            const         0x4604     0x2  os_dbg.o [1]
  .rodata            const         0x4606     0x1  os_cfg_app.o [1]
  .rodata            const         0x4607     0x1  os_cfg_app.o [1]
  .rodata            const         0x4608     0x1  os_dbg.o [1]
  .rodata            const         0x4609     0x1  os_dbg.o [1]
  .rodata            const         0x460a     0x1  os_dbg.o [1]
  .rodata            const         0x460b     0x1  os_dbg.o [1]
  .rodata            const         0x460c     0x1  os_dbg.o [1]
  .rodata            const         0x460d     0x1  os_dbg.o [1]
  .rodata            const         0x460e     0x1  os_dbg.o [1]
  .rodata            const         0x460f     0x1  os_dbg.o [1]
  .rodata            const         0x4610     0x1  os_dbg.o [1]
  .rodata            const         0x4611     0x1  os_dbg.o [1]
  .rodata            const         0x4612     0x1  os_dbg.o [1]
  .rodata            const         0x4613     0x1  os_dbg.o [1]
  .rodata            const         0x4614     0x1  os_dbg.o [1]
  .rodata            const         0x4615     0x1  os_dbg.o [1]
  .rodata            const         0x4616     0x1  os_dbg.o [1]
  .rodata            const         0x4617     0x1  os_dbg.o [1]
  .rodata            const         0x4618     0x1  os_dbg.o [1]
  .rodata            const         0x4619     0x1  os_dbg.o [1]
  .rodata            const         0x461a     0x1  os_dbg.o [1]
  .rodata            const         0x461b     0x1  os_dbg.o [1]
  .rodata            const         0x461c     0x1  os_dbg.o [1]
  .rodata            const         0x461d     0x1  os_dbg.o [1]
  .rodata            const         0x461e     0x1  os_dbg.o [1]
  .rodata            const         0x461f     0x1  os_dbg.o [1]
  .rodata            const         0x4620     0x1  os_dbg.o [1]
  .rodata            const         0x4621     0x1  os_dbg.o [1]
  .rodata            const         0x4622     0x1  os_dbg.o [1]
  .rodata            const         0x4623     0x1  os_dbg.o [1]
  .rodata            const         0x4624     0x1  os_dbg.o [1]
  .rodata            const         0x4625     0x1  os_dbg.o [1]
  .rodata            const         0x4626     0x1  os_dbg.o [1]
  .rodata            const         0x4627     0x1  os_dbg.o [1]
  .rodata            const         0x4628     0x0  zero_init3.o [4]
  .rodata            const         0x4628     0x0  copy_init3.o [4]
                                 - 0x4628  0x450c

"P7", part 1 of 3:                           0x1c
  P7-1                        0x2000'0000    0x1c  <Init block>
    .data            inited   0x2000'0000     0x4  app.o [1]
    .data            inited   0x2000'0004     0x4  app.o [1]
    .data            inited   0x2000'0008     0x4  app.o [1]
    .data            inited   0x2000'000c     0x4  app.o [1]
    .data            inited   0x2000'0010     0x4  app.o [1]
    .data            inited   0x2000'0014     0x8  XShttio.o [2]
                            - 0x2000'001c    0x1c

"P7", part 2 of 3:                         0x2808
  .bss               zero     0x2000'001c   0x640  os_cfg_app.o [1]
  .bss               zero     0x2000'065c   0x540  app.o [1]
  .bss               zero     0x2000'0b9c   0x200  app.o [1]
  .bss               zero     0x2000'0d9c   0x200  app.o [1]
  .bss               zero     0x2000'0f9c   0x200  app.o [1]
  .bss               zero     0x2000'119c   0x200  app.o [1]
  .bss               zero     0x2000'139c   0x200  app.o [1]
  .bss               zero     0x2000'159c   0x200  app.o [1]
  .bss               zero     0x2000'179c   0x200  os_cfg_app.o [1]
  .bss               zero     0x2000'199c   0x200  os_cfg_app.o [1]
  .bss               zero     0x2000'1b9c   0x200  os_cfg_app.o [1]
  .bss               zero     0x2000'1d9c   0x200  os_cfg_app.o [1]
  .bss               zero     0x2000'1f9c   0x118  bsp_int.o [1]
  .bss               zero     0x2000'20b4    0xf0  os_var.o [1]
  .bss               zero     0x2000'21a4    0x8c  app.o [1]
  .bss               zero     0x2000'2230    0x8c  app.o [1]
  .bss               zero     0x2000'22bc    0x8c  app.o [1]
  .bss               zero     0x2000'2348    0x8c  app.o [1]
  .bss               zero     0x2000'23d4    0x8c  app.o [1]
  .bss               zero     0x2000'2460    0x8c  app.o [1]
  .bss               zero     0x2000'24ec    0x8c  os_var.o [1]
  .bss               zero     0x2000'2578    0x8c  os_var.o [1]
  .bss               zero     0x2000'2604    0x8c  os_var.o [1]
  .bss               zero     0x2000'2690    0x68  os_cfg_app.o [1]
  .bss               zero     0x2000'26f8    0x68  os_cfg_app.o [1]
  .bss               zero     0x2000'2760    0x20  app.o [1]
  .bss               zero     0x2000'2780    0x10  cpu_core.o [1]
  .bss               zero     0x2000'2790     0x8  os_var.o [1]
  .bss               zero     0x2000'2798     0x4  bsp.o [1]
  .bss               zero     0x2000'279c     0x4  bsp_display.o [1]
  .bss               zero     0x2000'27a0     0x4  cpu_core.o [1]
  .bss               zero     0x2000'27a4     0x4  cpu_core.o [1]
  .bss               zero     0x2000'27a8     0x4  cpu_core.o [1]
  .bss               zero     0x2000'27ac     0x4  cpu_core.o [1]
  .bss               zero     0x2000'27b0     0x4  cpu_core.o [1]
  .bss               zero     0x2000'27b4     0x4  cpu_core.o [1]
  .bss               zero     0x2000'27b8     0x4  os_cpu_c.o [1]
  .bss               zero     0x2000'27bc     0x4  os_prio.o [1]
  .bss               zero     0x2000'27c0     0x4  os_var.o [1]
  .bss               zero     0x2000'27c4     0x4  os_var.o [1]
  .bss               zero     0x2000'27c8     0x4  os_var.o [1]
  .bss               zero     0x2000'27cc     0x4  os_var.o [1]
  .bss               zero     0x2000'27d0     0x4  os_var.o [1]
  .bss               zero     0x2000'27d4     0x4  os_var.o [1]
  .bss               zero     0x2000'27d8     0x4  os_var.o [1]
  .bss               zero     0x2000'27dc     0x4  os_var.o [1]
  .bss               zero     0x2000'27e0     0x4  os_var.o [1]
  .bss               zero     0x2000'27e4     0x4  os_var.o [1]
  .bss               zero     0x2000'27e8     0x4  os_var.o [1]
  .bss               zero     0x2000'27ec     0x4  os_var.o [1]
  .bss               zero     0x2000'27f0     0x4  os_var.o [1]
  .bss               zero     0x2000'27f4     0x4  os_var.o [1]
  .bss               zero     0x2000'27f8     0x4  os_var.o [1]
  .bss               zero     0x2000'27fc     0x4  os_var.o [1]
  .bss               zero     0x2000'2800     0x4  os_var.o [1]
  .bss               zero     0x2000'2804     0x4  os_var.o [1]
  .bss               zero     0x2000'2808     0x4  RBTree2.o [1]
  .bss               zero     0x2000'280c     0x2  cpu_core.o [1]
  .bss               zero     0x2000'280e     0x2  cpu_core.o [1]
  .bss               zero     0x2000'2810     0x2  os_var.o [1]
  .bss               zero     0x2000'2812     0x2  os_var.o [1]
  .bss               zero     0x2000'2814     0x2  os_var.o [1]
  .bss               zero     0x2000'2816     0x2  os_var.o [1]
  .bss               zero     0x2000'2818     0x1  app.o [1]
  .bss               zero     0x2000'2819     0x1  app.o [1]
  .bss               zero     0x2000'281a     0x1  app.o [1]
  .bss               zero     0x2000'281b     0x1  app.o [1]
  .bss               zero     0x2000'281c     0x1  app.o [1]
  .bss               zero     0x2000'281d     0x1  os_var.o [1]
  .bss               zero     0x2000'281e     0x1  os_var.o [1]
  .bss               zero     0x2000'281f     0x1  os_var.o [1]
  .bss               zero     0x2000'2820     0x1  os_var.o [1]
  .bss               zero     0x2000'2821     0x1  os_var.o [1]
                            - 0x2000'2822  0x2806

"P7", part 3 of 3:                          0x400
  CSTACK                      0x2000'2828   0x400  <Block>
    CSTACK           uninit   0x2000'2828   0x400  <Block tail>
                            - 0x2000'2c28   0x400

Unused ranges:

         From           To      Size
         ----           --      ----
       0x4628     0x3'ffff  0x3'b9d8
  0x2000'2824  0x2000'2827       0x4
  0x2000'2c28  0x2001'7fff  0x1'53d8


*******************************************************************************
*** INIT TABLE
***

          Address      Size
          -------      ----
Zero (__iar_zero_init3)
    1 destination range, total size 0x2806:
          0x2000'001c  0x2806

Copy (__iar_copy_init3)
    1 source range, total size 0x1c:
               0x4448    0x1c
    1 destination range, total size 0x1c:
          0x2000'0000    0x1c



*******************************************************************************
*** MODULE SUMMARY
***

    Module                ro code  ro data  rw data
    ------                -------  -------  -------
command line/config:
    -----------------------------------------------
    Total:

C:\Users\ahj\Desktop\CE4057\Source_Code_CE4057\ce4053\Micrium\Software\EvalBoards\TI\LM3S9B92-EVALBOT\IAR\uCOS-III-CE4053_PG\Flash\Obj: [1]
    OS_RecTaskServices.o      800
    RBTree2.o               1 280                 4
    app.o                   1 212      144    5 313
    app_vect.o                 12      284
    bsp.o                     168                 4
    bsp_display.o             600       96        4
    bsp_int.o                 598               280
    bsp_io.o                  160
    bsp_motor.o               520
    bsp_sensors.o             356
    cpu_a.o                    42
    cpu_bsp.o                  36
    cpu_c.o                   312
    cpu_core.o                392                44
    gpio.o                    864       72
    i2c.o                     194
    lib_mem.o                  96
    linkedList.o              348
    os_cfg_app.o              172      100    3 856
    os_core.o               2 142       40
    os_cpu_a.o                132
    os_cpu_c.o                320                 4
    os_dbg.o                  368      340
    os_mem.o                  368
    os_msg.o                  196
    os_mutex.o                 28
    os_prio.o                 144                 4
    os_q.o                     28
    os_task.o               1 444        8
    os_tick.o                 972       20
    os_time.o                  68
    os_tmr.o                  732       24
    os_var.o                                    753
    pwm.o                     242
    sysctl.o                1 044      116
    -----------------------------------------------
    Total:                 16 390    1 244   10 266

dl7M_tlf.a: [2]
    XShttio.o                  12        8        8
    exit.o                      4
    low_level_init.o            4
    -----------------------------------------------
    Total:                     20        8        8

m7M_tl.a: [3]
    -----------------------------------------------
    Total:

rt7M_tl.a: [4]
    cexit.o                    10
    cmain.o                    30
    copy_init3.o               44
    cstartup_M.o               12
    data_init.o                40
    zero_init3.o               58
    -----------------------------------------------
    Total:                    194

shb_l.a: [5]
    exit.o                     20
    iarttio.o                  48
    -----------------------------------------------
    Total:                     68

    Linker created                      36    1 024
---------------------------------------------------
    Grand Total:           16 672    1 288   11 298


*******************************************************************************
*** ENTRY LIST
***

Entry                       Address   Size  Type      Object
-----                       -------   ----  ----      ------
.iar.init_table$$Base        0x43e0          --   Gb  - Linker created -
.iar.init_table$$Limit       0x4404          --   Gb  - Linker created -
?main                        0x4425         Code  Gb  cmain.o [4]
AppRobotMotorDriveSensorEnable
                             0x3f8b   0x20  Code  Lc  app.o [1]
AppTaskBackwardStk      0x2000'119c  0x200  Data  Lc  app.o [1]
AppTaskBackwardTCB      0x2000'2348   0x8c  Data  Lc  app.o [1]
AppTaskBlinkStk         0x2000'0d9c  0x200  Data  Lc  app.o [1]
AppTaskBlinkTCB         0x2000'2230   0x8c  Data  Lc  app.o [1]
AppTaskForwardStk       0x2000'0f9c  0x200  Data  Lc  app.o [1]
AppTaskForwardTCB       0x2000'22bc   0x8c  Data  Lc  app.o [1]
AppTaskLeftStk          0x2000'139c  0x200  Data  Lc  app.o [1]
AppTaskLeftTCB          0x2000'23d4   0x8c  Data  Lc  app.o [1]
AppTaskRightStk         0x2000'159c  0x200  Data  Lc  app.o [1]
AppTaskRightTCB         0x2000'2460   0x8c  Data  Lc  app.o [1]
AppTaskStart                 0x3dc1  0x13c  Code  Lc  app.o [1]
AppTaskStartStk         0x2000'0b9c  0x200  Data  Lc  app.o [1]
AppTaskStartTCB         0x2000'21a4   0x8c  Data  Lc  app.o [1]
App_BusFault_ISR             0x4549    0x2  Code  Lc  app_vect.o [1]
App_Fault_ISR                0x4547    0x2  Code  Lc  app_vect.o [1]
App_MemFault_ISR             0x454d    0x2  Code  Lc  app_vect.o [1]
App_NMI_ISR                  0x4545    0x2  Code  Lc  app_vect.o [1]
App_Spurious_ISR             0x454f    0x2  Code  Lc  app_vect.o [1]
App_UsageFault_ISR           0x454b    0x2  Code  Lc  app_vect.o [1]
BSP_BumpSensorsInit          0x32e5   0x1a  Code  Gb  bsp_sensors.o [1]
BSP_CPUClkFreq               0x22dd   0x12  Code  Gb  bsp.o [1]
BSP_CPU_ClkFreq_MHz     0x2000'2798    0x4  Data  Gb  bsp.o [1]
BSP_DisplayClear             0x30c3   0x4c  Code  Gb  bsp_display.o [1]
BSP_DisplayInit              0x3145   0xd2  Code  Gb  bsp_display.o [1]
BSP_DisplayOn                0x310f   0x36  Code  Gb  bsp_display.o [1]
BSP_DisplayWriteArray        0x3045   0x3e  Code  Lc  bsp_display.o [1]
BSP_DisplayWriteByte         0x3013   0x32  Code  Lc  bsp_display.o [1]
BSP_DisplayWriteFinal        0x3083   0x40  Code  Lc  bsp_display.o [1]
BSP_DisplayWriteFirst        0x2fed   0x26  Code  Lc  bsp_display.o [1]
BSP_Init                     0x2279   0x64  Code  Gb  bsp.o [1]
BSP_IntDisAll                0x2d95    0x8  Code  Gb  bsp_int.o [1]
BSP_IntEn                    0x2d9d   0x10  Code  Gb  bsp_int.o [1]
BSP_IntHandler               0x2fc3   0x20  Code  Lc  bsp_int.o [1]
BSP_IntHandlerADC0           0x2e47    0xa  Code  Gb  bsp_int.o [1]
BSP_IntHandlerADC1           0x2e51    0xa  Code  Gb  bsp_int.o [1]
BSP_IntHandlerADC1_0         0x2f7d    0xa  Code  Gb  bsp_int.o [1]
BSP_IntHandlerADC1_1         0x2f87    0xa  Code  Gb  bsp_int.o [1]
BSP_IntHandlerADC1_2         0x2f91    0xa  Code  Gb  bsp_int.o [1]
BSP_IntHandlerADC1_3         0x2f9b    0xa  Code  Gb  bsp_int.o [1]
BSP_IntHandlerADC2           0x2e5b    0xa  Code  Gb  bsp_int.o [1]
BSP_IntHandlerADC3           0x2e65    0xa  Code  Gb  bsp_int.o [1]
BSP_IntHandlerCAN0           0x2f37    0xa  Code  Gb  bsp_int.o [1]
BSP_IntHandlerCAN1           0x2f41    0xa  Code  Gb  bsp_int.o [1]
BSP_IntHandlerCOMP0          0x2eb5    0xa  Code  Gb  bsp_int.o [1]
BSP_IntHandlerCOMP1          0x2ebf    0xa  Code  Gb  bsp_int.o [1]
BSP_IntHandlerCOMP2          0x2ec9    0xa  Code  Gb  bsp_int.o [1]
BSP_IntHandlerDummy          0x2fe9    0x2  Code  Lc  bsp_int.o [1]
BSP_IntHandlerEPI            0x2faf    0xa  Code  Gb  bsp_int.o [1]
BSP_IntHandlerETH            0x2f4b    0xa  Code  Gb  bsp_int.o [1]
BSP_IntHandlerFLASH          0x2edd    0xa  Code  Gb  bsp_int.o [1]
BSP_IntHandlerGPIOA          0x2ded    0xa  Code  Gb  bsp_int.o [1]
BSP_IntHandlerGPIOB          0x2df7    0xa  Code  Gb  bsp_int.o [1]
BSP_IntHandlerGPIOC          0x2e01    0xa  Code  Gb  bsp_int.o [1]
BSP_IntHandlerGPIOD          0x2e0b    0xa  Code  Gb  bsp_int.o [1]
BSP_IntHandlerGPIOE          0x2e15    0xa  Code  Gb  bsp_int.o [1]
BSP_IntHandlerGPIOF          0x2ee7    0xa  Code  Gb  bsp_int.o [1]
BSP_IntHandlerGPIOG          0x2ef1    0xa  Code  Gb  bsp_int.o [1]
BSP_IntHandlerGPIOH          0x2efb    0xa  Code  Gb  bsp_int.o [1]
BSP_IntHandlerGPIOJ          0x2fb9    0xa  Code  Gb  bsp_int.o [1]
BSP_IntHandlerHIBERNATE
                             0x2f55    0xa  Code  Gb  bsp_int.o [1]
BSP_IntHandlerI2C0           0x2e3d    0xa  Code  Gb  bsp_int.o [1]
BSP_IntHandlerI2C1           0x2f2d    0xa  Code  Gb  bsp_int.o [1]
BSP_IntHandlerI2S0           0x2fa5    0xa  Code  Gb  bsp_int.o [1]
BSP_IntHandlerSSI0           0x2e33    0xa  Code  Gb  bsp_int.o [1]
BSP_IntHandlerSSI1           0x2f0f    0xa  Code  Gb  bsp_int.o [1]
BSP_IntHandlerSYSCTL         0x2ed3    0xa  Code  Gb  bsp_int.o [1]
BSP_IntHandlerTIMER0A        0x2e79    0xa  Code  Gb  bsp_int.o [1]
BSP_IntHandlerTIMER0B        0x2e83    0xa  Code  Gb  bsp_int.o [1]
BSP_IntHandlerTIMER1A        0x2e8d    0xa  Code  Gb  bsp_int.o [1]
BSP_IntHandlerTIMER1B        0x2e97    0xa  Code  Gb  bsp_int.o [1]
BSP_IntHandlerTIMER2A        0x2ea1    0xa  Code  Gb  bsp_int.o [1]
BSP_IntHandlerTIMER2B        0x2eab    0xa  Code  Gb  bsp_int.o [1]
BSP_IntHandlerTIMER3A        0x2f19    0xa  Code  Gb  bsp_int.o [1]
BSP_IntHandlerTIMER3B        0x2f23    0xa  Code  Gb  bsp_int.o [1]
BSP_IntHandlerUART0          0x2e1f    0xa  Code  Gb  bsp_int.o [1]
BSP_IntHandlerUART1          0x2e29    0xa  Code  Gb  bsp_int.o [1]
BSP_IntHandlerUART2          0x2f05    0xa  Code  Gb  bsp_int.o [1]
BSP_IntHandlerUDMA_ERR       0x2f73    0xa  Code  Gb  bsp_int.o [1]
BSP_IntHandlerUDMA_SW        0x2f69    0xa  Code  Gb  bsp_int.o [1]
BSP_IntHandlerUSB            0x2f5f    0xa  Code  Gb  bsp_int.o [1]
BSP_IntHandlerWATCHDOG       0x2e6f    0xa  Code  Gb  bsp_int.o [1]
BSP_IntInit                  0x2dd5   0x18  Code  Gb  bsp_int.o [1]
BSP_IntVectSet               0x2dad   0x28  Code  Gb  bsp_int.o [1]
BSP_IntVectTbl          0x2000'1f9c  0x118  Data  Lc  bsp_int.o [1]
BSP_LED_Off                  0x32a7   0x36  Code  Gb  bsp_io.o [1]
BSP_LED_On                   0x3271   0x36  Code  Gb  bsp_io.o [1]
BSP_LEDsInit                 0x325f   0x12  Code  Gb  bsp_io.o [1]
BSP_MotorDir                 0x352b   0x44  Code  Gb  bsp_motor.o [1]
BSP_MotorRun                 0x356f   0x1c  Code  Gb  bsp_motor.o [1]
BSP_MotorSpeed               0x35bf   0x7e  Code  Gb  bsp_motor.o [1]
BSP_MotorStop                0x358b   0x34  Code  Gb  bsp_motor.o [1]
BSP_MotorsInit               0x3449   0xe2  Code  Gb  bsp_motor.o [1]
BSP_PushButtonsInit          0x3245   0x1a  Code  Gb  bsp_io.o [1]
BSP_WheelSensorEnable        0x33a7    0xe  Code  Gb  bsp_sensors.o [1]
BSP_WheelSensorIntEnable
                             0x33b5   0x86  Code  Gb  bsp_sensors.o [1]
BSP_WheelSensorsInit         0x32ff   0xa8  Code  Gb  bsp_sensors.o [1]
CPU_CntLeadZeros             0x1c6f         Code  Gb  cpu_a.o [1]
CPU_Init                     0x1c85   0x10  Code  Gb  cpu_core.o [1]
CPU_IntDis                   0x1c59         Code  Gb  cpu_a.o [1]
CPU_IntDisMeasCtr       0x2000'280c    0x2  Data  Gb  cpu_core.o [1]
CPU_IntDisMeasInit           0x1d5f   0x78  Code  Lc  cpu_core.o [1]
CPU_IntDisMeasMaxCalc        0x1dd7   0x12  Code  Lc  cpu_core.o [1]
CPU_IntDisMeasMaxCurGet
                             0x1cd9   0x18  Code  Gb  cpu_core.o [1]
CPU_IntDisMeasMaxCurReset
                             0x1cbd   0x1c  Code  Gb  cpu_core.o [1]
CPU_IntDisMeasMaxCur_cnts
                        0x2000'27b0    0x4  Data  Gb  cpu_core.o [1]
CPU_IntDisMeasMax_cnts  0x2000'27b4    0x4  Data  Gb  cpu_core.o [1]
CPU_IntDisMeasOvrhd_cnts
                        0x2000'27ac    0x4  Data  Gb  cpu_core.o [1]
CPU_IntDisMeasStart          0x1cf1   0x22  Code  Gb  cpu_core.o [1]
CPU_IntDisMeasStart_cnts
                        0x2000'27a4    0x4  Data  Gb  cpu_core.o [1]
CPU_IntDisMeasStop           0x1d13   0x36  Code  Gb  cpu_core.o [1]
CPU_IntDisMeasStop_cnts
                        0x2000'27a8    0x4  Data  Gb  cpu_core.o [1]
CPU_IntDisNestCtr       0x2000'280e    0x2  Data  Gb  cpu_core.o [1]
CPU_IntEn                    0x1c5d         Code  Gb  cpu_a.o [1]
CPU_IntSrcEn                 0x365d  0x126  Code  Gb  cpu_c.o [1]
CPU_Name                0x2000'2780   0x10  Data  Gb  cpu_core.o [1]
CPU_NameClr                  0x1c95   0x22  Code  Gb  cpu_core.o [1]
CPU_NameInit                 0x1d49    0x8  Code  Lc  cpu_core.o [1]
CPU_RevBits                  0x1c75         Code  Gb  cpu_a.o [1]
CPU_SR_Restore               0x1c69         Code  Gb  cpu_a.o [1]
CPU_SR_Save                  0x1c61         Code  Gb  cpu_a.o [1]
CPU_TS_Init                  0x1d51    0xe  Code  Lc  cpu_core.o [1]
CPU_TS_TmrFreqSet            0x1cb7    0x6  Code  Gb  cpu_core.o [1]
CPU_TS_TmrFreq_Hz       0x2000'27a0    0x4  Data  Gb  cpu_core.o [1]
CPU_TS_TmrInit               0x1e91   0x16  Code  Gb  cpu_bsp.o [1]
CPU_TS_TmrRd                 0x1ea7    0x6  Code  Gb  cpu_bsp.o [1]
CPU_WaitForExcept            0x1c7f         Code  Gb  cpu_a.o [1]
CPU_WaitForInt               0x1c7b         Code  Gb  cpu_a.o [1]
CSTACK$$Base            0x2000'2828          --   Gb  - Linker created -
CSTACK$$Limit           0x2000'2c28          --   Gb  - Linker created -
CommMem2                0x2000'2760   0x20  Data  Gb  app.o [1]
GPIODirModeSet               0x3859   0x52  Code  Gb  gpio.o [1]
GPIOIntTypeSet               0x38ab   0x78  Code  Gb  gpio.o [1]
GPIOPadConfigSet             0x3923  0x15c  Code  Gb  gpio.o [1]
GPIOPinConfigure             0x3b67   0x46  Code  Gb  gpio.o [1]
GPIOPinIntClear              0x3abf    0xc  Code  Gb  gpio.o [1]
GPIOPinIntDisable            0x3a93   0x14  Code  Gb  gpio.o [1]
GPIOPinIntEnable             0x3a7f   0x14  Code  Gb  gpio.o [1]
GPIOPinIntStatus             0x3aa7   0x18  Code  Gb  gpio.o [1]
GPIOPinTypeGPIOInput         0x3adf   0x22  Code  Gb  gpio.o [1]
GPIOPinTypeGPIOOutput        0x3b01   0x22  Code  Gb  gpio.o [1]
GPIOPinTypeI2C               0x3b23   0x22  Code  Gb  gpio.o [1]
GPIOPinTypePWM               0x3b45   0x22  Code  Gb  gpio.o [1]
GPIOPinWrite                 0x3acb   0x14  Code  Gb  gpio.o [1]
I2CMasterControl             0x3825    0x6  Code  Gb  i2c.o [1]
I2CMasterDataPut             0x384b    0xc  Code  Gb  i2c.o [1]
I2CMasterEnable              0x37cb   0x12  Code  Gb  i2c.o [1]
I2CMasterErr                 0x382b   0x20  Code  Gb  i2c.o [1]
I2CMasterInitExpClk          0x3795   0x36  Code  Gb  i2c.o [1]
I2CMasterIntStatus           0x37dd   0x2c  Code  Gb  i2c.o [1]
I2CMasterSlaveAddrSet        0x3811   0x14  Code  Gb  i2c.o [1]
IntWheelSensor               0x3fad   0xbc  Code  Gb  app.o [1]
IntWheelSensor::CountL  0x2000'281a    0x1  Data  Lc  app.o [1]
IntWheelSensor::CountR  0x2000'281b    0x1  Data  Lc  app.o [1]
IntWheelSensor::data    0x2000'281c    0x1  Data  Lc  app.o [1]
LEDBlink                     0x3efd   0x30  Code  Lc  app.o [1]
Left_tgt                0x2000'2818    0x1  Data  Gb  app.o [1]
Mem_Clr                      0x2219    0xc  Code  Gb  lib_mem.o [1]
Mem_Set                      0x2225   0x54  Code  Gb  lib_mem.o [1]
OSCfg_DataSizeRAM            0x45d4    0x4  Data  Gb  os_cfg_app.o [1]
OSCfg_ISRStk            0x2000'199c  0x200  Data  Gb  os_cfg_app.o [1]
OSCfg_ISRStkBasePtr          0x458c    0x4  Data  Gb  os_cfg_app.o [1]
OSCfg_ISRStkSize             0x4590    0x4  Data  Gb  os_cfg_app.o [1]
OSCfg_ISRStkSizeRAM          0x4594    0x4  Data  Gb  os_cfg_app.o [1]
OSCfg_IdleTaskStk       0x2000'179c  0x200  Data  Gb  os_cfg_app.o [1]
OSCfg_IdleTaskStkBasePtr
                             0x457c    0x4  Data  Gb  os_cfg_app.o [1]
OSCfg_IdleTaskStkLimit       0x4580    0x4  Data  Gb  os_cfg_app.o [1]
OSCfg_IdleTaskStkSize        0x4584    0x4  Data  Gb  os_cfg_app.o [1]
OSCfg_IdleTaskStkSizeRAM
                             0x4588    0x4  Data  Gb  os_cfg_app.o [1]
OSCfg_Init                   0x1bad   0xac  Code  Gb  os_cfg_app.o [1]
OSCfg_MsgPool           0x2000'001c  0x640  Data  Gb  os_cfg_app.o [1]
OSCfg_MsgPoolBasePtr         0x459c    0x4  Data  Gb  os_cfg_app.o [1]
OSCfg_MsgPoolSize            0x1c82    0x2  Data  Gb  os_cfg_app.o [1]
OSCfg_MsgPoolSizeRAM         0x4598    0x4  Data  Gb  os_cfg_app.o [1]
OSCfg_StkSizeMin             0x45a0    0x4  Data  Gb  os_cfg_app.o [1]
OSCfg_TickRate_Hz            0x45a4    0x4  Data  Gb  os_cfg_app.o [1]
OSCfg_TickTaskPrio           0x4606    0x1  Data  Gb  os_cfg_app.o [1]
OSCfg_TickTaskStk       0x2000'1b9c  0x200  Data  Gb  os_cfg_app.o [1]
OSCfg_TickTaskStkBasePtr
                             0x45a8    0x4  Data  Gb  os_cfg_app.o [1]
OSCfg_TickTaskStkLimit       0x45ac    0x4  Data  Gb  os_cfg_app.o [1]
OSCfg_TickTaskStkSize        0x45b0    0x4  Data  Gb  os_cfg_app.o [1]
OSCfg_TickTaskStkSizeRAM
                             0x45b4    0x4  Data  Gb  os_cfg_app.o [1]
OSCfg_TickWheel         0x2000'2690   0x68  Data  Gb  os_cfg_app.o [1]
OSCfg_TickWheelSize          0x2fea    0x2  Data  Gb  os_cfg_app.o [1]
OSCfg_TickWheelSizeRAM       0x45b8    0x4  Data  Gb  os_cfg_app.o [1]
OSCfg_TmrTaskPrio            0x4607    0x1  Data  Gb  os_cfg_app.o [1]
OSCfg_TmrTaskRate_Hz         0x45bc    0x4  Data  Gb  os_cfg_app.o [1]
OSCfg_TmrTaskStk        0x2000'1d9c  0x200  Data  Gb  os_cfg_app.o [1]
OSCfg_TmrTaskStkBasePtr
                             0x45c0    0x4  Data  Gb  os_cfg_app.o [1]
OSCfg_TmrTaskStkLimit        0x45c4    0x4  Data  Gb  os_cfg_app.o [1]
OSCfg_TmrTaskStkSize         0x45c8    0x4  Data  Gb  os_cfg_app.o [1]
OSCfg_TmrTaskStkSizeRAM
                             0x45cc    0x4  Data  Gb  os_cfg_app.o [1]
OSCfg_TmrWheel          0x2000'26f8   0x68  Data  Gb  os_cfg_app.o [1]
OSCfg_TmrWheelSize           0x365a    0x2  Data  Gb  os_cfg_app.o [1]
OSCfg_TmrWheelSizeRAM        0x45d0    0x4  Data  Gb  os_cfg_app.o [1]
OSDbg_AppHooksEn             0x4609    0x1  Data  Gb  os_dbg.o [1]
OSDbg_ArgChkEn               0x4608    0x1  Data  Gb  os_dbg.o [1]
OSDbg_CalledFromISRChkEn
                             0x460a    0x1  Data  Gb  os_dbg.o [1]
OSDbg_DataSize               0x45e0    0x4  Data  Gb  os_dbg.o [1]
OSDbg_DbgEn                  0x3856    0x2  Data  Gb  os_dbg.o [1]
OSDbg_EndiannessTest         0x45d8    0x4  Data  Gb  os_dbg.o [1]
OSDbg_FlagEn                 0x460b    0x1  Data  Gb  os_dbg.o [1]
OSDbg_FlagGrp                0x4368   0x28  Data  Gb  os_dbg.o [1]
OSDbg_ISRPostDeferredEn
                             0x460c    0x1  Data  Gb  os_dbg.o [1]
OSDbg_Mem                    0x4404   0x20  Data  Gb  os_dbg.o [1]
OSDbg_MemEn                  0x460d    0x1  Data  Gb  os_dbg.o [1]
OSDbg_MemSize                0x3caa    0x2  Data  Gb  os_dbg.o [1]
OSDbg_MsgEn                  0x460e    0x1  Data  Gb  os_dbg.o [1]
OSDbg_MsgPoolSize            0x45e4    0x2  Data  Gb  os_dbg.o [1]
OSDbg_MsgQSize               0x45e6    0x2  Data  Gb  os_dbg.o [1]
OSDbg_MsgSize                0x4446    0x2  Data  Gb  os_dbg.o [1]
OSDbg_Mutex                  0x4310   0x2c  Data  Gb  os_dbg.o [1]
OSDbg_MutexDelEn             0x4610    0x1  Data  Gb  os_dbg.o [1]
OSDbg_MutexEn                0x460f    0x1  Data  Gb  os_dbg.o [1]
OSDbg_MutexPendAbortEn       0x4611    0x1  Data  Gb  os_dbg.o [1]
OSDbg_MutexSize              0x45e8    0x2  Data  Gb  os_dbg.o [1]
OSDbg_ObjTypeChkEn           0x4612    0x1  Data  Gb  os_dbg.o [1]
OSDbg_PendDataSize           0x45ea    0x2  Data  Gb  os_dbg.o [1]
OSDbg_PendListSize           0x45ec    0x2  Data  Gb  os_dbg.o [1]
OSDbg_PendMultiEn            0x4613    0x1  Data  Gb  os_dbg.o [1]
OSDbg_PendObjSize            0x45ee    0x2  Data  Gb  os_dbg.o [1]
OSDbg_PrioMax                0x45f0    0x2  Data  Gb  os_dbg.o [1]
OSDbg_PrioTblSize            0x45f2    0x2  Data  Gb  os_dbg.o [1]
OSDbg_PtrSize                0x45f4    0x2  Data  Gb  os_dbg.o [1]
OSDbg_Q                      0x42e0   0x30  Data  Gb  os_dbg.o [1]
OSDbg_QDelEn                 0x4615    0x1  Data  Gb  os_dbg.o [1]
OSDbg_QEn                    0x4614    0x1  Data  Gb  os_dbg.o [1]
OSDbg_QFlushEn               0x4616    0x1  Data  Gb  os_dbg.o [1]
OSDbg_QPendAbortEn           0x4617    0x1  Data  Gb  os_dbg.o [1]
OSDbg_QSize                  0x45f6    0x2  Data  Gb  os_dbg.o [1]
OSDbg_RdyList                0x45f8    0x2  Data  Gb  os_dbg.o [1]
OSDbg_RdyListSize            0x45dc    0x4  Data  Gb  os_dbg.o [1]
OSDbg_SchedRoundRobinEn
                             0x4618    0x1  Data  Gb  os_dbg.o [1]
OSDbg_Sem                    0x4390   0x28  Data  Gb  os_dbg.o [1]
OSDbg_SemEn                  0x4619    0x1  Data  Gb  os_dbg.o [1]
OSDbg_StatTaskEn             0x461b    0x1  Data  Gb  os_dbg.o [1]
OSDbg_StatTaskStkChkEn       0x461c    0x1  Data  Gb  os_dbg.o [1]
OSDbg_StkWidth               0x461a    0x1  Data  Gb  os_dbg.o [1]
OSDbg_TCBSize                0x45fc    0x2  Data  Gb  os_dbg.o [1]
OSDbg_TaskChangePrioEn       0x461d    0x1  Data  Gb  os_dbg.o [1]
OSDbg_TaskDelEn              0x461e    0x1  Data  Gb  os_dbg.o [1]
OSDbg_TaskProfileEn          0x4621    0x1  Data  Gb  os_dbg.o [1]
OSDbg_TaskQEn                0x461f    0x1  Data  Gb  os_dbg.o [1]
OSDbg_TaskQPendAbortEn       0x4620    0x1  Data  Gb  os_dbg.o [1]
OSDbg_TaskRegTblSize         0x45fa    0x2  Data  Gb  os_dbg.o [1]
OSDbg_TaskSemPendAbortEn
                             0x4622    0x1  Data  Gb  os_dbg.o [1]
OSDbg_TaskSuspendEn          0x4623    0x1  Data  Gb  os_dbg.o [1]
OSDbg_TickSpokeSize          0x45fe    0x2  Data  Gb  os_dbg.o [1]
OSDbg_TimeDlyHMSMEn          0x4624    0x1  Data  Gb  os_dbg.o [1]
OSDbg_TimeDlyResumeEn        0x4625    0x1  Data  Gb  os_dbg.o [1]
OSDbg_Tmr                    0x42ac   0x34  Data  Gb  os_dbg.o [1]
OSDbg_TmrDelEn               0x4627    0x1  Data  Gb  os_dbg.o [1]
OSDbg_TmrEn                  0x4626    0x1  Data  Gb  os_dbg.o [1]
OSDbg_TmrSize                0x4600    0x2  Data  Gb  os_dbg.o [1]
OSDbg_TmrSpokeSize           0x4602    0x2  Data  Gb  os_dbg.o [1]
OSDbg_VersionNbr             0x4604    0x2  Data  Gb  os_dbg.o [1]
OSIdleTaskCtr           0x2000'27c0    0x4  Data  Gb  os_var.o [1]
OSIdleTaskHook                0x9b5    0x2  Code  Gb  os_cpu_c.o [1]
OSIdleTaskTCB           0x2000'24ec   0x8c  Data  Gb  os_var.o [1]
OSInit                        0x11d   0xce  Code  Gb  os_core.o [1]
OSInitHook                    0x9b7   0x14  Code  Gb  os_cpu_c.o [1]
OSIntEnter                    0x1eb   0x1c  Code  Gb  os_core.o [1]
OSIntExit                     0x207   0x98  Code  Gb  os_core.o [1]
OSIntNestingCtr         0x2000'281d    0x1  Data  Gb  os_var.o [1]
OSMemCreate                  0x14f5   0x9a  Code  Gb  os_mem.o [1]
OSMemDbgListPtr         0x2000'27c4    0x4  Data  Gb  os_var.o [1]
OSMemGet                     0x158f   0x4a  Code  Gb  os_mem.o [1]
OSMemPut                     0x15d9   0x4a  Code  Gb  os_mem.o [1]
OSMemQty                0x2000'2810    0x2  Data  Gb  os_var.o [1]
OSMsgPool               0x2000'2790    0x8  Data  Gb  os_var.o [1]
OSMutexDbgListPtr       0x2000'27c8    0x4  Data  Gb  os_var.o [1]
OSMutexQty              0x2000'2812    0x2  Data  Gb  os_var.o [1]
OSPrioCur               0x2000'281f    0x1  Data  Gb  os_var.o [1]
OSPrioHighRdy           0x2000'2820    0x1  Data  Gb  os_var.o [1]
OSPrioTbl               0x2000'27bc    0x4  Data  Gb  os_prio.o [1]
OSQDbgListPtr           0x2000'27cc    0x4  Data  Gb  os_var.o [1]
OSQQty                  0x2000'2814    0x2  Data  Gb  os_var.o [1]
OSRdyList               0x2000'20b4   0xf0  Data  Gb  os_var.o [1]
OSRunning               0x2000'281e    0x1  Data  Gb  os_var.o [1]
OSSched                       0x29f   0x6a  Code  Gb  os_core.o [1]
OSSchedLock                   0x309   0x60  Code  Gb  os_core.o [1]
OSSchedLockNestingCtr   0x2000'2821    0x1  Data  Gb  os_var.o [1]
OSSchedLockTimeBegin    0x2000'27d0    0x4  Data  Gb  os_var.o [1]
OSSchedLockTimeMax      0x2000'27d4    0x4  Data  Gb  os_var.o [1]
OSSchedLockTimeMaxCur   0x2000'27d8    0x4  Data  Gb  os_var.o [1]
OSSchedUnlock                 0x369   0x7c  Code  Gb  os_core.o [1]
OSStart                       0x3e5   0x52  Code  Gb  os_core.o [1]
OSStartHighRdy               0x1e0d         Code  Gb  os_cpu_a.o [1]
OSTCBCurPtr             0x2000'2800    0x4  Data  Gb  os_var.o [1]
OSTCBHighRdyPtr         0x2000'2804    0x4  Data  Gb  os_var.o [1]
OSTaskCreate                  0xb85  0x120  Code  Gb  os_task.o [1]
OSTaskCreateHook              0x9cb    0x2  Code  Gb  os_cpu_c.o [1]
OSTaskCreateRecursive        0x1ef9  0x162  Code  Gb  OS_RecTaskServices.o [1]
OSTaskCtxSwCtr          0x2000'27dc    0x4  Data  Gb  os_var.o [1]
OSTaskDbgListPtr        0x2000'27e0    0x4  Data  Gb  os_var.o [1]
OSTaskDel                     0xca5   0xfe  Code  Gb  os_task.o [1]
OSTaskDelHook                 0x9cd    0x2  Code  Gb  os_cpu_c.o [1]
OSTaskDelRecursive           0x205b   0xdc  Code  Gb  OS_RecTaskServices.o [1]
OSTaskQty               0x2000'2816    0x2  Data  Gb  os_var.o [1]
OSTaskReturnHook              0x9cf    0x2  Code  Gb  os_cpu_c.o [1]
OSTaskSemPend                 0xda3  0x126  Code  Gb  os_task.o [1]
OSTaskSemPost                 0xec9   0x1c  Code  Gb  os_task.o [1]
OSTaskStkInit                 0x9d1   0x7e  Code  Gb  os_cpu_c.o [1]
OSTaskSwHook                  0xa4f   0x2c  Code  Gb  os_cpu_c.o [1]
OSTickCtr               0x2000'27e4    0x4  Data  Gb  os_var.o [1]
OSTickTaskTCB           0x2000'2578   0x8c  Data  Gb  os_var.o [1]
OSTickTaskTimeMax       0x2000'27e8    0x4  Data  Gb  os_var.o [1]
OSTimeTick                   0x1eb5   0x30  Code  Gb  os_time.o [1]
OSTimeTickHook                0xa7b    0x2  Code  Gb  os_cpu_c.o [1]
OSTmrDbgListPtr         0x2000'27ec    0x4  Data  Gb  os_var.o [1]
OSTmrTaskTCB            0x2000'2604   0x8c  Data  Gb  os_var.o [1]
OSTmrTaskTimeMax        0x2000'27f0    0x4  Data  Gb  os_var.o [1]
OSTmrTickCtr            0x2000'27f4    0x4  Data  Gb  os_var.o [1]
OSTmrUpdateCnt          0x2000'27f8    0x4  Data  Gb  os_var.o [1]
OSTmrUpdateCtr          0x2000'27fc    0x4  Data  Gb  os_var.o [1]
OS_CPU_ExceptStkBase    0x2000'27b8    0x4  Data  Gb  os_cpu_c.o [1]
OS_CPU_PendSVHandler         0x1e2b         Code  Gb  os_cpu_a.o [1]
OS_CPU_SysTickHandler         0xa7d   0x2a  Code  Gb  os_cpu_c.o [1]
OS_CPU_SysTickInit            0xaa7   0x24  Code  Gb  os_cpu_c.o [1]
OS_Dbg_Init                  0x1a3d  0x170  Code  Gb  os_dbg.o [1]
OS_IdleTask                   0x437   0x28  Code  Gb  os_core.o [1]
OS_IdleTaskInit               0x45f   0x50  Code  Gb  os_core.o [1]
OS_MemDbgListAdd             0x1623   0x1e  Code  Gb  os_mem.o [1]
OS_MemInit                   0x1641   0x12  Code  Gb  os_mem.o [1]
OS_MsgPoolCreate             0x1665   0x40  Code  Gb  os_msg.o [1]
OS_MsgPoolInit               0x16a5   0x24  Code  Gb  os_msg.o [1]
OS_MsgQFreeAll               0x16c9   0x3e  Code  Gb  os_msg.o [1]
OS_MsgQInit                  0x1707   0x14  Code  Gb  os_msg.o [1]
OS_MutexInit                 0x1729   0x12  Code  Gb  os_mutex.o [1]
OS_Pend                       0x4af   0x54  Code  Gb  os_core.o [1]
OS_PendDataInit               0x503   0x38  Code  Gb  os_core.o [1]
OS_PendDbgNameAdd             0x53b   0x42  Code  Gb  os_core.o [1]
OS_PendDbgNameRemove          0x57d   0x1c  Code  Gb  os_core.o [1]
OS_PendListInsertPrio         0x59d   0x72  Code  Gb  os_core.o [1]
OS_PendListRemove             0x60f   0x2a  Code  Gb  os_core.o [1]
OS_PendListRemove1            0x639   0x48  Code  Gb  os_core.o [1]
OS_Post                       0x681   0xc0  Code  Gb  os_core.o [1]
OS_Post1                      0x741   0x28  Code  Gb  os_core.o [1]
OS_PrioGetHighest             0xb09   0x20  Code  Gb  os_prio.o [1]
OS_PrioInit                   0xaf5   0x14  Code  Gb  os_prio.o [1]
OS_PrioInsert                 0xb29   0x2a  Code  Gb  os_prio.o [1]
OS_PrioRemove                 0xb53   0x2c  Code  Gb  os_prio.o [1]
OS_QInit                     0x1745   0x12  Code  Gb  os_q.o [1]
OS_RdyListInit                0x769   0x2a  Code  Gb  os_core.o [1]
OS_RdyListInsert              0x793   0x28  Code  Gb  os_core.o [1]
OS_RdyListInsertHead          0x7bb   0x3a  Code  Gb  os_core.o [1]
OS_RdyListInsertTail          0x7f5   0x38  Code  Gb  os_core.o [1]
OS_RdyListRemove              0x82d   0x5c  Code  Gb  os_core.o [1]
OS_SchedLockTimeMeasStart
                              0x889   0x14  Code  Gb  os_core.o [1]
OS_SchedLockTimeMeasStop
                              0x89d   0x2a  Code  Gb  os_core.o [1]
OS_TaskBlock                  0x929   0x38  Code  Gb  os_core.o [1]
OS_TaskDbgListAdd             0xee5   0x26  Code  Gb  os_task.o [1]
OS_TaskDbgListRemove          0xf0b   0x4a  Code  Gb  os_task.o [1]
OS_TaskInit                   0xf55   0x18  Code  Gb  os_task.o [1]
OS_TaskInitTCB                0xf6d   0xa8  Code  Gb  os_task.o [1]
OS_TaskRdy                    0x961   0x1a  Code  Gb  os_core.o [1]
OS_TaskReturn                0x1015   0x14  Code  Gb  os_task.o [1]
OS_TaskSemPost               0x1029   0xd4  Code  Gb  os_task.o [1]
OS_TickListInit              0x11bf   0x2e  Code  Gb  os_tick.o [1]
OS_TickListInsert            0x11ed  0x11c  Code  Gb  os_tick.o [1]
OS_TickListRemove            0x1309   0x42  Code  Gb  os_tick.o [1]
OS_TickListUpdate            0x134b  0x172  Code  Gb  os_tick.o [1]
OS_TickTask                  0x1129   0x26  Code  Gb  os_tick.o [1]
OS_TickTaskInit              0x114f   0x70  Code  Gb  os_tick.o [1]
OS_TmrInit                   0x1761   0xd6  Code  Gb  os_tmr.o [1]
OS_TmrLink                   0x1837   0xd0  Code  Gb  os_tmr.o [1]
OS_TmrTask                   0x1955   0xa6  Code  Gb  os_tmr.o [1]
OS_TmrUnlink                 0x1907   0x4c  Code  Gb  os_tmr.o [1]
PWMGenConfigure              0x3bb9   0x3c  Code  Gb  pwm.o [1]
PWMGenEnable                 0x3c17    0xe  Code  Gb  pwm.o [1]
PWMGenPeriodSet              0x3bf5   0x22  Code  Gb  pwm.o [1]
PWMOutputInvert              0x3c7f   0x2c  Code  Gb  pwm.o [1]
PWMOutputState               0x3c53   0x2c  Code  Gb  pwm.o [1]
PWMPulseWidthSet             0x3c25   0x2e  Code  Gb  pwm.o [1]
RBFindMin                    0x25bf    0xc  Code  Gb  RBTree2.o [1]
Region$$Table$$Base          0x43e0          --   Gb  - Linker created -
Region$$Table$$Limit         0x4404          --   Gb  - Linker created -
Right_tgt               0x2000'2819    0x1  Data  Gb  app.o [1]
RoboTurn                     0x4069   0xc8  Code  Gb  app.o [1]
SysCtlClockGet               0x2b81  0x1a2  Code  Gb  sysctl.o [1]
SysCtlClockSet               0x2a15  0x16c  Code  Gb  sysctl.o [1]
SysCtlDelay                  0x2a0d    0x8  Code  Gb  sysctl.o [1]
SysCtlPWMClockSet            0x2d23    0xe  Code  Gb  sysctl.o [1]
SysCtlPeripheralEnable       0x29e1   0x2c  Code  Gb  sysctl.o [1]
SysCtlPeripheralReset        0x2981   0x60  Code  Gb  sysctl.o [1]
__cmain                      0x4425         Code  Gb  cmain.o [4]
__exit                       0x3cad   0x14  Code  Gb  exit.o [5]
__iar_close_ttio             0x3cc1   0x2e  Code  Gb  iarttio.o [5]
__iar_copy_init3             0x433d   0x2c  Code  Gb  copy_init3.o [4]
__iar_data_init3             0x43b9   0x28  Code  Gb  data_init.o [4]
__iar_lookup_ttioh           0x3cf1    0x4  Code  Gb  XShttio.o [2]
__iar_program_start          0x4551         Code  Gb  cstartup_M.o [4]
__iar_ttio_handles      0x2000'0014    0x8  Data  Lc  XShttio.o [2]
__iar_zero_init3              0x97b   0x3a  Code  Gb  zero_init3.o [4]
__low_level_init             0x4443    0x4  Code  Gb  low_level_init.o [2]
__vector_table                  0x0  0x11c  Data  Gb  app_vect.o [1]
_call_main                   0x4431         Code  Gb  cmain.o [4]
_exit                        0x3651         Code  Gb  cexit.o [4]
_main                        0x443f         Code  Gb  cmain.o [4]
append                       0x2883   0x2c  Code  Gb  linkedList.o [1]
color_delete                 0x25fd  0x162  Code  Gb  RBTree2.o [1]
color_insert                 0x23ad  0x116  Code  Gb  RBTree2.o [1]
create                       0x2821   0x62  Code  Gb  linkedList.o [1]
delete                       0x275f   0xb8  Code  Gb  RBTree2.o [1]
dispose                      0x28c3   0xb2  Code  Gb  linkedList.o [1]
exit                         0x297d    0x4  Code  Gb  exit.o [2]
g_pucRITInit                 0x4214   0x50  Data  Lc  bsp_display.o [1]
g_pucRow1                    0x455c    0x8  Data  Lc  bsp_display.o [1]
g_pucRow2                    0x4564    0x8  Data  Lc  bsp_display.o [1]
g_pulGPIOBaseAddrs           0x4264   0x48  Data  Lc  gpio.o [1]
g_pulRCGCRegs                0x4538    0xc  Data  Lc  sysctl.o [1]
g_pulSRCRRegs                0x452c    0xc  Data  Lc  sysctl.o [1]
g_pulXtals                   0x41b8   0x5c  Data  Lc  sysctl.o [1]
g_ulDelay               0x2000'279c    0x4  Data  Lc  bsp_display.o [1]
insert                       0x24c3   0xd8  Code  Gb  RBTree2.o [1]
leftRotate                   0x2321   0x46  Code  Gb  RBTree2.o [1]
leftTurn                     0x3f5d   0x16  Code  Lc  app.o [1]
main                         0x3cfd   0xc4  Code  Gb  app.o [1]
min                          0x25cb    0xc  Code  Gb  RBTree2.o [1]
moveBackward                 0x3f45   0x16  Code  Lc  app.o [1]
moveForward                  0x3f2d   0x16  Code  Lc  app.o [1]
p_addr                  0x2000'065c  0x540  Data  Gb  app.o [1]
periodBackward          0x2000'0008    0x4  Data  Lc  app.o [1]
periodBlink             0x2000'0000    0x4  Data  Lc  app.o [1]
periodForward           0x2000'0004    0x4  Data  Lc  app.o [1]
periodLeft              0x2000'000c    0x4  Data  Lc  app.o [1]
periodRight             0x2000'0010    0x4  Data  Lc  app.o [1]
releaseTask                  0x21b5   0x46  Code  Gb  OS_RecTaskServices.o [1]
rightRotate                  0x2367   0x46  Code  Gb  RBTree2.o [1]
rightTurn                    0x3f75   0x16  Code  Lc  app.o [1]
root                    0x2000'2808    0x4  Data  Gb  RBTree2.o [1]
searchRB                     0x259b   0x24  Code  Gb  RBTree2.o [1]
successor                    0x25d7   0x26  Code  Gb  RBTree2.o [1]
tickHandlerRecursion         0x2137   0x7c  Code  Gb  OS_RecTaskServices.o [1]
traverse                     0x28af   0x14  Code  Gb  linkedList.o [1]


[1] = C:\Users\ahj\Desktop\CE4057\Source_Code_CE4057\ce4053\Micrium\Software\EvalBoards\TI\LM3S9B92-EVALBOT\IAR\uCOS-III-CE4053_PG\Flash\Obj
[2] = dl7M_tlf.a
[3] = m7M_tl.a
[4] = rt7M_tl.a
[5] = shb_l.a

  16 672 bytes of readonly  code memory
   1 288 bytes of readonly  data memory
  11 298 bytes of readwrite data memory

Errors: none
Warnings: none
