###############################################################################
#
# IAR ELF Linker V8.30.1.114/W32 for ARM                  08/Oct/2018  20:58:03
# Copyright 2007-2018 IAR Systems AB.
#
#    Output file  =  
#        C:\Users\ahj\Desktop\CE4057\Source_Code_CE4057\ce4053\Micrium\Software\EvalBoards\TI\LM3S9B92-EVALBOT\IAR\uCOS-III-CE4053_PG\Flash\Exe\uCOS-III-Ex4.out
#    Map file     =  
#        C:\Users\ahj\Desktop\CE4057\Source_Code_CE4057\ce4053\Micrium\Software\EvalBoards\TI\LM3S9B92-EVALBOT\IAR\uCOS-III-CE4053_PG\Flash\List\uCOS-III-Ex4.map
#    Command line =  
#        -f C:\Users\ahj\AppData\Local\Temp\EW6289.tmp
#        (C:\Users\ahj\Desktop\CE4057\Source_Code_CE4057\ce4053\Micrium\Software\EvalBoards\TI\LM3S9B92-EVALBOT\IAR\uCOS-III-CE4053_PG\Flash\Obj\adc.o
#        C:\Users\ahj\Desktop\CE4057\Source_Code_CE4057\ce4053\Micrium\Software\EvalBoards\TI\LM3S9B92-EVALBOT\IAR\uCOS-III-CE4053_PG\Flash\Obj\app.o
#        C:\Users\ahj\Desktop\CE4057\Source_Code_CE4057\ce4053\Micrium\Software\EvalBoards\TI\LM3S9B92-EVALBOT\IAR\uCOS-III-CE4053_PG\Flash\Obj\app_vect.o
#        C:\Users\ahj\Desktop\CE4057\Source_Code_CE4057\ce4053\Micrium\Software\EvalBoards\TI\LM3S9B92-EVALBOT\IAR\uCOS-III-CE4053_PG\Flash\Obj\bsp.o
#        C:\Users\ahj\Desktop\CE4057\Source_Code_CE4057\ce4053\Micrium\Software\EvalBoards\TI\LM3S9B92-EVALBOT\IAR\uCOS-III-CE4053_PG\Flash\Obj\bsp_dac.o
#        C:\Users\ahj\Desktop\CE4057\Source_Code_CE4057\ce4053\Micrium\Software\EvalBoards\TI\LM3S9B92-EVALBOT\IAR\uCOS-III-CE4053_PG\Flash\Obj\bsp_display.o
#        C:\Users\ahj\Desktop\CE4057\Source_Code_CE4057\ce4053\Micrium\Software\EvalBoards\TI\LM3S9B92-EVALBOT\IAR\uCOS-III-CE4053_PG\Flash\Obj\bsp_int.o
#        C:\Users\ahj\Desktop\CE4057\Source_Code_CE4057\ce4053\Micrium\Software\EvalBoards\TI\LM3S9B92-EVALBOT\IAR\uCOS-III-CE4053_PG\Flash\Obj\bsp_io.o
#        C:\Users\ahj\Desktop\CE4057\Source_Code_CE4057\ce4053\Micrium\Software\EvalBoards\TI\LM3S9B92-EVALBOT\IAR\uCOS-III-CE4053_PG\Flash\Obj\bsp_motor.o
#        C:\Users\ahj\Desktop\CE4057\Source_Code_CE4057\ce4053\Micrium\Software\EvalBoards\TI\LM3S9B92-EVALBOT\IAR\uCOS-III-CE4053_PG\Flash\Obj\bsp_sensors.o
#        C:\Users\ahj\Desktop\CE4057\Source_Code_CE4057\ce4053\Micrium\Software\EvalBoards\TI\LM3S9B92-EVALBOT\IAR\uCOS-III-CE4053_PG\Flash\Obj\can.o
#        C:\Users\ahj\Desktop\CE4057\Source_Code_CE4057\ce4053\Micrium\Software\EvalBoards\TI\LM3S9B92-EVALBOT\IAR\uCOS-III-CE4053_PG\Flash\Obj\comp.o
#        C:\Users\ahj\Desktop\CE4057\Source_Code_CE4057\ce4053\Micrium\Software\EvalBoards\TI\LM3S9B92-EVALBOT\IAR\uCOS-III-CE4053_PG\Flash\Obj\cpu_.o
#        C:\Users\ahj\Desktop\CE4057\Source_Code_CE4057\ce4053\Micrium\Software\EvalBoards\TI\LM3S9B92-EVALBOT\IAR\uCOS-III-CE4053_PG\Flash\Obj\cpu_a.o
#        C:\Users\ahj\Desktop\CE4057\Source_Code_CE4057\ce4053\Micrium\Software\EvalBoards\TI\LM3S9B92-EVALBOT\IAR\uCOS-III-CE4053_PG\Flash\Obj\cpu_bsp.o
#        C:\Users\ahj\Desktop\CE4057\Source_Code_CE4057\ce4053\Micrium\Software\EvalBoards\TI\LM3S9B92-EVALBOT\IAR\uCOS-III-CE4053_PG\Flash\Obj\cpu_c.o
#        C:\Users\ahj\Desktop\CE4057\Source_Code_CE4057\ce4053\Micrium\Software\EvalBoards\TI\LM3S9B92-EVALBOT\IAR\uCOS-III-CE4053_PG\Flash\Obj\cpu_core.o
#        C:\Users\ahj\Desktop\CE4057\Source_Code_CE4057\ce4053\Micrium\Software\EvalBoards\TI\LM3S9B92-EVALBOT\IAR\uCOS-III-CE4053_PG\Flash\Obj\epi.o
#        C:\Users\ahj\Desktop\CE4057\Source_Code_CE4057\ce4053\Micrium\Software\EvalBoards\TI\LM3S9B92-EVALBOT\IAR\uCOS-III-CE4053_PG\Flash\Obj\ethernet.o
#        C:\Users\ahj\Desktop\CE4057\Source_Code_CE4057\ce4053\Micrium\Software\EvalBoards\TI\LM3S9B92-EVALBOT\IAR\uCOS-III-CE4053_PG\Flash\Obj\fatfs.o
#        C:\Users\ahj\Desktop\CE4057\Source_Code_CE4057\ce4053\Micrium\Software\EvalBoards\TI\LM3S9B92-EVALBOT\IAR\uCOS-III-CE4053_PG\Flash\Obj\flash.o
#        C:\Users\ahj\Desktop\CE4057\Source_Code_CE4057\ce4053\Micrium\Software\EvalBoards\TI\LM3S9B92-EVALBOT\IAR\uCOS-III-CE4053_PG\Flash\Obj\gpio.o
#        C:\Users\ahj\Desktop\CE4057\Source_Code_CE4057\ce4053\Micrium\Software\EvalBoards\TI\LM3S9B92-EVALBOT\IAR\uCOS-III-CE4053_PG\Flash\Obj\hibernate.o
#        C:\Users\ahj\Desktop\CE4057\Source_Code_CE4057\ce4053\Micrium\Software\EvalBoards\TI\LM3S9B92-EVALBOT\IAR\uCOS-III-CE4053_PG\Flash\Obj\i2c.o
#        C:\Users\ahj\Desktop\CE4057\Source_Code_CE4057\ce4053\Micrium\Software\EvalBoards\TI\LM3S9B92-EVALBOT\IAR\uCOS-III-CE4053_PG\Flash\Obj\i2s.o
#        C:\Users\ahj\Desktop\CE4057\Source_Code_CE4057\ce4053\Micrium\Software\EvalBoards\TI\LM3S9B92-EVALBOT\IAR\uCOS-III-CE4053_PG\Flash\Obj\interrupt.o
#        C:\Users\ahj\Desktop\CE4057\Source_Code_CE4057\ce4053\Micrium\Software\EvalBoards\TI\LM3S9B92-EVALBOT\IAR\uCOS-III-CE4053_PG\Flash\Obj\lib_ascii.o
#        C:\Users\ahj\Desktop\CE4057\Source_Code_CE4057\ce4053\Micrium\Software\EvalBoards\TI\LM3S9B92-EVALBOT\IAR\uCOS-III-CE4053_PG\Flash\Obj\lib_math.o
#        C:\Users\ahj\Desktop\CE4057\Source_Code_CE4057\ce4053\Micrium\Software\EvalBoards\TI\LM3S9B92-EVALBOT\IAR\uCOS-III-CE4053_PG\Flash\Obj\lib_mem.o
#        C:\Users\ahj\Desktop\CE4057\Source_Code_CE4057\ce4053\Micrium\Software\EvalBoards\TI\LM3S9B92-EVALBOT\IAR\uCOS-III-CE4053_PG\Flash\Obj\lib_str.o
#        C:\Users\ahj\Desktop\CE4057\Source_Code_CE4057\ce4053\Micrium\Software\EvalBoards\TI\LM3S9B92-EVALBOT\IAR\uCOS-III-CE4053_PG\Flash\Obj\linkedList.o
#        C:\Users\ahj\Desktop\CE4057\Source_Code_CE4057\ce4053\Micrium\Software\EvalBoards\TI\LM3S9B92-EVALBOT\IAR\uCOS-III-CE4053_PG\Flash\Obj\microsd.o
#        C:\Users\ahj\Desktop\CE4057\Source_Code_CE4057\ce4053\Micrium\Software\EvalBoards\TI\LM3S9B92-EVALBOT\IAR\uCOS-III-CE4053_PG\Flash\Obj\mpu.o
#        C:\Users\ahj\Desktop\CE4057\Source_Code_CE4057\ce4053\Micrium\Software\EvalBoards\TI\LM3S9B92-EVALBOT\IAR\uCOS-III-CE4053_PG\Flash\Obj\os_app_hooks.o
#        C:\Users\ahj\Desktop\CE4057\Source_Code_CE4057\ce4053\Micrium\Software\EvalBoards\TI\LM3S9B92-EVALBOT\IAR\uCOS-III-CE4053_PG\Flash\Obj\os_cfg_app.o
#        C:\Users\ahj\Desktop\CE4057\Source_Code_CE4057\ce4053\Micrium\Software\EvalBoards\TI\LM3S9B92-EVALBOT\IAR\uCOS-III-CE4053_PG\Flash\Obj\os_core.o
#        C:\Users\ahj\Desktop\CE4057\Source_Code_CE4057\ce4053\Micrium\Software\EvalBoards\TI\LM3S9B92-EVALBOT\IAR\uCOS-III-CE4053_PG\Flash\Obj\os_cpu_a.o
#        C:\Users\ahj\Desktop\CE4057\Source_Code_CE4057\ce4053\Micrium\Software\EvalBoards\TI\LM3S9B92-EVALBOT\IAR\uCOS-III-CE4053_PG\Flash\Obj\os_cpu_c.o
#        C:\Users\ahj\Desktop\CE4057\Source_Code_CE4057\ce4053\Micrium\Software\EvalBoards\TI\LM3S9B92-EVALBOT\IAR\uCOS-III-CE4053_PG\Flash\Obj\os_dbg.o
#        C:\Users\ahj\Desktop\CE4057\Source_Code_CE4057\ce4053\Micrium\Software\EvalBoards\TI\LM3S9B92-EVALBOT\IAR\uCOS-III-CE4053_PG\Flash\Obj\os_flag.o
#        C:\Users\ahj\Desktop\CE4057\Source_Code_CE4057\ce4053\Micrium\Software\EvalBoards\TI\LM3S9B92-EVALBOT\IAR\uCOS-III-CE4053_PG\Flash\Obj\os_int.o
#        C:\Users\ahj\Desktop\CE4057\Source_Code_CE4057\ce4053\Micrium\Software\EvalBoards\TI\LM3S9B92-EVALBOT\IAR\uCOS-III-CE4053_PG\Flash\Obj\os_mem.o
#        C:\Users\ahj\Desktop\CE4057\Source_Code_CE4057\ce4053\Micrium\Software\EvalBoards\TI\LM3S9B92-EVALBOT\IAR\uCOS-III-CE4053_PG\Flash\Obj\os_msg.o
#        C:\Users\ahj\Desktop\CE4057\Source_Code_CE4057\ce4053\Micrium\Software\EvalBoards\TI\LM3S9B92-EVALBOT\IAR\uCOS-III-CE4053_PG\Flash\Obj\os_mutex.o
#        C:\Users\ahj\Desktop\CE4057\Source_Code_CE4057\ce4053\Micrium\Software\EvalBoards\TI\LM3S9B92-EVALBOT\IAR\uCOS-III-CE4053_PG\Flash\Obj\os_pend_multi.o
#        C:\Users\ahj\Desktop\CE4057\Source_Code_CE4057\ce4053\Micrium\Software\EvalBoards\TI\LM3S9B92-EVALBOT\IAR\uCOS-III-CE4053_PG\Flash\Obj\os_prio.o
#        C:\Users\ahj\Desktop\CE4057\Source_Code_CE4057\ce4053\Micrium\Software\EvalBoards\TI\LM3S9B92-EVALBOT\IAR\uCOS-III-CE4053_PG\Flash\Obj\os_q.o
#        C:\Users\ahj\Desktop\CE4057\Source_Code_CE4057\ce4053\Micrium\Software\EvalBoards\TI\LM3S9B92-EVALBOT\IAR\uCOS-III-CE4053_PG\Flash\Obj\OS_RecTaskServices.o
#        C:\Users\ahj\Desktop\CE4057\Source_Code_CE4057\ce4053\Micrium\Software\EvalBoards\TI\LM3S9B92-EVALBOT\IAR\uCOS-III-CE4053_PG\Flash\Obj\os_sem.o
#        C:\Users\ahj\Desktop\CE4057\Source_Code_CE4057\ce4053\Micrium\Software\EvalBoards\TI\LM3S9B92-EVALBOT\IAR\uCOS-III-CE4053_PG\Flash\Obj\os_stat.o
#        C:\Users\ahj\Desktop\CE4057\Source_Code_CE4057\ce4053\Micrium\Software\EvalBoards\TI\LM3S9B92-EVALBOT\IAR\uCOS-III-CE4053_PG\Flash\Obj\os_task.o
#        C:\Users\ahj\Desktop\CE4057\Source_Code_CE4057\ce4053\Micrium\Software\EvalBoards\TI\LM3S9B92-EVALBOT\IAR\uCOS-III-CE4053_PG\Flash\Obj\os_tick.o
#        C:\Users\ahj\Desktop\CE4057\Source_Code_CE4057\ce4053\Micrium\Software\EvalBoards\TI\LM3S9B92-EVALBOT\IAR\uCOS-III-CE4053_PG\Flash\Obj\os_time.o
#        C:\Users\ahj\Desktop\CE4057\Source_Code_CE4057\ce4053\Micrium\Software\EvalBoards\TI\LM3S9B92-EVALBOT\IAR\uCOS-III-CE4053_PG\Flash\Obj\os_tmr.o
#        C:\Users\ahj\Desktop\CE4057\Source_Code_CE4057\ce4053\Micrium\Software\EvalBoards\TI\LM3S9B92-EVALBOT\IAR\uCOS-III-CE4053_PG\Flash\Obj\os_var.o
#        C:\Users\ahj\Desktop\CE4057\Source_Code_CE4057\ce4053\Micrium\Software\EvalBoards\TI\LM3S9B92-EVALBOT\IAR\uCOS-III-CE4053_PG\Flash\Obj\pwm.o
#        C:\Users\ahj\Desktop\CE4057\Source_Code_CE4057\ce4053\Micrium\Software\EvalBoards\TI\LM3S9B92-EVALBOT\IAR\uCOS-III-CE4053_PG\Flash\Obj\qei.o
#        C:\Users\ahj\Desktop\CE4057\Source_Code_CE4057\ce4053\Micrium\Software\EvalBoards\TI\LM3S9B92-EVALBOT\IAR\uCOS-III-CE4053_PG\Flash\Obj\RBTree.o
#        C:\Users\ahj\Desktop\CE4057\Source_Code_CE4057\ce4053\Micrium\Software\EvalBoards\TI\LM3S9B92-EVALBOT\IAR\uCOS-III-CE4053_PG\Flash\Obj\RBTree2.o
#        C:\Users\ahj\Desktop\CE4057\Source_Code_CE4057\ce4053\Micrium\Software\EvalBoards\TI\LM3S9B92-EVALBOT\IAR\uCOS-III-CE4053_PG\Flash\Obj\ssi.o
#        C:\Users\ahj\Desktop\CE4057\Source_Code_CE4057\ce4053\Micrium\Software\EvalBoards\TI\LM3S9B92-EVALBOT\IAR\uCOS-III-CE4053_PG\Flash\Obj\sysctl.o
#        C:\Users\ahj\Desktop\CE4057\Source_Code_CE4057\ce4053\Micrium\Software\EvalBoards\TI\LM3S9B92-EVALBOT\IAR\uCOS-III-CE4053_PG\Flash\Obj\systick.o
#        C:\Users\ahj\Desktop\CE4057\Source_Code_CE4057\ce4053\Micrium\Software\EvalBoards\TI\LM3S9B92-EVALBOT\IAR\uCOS-III-CE4053_PG\Flash\Obj\timer.o
#        C:\Users\ahj\Desktop\CE4057\Source_Code_CE4057\ce4053\Micrium\Software\EvalBoards\TI\LM3S9B92-EVALBOT\IAR\uCOS-III-CE4053_PG\Flash\Obj\uart.o
#        C:\Users\ahj\Desktop\CE4057\Source_Code_CE4057\ce4053\Micrium\Software\EvalBoards\TI\LM3S9B92-EVALBOT\IAR\uCOS-III-CE4053_PG\Flash\Obj\udma.o
#        C:\Users\ahj\Desktop\CE4057\Source_Code_CE4057\ce4053\Micrium\Software\EvalBoards\TI\LM3S9B92-EVALBOT\IAR\uCOS-III-CE4053_PG\Flash\Obj\usb.o
#        C:\Users\ahj\Desktop\CE4057\Source_Code_CE4057\ce4053\Micrium\Software\EvalBoards\TI\LM3S9B92-EVALBOT\IAR\uCOS-III-CE4053_PG\Flash\Obj\watchdog.o
#        --redirect _Printf=_PrintfFull --redirect _Scanf=_ScanfFull
#        --no_out_extension -o
#        C:\Users\ahj\Desktop\CE4057\Source_Code_CE4057\ce4053\Micrium\Software\EvalBoards\TI\LM3S9B92-EVALBOT\IAR\uCOS-III-CE4053_PG\Flash\Exe\uCOS-III-Ex4.out
#        --map
#        C:\Users\ahj\Desktop\CE4057\Source_Code_CE4057\ce4053\Micrium\Software\EvalBoards\TI\LM3S9B92-EVALBOT\IAR\uCOS-III-CE4053_PG\Flash\List\uCOS-III-Ex4.map
#        --config
#        C:\Users\ahj\Desktop\CE4057\Source_Code_CE4057\ce4053\Micrium\Software\EvalBoards\TI\LM3S9B92-EVALBOT\IAR\uCOS-III-CE4053_PG\..\BSP\LM3S9B92_Flash.icf
#        --semihosting --entry __iar_program_start --vfe --text_out locale)
#
###############################################################################

*******************************************************************************
*** RUNTIME MODEL ATTRIBUTES
***

CppFlavor       = *
__Heap_Handler  = Basic
__SystemLibrary = DLib
__dlib_version  = 6


*******************************************************************************
*** HEAP SELECTION
***

The basic heap was selected because some modules are built with
size limitations (and not runtime checking), and --advanced_heap
was not specified.


*******************************************************************************
*** PLACEMENT SUMMARY
***

"A0":  place at start of [from 0x0 to 0x3'ffff] { ro section .intvec };
"P1":  place in [from 0x0 to 0x3'ffff] { ro };
"P2":  place in [from 0x0 to 0x3'ffff] { section wave_1 };
"P3":  place in [from 0x0 to 0x3'ffff] { section wave_2 };
"P4":  place in [from 0x0 to 0x3'ffff] { section wave_3 };
"P5":  place in [from 0x0 to 0x3'ffff] { section wave_4 };
"P6":  place in [from 0x0 to 0x3'ffff] { section wave_5 };
define block HEAP with size = 0M, alignment = 8 { };
define block CSTACK with size = 1K, alignment = 8 { };
"P7":  place in [from 0x2000'0000 to 0x2001'7fff] {
          rw, block HEAP, block CSTACK };
initialize by copy { rw };

No sections matched the following patterns:

  section wave_1  in "P1-P6"
  section wave_2  in "P1-P6"
  section wave_3  in "P1-P6"
  section wave_4  in "P1-P6"
  section wave_5  in "P1-P6"


  Section            Kind         Address    Size  Object
  -------            ----         -------    ----  ------
"A0":                                       0x11c
  .intvec            const            0x0   0x11c  app_vect.o [1]
                                  - 0x11c   0x11c

"P1-P6":                                   0x3f94
  .text              ro code        0x11c   0x85e  os_core.o [1]
  .text              ro code        0x97a    0x3a  zero_init3.o [4]
  .text              ro code        0x9b4   0x140  os_cpu_c.o [1]
  .text              ro code        0xaf4    0x90  os_prio.o [1]
  .text              ro code        0xb84   0x5a4  os_task.o [1]
  .text              ro code       0x1128   0x3c8  os_tick.o [1]
  .text              ro code       0x14f0   0x128  os_mem.o [1]
  .text              ro code       0x1618    0xc4  os_msg.o [1]
  .text              ro code       0x16dc    0x1c  os_mutex.o [1]
  .text              ro code       0x16f8    0x1c  os_q.o [1]
  .text              ro code       0x1714   0x2dc  os_tmr.o [1]
  .text              ro code       0x19f0   0x170  os_dbg.o [1]
  .text              ro code       0x1b60    0xac  os_cfg_app.o [1]
  CODE               ro code       0x1c0c    0x2a  cpu_a.o [1]
  .rodata            const         0x1c36     0x2  os_cfg_app.o [1]
  .text              ro code       0x1c38   0x188  cpu_core.o [1]
  CODE               ro code       0x1dc0    0x84  os_cpu_a.o [1]
  .text              ro code       0x1e44    0x24  cpu_bsp.o [1]
  .text              ro code       0x1e68    0x44  os_time.o [1]
  .text              ro code       0x1eac   0x160  OS_RecTaskServices.o [1]
  .text              ro code       0x200c    0x60  lib_mem.o [1]
  .text              ro code       0x206c    0xa8  bsp.o [1]
  .text              ro code       0x2114   0x500  RBTree2.o [1]
  .text              ro code       0x2614    0xb4  linkedList.o [1]
  .text              ro code       0x26c8   0x414  sysctl.o [1]
  .text              ro code       0x2adc   0x256  bsp_int.o [1]
  .rodata            const         0x2d32     0x2  os_cfg_app.o [1]
  .text              ro code       0x2d34   0x258  bsp_display.o [1]
  .text              ro code       0x2f8c   0x100  bsp_io.o [1]
  .text              ro code       0x308c   0x164  bsp_sensors.o [1]
  .text              ro code       0x31f0   0x12c  bsp_motor.o [1]
  .text              ro code       0x331c     0x4  exit.o [2]
  .text              ro code       0x3320     0x4  heaptramp0.o [2]
  .text              ro code       0x3324   0x138  cpu_c.o [1]
  .text              ro code       0x345c    0xc2  i2c.o [1]
  .rodata            const         0x351e     0x2  os_cfg_app.o [1]
  .text              ro code       0x3520   0x348  gpio.o [1]
  .text              ro code       0x3868    0xc6  pwm.o [1]
  .rodata            const         0x392e     0x2  os_dbg.o [1]
  .text              ro code       0x3930     0xa  cexit.o [4]
  .rodata            const         0x393a     0x2  os_dbg.o [1]
  .text              ro code       0x393c    0x94  heap0.o [2]
  .text              ro code       0x39d0    0x14  exit.o [5]
  .text              ro code       0x39e4    0x30  iarttio.o [5]
  .text              ro code       0x3a14     0xc  XShttio.o [2]
  .text              ro code       0x3a20   0x27c  app.o [1]
  .rodata            const         0x3c9c    0x5c  sysctl.o [1]
  .rodata            const         0x3cf8    0x50  bsp_display.o [1]
  .rodata            const         0x3d48    0x48  gpio.o [1]
  .rodata            const         0x3d90    0x34  os_dbg.o [1]
  .rodata            const         0x3dc4    0x30  os_dbg.o [1]
  .rodata            const         0x3df4    0x2c  os_dbg.o [1]
  .text              ro code       0x3e20    0x2c  copy_init3.o [4]
  .rodata            const         0x3e4c    0x28  os_dbg.o [1]
  .rodata            const         0x3e74    0x28  os_dbg.o [1]
  .text              ro code       0x3e9c    0x28  data_init.o [4]
  .iar.init_table    const         0x3ec4    0x24  - Linker created -
  .rodata            const         0x3ee8    0x20  os_dbg.o [1]
  .text              ro code       0x3f08    0x1e  cmain.o [4]
  .text              ro code       0x3f26     0x4  low_level_init.o [2]
  .rodata            const         0x3f2a     0x2  os_dbg.o [1]
  .rodata            const         0x3f2c    0x18  os_tmr.o [1]
  .rodata            const         0x3f44    0x14  app.o [1]
  .rodata            const         0x3f58    0x14  os_core.o [1]
  .rodata            const         0x3f6c    0x14  os_tick.o [1]
  .rodata            const         0x3f80    0x10  app.o [1]
  .rodata            const         0x3f90    0x10  app.o [1]
  .rodata            const         0x3fa0     0xc  os_core.o [1]
  .rodata            const         0x3fac     0xc  sysctl.o [1]
  .rodata            const         0x3fb8     0xc  sysctl.o [1]
  .text              ro code       0x3fc4     0xc  app_vect.o [1]
  .text              ro code       0x3fd0     0xc  cstartup_M.o [4]
  .rodata            const         0x3fdc     0x8  bsp_display.o [1]
  .rodata            const         0x3fe4     0x8  bsp_display.o [1]
  .rodata            const         0x3fec     0x8  os_core.o [1]
  .rodata            const         0x3ff4     0x8  os_task.o [1]
  Initializer bytes  const         0x3ffc     0x8  <for P7-1>
  .rodata            const         0x4004     0x4  os_cfg_app.o [1]
  .rodata            const         0x4008     0x4  os_cfg_app.o [1]
  .rodata            const         0x400c     0x4  os_cfg_app.o [1]
  .rodata            const         0x4010     0x4  os_cfg_app.o [1]
  .rodata            const         0x4014     0x4  os_cfg_app.o [1]
  .rodata            const         0x4018     0x4  os_cfg_app.o [1]
  .rodata            const         0x401c     0x4  os_cfg_app.o [1]
  .rodata            const         0x4020     0x4  os_cfg_app.o [1]
  .rodata            const         0x4024     0x4  os_cfg_app.o [1]
  .rodata            const         0x4028     0x4  os_cfg_app.o [1]
  .rodata            const         0x402c     0x4  os_cfg_app.o [1]
  .rodata            const         0x4030     0x4  os_cfg_app.o [1]
  .rodata            const         0x4034     0x4  os_cfg_app.o [1]
  .rodata            const         0x4038     0x4  os_cfg_app.o [1]
  .rodata            const         0x403c     0x4  os_cfg_app.o [1]
  .rodata            const         0x4040     0x4  os_cfg_app.o [1]
  .rodata            const         0x4044     0x4  os_cfg_app.o [1]
  .rodata            const         0x4048     0x4  os_cfg_app.o [1]
  .rodata            const         0x404c     0x4  os_cfg_app.o [1]
  .rodata            const         0x4050     0x4  os_cfg_app.o [1]
  .rodata            const         0x4054     0x4  os_cfg_app.o [1]
  .rodata            const         0x4058     0x4  os_cfg_app.o [1]
  .rodata            const         0x405c     0x4  os_cfg_app.o [1]
  .rodata            const         0x4060     0x4  os_dbg.o [1]
  .rodata            const         0x4064     0x4  os_dbg.o [1]
  .rodata            const         0x4068     0x4  os_dbg.o [1]
  .rodata            const         0x406c     0x2  os_dbg.o [1]
  .rodata            const         0x406e     0x2  os_dbg.o [1]
  .rodata            const         0x4070     0x2  os_dbg.o [1]
  .rodata            const         0x4072     0x2  os_dbg.o [1]
  .rodata            const         0x4074     0x2  os_dbg.o [1]
  .rodata            const         0x4076     0x2  os_dbg.o [1]
  .rodata            const         0x4078     0x2  os_dbg.o [1]
  .rodata            const         0x407a     0x2  os_dbg.o [1]
  .rodata            const         0x407c     0x2  os_dbg.o [1]
  .rodata            const         0x407e     0x2  os_dbg.o [1]
  .rodata            const         0x4080     0x2  os_dbg.o [1]
  .rodata            const         0x4082     0x2  os_dbg.o [1]
  .rodata            const         0x4084     0x2  os_dbg.o [1]
  .rodata            const         0x4086     0x2  os_dbg.o [1]
  .rodata            const         0x4088     0x2  os_dbg.o [1]
  .rodata            const         0x408a     0x2  os_dbg.o [1]
  .rodata            const         0x408c     0x2  os_dbg.o [1]
  .rodata            const         0x408e     0x1  os_cfg_app.o [1]
  .rodata            const         0x408f     0x1  os_cfg_app.o [1]
  .rodata            const         0x4090     0x1  os_dbg.o [1]
  .rodata            const         0x4091     0x1  os_dbg.o [1]
  .rodata            const         0x4092     0x1  os_dbg.o [1]
  .rodata            const         0x4093     0x1  os_dbg.o [1]
  .rodata            const         0x4094     0x1  os_dbg.o [1]
  .rodata            const         0x4095     0x1  os_dbg.o [1]
  .rodata            const         0x4096     0x1  os_dbg.o [1]
  .rodata            const         0x4097     0x1  os_dbg.o [1]
  .rodata            const         0x4098     0x1  os_dbg.o [1]
  .rodata            const         0x4099     0x1  os_dbg.o [1]
  .rodata            const         0x409a     0x1  os_dbg.o [1]
  .rodata            const         0x409b     0x1  os_dbg.o [1]
  .rodata            const         0x409c     0x1  os_dbg.o [1]
  .rodata            const         0x409d     0x1  os_dbg.o [1]
  .rodata            const         0x409e     0x1  os_dbg.o [1]
  .rodata            const         0x409f     0x1  os_dbg.o [1]
  .rodata            const         0x40a0     0x1  os_dbg.o [1]
  .rodata            const         0x40a1     0x1  os_dbg.o [1]
  .rodata            const         0x40a2     0x1  os_dbg.o [1]
  .rodata            const         0x40a3     0x1  os_dbg.o [1]
  .rodata            const         0x40a4     0x1  os_dbg.o [1]
  .rodata            const         0x40a5     0x1  os_dbg.o [1]
  .rodata            const         0x40a6     0x1  os_dbg.o [1]
  .rodata            const         0x40a7     0x1  os_dbg.o [1]
  .rodata            const         0x40a8     0x1  os_dbg.o [1]
  .rodata            const         0x40a9     0x1  os_dbg.o [1]
  .rodata            const         0x40aa     0x1  os_dbg.o [1]
  .rodata            const         0x40ab     0x1  os_dbg.o [1]
  .rodata            const         0x40ac     0x1  os_dbg.o [1]
  .rodata            const         0x40ad     0x1  os_dbg.o [1]
  .rodata            const         0x40ae     0x1  os_dbg.o [1]
  .rodata            const         0x40af     0x1  os_dbg.o [1]
  .rodata            const         0x40b0     0x0  zero_init3.o [4]
  .rodata            const         0x40b0     0x0  copy_init3.o [4]
                                 - 0x40b0  0x3f94

"P7", part 1 of 3:                            0x8
  P7-1                        0x2000'0000     0x8  <Init block>
    .data            inited   0x2000'0000     0x8  XShttio.o [2]
                            - 0x2000'0008     0x8

"P7", part 2 of 3:                         0x1aa0
  .bss               zero     0x2000'0008   0x640  os_cfg_app.o [1]
  .bss               zero     0x2000'0648   0x200  app.o [1]
  .bss               zero     0x2000'0848   0x200  app.o [1]
  .bss               zero     0x2000'0a48   0x200  app.o [1]
  .bss               zero     0x2000'0c48   0x200  os_cfg_app.o [1]
  .bss               zero     0x2000'0e48   0x200  os_cfg_app.o [1]
  .bss               zero     0x2000'1048   0x200  os_cfg_app.o [1]
  .bss               zero     0x2000'1248   0x200  os_cfg_app.o [1]
  .bss               zero     0x2000'1448   0x118  bsp_int.o [1]
  .bss               zero     0x2000'1560    0xf0  os_var.o [1]
  .bss               zero     0x2000'1650    0x8c  app.o [1]
  .bss               zero     0x2000'16dc    0x8c  app.o [1]
  .bss               zero     0x2000'1768    0x8c  os_var.o [1]
  .bss               zero     0x2000'17f4    0x8c  os_var.o [1]
  .bss               zero     0x2000'1880    0x8c  os_var.o [1]
  .bss               zero     0x2000'190c    0x68  os_cfg_app.o [1]
  .bss               zero     0x2000'1974    0x68  os_cfg_app.o [1]
  .bss               zero     0x2000'19dc    0x20  app.o [1]
  .bss               zero     0x2000'19fc    0x10  cpu_core.o [1]
  .bss               zero     0x2000'1a0c     0x8  os_var.o [1]
  .bss               zero     0x2000'1a14     0x8  heap0.o [2]
  .bss               zero     0x2000'1a1c     0x4  bsp.o [1]
  .bss               zero     0x2000'1a20     0x4  bsp_display.o [1]
  .bss               zero     0x2000'1a24     0x4  cpu_core.o [1]
  .bss               zero     0x2000'1a28     0x4  cpu_core.o [1]
  .bss               zero     0x2000'1a2c     0x4  cpu_core.o [1]
  .bss               zero     0x2000'1a30     0x4  cpu_core.o [1]
  .bss               zero     0x2000'1a34     0x4  cpu_core.o [1]
  .bss               zero     0x2000'1a38     0x4  cpu_core.o [1]
  .bss               zero     0x2000'1a3c     0x4  os_cpu_c.o [1]
  .bss               zero     0x2000'1a40     0x4  os_prio.o [1]
  .bss               zero     0x2000'1a44     0x4  os_var.o [1]
  .bss               zero     0x2000'1a48     0x4  os_var.o [1]
  .bss               zero     0x2000'1a4c     0x4  os_var.o [1]
  .bss               zero     0x2000'1a50     0x4  os_var.o [1]
  .bss               zero     0x2000'1a54     0x4  os_var.o [1]
  .bss               zero     0x2000'1a58     0x4  os_var.o [1]
  .bss               zero     0x2000'1a5c     0x4  os_var.o [1]
  .bss               zero     0x2000'1a60     0x4  os_var.o [1]
  .bss               zero     0x2000'1a64     0x4  os_var.o [1]
  .bss               zero     0x2000'1a68     0x4  os_var.o [1]
  .bss               zero     0x2000'1a6c     0x4  os_var.o [1]
  .bss               zero     0x2000'1a70     0x4  os_var.o [1]
  .bss               zero     0x2000'1a74     0x4  os_var.o [1]
  .bss               zero     0x2000'1a78     0x4  os_var.o [1]
  .bss               zero     0x2000'1a7c     0x4  os_var.o [1]
  .bss               zero     0x2000'1a80     0x4  os_var.o [1]
  .bss               zero     0x2000'1a84     0x4  os_var.o [1]
  .bss               zero     0x2000'1a88     0x4  os_var.o [1]
  .bss               zero     0x2000'1a8c     0x4  RBTree2.o [1]
  .bss               zero     0x2000'1a90     0x2  cpu_core.o [1]
  .bss               zero     0x2000'1a92     0x2  cpu_core.o [1]
  .bss               zero     0x2000'1a94     0x2  os_var.o [1]
  .bss               zero     0x2000'1a96     0x2  os_var.o [1]
  .bss               zero     0x2000'1a98     0x2  os_var.o [1]
  .bss               zero     0x2000'1a9a     0x2  os_var.o [1]
  .bss               zero     0x2000'1a9c     0x1  app.o [1]
  .bss               zero     0x2000'1a9d     0x1  app.o [1]
  .bss               zero     0x2000'1a9e     0x1  app.o [1]
  .bss               zero     0x2000'1a9f     0x1  app.o [1]
  .bss               zero     0x2000'1aa0     0x1  app.o [1]
  .bss               zero     0x2000'1aa1     0x1  os_var.o [1]
  .bss               zero     0x2000'1aa2     0x1  os_var.o [1]
  .bss               zero     0x2000'1aa3     0x1  os_var.o [1]
  .bss               zero     0x2000'1aa4     0x1  os_var.o [1]
  .bss               zero     0x2000'1aa5     0x1  os_var.o [1]
                            - 0x2000'1aa6  0x1a9e

"P7", part 3 of 3:                          0x400
  CSTACK                      0x2000'1aa8   0x400  <Block>
    CSTACK           uninit   0x2000'1aa8   0x400  <Block tail>
                            - 0x2000'1ea8   0x400

Unused ranges:

         From           To      Size
         ----           --      ----
       0x40b0     0x3'ffff  0x3'bf50
  0x2000'1ea8  0x2001'7fff  0x1'6158


*******************************************************************************
*** INIT TABLE
***

          Address      Size
          -------      ----
Zero (__iar_zero_init3)
    1 destination range, total size 0x1a9e:
          0x2000'0008  0x1a9e

Copy (__iar_copy_init3)
    1 source range, total size 0x8:
               0x3ffc     0x8
    1 destination range, total size 0x8:
          0x2000'0000     0x8



*******************************************************************************
*** MODULE SUMMARY
***

    Module                ro code  ro data  rw data
    ------                -------  -------  -------
command line/config:
    -----------------------------------------------
    Total:

C:\Users\ahj\Desktop\CE4057\Source_Code_CE4057\ce4053\Micrium\Software\EvalBoards\TI\LM3S9B92-EVALBOT\IAR\uCOS-III-CE4053_PG\Flash\Obj: [1]
    OS_RecTaskServices.o      352
    RBTree2.o               1 280                 4
    app.o                     636       52    1 853
    app_vect.o                 12      284
    bsp.o                     168                 4
    bsp_display.o             600       96        4
    bsp_int.o                 598               280
    bsp_io.o                  256
    bsp_motor.o               300
    bsp_sensors.o             356
    cpu_a.o                    42
    cpu_bsp.o                  36
    cpu_c.o                   312
    cpu_core.o                392                44
    gpio.o                    840       72
    i2c.o                     194
    lib_mem.o                  96
    linkedList.o              180
    os_cfg_app.o              172      100    3 856
    os_core.o               2 142       40
    os_cpu_a.o                132
    os_cpu_c.o                320                 4
    os_dbg.o                  368      340
    os_mem.o                  296
    os_msg.o                  196
    os_mutex.o                 28
    os_prio.o                 144                 4
    os_q.o                     28
    os_task.o               1 444        8
    os_tick.o                 968       20
    os_time.o                  68
    os_tmr.o                  732       24
    os_var.o                                    753
    pwm.o                     198
    sysctl.o                1 044      116
    -----------------------------------------------
    Total:                 14 930    1 152    6 806

dl7M_tlf.a: [2]
    XShttio.o                  12        8        8
    exit.o                      4
    heap0.o                   148                 8
    heaptramp0.o                4
    low_level_init.o            4
    -----------------------------------------------
    Total:                    172        8       16

m7M_tl.a: [3]
    -----------------------------------------------
    Total:

rt7M_tl.a: [4]
    cexit.o                    10
    cmain.o                    30
    copy_init3.o               44
    cstartup_M.o               12
    data_init.o                40
    zero_init3.o               58
    -----------------------------------------------
    Total:                    194

shb_l.a: [5]
    exit.o                     20
    iarttio.o                  48
    -----------------------------------------------
    Total:                     68

    Linker created                      36    1 024
---------------------------------------------------
    Grand Total:           15 364    1 196    7 846


*******************************************************************************
*** ENTRY LIST
***

Entry                       Address   Size  Type      Object
-----                       -------   ----  ----      ------
.iar.init_table$$Base        0x3ec4          --   Gb  - Linker created -
.iar.init_table$$Limit       0x3ee8          --   Gb  - Linker created -
?main                        0x3f09         Code  Gb  cmain.o [4]
Aldata                  0x2000'1a14    0x8  Data  Lc  heap0.o [2]
AppRobotMotorDriveSensorEnable
                             0x3b75   0x20  Code  Lc  app.o [1]
AppTaskStart                 0x3ac5   0x68  Code  Lc  app.o [1]
AppTaskStartStk         0x2000'0648  0x200  Data  Lc  app.o [1]
AppTaskStartTCB         0x2000'1650   0x8c  Data  Lc  app.o [1]
AppTaskThreeStk         0x2000'0848  0x200  Data  Lc  app.o [1]
AppTaskThreeTCB         0x2000'16dc   0x8c  Data  Lc  app.o [1]
AppTaskTwo                   0x3b2d   0x48  Code  Lc  app.o [1]
App_BusFault_ISR             0x3fc9    0x2  Code  Lc  app_vect.o [1]
App_Fault_ISR                0x3fc7    0x2  Code  Lc  app_vect.o [1]
App_MemFault_ISR             0x3fcd    0x2  Code  Lc  app_vect.o [1]
App_NMI_ISR                  0x3fc5    0x2  Code  Lc  app_vect.o [1]
App_Spurious_ISR             0x3fcf    0x2  Code  Lc  app_vect.o [1]
App_UsageFault_ISR           0x3fcb    0x2  Code  Lc  app_vect.o [1]
BSP_BumpSensorsInit          0x308d   0x1a  Code  Gb  bsp_sensors.o [1]
BSP_CPUClkFreq               0x20d1   0x12  Code  Gb  bsp.o [1]
BSP_CPU_ClkFreq_MHz     0x2000'1a1c    0x4  Data  Gb  bsp.o [1]
BSP_DisplayClear             0x2e0b   0x4c  Code  Gb  bsp_display.o [1]
BSP_DisplayInit              0x2e8d   0xd2  Code  Gb  bsp_display.o [1]
BSP_DisplayOn                0x2e57   0x36  Code  Gb  bsp_display.o [1]
BSP_DisplayWriteArray        0x2d8d   0x3e  Code  Lc  bsp_display.o [1]
BSP_DisplayWriteByte         0x2d5b   0x32  Code  Lc  bsp_display.o [1]
BSP_DisplayWriteFinal        0x2dcb   0x40  Code  Lc  bsp_display.o [1]
BSP_DisplayWriteFirst        0x2d35   0x26  Code  Lc  bsp_display.o [1]
BSP_Init                     0x206d   0x64  Code  Gb  bsp.o [1]
BSP_IntDisAll                0x2add    0x8  Code  Gb  bsp_int.o [1]
BSP_IntEn                    0x2ae5   0x10  Code  Gb  bsp_int.o [1]
BSP_IntHandler               0x2d0b   0x20  Code  Lc  bsp_int.o [1]
BSP_IntHandlerADC0           0x2b8f    0xa  Code  Gb  bsp_int.o [1]
BSP_IntHandlerADC1           0x2b99    0xa  Code  Gb  bsp_int.o [1]
BSP_IntHandlerADC1_0         0x2cc5    0xa  Code  Gb  bsp_int.o [1]
BSP_IntHandlerADC1_1         0x2ccf    0xa  Code  Gb  bsp_int.o [1]
BSP_IntHandlerADC1_2         0x2cd9    0xa  Code  Gb  bsp_int.o [1]
BSP_IntHandlerADC1_3         0x2ce3    0xa  Code  Gb  bsp_int.o [1]
BSP_IntHandlerADC2           0x2ba3    0xa  Code  Gb  bsp_int.o [1]
BSP_IntHandlerADC3           0x2bad    0xa  Code  Gb  bsp_int.o [1]
BSP_IntHandlerCAN0           0x2c7f    0xa  Code  Gb  bsp_int.o [1]
BSP_IntHandlerCAN1           0x2c89    0xa  Code  Gb  bsp_int.o [1]
BSP_IntHandlerCOMP0          0x2bfd    0xa  Code  Gb  bsp_int.o [1]
BSP_IntHandlerCOMP1          0x2c07    0xa  Code  Gb  bsp_int.o [1]
BSP_IntHandlerCOMP2          0x2c11    0xa  Code  Gb  bsp_int.o [1]
BSP_IntHandlerDummy          0x2d31    0x2  Code  Lc  bsp_int.o [1]
BSP_IntHandlerEPI            0x2cf7    0xa  Code  Gb  bsp_int.o [1]
BSP_IntHandlerETH            0x2c93    0xa  Code  Gb  bsp_int.o [1]
BSP_IntHandlerFLASH          0x2c25    0xa  Code  Gb  bsp_int.o [1]
BSP_IntHandlerGPIOA          0x2b35    0xa  Code  Gb  bsp_int.o [1]
BSP_IntHandlerGPIOB          0x2b3f    0xa  Code  Gb  bsp_int.o [1]
BSP_IntHandlerGPIOC          0x2b49    0xa  Code  Gb  bsp_int.o [1]
BSP_IntHandlerGPIOD          0x2b53    0xa  Code  Gb  bsp_int.o [1]
BSP_IntHandlerGPIOE          0x2b5d    0xa  Code  Gb  bsp_int.o [1]
BSP_IntHandlerGPIOF          0x2c2f    0xa  Code  Gb  bsp_int.o [1]
BSP_IntHandlerGPIOG          0x2c39    0xa  Code  Gb  bsp_int.o [1]
BSP_IntHandlerGPIOH          0x2c43    0xa  Code  Gb  bsp_int.o [1]
BSP_IntHandlerGPIOJ          0x2d01    0xa  Code  Gb  bsp_int.o [1]
BSP_IntHandlerHIBERNATE
                             0x2c9d    0xa  Code  Gb  bsp_int.o [1]
BSP_IntHandlerI2C0           0x2b85    0xa  Code  Gb  bsp_int.o [1]
BSP_IntHandlerI2C1           0x2c75    0xa  Code  Gb  bsp_int.o [1]
BSP_IntHandlerI2S0           0x2ced    0xa  Code  Gb  bsp_int.o [1]
BSP_IntHandlerSSI0           0x2b7b    0xa  Code  Gb  bsp_int.o [1]
BSP_IntHandlerSSI1           0x2c57    0xa  Code  Gb  bsp_int.o [1]
BSP_IntHandlerSYSCTL         0x2c1b    0xa  Code  Gb  bsp_int.o [1]
BSP_IntHandlerTIMER0A        0x2bc1    0xa  Code  Gb  bsp_int.o [1]
BSP_IntHandlerTIMER0B        0x2bcb    0xa  Code  Gb  bsp_int.o [1]
BSP_IntHandlerTIMER1A        0x2bd5    0xa  Code  Gb  bsp_int.o [1]
BSP_IntHandlerTIMER1B        0x2bdf    0xa  Code  Gb  bsp_int.o [1]
BSP_IntHandlerTIMER2A        0x2be9    0xa  Code  Gb  bsp_int.o [1]
BSP_IntHandlerTIMER2B        0x2bf3    0xa  Code  Gb  bsp_int.o [1]
BSP_IntHandlerTIMER3A        0x2c61    0xa  Code  Gb  bsp_int.o [1]
BSP_IntHandlerTIMER3B        0x2c6b    0xa  Code  Gb  bsp_int.o [1]
BSP_IntHandlerUART0          0x2b67    0xa  Code  Gb  bsp_int.o [1]
BSP_IntHandlerUART1          0x2b71    0xa  Code  Gb  bsp_int.o [1]
BSP_IntHandlerUART2          0x2c4d    0xa  Code  Gb  bsp_int.o [1]
BSP_IntHandlerUDMA_ERR       0x2cbb    0xa  Code  Gb  bsp_int.o [1]
BSP_IntHandlerUDMA_SW        0x2cb1    0xa  Code  Gb  bsp_int.o [1]
BSP_IntHandlerUSB            0x2ca7    0xa  Code  Gb  bsp_int.o [1]
BSP_IntHandlerWATCHDOG       0x2bb7    0xa  Code  Gb  bsp_int.o [1]
BSP_IntInit                  0x2b1d   0x18  Code  Gb  bsp_int.o [1]
BSP_IntVectSet               0x2af5   0x28  Code  Gb  bsp_int.o [1]
BSP_IntVectTbl          0x2000'1448  0x118  Data  Lc  bsp_int.o [1]
BSP_LED_Off                  0x2fef   0x36  Code  Gb  bsp_io.o [1]
BSP_LED_On                   0x2fb9   0x36  Code  Gb  bsp_io.o [1]
BSP_LED_Toggle               0x3025   0x60  Code  Gb  bsp_io.o [1]
BSP_LEDsInit                 0x2fa7   0x12  Code  Gb  bsp_io.o [1]
BSP_MotorStop                0x32d3   0x34  Code  Gb  bsp_motor.o [1]
BSP_MotorsInit               0x31f1   0xe2  Code  Gb  bsp_motor.o [1]
BSP_PushButtonsInit          0x2f8d   0x1a  Code  Gb  bsp_io.o [1]
BSP_WheelSensorEnable        0x314f    0xe  Code  Gb  bsp_sensors.o [1]
BSP_WheelSensorIntEnable
                             0x315d   0x86  Code  Gb  bsp_sensors.o [1]
BSP_WheelSensorsInit         0x30a7   0xa8  Code  Gb  bsp_sensors.o [1]
CPU_CntLeadZeros             0x1c23         Code  Gb  cpu_a.o [1]
CPU_Init                     0x1c39   0x10  Code  Gb  cpu_core.o [1]
CPU_IntDis                   0x1c0d         Code  Gb  cpu_a.o [1]
CPU_IntDisMeasCtr       0x2000'1a90    0x2  Data  Gb  cpu_core.o [1]
CPU_IntDisMeasInit           0x1d13   0x78  Code  Lc  cpu_core.o [1]
CPU_IntDisMeasMaxCalc        0x1d8b   0x12  Code  Lc  cpu_core.o [1]
CPU_IntDisMeasMaxCurGet
                             0x1c8d   0x18  Code  Gb  cpu_core.o [1]
CPU_IntDisMeasMaxCurReset
                             0x1c71   0x1c  Code  Gb  cpu_core.o [1]
CPU_IntDisMeasMaxCur_cnts
                        0x2000'1a34    0x4  Data  Gb  cpu_core.o [1]
CPU_IntDisMeasMax_cnts  0x2000'1a38    0x4  Data  Gb  cpu_core.o [1]
CPU_IntDisMeasOvrhd_cnts
                        0x2000'1a30    0x4  Data  Gb  cpu_core.o [1]
CPU_IntDisMeasStart          0x1ca5   0x22  Code  Gb  cpu_core.o [1]
CPU_IntDisMeasStart_cnts
                        0x2000'1a28    0x4  Data  Gb  cpu_core.o [1]
CPU_IntDisMeasStop           0x1cc7   0x36  Code  Gb  cpu_core.o [1]
CPU_IntDisMeasStop_cnts
                        0x2000'1a2c    0x4  Data  Gb  cpu_core.o [1]
CPU_IntDisNestCtr       0x2000'1a92    0x2  Data  Gb  cpu_core.o [1]
CPU_IntEn                    0x1c11         Code  Gb  cpu_a.o [1]
CPU_IntSrcEn                 0x3325  0x126  Code  Gb  cpu_c.o [1]
CPU_Name                0x2000'19fc   0x10  Data  Gb  cpu_core.o [1]
CPU_NameClr                  0x1c49   0x22  Code  Gb  cpu_core.o [1]
CPU_NameInit                 0x1cfd    0x8  Code  Lc  cpu_core.o [1]
CPU_RevBits                  0x1c29         Code  Gb  cpu_a.o [1]
CPU_SR_Restore               0x1c1d         Code  Gb  cpu_a.o [1]
CPU_SR_Save                  0x1c15         Code  Gb  cpu_a.o [1]
CPU_TS_Init                  0x1d05    0xe  Code  Lc  cpu_core.o [1]
CPU_TS_TmrFreqSet            0x1c6b    0x6  Code  Gb  cpu_core.o [1]
CPU_TS_TmrFreq_Hz       0x2000'1a24    0x4  Data  Gb  cpu_core.o [1]
CPU_TS_TmrInit               0x1e45   0x16  Code  Gb  cpu_bsp.o [1]
CPU_TS_TmrRd                 0x1e5b    0x6  Code  Gb  cpu_bsp.o [1]
CPU_WaitForExcept            0x1c33         Code  Gb  cpu_a.o [1]
CPU_WaitForInt               0x1c2f         Code  Gb  cpu_a.o [1]
CSTACK$$Base            0x2000'1aa8          --   Gb  - Linker created -
CSTACK$$Limit           0x2000'1ea8          --   Gb  - Linker created -
CommMem2                0x2000'19dc   0x20  Data  Gb  app.o [1]
GPIODirModeSet               0x3521   0x52  Code  Gb  gpio.o [1]
GPIOIntTypeSet               0x3573   0x78  Code  Gb  gpio.o [1]
GPIOPadConfigSet             0x35eb  0x15c  Code  Gb  gpio.o [1]
GPIOPinConfigure             0x3817   0x46  Code  Gb  gpio.o [1]
GPIOPinIntClear              0x3787    0xc  Code  Gb  gpio.o [1]
GPIOPinIntDisable            0x375b   0x14  Code  Gb  gpio.o [1]
GPIOPinIntEnable             0x3747   0x14  Code  Gb  gpio.o [1]
GPIOPinIntStatus             0x376f   0x18  Code  Gb  gpio.o [1]
GPIOPinRead                  0x3793    0xa  Code  Gb  gpio.o [1]
GPIOPinTypeGPIOInput         0x37b1   0x22  Code  Gb  gpio.o [1]
GPIOPinTypeGPIOOutput        0x37d3   0x22  Code  Gb  gpio.o [1]
GPIOPinTypeI2C               0x37f5   0x22  Code  Gb  gpio.o [1]
GPIOPinWrite                 0x379d   0x14  Code  Gb  gpio.o [1]
I2CMasterControl             0x34ed    0x6  Code  Gb  i2c.o [1]
I2CMasterDataPut             0x3513    0xc  Code  Gb  i2c.o [1]
I2CMasterEnable              0x3493   0x12  Code  Gb  i2c.o [1]
I2CMasterErr                 0x34f3   0x20  Code  Gb  i2c.o [1]
I2CMasterInitExpClk          0x345d   0x36  Code  Gb  i2c.o [1]
I2CMasterIntStatus           0x34a5   0x2c  Code  Gb  i2c.o [1]
I2CMasterSlaveAddrSet        0x34d9   0x14  Code  Gb  i2c.o [1]
IntWheelSensor               0x3b95   0xbc  Code  Gb  app.o [1]
IntWheelSensor::CountL  0x2000'1a9e    0x1  Data  Lc  app.o [1]
IntWheelSensor::CountR  0x2000'1a9f    0x1  Data  Lc  app.o [1]
IntWheelSensor::data    0x2000'1aa0    0x1  Data  Lc  app.o [1]
Left_tgt                0x2000'1a9c    0x1  Data  Gb  app.o [1]
Mem_Clr                      0x200d    0xc  Code  Gb  lib_mem.o [1]
Mem_Set                      0x2019   0x54  Code  Gb  lib_mem.o [1]
OSCfg_DataSizeRAM            0x405c    0x4  Data  Gb  os_cfg_app.o [1]
OSCfg_ISRStk            0x2000'0e48  0x200  Data  Gb  os_cfg_app.o [1]
OSCfg_ISRStkBasePtr          0x4014    0x4  Data  Gb  os_cfg_app.o [1]
OSCfg_ISRStkSize             0x4018    0x4  Data  Gb  os_cfg_app.o [1]
OSCfg_ISRStkSizeRAM          0x401c    0x4  Data  Gb  os_cfg_app.o [1]
OSCfg_IdleTaskStk       0x2000'0c48  0x200  Data  Gb  os_cfg_app.o [1]
OSCfg_IdleTaskStkBasePtr
                             0x4004    0x4  Data  Gb  os_cfg_app.o [1]
OSCfg_IdleTaskStkLimit       0x4008    0x4  Data  Gb  os_cfg_app.o [1]
OSCfg_IdleTaskStkSize        0x400c    0x4  Data  Gb  os_cfg_app.o [1]
OSCfg_IdleTaskStkSizeRAM
                             0x4010    0x4  Data  Gb  os_cfg_app.o [1]
OSCfg_Init                   0x1b61   0xac  Code  Gb  os_cfg_app.o [1]
OSCfg_MsgPool           0x2000'0008  0x640  Data  Gb  os_cfg_app.o [1]
OSCfg_MsgPoolBasePtr         0x4024    0x4  Data  Gb  os_cfg_app.o [1]
OSCfg_MsgPoolSize            0x1c36    0x2  Data  Gb  os_cfg_app.o [1]
OSCfg_MsgPoolSizeRAM         0x4020    0x4  Data  Gb  os_cfg_app.o [1]
OSCfg_StkSizeMin             0x4028    0x4  Data  Gb  os_cfg_app.o [1]
OSCfg_TickRate_Hz            0x402c    0x4  Data  Gb  os_cfg_app.o [1]
OSCfg_TickTaskPrio           0x408e    0x1  Data  Gb  os_cfg_app.o [1]
OSCfg_TickTaskStk       0x2000'1048  0x200  Data  Gb  os_cfg_app.o [1]
OSCfg_TickTaskStkBasePtr
                             0x4030    0x4  Data  Gb  os_cfg_app.o [1]
OSCfg_TickTaskStkLimit       0x4034    0x4  Data  Gb  os_cfg_app.o [1]
OSCfg_TickTaskStkSize        0x4038    0x4  Data  Gb  os_cfg_app.o [1]
OSCfg_TickTaskStkSizeRAM
                             0x403c    0x4  Data  Gb  os_cfg_app.o [1]
OSCfg_TickWheel         0x2000'190c   0x68  Data  Gb  os_cfg_app.o [1]
OSCfg_TickWheelSize          0x2d32    0x2  Data  Gb  os_cfg_app.o [1]
OSCfg_TickWheelSizeRAM       0x4040    0x4  Data  Gb  os_cfg_app.o [1]
OSCfg_TmrTaskPrio            0x408f    0x1  Data  Gb  os_cfg_app.o [1]
OSCfg_TmrTaskRate_Hz         0x4044    0x4  Data  Gb  os_cfg_app.o [1]
OSCfg_TmrTaskStk        0x2000'1248  0x200  Data  Gb  os_cfg_app.o [1]
OSCfg_TmrTaskStkBasePtr
                             0x4048    0x4  Data  Gb  os_cfg_app.o [1]
OSCfg_TmrTaskStkLimit        0x404c    0x4  Data  Gb  os_cfg_app.o [1]
OSCfg_TmrTaskStkSize         0x4050    0x4  Data  Gb  os_cfg_app.o [1]
OSCfg_TmrTaskStkSizeRAM
                             0x4054    0x4  Data  Gb  os_cfg_app.o [1]
OSCfg_TmrWheel          0x2000'1974   0x68  Data  Gb  os_cfg_app.o [1]
OSCfg_TmrWheelSize           0x351e    0x2  Data  Gb  os_cfg_app.o [1]
OSCfg_TmrWheelSizeRAM        0x4058    0x4  Data  Gb  os_cfg_app.o [1]
OSDbg_AppHooksEn             0x4091    0x1  Data  Gb  os_dbg.o [1]
OSDbg_ArgChkEn               0x4090    0x1  Data  Gb  os_dbg.o [1]
OSDbg_CalledFromISRChkEn
                             0x4092    0x1  Data  Gb  os_dbg.o [1]
OSDbg_DataSize               0x4068    0x4  Data  Gb  os_dbg.o [1]
OSDbg_DbgEn                  0x392e    0x2  Data  Gb  os_dbg.o [1]
OSDbg_EndiannessTest         0x4060    0x4  Data  Gb  os_dbg.o [1]
OSDbg_FlagEn                 0x4093    0x1  Data  Gb  os_dbg.o [1]
OSDbg_FlagGrp                0x3e4c   0x28  Data  Gb  os_dbg.o [1]
OSDbg_ISRPostDeferredEn
                             0x4094    0x1  Data  Gb  os_dbg.o [1]
OSDbg_Mem                    0x3ee8   0x20  Data  Gb  os_dbg.o [1]
OSDbg_MemEn                  0x4095    0x1  Data  Gb  os_dbg.o [1]
OSDbg_MemSize                0x393a    0x2  Data  Gb  os_dbg.o [1]
OSDbg_MsgEn                  0x4096    0x1  Data  Gb  os_dbg.o [1]
OSDbg_MsgPoolSize            0x406c    0x2  Data  Gb  os_dbg.o [1]
OSDbg_MsgQSize               0x406e    0x2  Data  Gb  os_dbg.o [1]
OSDbg_MsgSize                0x3f2a    0x2  Data  Gb  os_dbg.o [1]
OSDbg_Mutex                  0x3df4   0x2c  Data  Gb  os_dbg.o [1]
OSDbg_MutexDelEn             0x4098    0x1  Data  Gb  os_dbg.o [1]
OSDbg_MutexEn                0x4097    0x1  Data  Gb  os_dbg.o [1]
OSDbg_MutexPendAbortEn       0x4099    0x1  Data  Gb  os_dbg.o [1]
OSDbg_MutexSize              0x4070    0x2  Data  Gb  os_dbg.o [1]
OSDbg_ObjTypeChkEn           0x409a    0x1  Data  Gb  os_dbg.o [1]
OSDbg_PendDataSize           0x4072    0x2  Data  Gb  os_dbg.o [1]
OSDbg_PendListSize           0x4074    0x2  Data  Gb  os_dbg.o [1]
OSDbg_PendMultiEn            0x409b    0x1  Data  Gb  os_dbg.o [1]
OSDbg_PendObjSize            0x4076    0x2  Data  Gb  os_dbg.o [1]
OSDbg_PrioMax                0x4078    0x2  Data  Gb  os_dbg.o [1]
OSDbg_PrioTblSize            0x407a    0x2  Data  Gb  os_dbg.o [1]
OSDbg_PtrSize                0x407c    0x2  Data  Gb  os_dbg.o [1]
OSDbg_Q                      0x3dc4   0x30  Data  Gb  os_dbg.o [1]
OSDbg_QDelEn                 0x409d    0x1  Data  Gb  os_dbg.o [1]
OSDbg_QEn                    0x409c    0x1  Data  Gb  os_dbg.o [1]
OSDbg_QFlushEn               0x409e    0x1  Data  Gb  os_dbg.o [1]
OSDbg_QPendAbortEn           0x409f    0x1  Data  Gb  os_dbg.o [1]
OSDbg_QSize                  0x407e    0x2  Data  Gb  os_dbg.o [1]
OSDbg_RdyList                0x4080    0x2  Data  Gb  os_dbg.o [1]
OSDbg_RdyListSize            0x4064    0x4  Data  Gb  os_dbg.o [1]
OSDbg_SchedRoundRobinEn
                             0x40a0    0x1  Data  Gb  os_dbg.o [1]
OSDbg_Sem                    0x3e74   0x28  Data  Gb  os_dbg.o [1]
OSDbg_SemEn                  0x40a1    0x1  Data  Gb  os_dbg.o [1]
OSDbg_StatTaskEn             0x40a3    0x1  Data  Gb  os_dbg.o [1]
OSDbg_StatTaskStkChkEn       0x40a4    0x1  Data  Gb  os_dbg.o [1]
OSDbg_StkWidth               0x40a2    0x1  Data  Gb  os_dbg.o [1]
OSDbg_TCBSize                0x4084    0x2  Data  Gb  os_dbg.o [1]
OSDbg_TaskChangePrioEn       0x40a5    0x1  Data  Gb  os_dbg.o [1]
OSDbg_TaskDelEn              0x40a6    0x1  Data  Gb  os_dbg.o [1]
OSDbg_TaskProfileEn          0x40a9    0x1  Data  Gb  os_dbg.o [1]
OSDbg_TaskQEn                0x40a7    0x1  Data  Gb  os_dbg.o [1]
OSDbg_TaskQPendAbortEn       0x40a8    0x1  Data  Gb  os_dbg.o [1]
OSDbg_TaskRegTblSize         0x4082    0x2  Data  Gb  os_dbg.o [1]
OSDbg_TaskSemPendAbortEn
                             0x40aa    0x1  Data  Gb  os_dbg.o [1]
OSDbg_TaskSuspendEn          0x40ab    0x1  Data  Gb  os_dbg.o [1]
OSDbg_TickSpokeSize          0x4086    0x2  Data  Gb  os_dbg.o [1]
OSDbg_TimeDlyHMSMEn          0x40ac    0x1  Data  Gb  os_dbg.o [1]
OSDbg_TimeDlyResumeEn        0x40ad    0x1  Data  Gb  os_dbg.o [1]
OSDbg_Tmr                    0x3d90   0x34  Data  Gb  os_dbg.o [1]
OSDbg_TmrDelEn               0x40af    0x1  Data  Gb  os_dbg.o [1]
OSDbg_TmrEn                  0x40ae    0x1  Data  Gb  os_dbg.o [1]
OSDbg_TmrSize                0x4088    0x2  Data  Gb  os_dbg.o [1]
OSDbg_TmrSpokeSize           0x408a    0x2  Data  Gb  os_dbg.o [1]
OSDbg_VersionNbr             0x408c    0x2  Data  Gb  os_dbg.o [1]
OSIdleTaskCtr           0x2000'1a44    0x4  Data  Gb  os_var.o [1]
OSIdleTaskHook                0x9b5    0x2  Code  Gb  os_cpu_c.o [1]
OSIdleTaskTCB           0x2000'1768   0x8c  Data  Gb  os_var.o [1]
OSInit                        0x11d   0xce  Code  Gb  os_core.o [1]
OSInitHook                    0x9b7   0x14  Code  Gb  os_cpu_c.o [1]
OSIntEnter                    0x1eb   0x1c  Code  Gb  os_core.o [1]
OSIntExit                     0x207   0x98  Code  Gb  os_core.o [1]
OSIntNestingCtr         0x2000'1aa1    0x1  Data  Gb  os_var.o [1]
OSMemCreate                  0x14f1   0x9a  Code  Gb  os_mem.o [1]
OSMemDbgListPtr         0x2000'1a48    0x4  Data  Gb  os_var.o [1]
OSMemGet                     0x158b   0x4a  Code  Gb  os_mem.o [1]
OSMemQty                0x2000'1a94    0x2  Data  Gb  os_var.o [1]
OSMsgPool               0x2000'1a0c    0x8  Data  Gb  os_var.o [1]
OSMutexDbgListPtr       0x2000'1a4c    0x4  Data  Gb  os_var.o [1]
OSMutexQty              0x2000'1a96    0x2  Data  Gb  os_var.o [1]
OSPrioCur               0x2000'1aa3    0x1  Data  Gb  os_var.o [1]
OSPrioHighRdy           0x2000'1aa4    0x1  Data  Gb  os_var.o [1]
OSPrioTbl               0x2000'1a40    0x4  Data  Gb  os_prio.o [1]
OSQDbgListPtr           0x2000'1a50    0x4  Data  Gb  os_var.o [1]
OSQQty                  0x2000'1a98    0x2  Data  Gb  os_var.o [1]
OSRdyList               0x2000'1560   0xf0  Data  Gb  os_var.o [1]
OSRunning               0x2000'1aa2    0x1  Data  Gb  os_var.o [1]
OSSched                       0x29f   0x6a  Code  Gb  os_core.o [1]
OSSchedLock                   0x309   0x60  Code  Gb  os_core.o [1]
OSSchedLockNestingCtr   0x2000'1aa5    0x1  Data  Gb  os_var.o [1]
OSSchedLockTimeBegin    0x2000'1a54    0x4  Data  Gb  os_var.o [1]
OSSchedLockTimeMax      0x2000'1a58    0x4  Data  Gb  os_var.o [1]
OSSchedLockTimeMaxCur   0x2000'1a5c    0x4  Data  Gb  os_var.o [1]
OSSchedUnlock                 0x369   0x7c  Code  Gb  os_core.o [1]
OSStart                       0x3e5   0x52  Code  Gb  os_core.o [1]
OSStartHighRdy               0x1dc1         Code  Gb  os_cpu_a.o [1]
OSTCBCurPtr             0x2000'1a84    0x4  Data  Gb  os_var.o [1]
OSTCBHighRdyPtr         0x2000'1a88    0x4  Data  Gb  os_var.o [1]
OSTaskCreate                  0xb85  0x120  Code  Gb  os_task.o [1]
OSTaskCreateHook              0x9cb    0x2  Code  Gb  os_cpu_c.o [1]
OSTaskCreateRecursive        0x1ead   0xf8  Code  Gb  OS_RecTaskServices.o [1]
OSTaskCtxSwCtr          0x2000'1a60    0x4  Data  Gb  os_var.o [1]
OSTaskDbgListPtr        0x2000'1a64    0x4  Data  Gb  os_var.o [1]
OSTaskDel                     0xca5   0xfe  Code  Gb  os_task.o [1]
OSTaskDelHook                 0x9cd    0x2  Code  Gb  os_cpu_c.o [1]
OSTaskQty               0x2000'1a9a    0x2  Data  Gb  os_var.o [1]
OSTaskReturnHook              0x9cf    0x2  Code  Gb  os_cpu_c.o [1]
OSTaskSemPend                 0xda3  0x126  Code  Gb  os_task.o [1]
OSTaskSemPost                 0xec9   0x1c  Code  Gb  os_task.o [1]
OSTaskStkInit                 0x9d1   0x7e  Code  Gb  os_cpu_c.o [1]
OSTaskSwHook                  0xa4f   0x2c  Code  Gb  os_cpu_c.o [1]
OSTickCtr               0x2000'1a68    0x4  Data  Gb  os_var.o [1]
OSTickTaskTCB           0x2000'17f4   0x8c  Data  Gb  os_var.o [1]
OSTickTaskTimeMax       0x2000'1a6c    0x4  Data  Gb  os_var.o [1]
OSTimeTick                   0x1e69   0x30  Code  Gb  os_time.o [1]
OSTimeTickHook                0xa7b    0x2  Code  Gb  os_cpu_c.o [1]
OSTmrDbgListPtr         0x2000'1a70    0x4  Data  Gb  os_var.o [1]
OSTmrTaskTCB            0x2000'1880   0x8c  Data  Gb  os_var.o [1]
OSTmrTaskTimeMax        0x2000'1a74    0x4  Data  Gb  os_var.o [1]
OSTmrTickCtr            0x2000'1a78    0x4  Data  Gb  os_var.o [1]
OSTmrUpdateCnt          0x2000'1a7c    0x4  Data  Gb  os_var.o [1]
OSTmrUpdateCtr          0x2000'1a80    0x4  Data  Gb  os_var.o [1]
OS_CPU_ExceptStkBase    0x2000'1a3c    0x4  Data  Gb  os_cpu_c.o [1]
OS_CPU_PendSVHandler         0x1ddf         Code  Gb  os_cpu_a.o [1]
OS_CPU_SysTickHandler         0xa7d   0x2a  Code  Gb  os_cpu_c.o [1]
OS_CPU_SysTickInit            0xaa7   0x24  Code  Gb  os_cpu_c.o [1]
OS_Dbg_Init                  0x19f1  0x170  Code  Gb  os_dbg.o [1]
OS_IdleTask                   0x437   0x28  Code  Gb  os_core.o [1]
OS_IdleTaskInit               0x45f   0x50  Code  Gb  os_core.o [1]
OS_MemDbgListAdd             0x15d5   0x1e  Code  Gb  os_mem.o [1]
OS_MemInit                   0x15f3   0x12  Code  Gb  os_mem.o [1]
OS_MsgPoolCreate             0x1619   0x40  Code  Gb  os_msg.o [1]
OS_MsgPoolInit               0x1659   0x24  Code  Gb  os_msg.o [1]
OS_MsgQFreeAll               0x167d   0x3e  Code  Gb  os_msg.o [1]
OS_MsgQInit                  0x16bb   0x14  Code  Gb  os_msg.o [1]
OS_MutexInit                 0x16dd   0x12  Code  Gb  os_mutex.o [1]
OS_Pend                       0x4af   0x54  Code  Gb  os_core.o [1]
OS_PendDataInit               0x503   0x38  Code  Gb  os_core.o [1]
OS_PendDbgNameAdd             0x53b   0x42  Code  Gb  os_core.o [1]
OS_PendDbgNameRemove          0x57d   0x1c  Code  Gb  os_core.o [1]
OS_PendListInsertPrio         0x59d   0x72  Code  Gb  os_core.o [1]
OS_PendListRemove             0x60f   0x2a  Code  Gb  os_core.o [1]
OS_PendListRemove1            0x639   0x48  Code  Gb  os_core.o [1]
OS_Post                       0x681   0xc0  Code  Gb  os_core.o [1]
OS_Post1                      0x741   0x28  Code  Gb  os_core.o [1]
OS_PrioGetHighest             0xb09   0x20  Code  Gb  os_prio.o [1]
OS_PrioInit                   0xaf5   0x14  Code  Gb  os_prio.o [1]
OS_PrioInsert                 0xb29   0x2a  Code  Gb  os_prio.o [1]
OS_PrioRemove                 0xb53   0x2c  Code  Gb  os_prio.o [1]
OS_QInit                     0x16f9   0x12  Code  Gb  os_q.o [1]
OS_RdyListInit                0x769   0x2a  Code  Gb  os_core.o [1]
OS_RdyListInsert              0x793   0x28  Code  Gb  os_core.o [1]
OS_RdyListInsertHead          0x7bb   0x3a  Code  Gb  os_core.o [1]
OS_RdyListInsertTail          0x7f5   0x38  Code  Gb  os_core.o [1]
OS_RdyListRemove              0x82d   0x5c  Code  Gb  os_core.o [1]
OS_SchedLockTimeMeasStart
                              0x889   0x14  Code  Gb  os_core.o [1]
OS_SchedLockTimeMeasStop
                              0x89d   0x2a  Code  Gb  os_core.o [1]
OS_TaskBlock                  0x929   0x38  Code  Gb  os_core.o [1]
OS_TaskDbgListAdd             0xee5   0x26  Code  Gb  os_task.o [1]
OS_TaskDbgListRemove          0xf0b   0x4a  Code  Gb  os_task.o [1]
OS_TaskInit                   0xf55   0x18  Code  Gb  os_task.o [1]
OS_TaskInitTCB                0xf6d   0xa8  Code  Gb  os_task.o [1]
OS_TaskRdy                    0x961   0x1a  Code  Gb  os_core.o [1]
OS_TaskReturn                0x1015   0x14  Code  Gb  os_task.o [1]
OS_TaskSemPost               0x1029   0xd4  Code  Gb  os_task.o [1]
OS_TickListInit              0x11bf   0x2e  Code  Gb  os_tick.o [1]
OS_TickListInsert            0x11ed  0x11c  Code  Gb  os_tick.o [1]
OS_TickListRemove            0x1309   0x42  Code  Gb  os_tick.o [1]
OS_TickListUpdate            0x134b  0x170  Code  Gb  os_tick.o [1]
OS_TickTask                  0x1129   0x26  Code  Gb  os_tick.o [1]
OS_TickTaskInit              0x114f   0x70  Code  Gb  os_tick.o [1]
OS_TmrInit                   0x1715   0xd6  Code  Gb  os_tmr.o [1]
OS_TmrLink                   0x17eb   0xd0  Code  Gb  os_tmr.o [1]
OS_TmrTask                   0x1909   0xa6  Code  Gb  os_tmr.o [1]
OS_TmrUnlink                 0x18bb   0x4c  Code  Gb  os_tmr.o [1]
PWMGenConfigure              0x3869   0x3c  Code  Gb  pwm.o [1]
PWMGenEnable                 0x38c7    0xe  Code  Gb  pwm.o [1]
PWMGenPeriodSet              0x38a5   0x22  Code  Gb  pwm.o [1]
PWMOutputState               0x3903   0x2c  Code  Gb  pwm.o [1]
PWMPulseWidthSet             0x38d5   0x2e  Code  Gb  pwm.o [1]
RBFindMin                    0x23ad    0xc  Code  Gb  RBTree2.o [1]
Region$$Table$$Base          0x3ec4          --   Gb  - Linker created -
Region$$Table$$Limit         0x3ee8          --   Gb  - Linker created -
Right_tgt               0x2000'1a9d    0x1  Data  Gb  app.o [1]
SysCtlClockGet               0x28c9  0x1a2  Code  Gb  sysctl.o [1]
SysCtlClockSet               0x275d  0x16c  Code  Gb  sysctl.o [1]
SysCtlDelay                  0x2755    0x8  Code  Gb  sysctl.o [1]
SysCtlPWMClockSet            0x2a6b    0xe  Code  Gb  sysctl.o [1]
SysCtlPeripheralEnable       0x2729   0x2c  Code  Gb  sysctl.o [1]
SysCtlPeripheralReset        0x26c9   0x60  Code  Gb  sysctl.o [1]
__basic_free                 0x393d   0x16  Code  Gb  heap0.o [2]
__basic_free_intern          0x3953   0x7a  Code  Lc  heap0.o [2]
__cmain                      0x3f09         Code  Gb  cmain.o [4]
__exit                       0x39d1   0x14  Code  Gb  exit.o [5]
__iar_close_ttio             0x39e5   0x2e  Code  Gb  iarttio.o [5]
__iar_copy_init3             0x3e21   0x2c  Code  Gb  copy_init3.o [4]
__iar_data_init3             0x3e9d   0x28  Code  Gb  data_init.o [4]
__iar_lookup_ttioh           0x3a15    0x4  Code  Gb  XShttio.o [2]
__iar_program_start          0x3fd1         Code  Gb  cstartup_M.o [4]
__iar_ttio_handles      0x2000'0000    0x8  Data  Lc  XShttio.o [2]
__iar_zero_init3              0x97b   0x3a  Code  Gb  zero_init3.o [4]
__low_level_init             0x3f27    0x4  Code  Gb  low_level_init.o [2]
__vector_table                  0x0  0x11c  Data  Gb  app_vect.o [1]
_call_main                   0x3f15         Code  Gb  cmain.o [4]
_exit                        0x3931         Code  Gb  cexit.o [4]
_main                        0x3f23         Code  Gb  cmain.o [4]
append                       0x266d   0x2a  Code  Gb  linkedList.o [1]
color_delete                 0x23eb  0x162  Code  Gb  RBTree2.o [1]
color_insert                 0x21a1  0x116  Code  Gb  RBTree2.o [1]
create                       0x2615   0x52  Code  Gb  linkedList.o [1]
delete                       0x254d   0xbe  Code  Gb  RBTree2.o [1]
dispose                      0x26ab   0x1e  Code  Gb  linkedList.o [1]
exit                         0x331d    0x4  Code  Gb  exit.o [2]
free                         0x3321    0x4  Code  Gb  heaptramp0.o [2]
g_pucRITInit                 0x3cf8   0x50  Data  Lc  bsp_display.o [1]
g_pucRow1                    0x3fdc    0x8  Data  Lc  bsp_display.o [1]
g_pucRow2                    0x3fe4    0x8  Data  Lc  bsp_display.o [1]
g_pulGPIOBaseAddrs           0x3d48   0x48  Data  Lc  gpio.o [1]
g_pulRCGCRegs                0x3fb8    0xc  Data  Lc  sysctl.o [1]
g_pulSRCRRegs                0x3fac    0xc  Data  Lc  sysctl.o [1]
g_pulXtals                   0x3c9c   0x5c  Data  Lc  sysctl.o [1]
g_ulDelay               0x2000'1a20    0x4  Data  Lc  bsp_display.o [1]
insert                       0x22b7   0xd2  Code  Gb  RBTree2.o [1]
leftRotate                   0x2115   0x46  Code  Gb  RBTree2.o [1]
main                         0x3a21   0xa4  Code  Gb  app.o [1]
min                          0x23b9    0xc  Code  Gb  RBTree2.o [1]
p_addr                  0x2000'0a48  0x200  Data  Gb  app.o [1]
releaseTask                  0x1fdd   0x1e  Code  Gb  OS_RecTaskServices.o [1]
rightRotate                  0x215b   0x46  Code  Gb  RBTree2.o [1]
root                    0x2000'1a8c    0x4  Data  Gb  RBTree2.o [1]
searchRB                     0x2389   0x24  Code  Gb  RBTree2.o [1]
successor                    0x23c5   0x26  Code  Gb  RBTree2.o [1]
tickHandlerRecursion         0x1fa5   0x38  Code  Gb  OS_RecTaskServices.o [1]
traverse                     0x2697   0x14  Code  Gb  linkedList.o [1]


[1] = C:\Users\ahj\Desktop\CE4057\Source_Code_CE4057\ce4053\Micrium\Software\EvalBoards\TI\LM3S9B92-EVALBOT\IAR\uCOS-III-CE4053_PG\Flash\Obj
[2] = dl7M_tlf.a
[3] = m7M_tl.a
[4] = rt7M_tl.a
[5] = shb_l.a

  15 364 bytes of readonly  code memory
   1 196 bytes of readonly  data memory
   7 846 bytes of readwrite data memory

Errors: none
Warnings: none
