###############################################################################
#
# IAR ELF Linker V8.30.1.114/W32 for ARM                  09/Nov/2018  16:56:26
# Copyright 2007-2018 IAR Systems AB.
#
#    Output file  =  
#        C:\Users\ahj\Desktop\CE4057\Source_Code_CE4057\ce4053\Micrium\Software\EvalBoards\TI\LM3S9B92-EVALBOT\IAR\uCOS-III-CE4053_PG\Flash\Exe\uCOS-III-Ex4.out
#    Map file     =  
#        C:\Users\ahj\Desktop\CE4057\Source_Code_CE4057\ce4053\Micrium\Software\EvalBoards\TI\LM3S9B92-EVALBOT\IAR\uCOS-III-CE4053_PG\Flash\List\uCOS-III-Ex4.map
#    Command line =  
#        -f C:\Users\ahj\AppData\Local\Temp\EW9572.tmp
#        (C:\Users\ahj\Desktop\CE4057\Source_Code_CE4057\ce4053\Micrium\Software\EvalBoards\TI\LM3S9B92-EVALBOT\IAR\uCOS-III-CE4053_PG\Flash\Obj\adc.o
#        C:\Users\ahj\Desktop\CE4057\Source_Code_CE4057\ce4053\Micrium\Software\EvalBoards\TI\LM3S9B92-EVALBOT\IAR\uCOS-III-CE4053_PG\Flash\Obj\app2.o
#        C:\Users\ahj\Desktop\CE4057\Source_Code_CE4057\ce4053\Micrium\Software\EvalBoards\TI\LM3S9B92-EVALBOT\IAR\uCOS-III-CE4053_PG\Flash\Obj\app_vect.o
#        C:\Users\ahj\Desktop\CE4057\Source_Code_CE4057\ce4053\Micrium\Software\EvalBoards\TI\LM3S9B92-EVALBOT\IAR\uCOS-III-CE4053_PG\Flash\Obj\avl_tree.o
#        C:\Users\ahj\Desktop\CE4057\Source_Code_CE4057\ce4053\Micrium\Software\EvalBoards\TI\LM3S9B92-EVALBOT\IAR\uCOS-III-CE4053_PG\Flash\Obj\bsp.o
#        C:\Users\ahj\Desktop\CE4057\Source_Code_CE4057\ce4053\Micrium\Software\EvalBoards\TI\LM3S9B92-EVALBOT\IAR\uCOS-III-CE4053_PG\Flash\Obj\bsp_dac.o
#        C:\Users\ahj\Desktop\CE4057\Source_Code_CE4057\ce4053\Micrium\Software\EvalBoards\TI\LM3S9B92-EVALBOT\IAR\uCOS-III-CE4053_PG\Flash\Obj\bsp_display.o
#        C:\Users\ahj\Desktop\CE4057\Source_Code_CE4057\ce4053\Micrium\Software\EvalBoards\TI\LM3S9B92-EVALBOT\IAR\uCOS-III-CE4053_PG\Flash\Obj\bsp_int.o
#        C:\Users\ahj\Desktop\CE4057\Source_Code_CE4057\ce4053\Micrium\Software\EvalBoards\TI\LM3S9B92-EVALBOT\IAR\uCOS-III-CE4053_PG\Flash\Obj\bsp_io.o
#        C:\Users\ahj\Desktop\CE4057\Source_Code_CE4057\ce4053\Micrium\Software\EvalBoards\TI\LM3S9B92-EVALBOT\IAR\uCOS-III-CE4053_PG\Flash\Obj\bsp_motor.o
#        C:\Users\ahj\Desktop\CE4057\Source_Code_CE4057\ce4053\Micrium\Software\EvalBoards\TI\LM3S9B92-EVALBOT\IAR\uCOS-III-CE4053_PG\Flash\Obj\bsp_sensors.o
#        C:\Users\ahj\Desktop\CE4057\Source_Code_CE4057\ce4053\Micrium\Software\EvalBoards\TI\LM3S9B92-EVALBOT\IAR\uCOS-III-CE4053_PG\Flash\Obj\can.o
#        C:\Users\ahj\Desktop\CE4057\Source_Code_CE4057\ce4053\Micrium\Software\EvalBoards\TI\LM3S9B92-EVALBOT\IAR\uCOS-III-CE4053_PG\Flash\Obj\comp.o
#        C:\Users\ahj\Desktop\CE4057\Source_Code_CE4057\ce4053\Micrium\Software\EvalBoards\TI\LM3S9B92-EVALBOT\IAR\uCOS-III-CE4053_PG\Flash\Obj\cpu_.o
#        C:\Users\ahj\Desktop\CE4057\Source_Code_CE4057\ce4053\Micrium\Software\EvalBoards\TI\LM3S9B92-EVALBOT\IAR\uCOS-III-CE4053_PG\Flash\Obj\cpu_a.o
#        C:\Users\ahj\Desktop\CE4057\Source_Code_CE4057\ce4053\Micrium\Software\EvalBoards\TI\LM3S9B92-EVALBOT\IAR\uCOS-III-CE4053_PG\Flash\Obj\cpu_bsp.o
#        C:\Users\ahj\Desktop\CE4057\Source_Code_CE4057\ce4053\Micrium\Software\EvalBoards\TI\LM3S9B92-EVALBOT\IAR\uCOS-III-CE4053_PG\Flash\Obj\cpu_c.o
#        C:\Users\ahj\Desktop\CE4057\Source_Code_CE4057\ce4053\Micrium\Software\EvalBoards\TI\LM3S9B92-EVALBOT\IAR\uCOS-III-CE4053_PG\Flash\Obj\cpu_core.o
#        C:\Users\ahj\Desktop\CE4057\Source_Code_CE4057\ce4053\Micrium\Software\EvalBoards\TI\LM3S9B92-EVALBOT\IAR\uCOS-III-CE4053_PG\Flash\Obj\epi.o
#        C:\Users\ahj\Desktop\CE4057\Source_Code_CE4057\ce4053\Micrium\Software\EvalBoards\TI\LM3S9B92-EVALBOT\IAR\uCOS-III-CE4053_PG\Flash\Obj\ethernet.o
#        C:\Users\ahj\Desktop\CE4057\Source_Code_CE4057\ce4053\Micrium\Software\EvalBoards\TI\LM3S9B92-EVALBOT\IAR\uCOS-III-CE4053_PG\Flash\Obj\fatfs.o
#        C:\Users\ahj\Desktop\CE4057\Source_Code_CE4057\ce4053\Micrium\Software\EvalBoards\TI\LM3S9B92-EVALBOT\IAR\uCOS-III-CE4053_PG\Flash\Obj\flash.o
#        C:\Users\ahj\Desktop\CE4057\Source_Code_CE4057\ce4053\Micrium\Software\EvalBoards\TI\LM3S9B92-EVALBOT\IAR\uCOS-III-CE4053_PG\Flash\Obj\gpio.o
#        C:\Users\ahj\Desktop\CE4057\Source_Code_CE4057\ce4053\Micrium\Software\EvalBoards\TI\LM3S9B92-EVALBOT\IAR\uCOS-III-CE4053_PG\Flash\Obj\hibernate.o
#        C:\Users\ahj\Desktop\CE4057\Source_Code_CE4057\ce4053\Micrium\Software\EvalBoards\TI\LM3S9B92-EVALBOT\IAR\uCOS-III-CE4053_PG\Flash\Obj\i2c.o
#        C:\Users\ahj\Desktop\CE4057\Source_Code_CE4057\ce4053\Micrium\Software\EvalBoards\TI\LM3S9B92-EVALBOT\IAR\uCOS-III-CE4053_PG\Flash\Obj\i2s.o
#        C:\Users\ahj\Desktop\CE4057\Source_Code_CE4057\ce4053\Micrium\Software\EvalBoards\TI\LM3S9B92-EVALBOT\IAR\uCOS-III-CE4053_PG\Flash\Obj\interrupt.o
#        C:\Users\ahj\Desktop\CE4057\Source_Code_CE4057\ce4053\Micrium\Software\EvalBoards\TI\LM3S9B92-EVALBOT\IAR\uCOS-III-CE4053_PG\Flash\Obj\lib_ascii.o
#        C:\Users\ahj\Desktop\CE4057\Source_Code_CE4057\ce4053\Micrium\Software\EvalBoards\TI\LM3S9B92-EVALBOT\IAR\uCOS-III-CE4053_PG\Flash\Obj\lib_math.o
#        C:\Users\ahj\Desktop\CE4057\Source_Code_CE4057\ce4053\Micrium\Software\EvalBoards\TI\LM3S9B92-EVALBOT\IAR\uCOS-III-CE4053_PG\Flash\Obj\lib_mem.o
#        C:\Users\ahj\Desktop\CE4057\Source_Code_CE4057\ce4053\Micrium\Software\EvalBoards\TI\LM3S9B92-EVALBOT\IAR\uCOS-III-CE4053_PG\Flash\Obj\lib_str.o
#        C:\Users\ahj\Desktop\CE4057\Source_Code_CE4057\ce4053\Micrium\Software\EvalBoards\TI\LM3S9B92-EVALBOT\IAR\uCOS-III-CE4053_PG\Flash\Obj\linkedList.o
#        C:\Users\ahj\Desktop\CE4057\Source_Code_CE4057\ce4053\Micrium\Software\EvalBoards\TI\LM3S9B92-EVALBOT\IAR\uCOS-III-CE4053_PG\Flash\Obj\linkedListQ.o
#        C:\Users\ahj\Desktop\CE4057\Source_Code_CE4057\ce4053\Micrium\Software\EvalBoards\TI\LM3S9B92-EVALBOT\IAR\uCOS-III-CE4053_PG\Flash\Obj\microsd.o
#        C:\Users\ahj\Desktop\CE4057\Source_Code_CE4057\ce4053\Micrium\Software\EvalBoards\TI\LM3S9B92-EVALBOT\IAR\uCOS-III-CE4053_PG\Flash\Obj\mpu.o
#        C:\Users\ahj\Desktop\CE4057\Source_Code_CE4057\ce4053\Micrium\Software\EvalBoards\TI\LM3S9B92-EVALBOT\IAR\uCOS-III-CE4053_PG\Flash\Obj\os_app_hooks.o
#        C:\Users\ahj\Desktop\CE4057\Source_Code_CE4057\ce4053\Micrium\Software\EvalBoards\TI\LM3S9B92-EVALBOT\IAR\uCOS-III-CE4053_PG\Flash\Obj\os_cfg_app.o
#        C:\Users\ahj\Desktop\CE4057\Source_Code_CE4057\ce4053\Micrium\Software\EvalBoards\TI\LM3S9B92-EVALBOT\IAR\uCOS-III-CE4053_PG\Flash\Obj\os_core.o
#        C:\Users\ahj\Desktop\CE4057\Source_Code_CE4057\ce4053\Micrium\Software\EvalBoards\TI\LM3S9B92-EVALBOT\IAR\uCOS-III-CE4053_PG\Flash\Obj\os_cpu_a.o
#        C:\Users\ahj\Desktop\CE4057\Source_Code_CE4057\ce4053\Micrium\Software\EvalBoards\TI\LM3S9B92-EVALBOT\IAR\uCOS-III-CE4053_PG\Flash\Obj\os_cpu_c.o
#        C:\Users\ahj\Desktop\CE4057\Source_Code_CE4057\ce4053\Micrium\Software\EvalBoards\TI\LM3S9B92-EVALBOT\IAR\uCOS-III-CE4053_PG\Flash\Obj\os_dbg.o
#        C:\Users\ahj\Desktop\CE4057\Source_Code_CE4057\ce4053\Micrium\Software\EvalBoards\TI\LM3S9B92-EVALBOT\IAR\uCOS-III-CE4053_PG\Flash\Obj\os_flag.o
#        C:\Users\ahj\Desktop\CE4057\Source_Code_CE4057\ce4053\Micrium\Software\EvalBoards\TI\LM3S9B92-EVALBOT\IAR\uCOS-III-CE4053_PG\Flash\Obj\os_int.o
#        C:\Users\ahj\Desktop\CE4057\Source_Code_CE4057\ce4053\Micrium\Software\EvalBoards\TI\LM3S9B92-EVALBOT\IAR\uCOS-III-CE4053_PG\Flash\Obj\os_mem.o
#        C:\Users\ahj\Desktop\CE4057\Source_Code_CE4057\ce4053\Micrium\Software\EvalBoards\TI\LM3S9B92-EVALBOT\IAR\uCOS-III-CE4053_PG\Flash\Obj\os_msg.o
#        C:\Users\ahj\Desktop\CE4057\Source_Code_CE4057\ce4053\Micrium\Software\EvalBoards\TI\LM3S9B92-EVALBOT\IAR\uCOS-III-CE4053_PG\Flash\Obj\os_mutex.o
#        C:\Users\ahj\Desktop\CE4057\Source_Code_CE4057\ce4053\Micrium\Software\EvalBoards\TI\LM3S9B92-EVALBOT\IAR\uCOS-III-CE4053_PG\Flash\Obj\os_pend_multi.o
#        C:\Users\ahj\Desktop\CE4057\Source_Code_CE4057\ce4053\Micrium\Software\EvalBoards\TI\LM3S9B92-EVALBOT\IAR\uCOS-III-CE4053_PG\Flash\Obj\os_prio.o
#        C:\Users\ahj\Desktop\CE4057\Source_Code_CE4057\ce4053\Micrium\Software\EvalBoards\TI\LM3S9B92-EVALBOT\IAR\uCOS-III-CE4053_PG\Flash\Obj\os_q.o
#        C:\Users\ahj\Desktop\CE4057\Source_Code_CE4057\ce4053\Micrium\Software\EvalBoards\TI\LM3S9B92-EVALBOT\IAR\uCOS-III-CE4053_PG\Flash\Obj\OS_RecTaskServices.o
#        C:\Users\ahj\Desktop\CE4057\Source_Code_CE4057\ce4053\Micrium\Software\EvalBoards\TI\LM3S9B92-EVALBOT\IAR\uCOS-III-CE4053_PG\Flash\Obj\OS_ResShareServices.o
#        C:\Users\ahj\Desktop\CE4057\Source_Code_CE4057\ce4053\Micrium\Software\EvalBoards\TI\LM3S9B92-EVALBOT\IAR\uCOS-III-CE4053_PG\Flash\Obj\os_sem.o
#        C:\Users\ahj\Desktop\CE4057\Source_Code_CE4057\ce4053\Micrium\Software\EvalBoards\TI\LM3S9B92-EVALBOT\IAR\uCOS-III-CE4053_PG\Flash\Obj\os_stat.o
#        C:\Users\ahj\Desktop\CE4057\Source_Code_CE4057\ce4053\Micrium\Software\EvalBoards\TI\LM3S9B92-EVALBOT\IAR\uCOS-III-CE4053_PG\Flash\Obj\os_task.o
#        C:\Users\ahj\Desktop\CE4057\Source_Code_CE4057\ce4053\Micrium\Software\EvalBoards\TI\LM3S9B92-EVALBOT\IAR\uCOS-III-CE4053_PG\Flash\Obj\os_tick.o
#        C:\Users\ahj\Desktop\CE4057\Source_Code_CE4057\ce4053\Micrium\Software\EvalBoards\TI\LM3S9B92-EVALBOT\IAR\uCOS-III-CE4053_PG\Flash\Obj\os_time.o
#        C:\Users\ahj\Desktop\CE4057\Source_Code_CE4057\ce4053\Micrium\Software\EvalBoards\TI\LM3S9B92-EVALBOT\IAR\uCOS-III-CE4053_PG\Flash\Obj\os_tmr.o
#        C:\Users\ahj\Desktop\CE4057\Source_Code_CE4057\ce4053\Micrium\Software\EvalBoards\TI\LM3S9B92-EVALBOT\IAR\uCOS-III-CE4053_PG\Flash\Obj\os_var.o
#        C:\Users\ahj\Desktop\CE4057\Source_Code_CE4057\ce4053\Micrium\Software\EvalBoards\TI\LM3S9B92-EVALBOT\IAR\uCOS-III-CE4053_PG\Flash\Obj\pwm.o
#        C:\Users\ahj\Desktop\CE4057\Source_Code_CE4057\ce4053\Micrium\Software\EvalBoards\TI\LM3S9B92-EVALBOT\IAR\uCOS-III-CE4053_PG\Flash\Obj\qei.o
#        C:\Users\ahj\Desktop\CE4057\Source_Code_CE4057\ce4053\Micrium\Software\EvalBoards\TI\LM3S9B92-EVALBOT\IAR\uCOS-III-CE4053_PG\Flash\Obj\RBTree.o
#        C:\Users\ahj\Desktop\CE4057\Source_Code_CE4057\ce4053\Micrium\Software\EvalBoards\TI\LM3S9B92-EVALBOT\IAR\uCOS-III-CE4053_PG\Flash\Obj\skiplist.o
#        C:\Users\ahj\Desktop\CE4057\Source_Code_CE4057\ce4053\Micrium\Software\EvalBoards\TI\LM3S9B92-EVALBOT\IAR\uCOS-III-CE4053_PG\Flash\Obj\ssi.o
#        C:\Users\ahj\Desktop\CE4057\Source_Code_CE4057\ce4053\Micrium\Software\EvalBoards\TI\LM3S9B92-EVALBOT\IAR\uCOS-III-CE4053_PG\Flash\Obj\sysctl.o
#        C:\Users\ahj\Desktop\CE4057\Source_Code_CE4057\ce4053\Micrium\Software\EvalBoards\TI\LM3S9B92-EVALBOT\IAR\uCOS-III-CE4053_PG\Flash\Obj\systick.o
#        C:\Users\ahj\Desktop\CE4057\Source_Code_CE4057\ce4053\Micrium\Software\EvalBoards\TI\LM3S9B92-EVALBOT\IAR\uCOS-III-CE4053_PG\Flash\Obj\timer.o
#        C:\Users\ahj\Desktop\CE4057\Source_Code_CE4057\ce4053\Micrium\Software\EvalBoards\TI\LM3S9B92-EVALBOT\IAR\uCOS-III-CE4053_PG\Flash\Obj\uart.o
#        C:\Users\ahj\Desktop\CE4057\Source_Code_CE4057\ce4053\Micrium\Software\EvalBoards\TI\LM3S9B92-EVALBOT\IAR\uCOS-III-CE4053_PG\Flash\Obj\udma.o
#        C:\Users\ahj\Desktop\CE4057\Source_Code_CE4057\ce4053\Micrium\Software\EvalBoards\TI\LM3S9B92-EVALBOT\IAR\uCOS-III-CE4053_PG\Flash\Obj\usb.o
#        C:\Users\ahj\Desktop\CE4057\Source_Code_CE4057\ce4053\Micrium\Software\EvalBoards\TI\LM3S9B92-EVALBOT\IAR\uCOS-III-CE4053_PG\Flash\Obj\watchdog.o
#        --redirect _Printf=_PrintfFull --redirect _Scanf=_ScanfFull
#        --no_out_extension -o
#        C:\Users\ahj\Desktop\CE4057\Source_Code_CE4057\ce4053\Micrium\Software\EvalBoards\TI\LM3S9B92-EVALBOT\IAR\uCOS-III-CE4053_PG\Flash\Exe\uCOS-III-Ex4.out
#        --map
#        C:\Users\ahj\Desktop\CE4057\Source_Code_CE4057\ce4053\Micrium\Software\EvalBoards\TI\LM3S9B92-EVALBOT\IAR\uCOS-III-CE4053_PG\Flash\List\uCOS-III-Ex4.map
#        --config
#        C:\Users\ahj\Desktop\CE4057\Source_Code_CE4057\ce4053\Micrium\Software\EvalBoards\TI\LM3S9B92-EVALBOT\IAR\uCOS-III-CE4053_PG\..\BSP\LM3S9B92_Flash.icf
#        --semihosting --entry __iar_program_start --vfe --text_out locale)
#
###############################################################################

*******************************************************************************
*** RUNTIME MODEL ATTRIBUTES
***

CppFlavor       = *
__Heap_Handler  = Basic
__SystemLibrary = DLib
__dlib_version  = 6


*******************************************************************************
*** HEAP SELECTION
***

The basic heap was selected because some modules are built with
size limitations (and not runtime checking), and --advanced_heap
was not specified.


*******************************************************************************
*** PLACEMENT SUMMARY
***

"A0":  place at start of [from 0x0 to 0x3'ffff] { ro section .intvec };
"P1":  place in [from 0x0 to 0x3'ffff] { ro };
"P2":  place in [from 0x0 to 0x3'ffff] { section wave_1 };
"P3":  place in [from 0x0 to 0x3'ffff] { section wave_2 };
"P4":  place in [from 0x0 to 0x3'ffff] { section wave_3 };
"P5":  place in [from 0x0 to 0x3'ffff] { section wave_4 };
"P6":  place in [from 0x0 to 0x3'ffff] { section wave_5 };
define block HEAP with size = 0M, alignment = 8 { };
define block CSTACK with size = 1K, alignment = 8 { };
"P7":  place in [from 0x2000'0000 to 0x2001'7fff] {
          rw, block HEAP, block CSTACK };
initialize by copy { rw };

No sections matched the following patterns:

  section wave_1  in "P1-P6"
  section wave_2  in "P1-P6"
  section wave_3  in "P1-P6"
  section wave_4  in "P1-P6"
  section wave_5  in "P1-P6"


  Section            Kind         Address    Size  Object
  -------            ----         -------    ----  ------
"A0":                                       0x11c
  .intvec            const            0x0   0x11c  app_vect.o [1]
                                  - 0x11c   0x11c

"P1-P6":                                   0x4f12
  .text              ro code        0x11c   0x8b2  os_core.o [1]
  .text              ro code        0x9ce    0x3a  zero_init3.o [4]
  .text              ro code        0xa08   0x140  os_cpu_c.o [1]
  .text              ro code        0xb48    0x90  os_prio.o [1]
  .text              ro code        0xbd8   0x5a4  os_task.o [1]
  .text              ro code       0x117c   0x3c8  os_tick.o [1]
  .text              ro code       0x1544   0x170  os_mem.o [1]
  .text              ro code       0x16b4    0xc4  os_msg.o [1]
  .text              ro code       0x1778   0x3cc  os_mutex.o [1]
  .text              ro code       0x1b44    0xac  os_q.o [1]
  .text              ro code       0x1bf0   0x2dc  os_tmr.o [1]
  .text              ro code       0x1ecc   0x170  os_dbg.o [1]
  .text              ro code       0x203c    0xac  os_cfg_app.o [1]
  CODE               ro code       0x20e8    0x2a  cpu_a.o [1]
  .rodata            const         0x2112     0x2  os_cfg_app.o [1]
  .text              ro code       0x2114   0x258  OS_RecTaskServices.o [1]
  .text              ro code       0x236c   0x188  cpu_core.o [1]
  CODE               ro code       0x24f4    0x84  os_cpu_a.o [1]
  .text              ro code       0x2578    0x24  cpu_bsp.o [1]
  .text              ro code       0x259c    0x44  os_time.o [1]
  .text              ro code       0x25e0   0x504  RBTree.o [1]
  .text              ro code       0x2ae4   0x15c  linkedList.o [1]
  .text              ro code       0x2c40     0x4  exit.o [2]
  .text              ro code       0x2c44   0x1d0  skiplist.o [1]
  .text              ro code       0x2e14    0x60  lib_mem.o [1]
  .text              ro code       0x2e74    0xa8  bsp.o [1]
  .text              ro code       0x2f1c     0xa  cexit.o [4]
  .rodata            const         0x2f26     0x2  os_cfg_app.o [1]
  .text              ro code       0x2f28    0xa4  rand.o [2]
  .text              ro code       0x2fcc   0x444  sysctl.o [1]
  .text              ro code       0x3410   0x256  bsp_int.o [1]
  .rodata            const         0x3666     0x2  os_cfg_app.o [1]
  .text              ro code       0x3668   0x328  bsp_display.o [1]
  .text              ro code       0x3990    0xa0  bsp_io.o [1]
  .text              ro code       0x3a30   0x164  bsp_sensors.o [1]
  .text              ro code       0x3b94   0x208  bsp_motor.o [1]
  .text              ro code       0x3d9c    0x14  exit.o [5]
  .text              ro code       0x3db0   0x138  cpu_c.o [1]
  .text              ro code       0x3ee8    0xc2  i2c.o [1]
  .rodata            const         0x3faa     0x2  os_dbg.o [1]
  .text              ro code       0x3fac   0x360  gpio.o [1]
  .text              ro code       0x430c    0xf2  pwm.o [1]
  .rodata            const         0x43fe     0x2  os_dbg.o [1]
  .text              ro code       0x4400    0x30  iarttio.o [5]
  .text              ro code       0x4430     0xc  XShttio.o [2]
  .text              ro code       0x443c   0x55c  app2.o [1]
  .text              ro code       0x4998    0x66  ethernet.o [1]
  .rodata            const         0x49fe     0x2  os_dbg.o [1]
  .rodata            const         0x4a00   0x1dc  bsp_display.o [1]
  .rodata            const         0x4bdc    0x5c  sysctl.o [1]
  .rodata            const         0x4c38    0x50  bsp_display.o [1]
  .rodata            const         0x4c88    0x48  gpio.o [1]
  .rodata            const         0x4cd0    0x34  os_dbg.o [1]
  .rodata            const         0x4d04    0x30  os_dbg.o [1]
  .rodata            const         0x4d34    0x2c  os_dbg.o [1]
  .text              ro code       0x4d60    0x2c  copy_init3.o [4]
  .rodata            const         0x4d8c    0x28  os_dbg.o [1]
  .rodata            const         0x4db4    0x28  os_dbg.o [1]
  .text              ro code       0x4ddc    0x28  data_init.o [4]
  .iar.init_table    const         0x4e04    0x24  - Linker created -
  .rodata            const         0x4e28    0x20  os_dbg.o [1]
  .text              ro code       0x4e48    0x1e  cmain.o [4]
  .text              ro code       0x4e66     0x4  low_level_init.o [2]
  .rodata            const         0x4e6a     0x2  os_dbg.o [1]
  .rodata            const         0x4e6c    0x18  os_tmr.o [1]
  Initializer bytes  const         0x4e84    0x18  <for P7-1>
  .rodata            const         0x4e9c    0x14  app2.o [1]
  .rodata            const         0x4eb0    0x14  os_core.o [1]
  .rodata            const         0x4ec4    0x14  os_tick.o [1]
  .rodata            const         0x4ed8    0x10  app2.o [1]
  .rodata            const         0x4ee8    0x10  app2.o [1]
  .rodata            const         0x4ef8    0x10  app2.o [1]
  .rodata            const         0x4f08     0xc  app2.o [1]
  .rodata            const         0x4f14     0xc  os_core.o [1]
  .rodata            const         0x4f20     0xc  sysctl.o [1]
  .rodata            const         0x4f2c     0xc  sysctl.o [1]
  .rodata            const         0x4f38     0xc  sysctl.o [1]
  .text              ro code       0x4f44     0xc  app_vect.o [1]
  .text              ro code       0x4f50     0xc  cstartup_M.o [4]
  .rodata            const         0x4f5c     0x8  app2.o [1]
  .rodata            const         0x4f64     0x8  bsp_display.o [1]
  .rodata            const         0x4f6c     0x8  bsp_display.o [1]
  .rodata            const         0x4f74     0x8  os_core.o [1]
  .rodata            const         0x4f7c     0x8  os_task.o [1]
  .rodata            const         0x4f84     0x4  os_cfg_app.o [1]
  .rodata            const         0x4f88     0x4  os_cfg_app.o [1]
  .rodata            const         0x4f8c     0x4  os_cfg_app.o [1]
  .rodata            const         0x4f90     0x4  os_cfg_app.o [1]
  .rodata            const         0x4f94     0x4  os_cfg_app.o [1]
  .rodata            const         0x4f98     0x4  os_cfg_app.o [1]
  .rodata            const         0x4f9c     0x4  os_cfg_app.o [1]
  .rodata            const         0x4fa0     0x4  os_cfg_app.o [1]
  .rodata            const         0x4fa4     0x4  os_cfg_app.o [1]
  .rodata            const         0x4fa8     0x4  os_cfg_app.o [1]
  .rodata            const         0x4fac     0x4  os_cfg_app.o [1]
  .rodata            const         0x4fb0     0x4  os_cfg_app.o [1]
  .rodata            const         0x4fb4     0x4  os_cfg_app.o [1]
  .rodata            const         0x4fb8     0x4  os_cfg_app.o [1]
  .rodata            const         0x4fbc     0x4  os_cfg_app.o [1]
  .rodata            const         0x4fc0     0x4  os_cfg_app.o [1]
  .rodata            const         0x4fc4     0x4  os_cfg_app.o [1]
  .rodata            const         0x4fc8     0x4  os_cfg_app.o [1]
  .rodata            const         0x4fcc     0x4  os_cfg_app.o [1]
  .rodata            const         0x4fd0     0x4  os_cfg_app.o [1]
  .rodata            const         0x4fd4     0x4  os_cfg_app.o [1]
  .rodata            const         0x4fd8     0x4  os_cfg_app.o [1]
  .rodata            const         0x4fdc     0x4  os_cfg_app.o [1]
  .rodata            const         0x4fe0     0x4  os_dbg.o [1]
  .rodata            const         0x4fe4     0x4  os_dbg.o [1]
  .rodata            const         0x4fe8     0x4  os_dbg.o [1]
  .rodata            const         0x4fec     0x2  os_dbg.o [1]
  .rodata            const         0x4fee     0x2  os_dbg.o [1]
  .rodata            const         0x4ff0     0x2  os_dbg.o [1]
  .rodata            const         0x4ff2     0x2  os_dbg.o [1]
  .rodata            const         0x4ff4     0x2  os_dbg.o [1]
  .rodata            const         0x4ff6     0x2  os_dbg.o [1]
  .rodata            const         0x4ff8     0x2  os_dbg.o [1]
  .rodata            const         0x4ffa     0x2  os_dbg.o [1]
  .rodata            const         0x4ffc     0x2  os_dbg.o [1]
  .rodata            const         0x4ffe     0x2  os_dbg.o [1]
  .rodata            const         0x5000     0x2  os_dbg.o [1]
  .rodata            const         0x5002     0x2  os_dbg.o [1]
  .rodata            const         0x5004     0x2  os_dbg.o [1]
  .rodata            const         0x5006     0x2  os_dbg.o [1]
  .rodata            const         0x5008     0x2  os_dbg.o [1]
  .rodata            const         0x500a     0x2  os_dbg.o [1]
  .rodata            const         0x500c     0x1  os_cfg_app.o [1]
  .rodata            const         0x500d     0x1  os_cfg_app.o [1]
  .rodata            const         0x500e     0x1  os_dbg.o [1]
  .rodata            const         0x500f     0x1  os_dbg.o [1]
  .rodata            const         0x5010     0x1  os_dbg.o [1]
  .rodata            const         0x5011     0x1  os_dbg.o [1]
  .rodata            const         0x5012     0x1  os_dbg.o [1]
  .rodata            const         0x5013     0x1  os_dbg.o [1]
  .rodata            const         0x5014     0x1  os_dbg.o [1]
  .rodata            const         0x5015     0x1  os_dbg.o [1]
  .rodata            const         0x5016     0x1  os_dbg.o [1]
  .rodata            const         0x5017     0x1  os_dbg.o [1]
  .rodata            const         0x5018     0x1  os_dbg.o [1]
  .rodata            const         0x5019     0x1  os_dbg.o [1]
  .rodata            const         0x501a     0x1  os_dbg.o [1]
  .rodata            const         0x501b     0x1  os_dbg.o [1]
  .rodata            const         0x501c     0x1  os_dbg.o [1]
  .rodata            const         0x501d     0x1  os_dbg.o [1]
  .rodata            const         0x501e     0x1  os_dbg.o [1]
  .rodata            const         0x501f     0x1  os_dbg.o [1]
  .rodata            const         0x5020     0x1  os_dbg.o [1]
  .rodata            const         0x5021     0x1  os_dbg.o [1]
  .rodata            const         0x5022     0x1  os_dbg.o [1]
  .rodata            const         0x5023     0x1  os_dbg.o [1]
  .rodata            const         0x5024     0x1  os_dbg.o [1]
  .rodata            const         0x5025     0x1  os_dbg.o [1]
  .rodata            const         0x5026     0x1  os_dbg.o [1]
  .rodata            const         0x5027     0x1  os_dbg.o [1]
  .rodata            const         0x5028     0x1  os_dbg.o [1]
  .rodata            const         0x5029     0x1  os_dbg.o [1]
  .rodata            const         0x502a     0x1  os_dbg.o [1]
  .rodata            const         0x502b     0x1  os_dbg.o [1]
  .rodata            const         0x502c     0x1  os_dbg.o [1]
  .rodata            const         0x502d     0x1  os_dbg.o [1]
  .rodata            const         0x502e     0x0  zero_init3.o [4]
  .rodata            const         0x502e     0x0  copy_init3.o [4]
                                 - 0x502e  0x4f12

"P7", part 1 of 3:                           0x18
  P7-1                        0x2000'0000    0x18  <Init block>
    .data            inited   0x2000'0000     0x4  app2.o [1]
    .data            inited   0x2000'0004     0x4  bsp_display.o [1]
    .data            inited   0x2000'0008     0x8  rand.o [2]
    .data            inited   0x2000'0010     0x8  XShttio.o [2]
                            - 0x2000'0018    0x18

"P7", part 2 of 3:                         0x3eec
  .bss               zero     0x2000'0018  0x2000  app2.o [1]
  .bss               zero     0x2000'2018   0x640  os_cfg_app.o [1]
  .bss               zero     0x2000'2658   0x200  app2.o [1]
  .bss               zero     0x2000'2858   0x200  app2.o [1]
  .bss               zero     0x2000'2a58   0x200  app2.o [1]
  .bss               zero     0x2000'2c58   0x200  app2.o [1]
  .bss               zero     0x2000'2e58   0x200  os_cfg_app.o [1]
  .bss               zero     0x2000'3058   0x200  os_cfg_app.o [1]
  .bss               zero     0x2000'3258   0x200  os_cfg_app.o [1]
  .bss               zero     0x2000'3458   0x200  os_cfg_app.o [1]
  .bss               zero     0x2000'3658   0x118  bsp_int.o [1]
  .bss               zero     0x2000'3770    0xf0  os_var.o [1]
  .bss               zero     0x2000'3860    0x8c  app2.o [1]
  .bss               zero     0x2000'38ec    0x8c  app2.o [1]
  .bss               zero     0x2000'3978    0x8c  app2.o [1]
  .bss               zero     0x2000'3a04    0x8c  app2.o [1]
  .bss               zero     0x2000'3a90    0x8c  os_var.o [1]
  .bss               zero     0x2000'3b1c    0x8c  os_var.o [1]
  .bss               zero     0x2000'3ba8    0x8c  os_var.o [1]
  .bss               zero     0x2000'3c34    0x84  rand.o [2]
  .bss               zero     0x2000'3cb8    0x68  os_cfg_app.o [1]
  .bss               zero     0x2000'3d20    0x68  os_cfg_app.o [1]
  .bss               zero     0x2000'3d88    0x30  app2.o [1]
  .bss               zero     0x2000'3db8    0x2c  app2.o [1]
  .bss               zero     0x2000'3de4    0x2c  app2.o [1]
  .bss               zero     0x2000'3e10    0x2c  app2.o [1]
  .bss               zero     0x2000'3e3c    0x20  app2.o [1]
  .bss               zero     0x2000'3e5c    0x10  cpu_core.o [1]
  .bss               zero     0x2000'3e6c     0x8  os_var.o [1]
  .bss               zero     0x2000'3e74     0x4  bsp.o [1]
  .bss               zero     0x2000'3e78     0x4  bsp_display.o [1]
  .bss               zero     0x2000'3e7c     0x4  cpu_core.o [1]
  .bss               zero     0x2000'3e80     0x4  cpu_core.o [1]
  .bss               zero     0x2000'3e84     0x4  cpu_core.o [1]
  .bss               zero     0x2000'3e88     0x4  cpu_core.o [1]
  .bss               zero     0x2000'3e8c     0x4  cpu_core.o [1]
  .bss               zero     0x2000'3e90     0x4  cpu_core.o [1]
  .bss               zero     0x2000'3e94     0x4  os_cpu_c.o [1]
  .bss               zero     0x2000'3e98     0x4  os_prio.o [1]
  .bss               zero     0x2000'3e9c     0x4  os_var.o [1]
  .bss               zero     0x2000'3ea0     0x4  os_var.o [1]
  .bss               zero     0x2000'3ea4     0x4  os_var.o [1]
  .bss               zero     0x2000'3ea8     0x4  os_var.o [1]
  .bss               zero     0x2000'3eac     0x4  os_var.o [1]
  .bss               zero     0x2000'3eb0     0x4  os_var.o [1]
  .bss               zero     0x2000'3eb4     0x4  os_var.o [1]
  .bss               zero     0x2000'3eb8     0x4  os_var.o [1]
  .bss               zero     0x2000'3ebc     0x4  os_var.o [1]
  .bss               zero     0x2000'3ec0     0x4  os_var.o [1]
  .bss               zero     0x2000'3ec4     0x4  os_var.o [1]
  .bss               zero     0x2000'3ec8     0x4  os_var.o [1]
  .bss               zero     0x2000'3ecc     0x4  os_var.o [1]
  .bss               zero     0x2000'3ed0     0x4  os_var.o [1]
  .bss               zero     0x2000'3ed4     0x4  os_var.o [1]
  .bss               zero     0x2000'3ed8     0x4  os_var.o [1]
  .bss               zero     0x2000'3edc     0x4  os_var.o [1]
  .bss               zero     0x2000'3ee0     0x4  os_var.o [1]
  .bss               zero     0x2000'3ee4     0x4  RBTree.o [1]
  .bss               zero     0x2000'3ee8     0x4  skiplist.o [1]
  .bss               zero     0x2000'3eec     0x2  cpu_core.o [1]
  .bss               zero     0x2000'3eee     0x2  cpu_core.o [1]
  .bss               zero     0x2000'3ef0     0x2  os_var.o [1]
  .bss               zero     0x2000'3ef2     0x2  os_var.o [1]
  .bss               zero     0x2000'3ef4     0x2  os_var.o [1]
  .bss               zero     0x2000'3ef6     0x2  os_var.o [1]
  .bss               zero     0x2000'3ef8     0x1  app2.o [1]
  .bss               zero     0x2000'3ef9     0x1  app2.o [1]
  .bss               zero     0x2000'3efa     0x1  app2.o [1]
  .bss               zero     0x2000'3efb     0x1  app2.o [1]
  .bss               zero     0x2000'3efc     0x1  app2.o [1]
  .bss               zero     0x2000'3efd     0x1  os_var.o [1]
  .bss               zero     0x2000'3efe     0x1  os_var.o [1]
  .bss               zero     0x2000'3eff     0x1  os_var.o [1]
  .bss               zero     0x2000'3f00     0x1  os_var.o [1]
  .bss               zero     0x2000'3f01     0x1  os_var.o [1]
                            - 0x2000'3f02  0x3eea

"P7", part 3 of 3:                          0x400
  CSTACK                      0x2000'3f08   0x400  <Block>
    CSTACK           uninit   0x2000'3f08   0x400  <Block tail>
                            - 0x2000'4308   0x400

Unused ranges:

         From           To      Size
         ----           --      ----
       0x502e     0x3'ffff  0x3'afd2
  0x2000'3f04  0x2000'3f07       0x4
  0x2000'4308  0x2001'7fff  0x1'3cf8


*******************************************************************************
*** INIT TABLE
***

          Address      Size
          -------      ----
Zero (__iar_zero_init3)
    1 destination range, total size 0x3eea:
          0x2000'0018  0x3eea

Copy (__iar_copy_init3)
    1 source range, total size 0x18:
               0x4e84    0x18
    1 destination range, total size 0x18:
          0x2000'0000    0x18



*******************************************************************************
*** MODULE SUMMARY
***

    Module                ro code  ro data  rw data
    ------                -------  -------  -------
command line/config:
    -----------------------------------------------
    Total:

C:\Users\ahj\Desktop\CE4057\Source_Code_CE4057\ce4053\Micrium\Software\EvalBoards\TI\LM3S9B92-EVALBOT\IAR\uCOS-III-CE4053_PG\Flash\Obj: [1]
    OS_RecTaskServices.o      600
    RBTree.o                1 284                 4
    app2.o                  1 372       92   11 021
    app_vect.o                 12      284
    bsp.o                     168                 4
    bsp_display.o             808      576        8
    bsp_int.o                 598               280
    bsp_io.o                  160
    bsp_motor.o               520
    bsp_sensors.o             356
    cpu_a.o                    42
    cpu_bsp.o                  36
    cpu_c.o                   312
    cpu_core.o                392                44
    ethernet.o                102
    gpio.o                    864       72
    i2c.o                     194
    lib_mem.o                  96
    linkedList.o              348
    os_cfg_app.o              172      100    3 856
    os_core.o               2 226       40
    os_cpu_a.o                132
    os_cpu_c.o                320                 4
    os_dbg.o                  368      340
    os_mem.o                  368
    os_msg.o                  196
    os_mutex.o                972
    os_prio.o                 144                 4
    os_q.o                    172
    os_task.o               1 444        8
    os_tick.o                 968       20
    os_time.o                  68
    os_tmr.o                  732       24
    os_var.o                                    753
    pwm.o                     242
    skiplist.o                464                 4
    sysctl.o                1 092      128
    -----------------------------------------------
    Total:                 18 344    1 684   15 982

dl7M_tlf.a: [2]
    XShttio.o                  12        8        8
    exit.o                      4
    low_level_init.o            4
    rand.o                    164        8      140
    -----------------------------------------------
    Total:                    184       16      148

m7M_tl.a: [3]
    -----------------------------------------------
    Total:

rt7M_tl.a: [4]
    cexit.o                    10
    cmain.o                    30
    copy_init3.o               44
    cstartup_M.o               12
    data_init.o                40
    zero_init3.o               58
    -----------------------------------------------
    Total:                    194

shb_l.a: [5]
    exit.o                     20
    iarttio.o                  48
    -----------------------------------------------
    Total:                     68

    Linker created                      36    1 024
---------------------------------------------------
    Grand Total:           18 790    1 736   17 154


*******************************************************************************
*** ENTRY LIST
***

Entry                       Address    Size  Type      Object
-----                       -------    ----  ----      ------
.iar.init_table$$Base        0x4e04           --   Gb  - Linker created -
.iar.init_table$$Limit       0x4e28           --   Gb  - Linker created -
?main                        0x4e49          Code  Gb  cmain.o [4]
AppRobotMotorDriveSensorEnable
                             0x482b    0x1e  Code  Lc  app2.o [1]
AppTaskOne                   0x464d    0x88  Code  Lc  app2.o [1]
AppTaskOneStk           0x2000'2858   0x200  Data  Lc  app2.o [1]
AppTaskOneTCB           0x2000'38ec    0x8c  Data  Lc  app2.o [1]
AppTaskStart                 0x44fd   0x14e  Code  Lc  app2.o [1]
AppTaskStartStk         0x2000'2658   0x200  Data  Lc  app2.o [1]
AppTaskStartTCB         0x2000'3860    0x8c  Data  Lc  app2.o [1]
AppTaskThree                 0x4701    0x6e  Code  Lc  app2.o [1]
AppTaskThreeStk         0x2000'2c58   0x200  Data  Lc  app2.o [1]
AppTaskThreeTCB         0x2000'3a04    0x8c  Data  Lc  app2.o [1]
AppTaskTwo                   0x46d5    0x2a  Code  Lc  app2.o [1]
AppTaskTwoStk           0x2000'2a58   0x200  Data  Lc  app2.o [1]
AppTaskTwoTCB           0x2000'3978    0x8c  Data  Lc  app2.o [1]
App_BusFault_ISR             0x4f49     0x2  Code  Lc  app_vect.o [1]
App_Fault_ISR                0x4f47     0x2  Code  Lc  app_vect.o [1]
App_MemFault_ISR             0x4f4d     0x2  Code  Lc  app_vect.o [1]
App_NMI_ISR                  0x4f45     0x2  Code  Lc  app_vect.o [1]
App_Spurious_ISR             0x4f4f     0x2  Code  Lc  app_vect.o [1]
App_UsageFault_ISR           0x4f4b     0x2  Code  Lc  app_vect.o [1]
BSP_BumpSensorsInit          0x3a31    0x1a  Code  Gb  bsp_sensors.o [1]
BSP_CPUClkFreq               0x2ed9    0x12  Code  Gb  bsp.o [1]
BSP_CPU_ClkFreq_MHz     0x2000'3e74     0x4  Data  Gb  bsp.o [1]
BSP_DisplayClear             0x373f    0x4c  Code  Gb  bsp_display.o [1]
BSP_DisplayInit              0x3889    0xd2  Code  Gb  bsp_display.o [1]
BSP_DisplayOn                0x3853    0x36  Code  Gb  bsp_display.o [1]
BSP_DisplayStringDraw        0x378b    0xc8  Code  Gb  bsp_display.o [1]
BSP_DisplayWriteArray        0x36c1    0x3e  Code  Lc  bsp_display.o [1]
BSP_DisplayWriteByte         0x368f    0x32  Code  Lc  bsp_display.o [1]
BSP_DisplayWriteFinal        0x36ff    0x40  Code  Lc  bsp_display.o [1]
BSP_DisplayWriteFirst        0x3669    0x26  Code  Lc  bsp_display.o [1]
BSP_Init                     0x2e75    0x64  Code  Gb  bsp.o [1]
BSP_IntDisAll                0x3411     0x8  Code  Gb  bsp_int.o [1]
BSP_IntEn                    0x3419    0x10  Code  Gb  bsp_int.o [1]
BSP_IntHandler               0x363f    0x20  Code  Lc  bsp_int.o [1]
BSP_IntHandlerADC0           0x34c3     0xa  Code  Gb  bsp_int.o [1]
BSP_IntHandlerADC1           0x34cd     0xa  Code  Gb  bsp_int.o [1]
BSP_IntHandlerADC1_0         0x35f9     0xa  Code  Gb  bsp_int.o [1]
BSP_IntHandlerADC1_1         0x3603     0xa  Code  Gb  bsp_int.o [1]
BSP_IntHandlerADC1_2         0x360d     0xa  Code  Gb  bsp_int.o [1]
BSP_IntHandlerADC1_3         0x3617     0xa  Code  Gb  bsp_int.o [1]
BSP_IntHandlerADC2           0x34d7     0xa  Code  Gb  bsp_int.o [1]
BSP_IntHandlerADC3           0x34e1     0xa  Code  Gb  bsp_int.o [1]
BSP_IntHandlerCAN0           0x35b3     0xa  Code  Gb  bsp_int.o [1]
BSP_IntHandlerCAN1           0x35bd     0xa  Code  Gb  bsp_int.o [1]
BSP_IntHandlerCOMP0          0x3531     0xa  Code  Gb  bsp_int.o [1]
BSP_IntHandlerCOMP1          0x353b     0xa  Code  Gb  bsp_int.o [1]
BSP_IntHandlerCOMP2          0x3545     0xa  Code  Gb  bsp_int.o [1]
BSP_IntHandlerDummy          0x3665     0x2  Code  Lc  bsp_int.o [1]
BSP_IntHandlerEPI            0x362b     0xa  Code  Gb  bsp_int.o [1]
BSP_IntHandlerETH            0x35c7     0xa  Code  Gb  bsp_int.o [1]
BSP_IntHandlerFLASH          0x3559     0xa  Code  Gb  bsp_int.o [1]
BSP_IntHandlerGPIOA          0x3469     0xa  Code  Gb  bsp_int.o [1]
BSP_IntHandlerGPIOB          0x3473     0xa  Code  Gb  bsp_int.o [1]
BSP_IntHandlerGPIOC          0x347d     0xa  Code  Gb  bsp_int.o [1]
BSP_IntHandlerGPIOD          0x3487     0xa  Code  Gb  bsp_int.o [1]
BSP_IntHandlerGPIOE          0x3491     0xa  Code  Gb  bsp_int.o [1]
BSP_IntHandlerGPIOF          0x3563     0xa  Code  Gb  bsp_int.o [1]
BSP_IntHandlerGPIOG          0x356d     0xa  Code  Gb  bsp_int.o [1]
BSP_IntHandlerGPIOH          0x3577     0xa  Code  Gb  bsp_int.o [1]
BSP_IntHandlerGPIOJ          0x3635     0xa  Code  Gb  bsp_int.o [1]
BSP_IntHandlerHIBERNATE
                             0x35d1     0xa  Code  Gb  bsp_int.o [1]
BSP_IntHandlerI2C0           0x34b9     0xa  Code  Gb  bsp_int.o [1]
BSP_IntHandlerI2C1           0x35a9     0xa  Code  Gb  bsp_int.o [1]
BSP_IntHandlerI2S0           0x3621     0xa  Code  Gb  bsp_int.o [1]
BSP_IntHandlerSSI0           0x34af     0xa  Code  Gb  bsp_int.o [1]
BSP_IntHandlerSSI1           0x358b     0xa  Code  Gb  bsp_int.o [1]
BSP_IntHandlerSYSCTL         0x354f     0xa  Code  Gb  bsp_int.o [1]
BSP_IntHandlerTIMER0A        0x34f5     0xa  Code  Gb  bsp_int.o [1]
BSP_IntHandlerTIMER0B        0x34ff     0xa  Code  Gb  bsp_int.o [1]
BSP_IntHandlerTIMER1A        0x3509     0xa  Code  Gb  bsp_int.o [1]
BSP_IntHandlerTIMER1B        0x3513     0xa  Code  Gb  bsp_int.o [1]
BSP_IntHandlerTIMER2A        0x351d     0xa  Code  Gb  bsp_int.o [1]
BSP_IntHandlerTIMER2B        0x3527     0xa  Code  Gb  bsp_int.o [1]
BSP_IntHandlerTIMER3A        0x3595     0xa  Code  Gb  bsp_int.o [1]
BSP_IntHandlerTIMER3B        0x359f     0xa  Code  Gb  bsp_int.o [1]
BSP_IntHandlerUART0          0x349b     0xa  Code  Gb  bsp_int.o [1]
BSP_IntHandlerUART1          0x34a5     0xa  Code  Gb  bsp_int.o [1]
BSP_IntHandlerUART2          0x3581     0xa  Code  Gb  bsp_int.o [1]
BSP_IntHandlerUDMA_ERR       0x35ef     0xa  Code  Gb  bsp_int.o [1]
BSP_IntHandlerUDMA_SW        0x35e5     0xa  Code  Gb  bsp_int.o [1]
BSP_IntHandlerUSB            0x35db     0xa  Code  Gb  bsp_int.o [1]
BSP_IntHandlerWATCHDOG       0x34eb     0xa  Code  Gb  bsp_int.o [1]
BSP_IntInit                  0x3451    0x18  Code  Gb  bsp_int.o [1]
BSP_IntVectSet               0x3429    0x28  Code  Gb  bsp_int.o [1]
BSP_IntVectTbl          0x2000'3658   0x118  Data  Lc  bsp_int.o [1]
BSP_LED_Off                  0x39f3    0x36  Code  Gb  bsp_io.o [1]
BSP_LED_On                   0x39bd    0x36  Code  Gb  bsp_io.o [1]
BSP_LEDsInit                 0x39ab    0x12  Code  Gb  bsp_io.o [1]
BSP_MotorDir                 0x3c77    0x44  Code  Gb  bsp_motor.o [1]
BSP_MotorRun                 0x3cbb    0x1c  Code  Gb  bsp_motor.o [1]
BSP_MotorSpeed               0x3d0b    0x7e  Code  Gb  bsp_motor.o [1]
BSP_MotorStop                0x3cd7    0x34  Code  Gb  bsp_motor.o [1]
BSP_MotorsInit               0x3b95    0xe2  Code  Gb  bsp_motor.o [1]
BSP_PushButtonsInit          0x3991    0x1a  Code  Gb  bsp_io.o [1]
BSP_WheelSensorEnable        0x3af3     0xe  Code  Gb  bsp_sensors.o [1]
BSP_WheelSensorIntEnable
                             0x3b01    0x86  Code  Gb  bsp_sensors.o [1]
BSP_WheelSensorsInit         0x3a4b    0xa8  Code  Gb  bsp_sensors.o [1]
CPU_CntLeadZeros             0x20ff          Code  Gb  cpu_a.o [1]
CPU_Init                     0x236d    0x10  Code  Gb  cpu_core.o [1]
CPU_IntDis                   0x20e9          Code  Gb  cpu_a.o [1]
CPU_IntDisMeasCtr       0x2000'3eec     0x2  Data  Gb  cpu_core.o [1]
CPU_IntDisMeasInit           0x2447    0x78  Code  Lc  cpu_core.o [1]
CPU_IntDisMeasMaxCalc        0x24bf    0x12  Code  Lc  cpu_core.o [1]
CPU_IntDisMeasMaxCurGet
                             0x23c1    0x18  Code  Gb  cpu_core.o [1]
CPU_IntDisMeasMaxCurReset
                             0x23a5    0x1c  Code  Gb  cpu_core.o [1]
CPU_IntDisMeasMaxCur_cnts
                        0x2000'3e8c     0x4  Data  Gb  cpu_core.o [1]
CPU_IntDisMeasMax_cnts  0x2000'3e90     0x4  Data  Gb  cpu_core.o [1]
CPU_IntDisMeasOvrhd_cnts
                        0x2000'3e88     0x4  Data  Gb  cpu_core.o [1]
CPU_IntDisMeasStart          0x23d9    0x22  Code  Gb  cpu_core.o [1]
CPU_IntDisMeasStart_cnts
                        0x2000'3e80     0x4  Data  Gb  cpu_core.o [1]
CPU_IntDisMeasStop           0x23fb    0x36  Code  Gb  cpu_core.o [1]
CPU_IntDisMeasStop_cnts
                        0x2000'3e84     0x4  Data  Gb  cpu_core.o [1]
CPU_IntDisNestCtr       0x2000'3eee     0x2  Data  Gb  cpu_core.o [1]
CPU_IntEn                    0x20ed          Code  Gb  cpu_a.o [1]
CPU_IntSrcEn                 0x3db1   0x126  Code  Gb  cpu_c.o [1]
CPU_Name                0x2000'3e5c    0x10  Data  Gb  cpu_core.o [1]
CPU_NameClr                  0x237d    0x22  Code  Gb  cpu_core.o [1]
CPU_NameInit                 0x2431     0x8  Code  Lc  cpu_core.o [1]
CPU_RevBits                  0x2105          Code  Gb  cpu_a.o [1]
CPU_SR_Restore               0x20f9          Code  Gb  cpu_a.o [1]
CPU_SR_Save                  0x20f1          Code  Gb  cpu_a.o [1]
CPU_TS_Init                  0x2439     0xe  Code  Lc  cpu_core.o [1]
CPU_TS_TmrFreqSet            0x239f     0x6  Code  Gb  cpu_core.o [1]
CPU_TS_TmrFreq_Hz       0x2000'3e7c     0x4  Data  Gb  cpu_core.o [1]
CPU_TS_TmrInit               0x2579    0x16  Code  Gb  cpu_bsp.o [1]
CPU_TS_TmrRd                 0x258f     0x6  Code  Gb  cpu_bsp.o [1]
CPU_WaitForExcept            0x210f          Code  Gb  cpu_a.o [1]
CPU_WaitForInt               0x210b          Code  Gb  cpu_a.o [1]
CSTACK$$Base            0x2000'3f08           --   Gb  - Linker created -
CSTACK$$Limit           0x2000'4308           --   Gb  - Linker created -
CommMem2                0x2000'3e3c    0x20  Data  Gb  app2.o [1]
DummyQ                  0x2000'3d88    0x30  Data  Gb  app2.o [1]
EthernetPHYRead              0x49cf    0x30  Code  Gb  ethernet.o [1]
EthernetPHYWrite             0x4999    0x36  Code  Gb  ethernet.o [1]
GPIODirModeSet               0x3fad    0x52  Code  Gb  gpio.o [1]
GPIOIntTypeSet               0x3fff    0x78  Code  Gb  gpio.o [1]
GPIOPadConfigSet             0x4077   0x15c  Code  Gb  gpio.o [1]
GPIOPinConfigure             0x42bb    0x46  Code  Gb  gpio.o [1]
GPIOPinIntClear              0x4213     0xc  Code  Gb  gpio.o [1]
GPIOPinIntDisable            0x41e7    0x14  Code  Gb  gpio.o [1]
GPIOPinIntEnable             0x41d3    0x14  Code  Gb  gpio.o [1]
GPIOPinIntStatus             0x41fb    0x18  Code  Gb  gpio.o [1]
GPIOPinTypeGPIOInput         0x4233    0x22  Code  Gb  gpio.o [1]
GPIOPinTypeGPIOOutput        0x4255    0x22  Code  Gb  gpio.o [1]
GPIOPinTypeI2C               0x4277    0x22  Code  Gb  gpio.o [1]
GPIOPinTypePWM               0x4299    0x22  Code  Gb  gpio.o [1]
GPIOPinWrite                 0x421f    0x14  Code  Gb  gpio.o [1]
I2CMasterControl             0x3f79     0x6  Code  Gb  i2c.o [1]
I2CMasterDataPut             0x3f9f     0xc  Code  Gb  i2c.o [1]
I2CMasterEnable              0x3f1f    0x12  Code  Gb  i2c.o [1]
I2CMasterErr                 0x3f7f    0x20  Code  Gb  i2c.o [1]
I2CMasterInitExpClk          0x3ee9    0x36  Code  Gb  i2c.o [1]
I2CMasterIntStatus           0x3f31    0x2c  Code  Gb  i2c.o [1]
I2CMasterSlaveAddrSet        0x3f65    0x14  Code  Gb  i2c.o [1]
IntWheelSensor               0x476f    0xbc  Code  Gb  app2.o [1]
IntWheelSensor::CountL  0x2000'3efa     0x1  Data  Lc  app2.o [1]
IntWheelSensor::CountR  0x2000'3efb     0x1  Data  Lc  app2.o [1]
IntWheelSensor::data    0x2000'3efc     0x1  Data  Lc  app2.o [1]
Left_tgt                0x2000'3ef8     0x1  Data  Gb  app2.o [1]
Mem_Clr                      0x2e15     0xc  Code  Gb  lib_mem.o [1]
Mem_Set                      0x2e21    0x54  Code  Gb  lib_mem.o [1]
MutexOne                0x2000'3db8    0x2c  Data  Gb  app2.o [1]
MutexThree              0x2000'3e10    0x2c  Data  Gb  app2.o [1]
MutexTwo                0x2000'3de4    0x2c  Data  Gb  app2.o [1]
OSCfg_DataSizeRAM            0x4fdc     0x4  Data  Gb  os_cfg_app.o [1]
OSCfg_ISRStk            0x2000'3058   0x200  Data  Gb  os_cfg_app.o [1]
OSCfg_ISRStkBasePtr          0x4f94     0x4  Data  Gb  os_cfg_app.o [1]
OSCfg_ISRStkSize             0x4f98     0x4  Data  Gb  os_cfg_app.o [1]
OSCfg_ISRStkSizeRAM          0x4f9c     0x4  Data  Gb  os_cfg_app.o [1]
OSCfg_IdleTaskStk       0x2000'2e58   0x200  Data  Gb  os_cfg_app.o [1]
OSCfg_IdleTaskStkBasePtr
                             0x4f84     0x4  Data  Gb  os_cfg_app.o [1]
OSCfg_IdleTaskStkLimit       0x4f88     0x4  Data  Gb  os_cfg_app.o [1]
OSCfg_IdleTaskStkSize        0x4f8c     0x4  Data  Gb  os_cfg_app.o [1]
OSCfg_IdleTaskStkSizeRAM
                             0x4f90     0x4  Data  Gb  os_cfg_app.o [1]
OSCfg_Init                   0x203d    0xac  Code  Gb  os_cfg_app.o [1]
OSCfg_MsgPool           0x2000'2018   0x640  Data  Gb  os_cfg_app.o [1]
OSCfg_MsgPoolBasePtr         0x4fa4     0x4  Data  Gb  os_cfg_app.o [1]
OSCfg_MsgPoolSize            0x2112     0x2  Data  Gb  os_cfg_app.o [1]
OSCfg_MsgPoolSizeRAM         0x4fa0     0x4  Data  Gb  os_cfg_app.o [1]
OSCfg_StkSizeMin             0x4fa8     0x4  Data  Gb  os_cfg_app.o [1]
OSCfg_TickRate_Hz            0x4fac     0x4  Data  Gb  os_cfg_app.o [1]
OSCfg_TickTaskPrio           0x500c     0x1  Data  Gb  os_cfg_app.o [1]
OSCfg_TickTaskStk       0x2000'3258   0x200  Data  Gb  os_cfg_app.o [1]
OSCfg_TickTaskStkBasePtr
                             0x4fb0     0x4  Data  Gb  os_cfg_app.o [1]
OSCfg_TickTaskStkLimit       0x4fb4     0x4  Data  Gb  os_cfg_app.o [1]
OSCfg_TickTaskStkSize        0x4fb8     0x4  Data  Gb  os_cfg_app.o [1]
OSCfg_TickTaskStkSizeRAM
                             0x4fbc     0x4  Data  Gb  os_cfg_app.o [1]
OSCfg_TickWheel         0x2000'3cb8    0x68  Data  Gb  os_cfg_app.o [1]
OSCfg_TickWheelSize          0x2f26     0x2  Data  Gb  os_cfg_app.o [1]
OSCfg_TickWheelSizeRAM       0x4fc0     0x4  Data  Gb  os_cfg_app.o [1]
OSCfg_TmrTaskPrio            0x500d     0x1  Data  Gb  os_cfg_app.o [1]
OSCfg_TmrTaskRate_Hz         0x4fc4     0x4  Data  Gb  os_cfg_app.o [1]
OSCfg_TmrTaskStk        0x2000'3458   0x200  Data  Gb  os_cfg_app.o [1]
OSCfg_TmrTaskStkBasePtr
                             0x4fc8     0x4  Data  Gb  os_cfg_app.o [1]
OSCfg_TmrTaskStkLimit        0x4fcc     0x4  Data  Gb  os_cfg_app.o [1]
OSCfg_TmrTaskStkSize         0x4fd0     0x4  Data  Gb  os_cfg_app.o [1]
OSCfg_TmrTaskStkSizeRAM
                             0x4fd4     0x4  Data  Gb  os_cfg_app.o [1]
OSCfg_TmrWheel          0x2000'3d20    0x68  Data  Gb  os_cfg_app.o [1]
OSCfg_TmrWheelSize           0x3666     0x2  Data  Gb  os_cfg_app.o [1]
OSCfg_TmrWheelSizeRAM        0x4fd8     0x4  Data  Gb  os_cfg_app.o [1]
OSDbg_AppHooksEn             0x500f     0x1  Data  Gb  os_dbg.o [1]
OSDbg_ArgChkEn               0x500e     0x1  Data  Gb  os_dbg.o [1]
OSDbg_CalledFromISRChkEn
                             0x5010     0x1  Data  Gb  os_dbg.o [1]
OSDbg_DataSize               0x4fe8     0x4  Data  Gb  os_dbg.o [1]
OSDbg_DbgEn                  0x3faa     0x2  Data  Gb  os_dbg.o [1]
OSDbg_EndiannessTest         0x4fe0     0x4  Data  Gb  os_dbg.o [1]
OSDbg_FlagEn                 0x5011     0x1  Data  Gb  os_dbg.o [1]
OSDbg_FlagGrp                0x4d8c    0x28  Data  Gb  os_dbg.o [1]
OSDbg_ISRPostDeferredEn
                             0x5012     0x1  Data  Gb  os_dbg.o [1]
OSDbg_Mem                    0x4e28    0x20  Data  Gb  os_dbg.o [1]
OSDbg_MemEn                  0x5013     0x1  Data  Gb  os_dbg.o [1]
OSDbg_MemSize                0x43fe     0x2  Data  Gb  os_dbg.o [1]
OSDbg_MsgEn                  0x5014     0x1  Data  Gb  os_dbg.o [1]
OSDbg_MsgPoolSize            0x4e6a     0x2  Data  Gb  os_dbg.o [1]
OSDbg_MsgQSize               0x4fec     0x2  Data  Gb  os_dbg.o [1]
OSDbg_MsgSize                0x49fe     0x2  Data  Gb  os_dbg.o [1]
OSDbg_Mutex                  0x4d34    0x2c  Data  Gb  os_dbg.o [1]
OSDbg_MutexDelEn             0x5016     0x1  Data  Gb  os_dbg.o [1]
OSDbg_MutexEn                0x5015     0x1  Data  Gb  os_dbg.o [1]
OSDbg_MutexPendAbortEn       0x5017     0x1  Data  Gb  os_dbg.o [1]
OSDbg_MutexSize              0x4fee     0x2  Data  Gb  os_dbg.o [1]
OSDbg_ObjTypeChkEn           0x5018     0x1  Data  Gb  os_dbg.o [1]
OSDbg_PendDataSize           0x4ff0     0x2  Data  Gb  os_dbg.o [1]
OSDbg_PendListSize           0x4ff2     0x2  Data  Gb  os_dbg.o [1]
OSDbg_PendMultiEn            0x5019     0x1  Data  Gb  os_dbg.o [1]
OSDbg_PendObjSize            0x4ff4     0x2  Data  Gb  os_dbg.o [1]
OSDbg_PrioMax                0x4ff6     0x2  Data  Gb  os_dbg.o [1]
OSDbg_PrioTblSize            0x4ff8     0x2  Data  Gb  os_dbg.o [1]
OSDbg_PtrSize                0x4ffa     0x2  Data  Gb  os_dbg.o [1]
OSDbg_Q                      0x4d04    0x30  Data  Gb  os_dbg.o [1]
OSDbg_QDelEn                 0x501b     0x1  Data  Gb  os_dbg.o [1]
OSDbg_QEn                    0x501a     0x1  Data  Gb  os_dbg.o [1]
OSDbg_QFlushEn               0x501c     0x1  Data  Gb  os_dbg.o [1]
OSDbg_QPendAbortEn           0x501d     0x1  Data  Gb  os_dbg.o [1]
OSDbg_QSize                  0x4ffc     0x2  Data  Gb  os_dbg.o [1]
OSDbg_RdyList                0x4ffe     0x2  Data  Gb  os_dbg.o [1]
OSDbg_RdyListSize            0x4fe4     0x4  Data  Gb  os_dbg.o [1]
OSDbg_SchedRoundRobinEn
                             0x501e     0x1  Data  Gb  os_dbg.o [1]
OSDbg_Sem                    0x4db4    0x28  Data  Gb  os_dbg.o [1]
OSDbg_SemEn                  0x501f     0x1  Data  Gb  os_dbg.o [1]
OSDbg_StatTaskEn             0x5021     0x1  Data  Gb  os_dbg.o [1]
OSDbg_StatTaskStkChkEn       0x5022     0x1  Data  Gb  os_dbg.o [1]
OSDbg_StkWidth               0x5020     0x1  Data  Gb  os_dbg.o [1]
OSDbg_TCBSize                0x5002     0x2  Data  Gb  os_dbg.o [1]
OSDbg_TaskChangePrioEn       0x5023     0x1  Data  Gb  os_dbg.o [1]
OSDbg_TaskDelEn              0x5024     0x1  Data  Gb  os_dbg.o [1]
OSDbg_TaskProfileEn          0x5027     0x1  Data  Gb  os_dbg.o [1]
OSDbg_TaskQEn                0x5025     0x1  Data  Gb  os_dbg.o [1]
OSDbg_TaskQPendAbortEn       0x5026     0x1  Data  Gb  os_dbg.o [1]
OSDbg_TaskRegTblSize         0x5000     0x2  Data  Gb  os_dbg.o [1]
OSDbg_TaskSemPendAbortEn
                             0x5028     0x1  Data  Gb  os_dbg.o [1]
OSDbg_TaskSuspendEn          0x5029     0x1  Data  Gb  os_dbg.o [1]
OSDbg_TickSpokeSize          0x5004     0x2  Data  Gb  os_dbg.o [1]
OSDbg_TimeDlyHMSMEn          0x502a     0x1  Data  Gb  os_dbg.o [1]
OSDbg_TimeDlyResumeEn        0x502b     0x1  Data  Gb  os_dbg.o [1]
OSDbg_Tmr                    0x4cd0    0x34  Data  Gb  os_dbg.o [1]
OSDbg_TmrDelEn               0x502d     0x1  Data  Gb  os_dbg.o [1]
OSDbg_TmrEn                  0x502c     0x1  Data  Gb  os_dbg.o [1]
OSDbg_TmrSize                0x5006     0x2  Data  Gb  os_dbg.o [1]
OSDbg_TmrSpokeSize           0x5008     0x2  Data  Gb  os_dbg.o [1]
OSDbg_VersionNbr             0x500a     0x2  Data  Gb  os_dbg.o [1]
OSIdleTaskCtr           0x2000'3e9c     0x4  Data  Gb  os_var.o [1]
OSIdleTaskHook                0xa09     0x2  Code  Gb  os_cpu_c.o [1]
OSIdleTaskTCB           0x2000'3a90    0x8c  Data  Gb  os_var.o [1]
OSInit                        0x11d    0xce  Code  Gb  os_core.o [1]
OSInitHook                    0xa0b    0x14  Code  Gb  os_cpu_c.o [1]
OSIntEnter                    0x1eb    0x1c  Code  Gb  os_core.o [1]
OSIntExit                     0x207    0x98  Code  Gb  os_core.o [1]
OSIntNestingCtr         0x2000'3efd     0x1  Data  Gb  os_var.o [1]
OSMemCreate                  0x1545    0x9a  Code  Gb  os_mem.o [1]
OSMemDbgListPtr         0x2000'3ea0     0x4  Data  Gb  os_var.o [1]
OSMemGet                     0x15df    0x4a  Code  Gb  os_mem.o [1]
OSMemPut                     0x1629    0x4a  Code  Gb  os_mem.o [1]
OSMemQty                0x2000'3ef0     0x2  Data  Gb  os_var.o [1]
OSMsgPool               0x2000'3e6c     0x8  Data  Gb  os_var.o [1]
OSMutexCreate                0x1779    0x6a  Code  Gb  os_mutex.o [1]
OSMutexDbgListPtr       0x2000'3ea4     0x4  Data  Gb  os_var.o [1]
OSMutexPend                  0x17e3   0x1f2  Code  Gb  os_mutex.o [1]
OSMutexPost                  0x19d5   0x11c  Code  Gb  os_mutex.o [1]
OSMutexQty              0x2000'3ef2     0x2  Data  Gb  os_var.o [1]
OSPrioCur               0x2000'3eff     0x1  Data  Gb  os_var.o [1]
OSPrioHighRdy           0x2000'3f00     0x1  Data  Gb  os_var.o [1]
OSPrioTbl               0x2000'3e98     0x4  Data  Gb  os_prio.o [1]
OSQCreate                    0x1b45    0x62  Code  Gb  os_q.o [1]
OSQDbgListPtr           0x2000'3ea8     0x4  Data  Gb  os_var.o [1]
OSQQty                  0x2000'3ef4     0x2  Data  Gb  os_var.o [1]
OSRdyList               0x2000'3770    0xf0  Data  Gb  os_var.o [1]
OSRunning               0x2000'3efe     0x1  Data  Gb  os_var.o [1]
OSSched                       0x29f    0x7a  Code  Gb  os_core.o [1]
OSSchedLock                   0x319    0x60  Code  Gb  os_core.o [1]
OSSchedLockNestingCtr   0x2000'3f01     0x1  Data  Gb  os_var.o [1]
OSSchedLockTimeBegin    0x2000'3eac     0x4  Data  Gb  os_var.o [1]
OSSchedLockTimeMax      0x2000'3eb0     0x4  Data  Gb  os_var.o [1]
OSSchedLockTimeMaxCur   0x2000'3eb4     0x4  Data  Gb  os_var.o [1]
OSSchedUnlock                 0x379    0x7c  Code  Gb  os_core.o [1]
OSStart                       0x3f5    0x52  Code  Gb  os_core.o [1]
OSStartHighRdy               0x24f5          Code  Gb  os_cpu_a.o [1]
OSTCBCurPtr             0x2000'3edc     0x4  Data  Gb  os_var.o [1]
OSTCBHighRdyPtr         0x2000'3ee0     0x4  Data  Gb  os_var.o [1]
OSTaskCreate                  0xbd9   0x120  Code  Gb  os_task.o [1]
OSTaskCreateHook              0xa1f     0x2  Code  Gb  os_cpu_c.o [1]
OSTaskCreateRecursive        0x2115   0x158  Code  Gb  OS_RecTaskServices.o [1]
OSTaskCtxSwCtr          0x2000'3eb8     0x4  Data  Gb  os_var.o [1]
OSTaskDbgListPtr        0x2000'3ebc     0x4  Data  Gb  os_var.o [1]
OSTaskDel                     0xcf9    0xfe  Code  Gb  os_task.o [1]
OSTaskDelHook                 0xa21     0x2  Code  Gb  os_cpu_c.o [1]
OSTaskQty               0x2000'3ef6     0x2  Data  Gb  os_var.o [1]
OSTaskReturnHook              0xa23     0x2  Code  Gb  os_cpu_c.o [1]
OSTaskSemPend                 0xdf7   0x126  Code  Gb  os_task.o [1]
OSTaskSemPost                 0xf1d    0x1c  Code  Gb  os_task.o [1]
OSTaskStkInit                 0xa25    0x7e  Code  Gb  os_cpu_c.o [1]
OSTaskSwHook                  0xaa3    0x2c  Code  Gb  os_cpu_c.o [1]
OSTickCtr               0x2000'3ec0     0x4  Data  Gb  os_var.o [1]
OSTickTaskTCB           0x2000'3b1c    0x8c  Data  Gb  os_var.o [1]
OSTickTaskTimeMax       0x2000'3ec4     0x4  Data  Gb  os_var.o [1]
OSTimeTick                   0x259d    0x30  Code  Gb  os_time.o [1]
OSTimeTickHook                0xacf     0x2  Code  Gb  os_cpu_c.o [1]
OSTmrDbgListPtr         0x2000'3ec8     0x4  Data  Gb  os_var.o [1]
OSTmrTaskTCB            0x2000'3ba8    0x8c  Data  Gb  os_var.o [1]
OSTmrTaskTimeMax        0x2000'3ecc     0x4  Data  Gb  os_var.o [1]
OSTmrTickCtr            0x2000'3ed0     0x4  Data  Gb  os_var.o [1]
OSTmrUpdateCnt          0x2000'3ed4     0x4  Data  Gb  os_var.o [1]
OSTmrUpdateCtr          0x2000'3ed8     0x4  Data  Gb  os_var.o [1]
OS_CPU_ExceptStkBase    0x2000'3e94     0x4  Data  Gb  os_cpu_c.o [1]
OS_CPU_PendSVHandler         0x2513          Code  Gb  os_cpu_a.o [1]
OS_CPU_SysTickHandler         0xad1    0x2a  Code  Gb  os_cpu_c.o [1]
OS_CPU_SysTickInit            0xafb    0x24  Code  Gb  os_cpu_c.o [1]
OS_Dbg_Init                  0x1ecd   0x170  Code  Gb  os_dbg.o [1]
OS_IdleTask                   0x447    0x28  Code  Gb  os_core.o [1]
OS_IdleTaskInit               0x46f    0x50  Code  Gb  os_core.o [1]
OS_MemDbgListAdd             0x1673    0x1e  Code  Gb  os_mem.o [1]
OS_MemInit                   0x1691    0x12  Code  Gb  os_mem.o [1]
OS_MsgPoolCreate             0x16b5    0x40  Code  Gb  os_msg.o [1]
OS_MsgPoolInit               0x16f5    0x24  Code  Gb  os_msg.o [1]
OS_MsgQFreeAll               0x1719    0x3e  Code  Gb  os_msg.o [1]
OS_MsgQInit                  0x1757    0x14  Code  Gb  os_msg.o [1]
OS_MutexDbgListAdd           0x1af1    0x22  Code  Gb  os_mutex.o [1]
OS_MutexInit                 0x1b13    0x12  Code  Gb  os_mutex.o [1]
OS_Pend                       0x4bf    0x54  Code  Gb  os_core.o [1]
OS_PendDataInit               0x513    0x38  Code  Gb  os_core.o [1]
OS_PendDbgNameAdd             0x54b    0x42  Code  Gb  os_core.o [1]
OS_PendDbgNameRemove          0x58d    0x1c  Code  Gb  os_core.o [1]
OS_PendListChangePrio         0x5ad    0x36  Code  Gb  os_core.o [1]
OS_PendListInit               0x5e3     0xe  Code  Gb  os_core.o [1]
OS_PendListInsertPrio         0x5f1    0x72  Code  Gb  os_core.o [1]
OS_PendListRemove             0x663    0x2a  Code  Gb  os_core.o [1]
OS_PendListRemove1            0x68d    0x48  Code  Gb  os_core.o [1]
OS_Post                       0x6d5    0xc0  Code  Gb  os_core.o [1]
OS_Post1                      0x795    0x28  Code  Gb  os_core.o [1]
OS_PrioGetHighest             0xb5d    0x20  Code  Gb  os_prio.o [1]
OS_PrioInit                   0xb49    0x14  Code  Gb  os_prio.o [1]
OS_PrioInsert                 0xb7d    0x2a  Code  Gb  os_prio.o [1]
OS_PrioRemove                 0xba7    0x2c  Code  Gb  os_prio.o [1]
OS_QDbgListAdd               0x1ba7    0x22  Code  Gb  os_q.o [1]
OS_QInit                     0x1bc9    0x12  Code  Gb  os_q.o [1]
OS_RdyListInit                0x7bd    0x2a  Code  Gb  os_core.o [1]
OS_RdyListInsert              0x7e7    0x28  Code  Gb  os_core.o [1]
OS_RdyListInsertHead          0x80f    0x3a  Code  Gb  os_core.o [1]
OS_RdyListInsertTail          0x849    0x38  Code  Gb  os_core.o [1]
OS_RdyListRemove              0x881    0x5c  Code  Gb  os_core.o [1]
OS_SchedLockTimeMeasStart
                              0x8dd    0x14  Code  Gb  os_core.o [1]
OS_SchedLockTimeMeasStop
                              0x8f1    0x2a  Code  Gb  os_core.o [1]
OS_TaskBlock                  0x97d    0x38  Code  Gb  os_core.o [1]
OS_TaskDbgListAdd             0xf39    0x26  Code  Gb  os_task.o [1]
OS_TaskDbgListRemove          0xf5f    0x4a  Code  Gb  os_task.o [1]
OS_TaskInit                   0xfa9    0x18  Code  Gb  os_task.o [1]
OS_TaskInitTCB                0xfc1    0xa8  Code  Gb  os_task.o [1]
OS_TaskRdy                    0x9b5    0x1a  Code  Gb  os_core.o [1]
OS_TaskReturn                0x1069    0x14  Code  Gb  os_task.o [1]
OS_TaskSemPost               0x107d    0xd4  Code  Gb  os_task.o [1]
OS_TickListInit              0x1213    0x2e  Code  Gb  os_tick.o [1]
OS_TickListInsert            0x1241   0x11c  Code  Gb  os_tick.o [1]
OS_TickListRemove            0x135d    0x42  Code  Gb  os_tick.o [1]
OS_TickListUpdate            0x139f   0x170  Code  Gb  os_tick.o [1]
OS_TickTask                  0x117d    0x26  Code  Gb  os_tick.o [1]
OS_TickTaskInit              0x11a3    0x70  Code  Gb  os_tick.o [1]
OS_TmrInit                   0x1bf1    0xd6  Code  Gb  os_tmr.o [1]
OS_TmrLink                   0x1cc7    0xd0  Code  Gb  os_tmr.o [1]
OS_TmrTask                   0x1de5    0xa6  Code  Gb  os_tmr.o [1]
OS_TmrUnlink                 0x1d97    0x4c  Code  Gb  os_tmr.o [1]
PWMGenConfigure              0x430d    0x3c  Code  Gb  pwm.o [1]
PWMGenEnable                 0x436b     0xe  Code  Gb  pwm.o [1]
PWMGenPeriodSet              0x4349    0x22  Code  Gb  pwm.o [1]
PWMOutputInvert              0x43d3    0x2c  Code  Gb  pwm.o [1]
PWMOutputState               0x43a7    0x2c  Code  Gb  pwm.o [1]
PWMPulseWidthSet             0x4379    0x2e  Code  Gb  pwm.o [1]
RBFindMin                    0x287f     0xc  Code  Gb  RBTree.o [1]
RMSched                      0x232f    0x1e  Code  Gb  OS_RecTaskServices.o [1]
Region$$Table$$Base          0x4e04           --   Gb  - Linker created -
Region$$Table$$Limit         0x4e28           --   Gb  - Linker created -
Right_tgt               0x2000'3ef9     0x1  Data  Gb  app2.o [1]
RoboTurn                     0x484d    0xc8  Code  Gb  app2.o [1]
SysCtlClockGet               0x31f9   0x1a2  Code  Gb  sysctl.o [1]
SysCtlClockSet               0x308d   0x16c  Code  Gb  sysctl.o [1]
SysCtlDelay                  0x3085     0x8  Code  Gb  sysctl.o [1]
SysCtlPWMClockSet            0x339b     0xe  Code  Gb  sysctl.o [1]
SysCtlPeripheralDeepSleepDisable
                             0x3059    0x2c  Code  Gb  sysctl.o [1]
SysCtlPeripheralEnable       0x302d    0x2c  Code  Gb  sysctl.o [1]
SysCtlPeripheralReset        0x2fcd    0x60  Code  Gb  sysctl.o [1]
_Rand_idx               0x2000'3cb4     0x4  Data  Lc  rand.o [2]
_Rand_rv                0x2000'3c34    0x80  Data  Lc  rand.o [2]
_Randinit               0x2000'0008     0x1  Data  Gb  rand.o [2]
_Randseed               0x2000'000c     0x4  Data  Gb  rand.o [2]
__cmain                      0x4e49          Code  Gb  cmain.o [4]
__exit                       0x3d9d    0x14  Code  Gb  exit.o [5]
__iar_close_ttio             0x4401    0x2e  Code  Gb  iarttio.o [5]
__iar_copy_init3             0x4d61    0x2c  Code  Gb  copy_init3.o [4]
__iar_data_init3             0x4ddd    0x28  Code  Gb  data_init.o [4]
__iar_lookup_ttioh           0x4431     0x4  Code  Gb  XShttio.o [2]
__iar_program_start          0x4f51          Code  Gb  cstartup_M.o [4]
__iar_ttio_handles      0x2000'0010     0x8  Data  Lc  XShttio.o [2]
__iar_zero_init3              0x9cf    0x3a  Code  Gb  zero_init3.o [4]
__low_level_init             0x4e67     0x4  Code  Gb  low_level_init.o [2]
__vector_table                  0x0   0x11c  Data  Gb  app_vect.o [1]
_call_main                   0x4e55          Code  Gb  cmain.o [4]
_exit                        0x2f1d          Code  Gb  cexit.o [4]
_main                        0x4e63          Code  Gb  cmain.o [4]
append                       0x2b47    0x2c  Code  Gb  linkedList.o [1]
chooseHeight                 0x2c45    0x22  Code  Lc  skiplist.o [1]
color_delete                 0x28c1   0x162  Code  Gb  RBTree.o [1]
color_insert                 0x266d   0x116  Code  Gb  RBTree.o [1]
create                       0x2ae5    0x62  Code  Gb  linkedList.o [1]
delete                       0x2a23    0xb8  Code  Gb  RBTree.o [1]
dispose                      0x2b87    0xb2  Code  Gb  linkedList.o [1]
exit                         0x2c41     0x4  Code  Gb  exit.o [2]
g_pucFont                    0x4a00   0x1dc  Data  Lc  bsp_display.o [1]
g_pucRITInit                 0x4c38    0x50  Data  Lc  bsp_display.o [1]
g_pucRow1                    0x4f64     0x8  Data  Lc  bsp_display.o [1]
g_pucRow2                    0x4f6c     0x8  Data  Lc  bsp_display.o [1]
g_pulDCGCRegs                0x4f38     0xc  Data  Lc  sysctl.o [1]
g_pulGPIOBaseAddrs           0x4c88    0x48  Data  Lc  gpio.o [1]
g_pulRCGCRegs                0x4f2c     0xc  Data  Lc  sysctl.o [1]
g_pulSRCRRegs                0x4f20     0xc  Data  Lc  sysctl.o [1]
g_pulXtals                   0x4bdc    0x5c  Data  Lc  sysctl.o [1]
g_ucColumnAdjust        0x2000'0004     0x4  Data  Lc  bsp_display.o [1]
g_ulDelay               0x2000'3e78     0x4  Data  Lc  bsp_display.o [1]
getMinKeyNode                0x2e11     0x4  Code  Gb  skiplist.o [1]
iMove                   0x2000'0000     0x4  Data  Gb  app2.o [1]
insert                       0x2783    0xd8  Code  Gb  RBTree.o [1]
leftRotate                   0x25e1    0x46  Code  Gb  RBTree.o [1]
main                         0x443d    0xbe  Code  Gb  app2.o [1]
min                          0x288b    0x10  Code  Gb  RBTree.o [1]
p_addr                  0x2000'0018  0x2000  Data  Gb  app2.o [1]
rand                         0x2f29    0x94  Code  Gb  rand.o [2]
readyQueue              0x2000'3ee8     0x4  Data  Gb  skiplist.o [1]
releaseTask                  0x22e9    0x46  Code  Gb  OS_RecTaskServices.o [1]
rightRotate                  0x2627    0x46  Code  Gb  RBTree.o [1]
root                    0x2000'3ee4     0x4  Data  Gb  RBTree.o [1]
searchRB                     0x285b    0x24  Code  Gb  RBTree.o [1]
skiplistCreate               0x2d19    0x30  Code  Gb  skiplist.o [1]
skiplistCreateNode           0x2c67    0xb2  Code  Lc  skiplist.o [1]
skiplistInsert               0x2d7b    0x8e  Code  Gb  skiplist.o [1]
skiplistSearch               0x2d49    0x32  Code  Gb  skiplist.o [1]
successor                    0x289b    0x26  Code  Gb  RBTree.o [1]
tickHandlerRecursion         0x226d    0x7a  Code  Gb  OS_RecTaskServices.o [1]
traverse                     0x2b73    0x14  Code  Gb  linkedList.o [1]


[1] = C:\Users\ahj\Desktop\CE4057\Source_Code_CE4057\ce4053\Micrium\Software\EvalBoards\TI\LM3S9B92-EVALBOT\IAR\uCOS-III-CE4053_PG\Flash\Obj
[2] = dl7M_tlf.a
[3] = m7M_tl.a
[4] = rt7M_tl.a
[5] = shb_l.a

  18 790 bytes of readonly  code memory
   1 736 bytes of readonly  data memory
  17 154 bytes of readwrite data memory

Errors: none
Warnings: none
