###############################################################################
#
# IAR ELF Linker V8.30.1.114/W32 for ARM                  11/Nov/2018  17:51:09
# Copyright 2007-2018 IAR Systems AB.
#
#    Output file  =  
#        C:\Users\ahj\Desktop\CE4057\Source_Code_CE4057\ce4053\Micrium\Software\EvalBoards\TI\LM3S9B92-EVALBOT\IAR\uCOS-III-CE4053_PG\Flash\Exe\uCOS-III-Ex4.out
#    Map file     =  
#        C:\Users\ahj\Desktop\CE4057\Source_Code_CE4057\ce4053\Micrium\Software\EvalBoards\TI\LM3S9B92-EVALBOT\IAR\uCOS-III-CE4053_PG\Flash\List\uCOS-III-Ex4.map
#    Command line =  
#        -f C:\Users\ahj\AppData\Local\Temp\EW662F.tmp
#        (C:\Users\ahj\Desktop\CE4057\Source_Code_CE4057\ce4053\Micrium\Software\EvalBoards\TI\LM3S9B92-EVALBOT\IAR\uCOS-III-CE4053_PG\Flash\Obj\adc.o
#        C:\Users\ahj\Desktop\CE4057\Source_Code_CE4057\ce4053\Micrium\Software\EvalBoards\TI\LM3S9B92-EVALBOT\IAR\uCOS-III-CE4053_PG\Flash\Obj\app2.o
#        C:\Users\ahj\Desktop\CE4057\Source_Code_CE4057\ce4053\Micrium\Software\EvalBoards\TI\LM3S9B92-EVALBOT\IAR\uCOS-III-CE4053_PG\Flash\Obj\app_vect.o
#        C:\Users\ahj\Desktop\CE4057\Source_Code_CE4057\ce4053\Micrium\Software\EvalBoards\TI\LM3S9B92-EVALBOT\IAR\uCOS-III-CE4053_PG\Flash\Obj\avl_tree.o
#        C:\Users\ahj\Desktop\CE4057\Source_Code_CE4057\ce4053\Micrium\Software\EvalBoards\TI\LM3S9B92-EVALBOT\IAR\uCOS-III-CE4053_PG\Flash\Obj\bsp.o
#        C:\Users\ahj\Desktop\CE4057\Source_Code_CE4057\ce4053\Micrium\Software\EvalBoards\TI\LM3S9B92-EVALBOT\IAR\uCOS-III-CE4053_PG\Flash\Obj\bsp_dac.o
#        C:\Users\ahj\Desktop\CE4057\Source_Code_CE4057\ce4053\Micrium\Software\EvalBoards\TI\LM3S9B92-EVALBOT\IAR\uCOS-III-CE4053_PG\Flash\Obj\bsp_display.o
#        C:\Users\ahj\Desktop\CE4057\Source_Code_CE4057\ce4053\Micrium\Software\EvalBoards\TI\LM3S9B92-EVALBOT\IAR\uCOS-III-CE4053_PG\Flash\Obj\bsp_int.o
#        C:\Users\ahj\Desktop\CE4057\Source_Code_CE4057\ce4053\Micrium\Software\EvalBoards\TI\LM3S9B92-EVALBOT\IAR\uCOS-III-CE4053_PG\Flash\Obj\bsp_io.o
#        C:\Users\ahj\Desktop\CE4057\Source_Code_CE4057\ce4053\Micrium\Software\EvalBoards\TI\LM3S9B92-EVALBOT\IAR\uCOS-III-CE4053_PG\Flash\Obj\bsp_motor.o
#        C:\Users\ahj\Desktop\CE4057\Source_Code_CE4057\ce4053\Micrium\Software\EvalBoards\TI\LM3S9B92-EVALBOT\IAR\uCOS-III-CE4053_PG\Flash\Obj\bsp_sensors.o
#        C:\Users\ahj\Desktop\CE4057\Source_Code_CE4057\ce4053\Micrium\Software\EvalBoards\TI\LM3S9B92-EVALBOT\IAR\uCOS-III-CE4053_PG\Flash\Obj\can.o
#        C:\Users\ahj\Desktop\CE4057\Source_Code_CE4057\ce4053\Micrium\Software\EvalBoards\TI\LM3S9B92-EVALBOT\IAR\uCOS-III-CE4053_PG\Flash\Obj\comp.o
#        C:\Users\ahj\Desktop\CE4057\Source_Code_CE4057\ce4053\Micrium\Software\EvalBoards\TI\LM3S9B92-EVALBOT\IAR\uCOS-III-CE4053_PG\Flash\Obj\cpu_.o
#        C:\Users\ahj\Desktop\CE4057\Source_Code_CE4057\ce4053\Micrium\Software\EvalBoards\TI\LM3S9B92-EVALBOT\IAR\uCOS-III-CE4053_PG\Flash\Obj\cpu_a.o
#        C:\Users\ahj\Desktop\CE4057\Source_Code_CE4057\ce4053\Micrium\Software\EvalBoards\TI\LM3S9B92-EVALBOT\IAR\uCOS-III-CE4053_PG\Flash\Obj\cpu_bsp.o
#        C:\Users\ahj\Desktop\CE4057\Source_Code_CE4057\ce4053\Micrium\Software\EvalBoards\TI\LM3S9B92-EVALBOT\IAR\uCOS-III-CE4053_PG\Flash\Obj\cpu_c.o
#        C:\Users\ahj\Desktop\CE4057\Source_Code_CE4057\ce4053\Micrium\Software\EvalBoards\TI\LM3S9B92-EVALBOT\IAR\uCOS-III-CE4053_PG\Flash\Obj\cpu_core.o
#        C:\Users\ahj\Desktop\CE4057\Source_Code_CE4057\ce4053\Micrium\Software\EvalBoards\TI\LM3S9B92-EVALBOT\IAR\uCOS-III-CE4053_PG\Flash\Obj\epi.o
#        C:\Users\ahj\Desktop\CE4057\Source_Code_CE4057\ce4053\Micrium\Software\EvalBoards\TI\LM3S9B92-EVALBOT\IAR\uCOS-III-CE4053_PG\Flash\Obj\ethernet.o
#        C:\Users\ahj\Desktop\CE4057\Source_Code_CE4057\ce4053\Micrium\Software\EvalBoards\TI\LM3S9B92-EVALBOT\IAR\uCOS-III-CE4053_PG\Flash\Obj\fatfs.o
#        C:\Users\ahj\Desktop\CE4057\Source_Code_CE4057\ce4053\Micrium\Software\EvalBoards\TI\LM3S9B92-EVALBOT\IAR\uCOS-III-CE4053_PG\Flash\Obj\flash.o
#        C:\Users\ahj\Desktop\CE4057\Source_Code_CE4057\ce4053\Micrium\Software\EvalBoards\TI\LM3S9B92-EVALBOT\IAR\uCOS-III-CE4053_PG\Flash\Obj\gpio.o
#        C:\Users\ahj\Desktop\CE4057\Source_Code_CE4057\ce4053\Micrium\Software\EvalBoards\TI\LM3S9B92-EVALBOT\IAR\uCOS-III-CE4053_PG\Flash\Obj\hibernate.o
#        C:\Users\ahj\Desktop\CE4057\Source_Code_CE4057\ce4053\Micrium\Software\EvalBoards\TI\LM3S9B92-EVALBOT\IAR\uCOS-III-CE4053_PG\Flash\Obj\i2c.o
#        C:\Users\ahj\Desktop\CE4057\Source_Code_CE4057\ce4053\Micrium\Software\EvalBoards\TI\LM3S9B92-EVALBOT\IAR\uCOS-III-CE4053_PG\Flash\Obj\i2s.o
#        C:\Users\ahj\Desktop\CE4057\Source_Code_CE4057\ce4053\Micrium\Software\EvalBoards\TI\LM3S9B92-EVALBOT\IAR\uCOS-III-CE4053_PG\Flash\Obj\interrupt.o
#        C:\Users\ahj\Desktop\CE4057\Source_Code_CE4057\ce4053\Micrium\Software\EvalBoards\TI\LM3S9B92-EVALBOT\IAR\uCOS-III-CE4053_PG\Flash\Obj\lib_ascii.o
#        C:\Users\ahj\Desktop\CE4057\Source_Code_CE4057\ce4053\Micrium\Software\EvalBoards\TI\LM3S9B92-EVALBOT\IAR\uCOS-III-CE4053_PG\Flash\Obj\lib_math.o
#        C:\Users\ahj\Desktop\CE4057\Source_Code_CE4057\ce4053\Micrium\Software\EvalBoards\TI\LM3S9B92-EVALBOT\IAR\uCOS-III-CE4053_PG\Flash\Obj\lib_mem.o
#        C:\Users\ahj\Desktop\CE4057\Source_Code_CE4057\ce4053\Micrium\Software\EvalBoards\TI\LM3S9B92-EVALBOT\IAR\uCOS-III-CE4053_PG\Flash\Obj\lib_str.o
#        C:\Users\ahj\Desktop\CE4057\Source_Code_CE4057\ce4053\Micrium\Software\EvalBoards\TI\LM3S9B92-EVALBOT\IAR\uCOS-III-CE4053_PG\Flash\Obj\linkedList.o
#        C:\Users\ahj\Desktop\CE4057\Source_Code_CE4057\ce4053\Micrium\Software\EvalBoards\TI\LM3S9B92-EVALBOT\IAR\uCOS-III-CE4053_PG\Flash\Obj\linkedListQ.o
#        C:\Users\ahj\Desktop\CE4057\Source_Code_CE4057\ce4053\Micrium\Software\EvalBoards\TI\LM3S9B92-EVALBOT\IAR\uCOS-III-CE4053_PG\Flash\Obj\microsd.o
#        C:\Users\ahj\Desktop\CE4057\Source_Code_CE4057\ce4053\Micrium\Software\EvalBoards\TI\LM3S9B92-EVALBOT\IAR\uCOS-III-CE4053_PG\Flash\Obj\mpu.o
#        C:\Users\ahj\Desktop\CE4057\Source_Code_CE4057\ce4053\Micrium\Software\EvalBoards\TI\LM3S9B92-EVALBOT\IAR\uCOS-III-CE4053_PG\Flash\Obj\os_app_hooks.o
#        C:\Users\ahj\Desktop\CE4057\Source_Code_CE4057\ce4053\Micrium\Software\EvalBoards\TI\LM3S9B92-EVALBOT\IAR\uCOS-III-CE4053_PG\Flash\Obj\os_cfg_app.o
#        C:\Users\ahj\Desktop\CE4057\Source_Code_CE4057\ce4053\Micrium\Software\EvalBoards\TI\LM3S9B92-EVALBOT\IAR\uCOS-III-CE4053_PG\Flash\Obj\os_core.o
#        C:\Users\ahj\Desktop\CE4057\Source_Code_CE4057\ce4053\Micrium\Software\EvalBoards\TI\LM3S9B92-EVALBOT\IAR\uCOS-III-CE4053_PG\Flash\Obj\os_cpu_a.o
#        C:\Users\ahj\Desktop\CE4057\Source_Code_CE4057\ce4053\Micrium\Software\EvalBoards\TI\LM3S9B92-EVALBOT\IAR\uCOS-III-CE4053_PG\Flash\Obj\os_cpu_c.o
#        C:\Users\ahj\Desktop\CE4057\Source_Code_CE4057\ce4053\Micrium\Software\EvalBoards\TI\LM3S9B92-EVALBOT\IAR\uCOS-III-CE4053_PG\Flash\Obj\os_dbg.o
#        C:\Users\ahj\Desktop\CE4057\Source_Code_CE4057\ce4053\Micrium\Software\EvalBoards\TI\LM3S9B92-EVALBOT\IAR\uCOS-III-CE4053_PG\Flash\Obj\os_flag.o
#        C:\Users\ahj\Desktop\CE4057\Source_Code_CE4057\ce4053\Micrium\Software\EvalBoards\TI\LM3S9B92-EVALBOT\IAR\uCOS-III-CE4053_PG\Flash\Obj\os_int.o
#        C:\Users\ahj\Desktop\CE4057\Source_Code_CE4057\ce4053\Micrium\Software\EvalBoards\TI\LM3S9B92-EVALBOT\IAR\uCOS-III-CE4053_PG\Flash\Obj\os_mem.o
#        C:\Users\ahj\Desktop\CE4057\Source_Code_CE4057\ce4053\Micrium\Software\EvalBoards\TI\LM3S9B92-EVALBOT\IAR\uCOS-III-CE4053_PG\Flash\Obj\os_msg.o
#        C:\Users\ahj\Desktop\CE4057\Source_Code_CE4057\ce4053\Micrium\Software\EvalBoards\TI\LM3S9B92-EVALBOT\IAR\uCOS-III-CE4053_PG\Flash\Obj\os_mutex.o
#        C:\Users\ahj\Desktop\CE4057\Source_Code_CE4057\ce4053\Micrium\Software\EvalBoards\TI\LM3S9B92-EVALBOT\IAR\uCOS-III-CE4053_PG\Flash\Obj\os_pend_multi.o
#        C:\Users\ahj\Desktop\CE4057\Source_Code_CE4057\ce4053\Micrium\Software\EvalBoards\TI\LM3S9B92-EVALBOT\IAR\uCOS-III-CE4053_PG\Flash\Obj\os_prio.o
#        C:\Users\ahj\Desktop\CE4057\Source_Code_CE4057\ce4053\Micrium\Software\EvalBoards\TI\LM3S9B92-EVALBOT\IAR\uCOS-III-CE4053_PG\Flash\Obj\os_q.o
#        C:\Users\ahj\Desktop\CE4057\Source_Code_CE4057\ce4053\Micrium\Software\EvalBoards\TI\LM3S9B92-EVALBOT\IAR\uCOS-III-CE4053_PG\Flash\Obj\OS_RecTaskServices.o
#        C:\Users\ahj\Desktop\CE4057\Source_Code_CE4057\ce4053\Micrium\Software\EvalBoards\TI\LM3S9B92-EVALBOT\IAR\uCOS-III-CE4053_PG\Flash\Obj\OS_ResShareServices.o
#        C:\Users\ahj\Desktop\CE4057\Source_Code_CE4057\ce4053\Micrium\Software\EvalBoards\TI\LM3S9B92-EVALBOT\IAR\uCOS-III-CE4053_PG\Flash\Obj\os_sem.o
#        C:\Users\ahj\Desktop\CE4057\Source_Code_CE4057\ce4053\Micrium\Software\EvalBoards\TI\LM3S9B92-EVALBOT\IAR\uCOS-III-CE4053_PG\Flash\Obj\os_stat.o
#        C:\Users\ahj\Desktop\CE4057\Source_Code_CE4057\ce4053\Micrium\Software\EvalBoards\TI\LM3S9B92-EVALBOT\IAR\uCOS-III-CE4053_PG\Flash\Obj\os_task.o
#        C:\Users\ahj\Desktop\CE4057\Source_Code_CE4057\ce4053\Micrium\Software\EvalBoards\TI\LM3S9B92-EVALBOT\IAR\uCOS-III-CE4053_PG\Flash\Obj\os_tick.o
#        C:\Users\ahj\Desktop\CE4057\Source_Code_CE4057\ce4053\Micrium\Software\EvalBoards\TI\LM3S9B92-EVALBOT\IAR\uCOS-III-CE4053_PG\Flash\Obj\os_time.o
#        C:\Users\ahj\Desktop\CE4057\Source_Code_CE4057\ce4053\Micrium\Software\EvalBoards\TI\LM3S9B92-EVALBOT\IAR\uCOS-III-CE4053_PG\Flash\Obj\os_tmr.o
#        C:\Users\ahj\Desktop\CE4057\Source_Code_CE4057\ce4053\Micrium\Software\EvalBoards\TI\LM3S9B92-EVALBOT\IAR\uCOS-III-CE4053_PG\Flash\Obj\os_var.o
#        C:\Users\ahj\Desktop\CE4057\Source_Code_CE4057\ce4053\Micrium\Software\EvalBoards\TI\LM3S9B92-EVALBOT\IAR\uCOS-III-CE4053_PG\Flash\Obj\pwm.o
#        C:\Users\ahj\Desktop\CE4057\Source_Code_CE4057\ce4053\Micrium\Software\EvalBoards\TI\LM3S9B92-EVALBOT\IAR\uCOS-III-CE4053_PG\Flash\Obj\qei.o
#        C:\Users\ahj\Desktop\CE4057\Source_Code_CE4057\ce4053\Micrium\Software\EvalBoards\TI\LM3S9B92-EVALBOT\IAR\uCOS-III-CE4053_PG\Flash\Obj\RBTree.o
#        C:\Users\ahj\Desktop\CE4057\Source_Code_CE4057\ce4053\Micrium\Software\EvalBoards\TI\LM3S9B92-EVALBOT\IAR\uCOS-III-CE4053_PG\Flash\Obj\skiplist.o
#        C:\Users\ahj\Desktop\CE4057\Source_Code_CE4057\ce4053\Micrium\Software\EvalBoards\TI\LM3S9B92-EVALBOT\IAR\uCOS-III-CE4053_PG\Flash\Obj\ssi.o
#        C:\Users\ahj\Desktop\CE4057\Source_Code_CE4057\ce4053\Micrium\Software\EvalBoards\TI\LM3S9B92-EVALBOT\IAR\uCOS-III-CE4053_PG\Flash\Obj\stack.o
#        C:\Users\ahj\Desktop\CE4057\Source_Code_CE4057\ce4053\Micrium\Software\EvalBoards\TI\LM3S9B92-EVALBOT\IAR\uCOS-III-CE4053_PG\Flash\Obj\sysctl.o
#        C:\Users\ahj\Desktop\CE4057\Source_Code_CE4057\ce4053\Micrium\Software\EvalBoards\TI\LM3S9B92-EVALBOT\IAR\uCOS-III-CE4053_PG\Flash\Obj\systick.o
#        C:\Users\ahj\Desktop\CE4057\Source_Code_CE4057\ce4053\Micrium\Software\EvalBoards\TI\LM3S9B92-EVALBOT\IAR\uCOS-III-CE4053_PG\Flash\Obj\timer.o
#        C:\Users\ahj\Desktop\CE4057\Source_Code_CE4057\ce4053\Micrium\Software\EvalBoards\TI\LM3S9B92-EVALBOT\IAR\uCOS-III-CE4053_PG\Flash\Obj\uart.o
#        C:\Users\ahj\Desktop\CE4057\Source_Code_CE4057\ce4053\Micrium\Software\EvalBoards\TI\LM3S9B92-EVALBOT\IAR\uCOS-III-CE4053_PG\Flash\Obj\udma.o
#        C:\Users\ahj\Desktop\CE4057\Source_Code_CE4057\ce4053\Micrium\Software\EvalBoards\TI\LM3S9B92-EVALBOT\IAR\uCOS-III-CE4053_PG\Flash\Obj\usb.o
#        C:\Users\ahj\Desktop\CE4057\Source_Code_CE4057\ce4053\Micrium\Software\EvalBoards\TI\LM3S9B92-EVALBOT\IAR\uCOS-III-CE4053_PG\Flash\Obj\watchdog.o
#        --redirect _Printf=_PrintfFull --redirect _Scanf=_ScanfFull
#        --no_out_extension -o
#        C:\Users\ahj\Desktop\CE4057\Source_Code_CE4057\ce4053\Micrium\Software\EvalBoards\TI\LM3S9B92-EVALBOT\IAR\uCOS-III-CE4053_PG\Flash\Exe\uCOS-III-Ex4.out
#        --map
#        C:\Users\ahj\Desktop\CE4057\Source_Code_CE4057\ce4053\Micrium\Software\EvalBoards\TI\LM3S9B92-EVALBOT\IAR\uCOS-III-CE4053_PG\Flash\List\uCOS-III-Ex4.map
#        --config
#        C:\Users\ahj\Desktop\CE4057\Source_Code_CE4057\ce4053\Micrium\Software\EvalBoards\TI\LM3S9B92-EVALBOT\IAR\uCOS-III-CE4053_PG\..\BSP\LM3S9B92_Flash.icf
#        --semihosting --entry __iar_program_start --vfe --text_out locale)
#
###############################################################################

*******************************************************************************
*** RUNTIME MODEL ATTRIBUTES
***

CppFlavor       = *
__Heap_Handler  = Basic
__SystemLibrary = DLib
__dlib_version  = 6


*******************************************************************************
*** HEAP SELECTION
***

The basic heap was selected because some modules are built with
size limitations (and not runtime checking), and --advanced_heap
was not specified.


*******************************************************************************
*** PLACEMENT SUMMARY
***

"A0":  place at start of [from 0x0 to 0x3'ffff] { ro section .intvec };
"P1":  place in [from 0x0 to 0x3'ffff] { ro };
"P2":  place in [from 0x0 to 0x3'ffff] { section wave_1 };
"P3":  place in [from 0x0 to 0x3'ffff] { section wave_2 };
"P4":  place in [from 0x0 to 0x3'ffff] { section wave_3 };
"P5":  place in [from 0x0 to 0x3'ffff] { section wave_4 };
"P6":  place in [from 0x0 to 0x3'ffff] { section wave_5 };
define block HEAP with size = 0M, alignment = 8 { };
define block CSTACK with size = 1K, alignment = 8 { };
"P7":  place in [from 0x2000'0000 to 0x2001'7fff] {
          rw, block HEAP, block CSTACK };
initialize by copy { rw };

No sections matched the following patterns:

  section wave_1  in "P1-P6"
  section wave_2  in "P1-P6"
  section wave_3  in "P1-P6"
  section wave_4  in "P1-P6"
  section wave_5  in "P1-P6"


  Section            Kind         Address    Size  Object
  -------            ----         -------    ----  ------
"A0":                                       0x11c
  .intvec            const            0x0   0x11c  app_vect.o [1]
                                  - 0x11c   0x11c

"P1-P6":                                   0x59da
  .text              ro code        0x11c   0x87a  os_core.o [1]
  .text              ro code        0x996    0x3a  zero_init3.o [4]
  .text              ro code        0x9d0   0x140  os_cpu_c.o [1]
  .text              ro code        0xb10    0x90  os_prio.o [1]
  .text              ro code        0xba0   0x5a4  os_task.o [1]
  .text              ro code       0x1144   0x3c8  os_tick.o [1]
  .text              ro code       0x150c   0x170  os_mem.o [1]
  .text              ro code       0x167c    0xc4  os_msg.o [1]
  .text              ro code       0x1740    0x1c  os_mutex.o [1]
  .text              ro code       0x175c    0xac  os_q.o [1]
  .text              ro code       0x1808   0x2dc  os_tmr.o [1]
  .text              ro code       0x1ae4   0x170  os_dbg.o [1]
  .text              ro code       0x1c54    0xac  os_cfg_app.o [1]
  CODE               ro code       0x1d00    0x2a  cpu_a.o [1]
  .rodata            const         0x1d2a     0x2  os_cfg_app.o [1]
  .text              ro code       0x1d2c   0x33c  OS_RecTaskServices.o [1]
  .text              ro code       0x2068   0x188  cpu_core.o [1]
  CODE               ro code       0x21f0    0x84  os_cpu_a.o [1]
  .text              ro code       0x2274    0x24  cpu_bsp.o [1]
  .text              ro code       0x2298    0x44  os_time.o [1]
  .text              ro code       0x22dc   0x504  RBTree.o [1]
  .text              ro code       0x27e0   0x308  skiplist.o [1]
  .text              ro code       0x2ae8   0x228  linkedList.o [1]
  .text              ro code       0x2d10     0x4  exit.o [2]
  .text              ro code       0x2d14    0x60  lib_mem.o [1]
  .text              ro code       0x2d74    0xa8  bsp.o [1]
  .text              ro code       0x2e1c    0xa4  rand.o [2]
  .text              ro code       0x2ec0    0x14  memset.o [4]
  .text              ro code       0x2ed4     0xa  cexit.o [4]
  .rodata            const         0x2ede     0x2  os_cfg_app.o [1]
  .text              ro code       0x2ee0   0x444  sysctl.o [1]
  .text              ro code       0x3324   0x256  bsp_int.o [1]
  .rodata            const         0x357a     0x2  os_cfg_app.o [1]
  .text              ro code       0x357c   0x328  bsp_display.o [1]
  .text              ro code       0x38a4    0xa0  bsp_io.o [1]
  .text              ro code       0x3944   0x164  bsp_sensors.o [1]
  .text              ro code       0x3aa8   0x208  bsp_motor.o [1]
  .text              ro code       0x3cb0    0x66  ABImemset.o [4]
  .rodata            const         0x3d16     0x2  os_dbg.o [1]
  .text              ro code       0x3d18    0x14  exit.o [5]
  .text              ro code       0x3d2c   0x138  cpu_c.o [1]
  .text              ro code       0x3e64    0xc2  i2c.o [1]
  .rodata            const         0x3f26     0x2  os_dbg.o [1]
  .text              ro code       0x3f28   0x360  gpio.o [1]
  .text              ro code       0x4288    0xf2  pwm.o [1]
  .rodata            const         0x437a     0x2  os_dbg.o [1]
  .text              ro code       0x437c    0x30  iarttio.o [5]
  .text              ro code       0x43ac     0xc  XShttio.o [2]
  .text              ro code       0x43b8   0x580  app2.o [1]
  .text              ro code       0x4938    0x66  ethernet.o [1]
  .rodata            const         0x499e     0x2  os_dbg.o [1]
  .text              ro code       0x49a0   0x4c0  OS_ResShareServices.o [1]
  .text              ro code       0x4e60    0xbc  stack.o [1]
  .text              ro code       0x4f1c   0x3e8  avl_tree.o [1]
  .text              ro code       0x5304   0x138  linkedListQ.o [1]
  .text              ro code       0x543c    0x86  ABImemcpy.o [4]
  .rodata            const         0x54c2     0x2  os_dbg.o [1]
  .rodata            const         0x54c4   0x1dc  bsp_display.o [1]
  .rodata            const         0x56a0    0x5c  sysctl.o [1]
  .rodata            const         0x56fc    0x50  bsp_display.o [1]
  .rodata            const         0x574c    0x48  gpio.o [1]
  .rodata            const         0x5794    0x34  os_dbg.o [1]
  .rodata            const         0x57c8    0x30  os_dbg.o [1]
  .rodata            const         0x57f8    0x2c  os_dbg.o [1]
  .text              ro code       0x5824    0x2c  copy_init3.o [4]
  .rodata            const         0x5850    0x28  os_dbg.o [1]
  .rodata            const         0x5878    0x28  os_dbg.o [1]
  .text              ro code       0x58a0    0x28  data_init.o [4]
  .iar.init_table    const         0x58c8    0x24  - Linker created -
  .rodata            const         0x58ec    0x20  os_dbg.o [1]
  .text              ro code       0x590c    0x1e  cmain.o [4]
  .text              ro code       0x592a     0x4  low_level_init.o [2]
  .rodata            const         0x592e     0x2  os_dbg.o [1]
  .rodata            const         0x5930    0x18  os_tmr.o [1]
  Initializer bytes  const         0x5948    0x18  <for P7-1>
  .rodata            const         0x5960    0x14  app2.o [1]
  .rodata            const         0x5974    0x14  os_core.o [1]
  .rodata            const         0x5988    0x14  os_tick.o [1]
  .rodata            const         0x599c    0x10  app2.o [1]
  .rodata            const         0x59ac    0x10  app2.o [1]
  .rodata            const         0x59bc    0x10  app2.o [1]
  .rodata            const         0x59cc    0x10  app2.o [1]
  .rodata            const         0x59dc     0xc  app2.o [1]
  .rodata            const         0x59e8     0xc  os_core.o [1]
  .rodata            const         0x59f4     0xc  sysctl.o [1]
  .rodata            const         0x5a00     0xc  sysctl.o [1]
  .rodata            const         0x5a0c     0xc  sysctl.o [1]
  .text              ro code       0x5a18     0xc  app_vect.o [1]
  .text              ro code       0x5a24     0xc  cstartup_M.o [4]
  .rodata            const         0x5a30     0x8  bsp_display.o [1]
  .rodata            const         0x5a38     0x8  bsp_display.o [1]
  .rodata            const         0x5a40     0x8  os_core.o [1]
  .rodata            const         0x5a48     0x8  os_task.o [1]
  .rodata            const         0x5a50     0x4  os_cfg_app.o [1]
  .rodata            const         0x5a54     0x4  os_cfg_app.o [1]
  .rodata            const         0x5a58     0x4  os_cfg_app.o [1]
  .rodata            const         0x5a5c     0x4  os_cfg_app.o [1]
  .rodata            const         0x5a60     0x4  os_cfg_app.o [1]
  .rodata            const         0x5a64     0x4  os_cfg_app.o [1]
  .rodata            const         0x5a68     0x4  os_cfg_app.o [1]
  .rodata            const         0x5a6c     0x4  os_cfg_app.o [1]
  .rodata            const         0x5a70     0x4  os_cfg_app.o [1]
  .rodata            const         0x5a74     0x4  os_cfg_app.o [1]
  .rodata            const         0x5a78     0x4  os_cfg_app.o [1]
  .rodata            const         0x5a7c     0x4  os_cfg_app.o [1]
  .rodata            const         0x5a80     0x4  os_cfg_app.o [1]
  .rodata            const         0x5a84     0x4  os_cfg_app.o [1]
  .rodata            const         0x5a88     0x4  os_cfg_app.o [1]
  .rodata            const         0x5a8c     0x4  os_cfg_app.o [1]
  .rodata            const         0x5a90     0x4  os_cfg_app.o [1]
  .rodata            const         0x5a94     0x4  os_cfg_app.o [1]
  .rodata            const         0x5a98     0x4  os_cfg_app.o [1]
  .rodata            const         0x5a9c     0x4  os_cfg_app.o [1]
  .rodata            const         0x5aa0     0x4  os_cfg_app.o [1]
  .rodata            const         0x5aa4     0x4  os_cfg_app.o [1]
  .rodata            const         0x5aa8     0x4  os_cfg_app.o [1]
  .rodata            const         0x5aac     0x4  os_dbg.o [1]
  .rodata            const         0x5ab0     0x4  os_dbg.o [1]
  .rodata            const         0x5ab4     0x4  os_dbg.o [1]
  .rodata            const         0x5ab8     0x2  os_dbg.o [1]
  .rodata            const         0x5aba     0x2  os_dbg.o [1]
  .rodata            const         0x5abc     0x2  os_dbg.o [1]
  .rodata            const         0x5abe     0x2  os_dbg.o [1]
  .rodata            const         0x5ac0     0x2  os_dbg.o [1]
  .rodata            const         0x5ac2     0x2  os_dbg.o [1]
  .rodata            const         0x5ac4     0x2  os_dbg.o [1]
  .rodata            const         0x5ac6     0x2  os_dbg.o [1]
  .rodata            const         0x5ac8     0x2  os_dbg.o [1]
  .rodata            const         0x5aca     0x2  os_dbg.o [1]
  .rodata            const         0x5acc     0x2  os_dbg.o [1]
  .rodata            const         0x5ace     0x2  os_dbg.o [1]
  .rodata            const         0x5ad0     0x2  os_dbg.o [1]
  .rodata            const         0x5ad2     0x2  os_dbg.o [1]
  .rodata            const         0x5ad4     0x1  os_cfg_app.o [1]
  .rodata            const         0x5ad5     0x1  os_cfg_app.o [1]
  .rodata            const         0x5ad6     0x1  os_dbg.o [1]
  .rodata            const         0x5ad7     0x1  os_dbg.o [1]
  .rodata            const         0x5ad8     0x1  os_dbg.o [1]
  .rodata            const         0x5ad9     0x1  os_dbg.o [1]
  .rodata            const         0x5ada     0x1  os_dbg.o [1]
  .rodata            const         0x5adb     0x1  os_dbg.o [1]
  .rodata            const         0x5adc     0x1  os_dbg.o [1]
  .rodata            const         0x5add     0x1  os_dbg.o [1]
  .rodata            const         0x5ade     0x1  os_dbg.o [1]
  .rodata            const         0x5adf     0x1  os_dbg.o [1]
  .rodata            const         0x5ae0     0x1  os_dbg.o [1]
  .rodata            const         0x5ae1     0x1  os_dbg.o [1]
  .rodata            const         0x5ae2     0x1  os_dbg.o [1]
  .rodata            const         0x5ae3     0x1  os_dbg.o [1]
  .rodata            const         0x5ae4     0x1  os_dbg.o [1]
  .rodata            const         0x5ae5     0x1  os_dbg.o [1]
  .rodata            const         0x5ae6     0x1  os_dbg.o [1]
  .rodata            const         0x5ae7     0x1  os_dbg.o [1]
  .rodata            const         0x5ae8     0x1  os_dbg.o [1]
  .rodata            const         0x5ae9     0x1  os_dbg.o [1]
  .rodata            const         0x5aea     0x1  os_dbg.o [1]
  .rodata            const         0x5aeb     0x1  os_dbg.o [1]
  .rodata            const         0x5aec     0x1  os_dbg.o [1]
  .rodata            const         0x5aed     0x1  os_dbg.o [1]
  .rodata            const         0x5aee     0x1  os_dbg.o [1]
  .rodata            const         0x5aef     0x1  os_dbg.o [1]
  .rodata            const         0x5af0     0x1  os_dbg.o [1]
  .rodata            const         0x5af1     0x1  os_dbg.o [1]
  .rodata            const         0x5af2     0x1  os_dbg.o [1]
  .rodata            const         0x5af3     0x1  os_dbg.o [1]
  .rodata            const         0x5af4     0x1  os_dbg.o [1]
  .rodata            const         0x5af5     0x1  os_dbg.o [1]
  .rodata            const         0x5af6     0x0  zero_init3.o [4]
  .rodata            const         0x5af6     0x0  copy_init3.o [4]
                                 - 0x5af6  0x59da

"P7", part 1 of 3:                           0x18
  P7-1                        0x2000'0000    0x18  <Init block>
    .data            inited   0x2000'0000     0x4  app2.o [1]
    .data            inited   0x2000'0004     0x4  bsp_display.o [1]
    .data            inited   0x2000'0008     0x8  rand.o [2]
    .data            inited   0x2000'0010     0x8  XShttio.o [2]
                            - 0x2000'0018    0x18

"P7", part 2 of 3:                         0x3f04
  .bss               zero     0x2000'0018  0x2000  app2.o [1]
  .bss               zero     0x2000'2018   0x640  os_cfg_app.o [1]
  .bss               zero     0x2000'2658   0x200  app2.o [1]
  .bss               zero     0x2000'2858   0x200  app2.o [1]
  .bss               zero     0x2000'2a58   0x200  app2.o [1]
  .bss               zero     0x2000'2c58   0x200  app2.o [1]
  .bss               zero     0x2000'2e58   0x200  os_cfg_app.o [1]
  .bss               zero     0x2000'3058   0x200  os_cfg_app.o [1]
  .bss               zero     0x2000'3258   0x200  os_cfg_app.o [1]
  .bss               zero     0x2000'3458   0x200  os_cfg_app.o [1]
  .bss               zero     0x2000'3658   0x118  bsp_int.o [1]
  .bss               zero     0x2000'3770    0xf0  os_var.o [1]
  .bss               zero     0x2000'3860    0x8c  app2.o [1]
  .bss               zero     0x2000'38ec    0x8c  app2.o [1]
  .bss               zero     0x2000'3978    0x8c  app2.o [1]
  .bss               zero     0x2000'3a04    0x8c  app2.o [1]
  .bss               zero     0x2000'3a90    0x8c  os_var.o [1]
  .bss               zero     0x2000'3b1c    0x8c  os_var.o [1]
  .bss               zero     0x2000'3ba8    0x8c  os_var.o [1]
  .bss               zero     0x2000'3c34    0x84  rand.o [2]
  .bss               zero     0x2000'3cb8    0x68  os_cfg_app.o [1]
  .bss               zero     0x2000'3d20    0x68  os_cfg_app.o [1]
  .bss               zero     0x2000'3d88    0x30  app2.o [1]
  .bss               zero     0x2000'3db8    0x30  app2.o [1]
  .bss               zero     0x2000'3de8    0x30  app2.o [1]
  .bss               zero     0x2000'3e18    0x30  app2.o [1]
  .bss               zero     0x2000'3e48    0x20  app2.o [1]
  .bss               zero     0x2000'3e68    0x10  cpu_core.o [1]
  .bss               zero     0x2000'3e78     0x8  os_var.o [1]
  .bss               zero     0x2000'3e80     0x4  app2.o [1]
  .bss               zero     0x2000'3e84     0x4  avl_tree.o [1]
  .bss               zero     0x2000'3e88     0x4  bsp.o [1]
  .bss               zero     0x2000'3e8c     0x4  bsp_display.o [1]
  .bss               zero     0x2000'3e90     0x4  cpu_core.o [1]
  .bss               zero     0x2000'3e94     0x4  cpu_core.o [1]
  .bss               zero     0x2000'3e98     0x4  cpu_core.o [1]
  .bss               zero     0x2000'3e9c     0x4  cpu_core.o [1]
  .bss               zero     0x2000'3ea0     0x4  cpu_core.o [1]
  .bss               zero     0x2000'3ea4     0x4  cpu_core.o [1]
  .bss               zero     0x2000'3ea8     0x4  os_cpu_c.o [1]
  .bss               zero     0x2000'3eac     0x4  os_prio.o [1]
  .bss               zero     0x2000'3eb0     0x4  os_var.o [1]
  .bss               zero     0x2000'3eb4     0x4  os_var.o [1]
  .bss               zero     0x2000'3eb8     0x4  os_var.o [1]
  .bss               zero     0x2000'3ebc     0x4  os_var.o [1]
  .bss               zero     0x2000'3ec0     0x4  os_var.o [1]
  .bss               zero     0x2000'3ec4     0x4  os_var.o [1]
  .bss               zero     0x2000'3ec8     0x4  os_var.o [1]
  .bss               zero     0x2000'3ecc     0x4  os_var.o [1]
  .bss               zero     0x2000'3ed0     0x4  os_var.o [1]
  .bss               zero     0x2000'3ed4     0x4  os_var.o [1]
  .bss               zero     0x2000'3ed8     0x4  os_var.o [1]
  .bss               zero     0x2000'3edc     0x4  os_var.o [1]
  .bss               zero     0x2000'3ee0     0x4  os_var.o [1]
  .bss               zero     0x2000'3ee4     0x4  os_var.o [1]
  .bss               zero     0x2000'3ee8     0x4  os_var.o [1]
  .bss               zero     0x2000'3eec     0x4  os_var.o [1]
  .bss               zero     0x2000'3ef0     0x4  os_var.o [1]
  .bss               zero     0x2000'3ef4     0x4  os_var.o [1]
  .bss               zero     0x2000'3ef8     0x4  RBTree.o [1]
  .bss               zero     0x2000'3efc     0x4  skiplist.o [1]
  .bss               zero     0x2000'3f00     0x4  stack.o [1]
  .bss               zero     0x2000'3f04     0x2  cpu_core.o [1]
  .bss               zero     0x2000'3f06     0x2  cpu_core.o [1]
  .bss               zero     0x2000'3f08     0x2  os_var.o [1]
  .bss               zero     0x2000'3f0a     0x2  os_var.o [1]
  .bss               zero     0x2000'3f0c     0x2  os_var.o [1]
  .bss               zero     0x2000'3f0e     0x2  os_var.o [1]
  .bss               zero     0x2000'3f10     0x1  app2.o [1]
  .bss               zero     0x2000'3f11     0x1  app2.o [1]
  .bss               zero     0x2000'3f12     0x1  app2.o [1]
  .bss               zero     0x2000'3f13     0x1  app2.o [1]
  .bss               zero     0x2000'3f14     0x1  app2.o [1]
  .bss               zero     0x2000'3f15     0x1  os_var.o [1]
  .bss               zero     0x2000'3f16     0x1  os_var.o [1]
  .bss               zero     0x2000'3f17     0x1  os_var.o [1]
  .bss               zero     0x2000'3f18     0x1  os_var.o [1]
  .bss               zero     0x2000'3f19     0x1  os_var.o [1]
                            - 0x2000'3f1a  0x3f02

"P7", part 3 of 3:                          0x400
  CSTACK                      0x2000'3f20   0x400  <Block>
    CSTACK           uninit   0x2000'3f20   0x400  <Block tail>
                            - 0x2000'4320   0x400

Unused ranges:

         From           To      Size
         ----           --      ----
       0x5af6     0x3'ffff  0x3'a50a
  0x2000'3f1c  0x2000'3f1f       0x4
  0x2000'4320  0x2001'7fff  0x1'3ce0


*******************************************************************************
*** INIT TABLE
***

          Address      Size
          -------      ----
Zero (__iar_zero_init3)
    1 destination range, total size 0x3f02:
          0x2000'0018  0x3f02

Copy (__iar_copy_init3)
    1 source range, total size 0x18:
               0x5948    0x18
    1 destination range, total size 0x18:
          0x2000'0000    0x18



*******************************************************************************
*** MODULE SUMMARY
***

    Module                 ro code  ro data  rw data
    ------                 -------  -------  -------
command line/config:
    ------------------------------------------------
    Total:

C:\Users\ahj\Desktop\CE4057\Source_Code_CE4057\ce4053\Micrium\Software\EvalBoards\TI\LM3S9B92-EVALBOT\IAR\uCOS-III-CE4053_PG\Flash\Obj: [1]
    OS_RecTaskServices.o       828
    OS_ResShareServices.o    1 216
    RBTree.o                 1 284                 4
    app2.o                   1 408      100   11 037
    app_vect.o                  12      284
    avl_tree.o               1 000                 4
    bsp.o                      168                 4
    bsp_display.o              808      576        8
    bsp_int.o                  598               280
    bsp_io.o                   160
    bsp_motor.o                520
    bsp_sensors.o              356
    cpu_a.o                     42
    cpu_bsp.o                   36
    cpu_c.o                    312
    cpu_core.o                 392                44
    ethernet.o                 102
    gpio.o                     864       72
    i2c.o                      194
    lib_mem.o                   96
    linkedList.o               552
    linkedListQ.o              312
    os_cfg_app.o               172      100    3 856
    os_core.o                2 170       40
    os_cpu_a.o                 132
    os_cpu_c.o                 320                 4
    os_dbg.o                   368      340
    os_mem.o                   368
    os_msg.o                   196
    os_mutex.o                  28
    os_prio.o                  144                 4
    os_q.o                     172
    os_task.o                1 444        8
    os_tick.o                  968       20
    os_time.o                   68
    os_tmr.o                   732       24
    os_var.o                                     753
    pwm.o                      242
    skiplist.o                 776                 4
    stack.o                    188                 4
    sysctl.o                 1 092      128
    ------------------------------------------------
    Total:                  20 840    1 692   16 006

dl7M_tlf.a: [2]
    XShttio.o                   12        8        8
    exit.o                       4
    low_level_init.o             4
    rand.o                     164        8      140
    ------------------------------------------------
    Total:                     184       16      148

m7M_tl.a: [3]
    ------------------------------------------------
    Total:

rt7M_tl.a: [4]
    ABImemcpy.o                134
    ABImemset.o                102
    cexit.o                     10
    cmain.o                     30
    copy_init3.o                44
    cstartup_M.o                12
    data_init.o                 40
    memset.o                    20
    zero_init3.o                58
    ------------------------------------------------
    Total:                     450

shb_l.a: [5]
    exit.o                      20
    iarttio.o                   48
    ------------------------------------------------
    Total:                      68

    Linker created                       36    1 024
----------------------------------------------------
    Grand Total:            21 542    1 744   17 178


*******************************************************************************
*** ENTRY LIST
***

Entry                       Address    Size  Type      Object
-----                       -------    ----  ----      ------
.iar.init_table$$Base        0x58c8           --   Gb  - Linker created -
.iar.init_table$$Limit       0x58ec           --   Gb  - Linker created -
?main                        0x590d          Code  Gb  cmain.o [4]
AppRobotMotorDriveSensorEnable
                             0x47c7    0x1e  Code  Lc  app2.o [1]
AppTaskOne                   0x45d1    0xa0  Code  Lc  app2.o [1]
AppTaskOneStk           0x2000'2858   0x200  Data  Lc  app2.o [1]
AppTaskOneTCB           0x2000'38ec    0x8c  Data  Lc  app2.o [1]
AppTaskStart                 0x4479   0x158  Code  Lc  app2.o [1]
AppTaskStartStk         0x2000'2658   0x200  Data  Lc  app2.o [1]
AppTaskStartTCB         0x2000'3860    0x8c  Data  Lc  app2.o [1]
AppTaskThree                 0x469d    0x6e  Code  Lc  app2.o [1]
AppTaskThreeStk         0x2000'2c58   0x200  Data  Lc  app2.o [1]
AppTaskThreeTCB         0x2000'3a04    0x8c  Data  Lc  app2.o [1]
AppTaskTwo                   0x4671    0x2a  Code  Lc  app2.o [1]
AppTaskTwoStk           0x2000'2a58   0x200  Data  Lc  app2.o [1]
AppTaskTwoTCB           0x2000'3978    0x8c  Data  Lc  app2.o [1]
App_BusFault_ISR             0x5a1d     0x2  Code  Lc  app_vect.o [1]
App_Fault_ISR                0x5a1b     0x2  Code  Lc  app_vect.o [1]
App_MemFault_ISR             0x5a21     0x2  Code  Lc  app_vect.o [1]
App_NMI_ISR                  0x5a19     0x2  Code  Lc  app_vect.o [1]
App_Spurious_ISR             0x5a23     0x2  Code  Lc  app_vect.o [1]
App_UsageFault_ISR           0x5a1f     0x2  Code  Lc  app_vect.o [1]
BSP_BumpSensorsInit          0x3945    0x1a  Code  Gb  bsp_sensors.o [1]
BSP_CPUClkFreq               0x2dd9    0x12  Code  Gb  bsp.o [1]
BSP_CPU_ClkFreq_MHz     0x2000'3e88     0x4  Data  Gb  bsp.o [1]
BSP_DisplayClear             0x3653    0x4c  Code  Gb  bsp_display.o [1]
BSP_DisplayInit              0x379d    0xd2  Code  Gb  bsp_display.o [1]
BSP_DisplayOn                0x3767    0x36  Code  Gb  bsp_display.o [1]
BSP_DisplayStringDraw        0x369f    0xc8  Code  Gb  bsp_display.o [1]
BSP_DisplayWriteArray        0x35d5    0x3e  Code  Lc  bsp_display.o [1]
BSP_DisplayWriteByte         0x35a3    0x32  Code  Lc  bsp_display.o [1]
BSP_DisplayWriteFinal        0x3613    0x40  Code  Lc  bsp_display.o [1]
BSP_DisplayWriteFirst        0x357d    0x26  Code  Lc  bsp_display.o [1]
BSP_Init                     0x2d75    0x64  Code  Gb  bsp.o [1]
BSP_IntDisAll                0x3325     0x8  Code  Gb  bsp_int.o [1]
BSP_IntEn                    0x332d    0x10  Code  Gb  bsp_int.o [1]
BSP_IntHandler               0x3553    0x20  Code  Lc  bsp_int.o [1]
BSP_IntHandlerADC0           0x33d7     0xa  Code  Gb  bsp_int.o [1]
BSP_IntHandlerADC1           0x33e1     0xa  Code  Gb  bsp_int.o [1]
BSP_IntHandlerADC1_0         0x350d     0xa  Code  Gb  bsp_int.o [1]
BSP_IntHandlerADC1_1         0x3517     0xa  Code  Gb  bsp_int.o [1]
BSP_IntHandlerADC1_2         0x3521     0xa  Code  Gb  bsp_int.o [1]
BSP_IntHandlerADC1_3         0x352b     0xa  Code  Gb  bsp_int.o [1]
BSP_IntHandlerADC2           0x33eb     0xa  Code  Gb  bsp_int.o [1]
BSP_IntHandlerADC3           0x33f5     0xa  Code  Gb  bsp_int.o [1]
BSP_IntHandlerCAN0           0x34c7     0xa  Code  Gb  bsp_int.o [1]
BSP_IntHandlerCAN1           0x34d1     0xa  Code  Gb  bsp_int.o [1]
BSP_IntHandlerCOMP0          0x3445     0xa  Code  Gb  bsp_int.o [1]
BSP_IntHandlerCOMP1          0x344f     0xa  Code  Gb  bsp_int.o [1]
BSP_IntHandlerCOMP2          0x3459     0xa  Code  Gb  bsp_int.o [1]
BSP_IntHandlerDummy          0x3579     0x2  Code  Lc  bsp_int.o [1]
BSP_IntHandlerEPI            0x353f     0xa  Code  Gb  bsp_int.o [1]
BSP_IntHandlerETH            0x34db     0xa  Code  Gb  bsp_int.o [1]
BSP_IntHandlerFLASH          0x346d     0xa  Code  Gb  bsp_int.o [1]
BSP_IntHandlerGPIOA          0x337d     0xa  Code  Gb  bsp_int.o [1]
BSP_IntHandlerGPIOB          0x3387     0xa  Code  Gb  bsp_int.o [1]
BSP_IntHandlerGPIOC          0x3391     0xa  Code  Gb  bsp_int.o [1]
BSP_IntHandlerGPIOD          0x339b     0xa  Code  Gb  bsp_int.o [1]
BSP_IntHandlerGPIOE          0x33a5     0xa  Code  Gb  bsp_int.o [1]
BSP_IntHandlerGPIOF          0x3477     0xa  Code  Gb  bsp_int.o [1]
BSP_IntHandlerGPIOG          0x3481     0xa  Code  Gb  bsp_int.o [1]
BSP_IntHandlerGPIOH          0x348b     0xa  Code  Gb  bsp_int.o [1]
BSP_IntHandlerGPIOJ          0x3549     0xa  Code  Gb  bsp_int.o [1]
BSP_IntHandlerHIBERNATE
                             0x34e5     0xa  Code  Gb  bsp_int.o [1]
BSP_IntHandlerI2C0           0x33cd     0xa  Code  Gb  bsp_int.o [1]
BSP_IntHandlerI2C1           0x34bd     0xa  Code  Gb  bsp_int.o [1]
BSP_IntHandlerI2S0           0x3535     0xa  Code  Gb  bsp_int.o [1]
BSP_IntHandlerSSI0           0x33c3     0xa  Code  Gb  bsp_int.o [1]
BSP_IntHandlerSSI1           0x349f     0xa  Code  Gb  bsp_int.o [1]
BSP_IntHandlerSYSCTL         0x3463     0xa  Code  Gb  bsp_int.o [1]
BSP_IntHandlerTIMER0A        0x3409     0xa  Code  Gb  bsp_int.o [1]
BSP_IntHandlerTIMER0B        0x3413     0xa  Code  Gb  bsp_int.o [1]
BSP_IntHandlerTIMER1A        0x341d     0xa  Code  Gb  bsp_int.o [1]
BSP_IntHandlerTIMER1B        0x3427     0xa  Code  Gb  bsp_int.o [1]
BSP_IntHandlerTIMER2A        0x3431     0xa  Code  Gb  bsp_int.o [1]
BSP_IntHandlerTIMER2B        0x343b     0xa  Code  Gb  bsp_int.o [1]
BSP_IntHandlerTIMER3A        0x34a9     0xa  Code  Gb  bsp_int.o [1]
BSP_IntHandlerTIMER3B        0x34b3     0xa  Code  Gb  bsp_int.o [1]
BSP_IntHandlerUART0          0x33af     0xa  Code  Gb  bsp_int.o [1]
BSP_IntHandlerUART1          0x33b9     0xa  Code  Gb  bsp_int.o [1]
BSP_IntHandlerUART2          0x3495     0xa  Code  Gb  bsp_int.o [1]
BSP_IntHandlerUDMA_ERR       0x3503     0xa  Code  Gb  bsp_int.o [1]
BSP_IntHandlerUDMA_SW        0x34f9     0xa  Code  Gb  bsp_int.o [1]
BSP_IntHandlerUSB            0x34ef     0xa  Code  Gb  bsp_int.o [1]
BSP_IntHandlerWATCHDOG       0x33ff     0xa  Code  Gb  bsp_int.o [1]
BSP_IntInit                  0x3365    0x18  Code  Gb  bsp_int.o [1]
BSP_IntVectSet               0x333d    0x28  Code  Gb  bsp_int.o [1]
BSP_IntVectTbl          0x2000'3658   0x118  Data  Lc  bsp_int.o [1]
BSP_LED_Off                  0x3907    0x36  Code  Gb  bsp_io.o [1]
BSP_LED_On                   0x38d1    0x36  Code  Gb  bsp_io.o [1]
BSP_LEDsInit                 0x38bf    0x12  Code  Gb  bsp_io.o [1]
BSP_MotorDir                 0x3b8b    0x44  Code  Gb  bsp_motor.o [1]
BSP_MotorRun                 0x3bcf    0x1c  Code  Gb  bsp_motor.o [1]
BSP_MotorSpeed               0x3c1f    0x7e  Code  Gb  bsp_motor.o [1]
BSP_MotorStop                0x3beb    0x34  Code  Gb  bsp_motor.o [1]
BSP_MotorsInit               0x3aa9    0xe2  Code  Gb  bsp_motor.o [1]
BSP_PushButtonsInit          0x38a5    0x1a  Code  Gb  bsp_io.o [1]
BSP_WheelSensorEnable        0x3a07     0xe  Code  Gb  bsp_sensors.o [1]
BSP_WheelSensorIntEnable
                             0x3a15    0x86  Code  Gb  bsp_sensors.o [1]
BSP_WheelSensorsInit         0x395f    0xa8  Code  Gb  bsp_sensors.o [1]
CPU_CntLeadZeros             0x1d17          Code  Gb  cpu_a.o [1]
CPU_Init                     0x2069    0x10  Code  Gb  cpu_core.o [1]
CPU_IntDis                   0x1d01          Code  Gb  cpu_a.o [1]
CPU_IntDisMeasCtr       0x2000'3f04     0x2  Data  Gb  cpu_core.o [1]
CPU_IntDisMeasInit           0x2143    0x78  Code  Lc  cpu_core.o [1]
CPU_IntDisMeasMaxCalc        0x21bb    0x12  Code  Lc  cpu_core.o [1]
CPU_IntDisMeasMaxCurGet
                             0x20bd    0x18  Code  Gb  cpu_core.o [1]
CPU_IntDisMeasMaxCurReset
                             0x20a1    0x1c  Code  Gb  cpu_core.o [1]
CPU_IntDisMeasMaxCur_cnts
                        0x2000'3ea0     0x4  Data  Gb  cpu_core.o [1]
CPU_IntDisMeasMax_cnts  0x2000'3ea4     0x4  Data  Gb  cpu_core.o [1]
CPU_IntDisMeasOvrhd_cnts
                        0x2000'3e9c     0x4  Data  Gb  cpu_core.o [1]
CPU_IntDisMeasStart          0x20d5    0x22  Code  Gb  cpu_core.o [1]
CPU_IntDisMeasStart_cnts
                        0x2000'3e94     0x4  Data  Gb  cpu_core.o [1]
CPU_IntDisMeasStop           0x20f7    0x36  Code  Gb  cpu_core.o [1]
CPU_IntDisMeasStop_cnts
                        0x2000'3e98     0x4  Data  Gb  cpu_core.o [1]
CPU_IntDisNestCtr       0x2000'3f06     0x2  Data  Gb  cpu_core.o [1]
CPU_IntEn                    0x1d05          Code  Gb  cpu_a.o [1]
CPU_IntSrcEn                 0x3d2d   0x126  Code  Gb  cpu_c.o [1]
CPU_Name                0x2000'3e68    0x10  Data  Gb  cpu_core.o [1]
CPU_NameClr                  0x2079    0x22  Code  Gb  cpu_core.o [1]
CPU_NameInit                 0x212d     0x8  Code  Lc  cpu_core.o [1]
CPU_RevBits                  0x1d1d          Code  Gb  cpu_a.o [1]
CPU_SR_Restore               0x1d11          Code  Gb  cpu_a.o [1]
CPU_SR_Save                  0x1d09          Code  Gb  cpu_a.o [1]
CPU_TS_Init                  0x2135     0xe  Code  Lc  cpu_core.o [1]
CPU_TS_TmrFreqSet            0x209b     0x6  Code  Gb  cpu_core.o [1]
CPU_TS_TmrFreq_Hz       0x2000'3e90     0x4  Data  Gb  cpu_core.o [1]
CPU_TS_TmrInit               0x2275    0x16  Code  Gb  cpu_bsp.o [1]
CPU_TS_TmrRd                 0x228b     0x6  Code  Gb  cpu_bsp.o [1]
CPU_WaitForExcept            0x1d27          Code  Gb  cpu_a.o [1]
CPU_WaitForInt               0x1d23          Code  Gb  cpu_a.o [1]
CSTACK$$Base            0x2000'3f20           --   Gb  - Linker created -
CSTACK$$Limit           0x2000'4320           --   Gb  - Linker created -
CommMem2                0x2000'3e48    0x20  Data  Gb  app2.o [1]
DummyQ                  0x2000'3d88    0x30  Data  Gb  app2.o [1]
EthernetPHYRead              0x496f    0x30  Code  Gb  ethernet.o [1]
EthernetPHYWrite             0x4939    0x36  Code  Gb  ethernet.o [1]
GPIODirModeSet               0x3f29    0x52  Code  Gb  gpio.o [1]
GPIOIntTypeSet               0x3f7b    0x78  Code  Gb  gpio.o [1]
GPIOPadConfigSet             0x3ff3   0x15c  Code  Gb  gpio.o [1]
GPIOPinConfigure             0x4237    0x46  Code  Gb  gpio.o [1]
GPIOPinIntClear              0x418f     0xc  Code  Gb  gpio.o [1]
GPIOPinIntDisable            0x4163    0x14  Code  Gb  gpio.o [1]
GPIOPinIntEnable             0x414f    0x14  Code  Gb  gpio.o [1]
GPIOPinIntStatus             0x4177    0x18  Code  Gb  gpio.o [1]
GPIOPinTypeGPIOInput         0x41af    0x22  Code  Gb  gpio.o [1]
GPIOPinTypeGPIOOutput        0x41d1    0x22  Code  Gb  gpio.o [1]
GPIOPinTypeI2C               0x41f3    0x22  Code  Gb  gpio.o [1]
GPIOPinTypePWM               0x4215    0x22  Code  Gb  gpio.o [1]
GPIOPinWrite                 0x419b    0x14  Code  Gb  gpio.o [1]
I2CMasterControl             0x3ef5     0x6  Code  Gb  i2c.o [1]
I2CMasterDataPut             0x3f1b     0xc  Code  Gb  i2c.o [1]
I2CMasterEnable              0x3e9b    0x12  Code  Gb  i2c.o [1]
I2CMasterErr                 0x3efb    0x20  Code  Gb  i2c.o [1]
I2CMasterInitExpClk          0x3e65    0x36  Code  Gb  i2c.o [1]
I2CMasterIntStatus           0x3ead    0x2c  Code  Gb  i2c.o [1]
I2CMasterSlaveAddrSet        0x3ee1    0x14  Code  Gb  i2c.o [1]
IntWheelSensor               0x470b    0xbc  Code  Gb  app2.o [1]
IntWheelSensor::CountL  0x2000'3f12     0x1  Data  Lc  app2.o [1]
IntWheelSensor::CountR  0x2000'3f13     0x1  Data  Lc  app2.o [1]
IntWheelSensor::data    0x2000'3f14     0x1  Data  Lc  app2.o [1]
Left_tgt                0x2000'3f10     0x1  Data  Gb  app2.o [1]
Mem_Clr                      0x2d15     0xc  Code  Gb  lib_mem.o [1]
Mem_Set                      0x2d21    0x54  Code  Gb  lib_mem.o [1]
MutexOne                0x2000'3db8    0x30  Data  Gb  app2.o [1]
MutexThree              0x2000'3e18    0x30  Data  Gb  app2.o [1]
MutexTwo                0x2000'3de8    0x30  Data  Gb  app2.o [1]
OSCfg_DataSizeRAM            0x5aa8     0x4  Data  Gb  os_cfg_app.o [1]
OSCfg_ISRStk            0x2000'3058   0x200  Data  Gb  os_cfg_app.o [1]
OSCfg_ISRStkBasePtr          0x5a60     0x4  Data  Gb  os_cfg_app.o [1]
OSCfg_ISRStkSize             0x5a64     0x4  Data  Gb  os_cfg_app.o [1]
OSCfg_ISRStkSizeRAM          0x5a68     0x4  Data  Gb  os_cfg_app.o [1]
OSCfg_IdleTaskStk       0x2000'2e58   0x200  Data  Gb  os_cfg_app.o [1]
OSCfg_IdleTaskStkBasePtr
                             0x5a50     0x4  Data  Gb  os_cfg_app.o [1]
OSCfg_IdleTaskStkLimit       0x5a54     0x4  Data  Gb  os_cfg_app.o [1]
OSCfg_IdleTaskStkSize        0x5a58     0x4  Data  Gb  os_cfg_app.o [1]
OSCfg_IdleTaskStkSizeRAM
                             0x5a5c     0x4  Data  Gb  os_cfg_app.o [1]
OSCfg_Init                   0x1c55    0xac  Code  Gb  os_cfg_app.o [1]
OSCfg_MsgPool           0x2000'2018   0x640  Data  Gb  os_cfg_app.o [1]
OSCfg_MsgPoolBasePtr         0x5a70     0x4  Data  Gb  os_cfg_app.o [1]
OSCfg_MsgPoolSize            0x1d2a     0x2  Data  Gb  os_cfg_app.o [1]
OSCfg_MsgPoolSizeRAM         0x5a6c     0x4  Data  Gb  os_cfg_app.o [1]
OSCfg_StkSizeMin             0x5a74     0x4  Data  Gb  os_cfg_app.o [1]
OSCfg_TickRate_Hz            0x5a78     0x4  Data  Gb  os_cfg_app.o [1]
OSCfg_TickTaskPrio           0x5ad4     0x1  Data  Gb  os_cfg_app.o [1]
OSCfg_TickTaskStk       0x2000'3258   0x200  Data  Gb  os_cfg_app.o [1]
OSCfg_TickTaskStkBasePtr
                             0x5a7c     0x4  Data  Gb  os_cfg_app.o [1]
OSCfg_TickTaskStkLimit       0x5a80     0x4  Data  Gb  os_cfg_app.o [1]
OSCfg_TickTaskStkSize        0x5a84     0x4  Data  Gb  os_cfg_app.o [1]
OSCfg_TickTaskStkSizeRAM
                             0x5a88     0x4  Data  Gb  os_cfg_app.o [1]
OSCfg_TickWheel         0x2000'3cb8    0x68  Data  Gb  os_cfg_app.o [1]
OSCfg_TickWheelSize          0x2ede     0x2  Data  Gb  os_cfg_app.o [1]
OSCfg_TickWheelSizeRAM       0x5a8c     0x4  Data  Gb  os_cfg_app.o [1]
OSCfg_TmrTaskPrio            0x5ad5     0x1  Data  Gb  os_cfg_app.o [1]
OSCfg_TmrTaskRate_Hz         0x5a90     0x4  Data  Gb  os_cfg_app.o [1]
OSCfg_TmrTaskStk        0x2000'3458   0x200  Data  Gb  os_cfg_app.o [1]
OSCfg_TmrTaskStkBasePtr
                             0x5a94     0x4  Data  Gb  os_cfg_app.o [1]
OSCfg_TmrTaskStkLimit        0x5a98     0x4  Data  Gb  os_cfg_app.o [1]
OSCfg_TmrTaskStkSize         0x5a9c     0x4  Data  Gb  os_cfg_app.o [1]
OSCfg_TmrTaskStkSizeRAM
                             0x5aa0     0x4  Data  Gb  os_cfg_app.o [1]
OSCfg_TmrWheel          0x2000'3d20    0x68  Data  Gb  os_cfg_app.o [1]
OSCfg_TmrWheelSize           0x357a     0x2  Data  Gb  os_cfg_app.o [1]
OSCfg_TmrWheelSizeRAM        0x5aa4     0x4  Data  Gb  os_cfg_app.o [1]
OSDbg_AppHooksEn             0x5ad7     0x1  Data  Gb  os_dbg.o [1]
OSDbg_ArgChkEn               0x5ad6     0x1  Data  Gb  os_dbg.o [1]
OSDbg_CalledFromISRChkEn
                             0x5ad8     0x1  Data  Gb  os_dbg.o [1]
OSDbg_DataSize               0x5ab4     0x4  Data  Gb  os_dbg.o [1]
OSDbg_DbgEn                  0x3d16     0x2  Data  Gb  os_dbg.o [1]
OSDbg_EndiannessTest         0x5aac     0x4  Data  Gb  os_dbg.o [1]
OSDbg_FlagEn                 0x5ad9     0x1  Data  Gb  os_dbg.o [1]
OSDbg_FlagGrp                0x5850    0x28  Data  Gb  os_dbg.o [1]
OSDbg_ISRPostDeferredEn
                             0x5ada     0x1  Data  Gb  os_dbg.o [1]
OSDbg_Mem                    0x58ec    0x20  Data  Gb  os_dbg.o [1]
OSDbg_MemEn                  0x5adb     0x1  Data  Gb  os_dbg.o [1]
OSDbg_MemSize                0x3f26     0x2  Data  Gb  os_dbg.o [1]
OSDbg_MsgEn                  0x5adc     0x1  Data  Gb  os_dbg.o [1]
OSDbg_MsgPoolSize            0x499e     0x2  Data  Gb  os_dbg.o [1]
OSDbg_MsgQSize               0x54c2     0x2  Data  Gb  os_dbg.o [1]
OSDbg_MsgSize                0x437a     0x2  Data  Gb  os_dbg.o [1]
OSDbg_Mutex                  0x57f8    0x2c  Data  Gb  os_dbg.o [1]
OSDbg_MutexDelEn             0x5ade     0x1  Data  Gb  os_dbg.o [1]
OSDbg_MutexEn                0x5add     0x1  Data  Gb  os_dbg.o [1]
OSDbg_MutexPendAbortEn       0x5adf     0x1  Data  Gb  os_dbg.o [1]
OSDbg_MutexSize              0x592e     0x2  Data  Gb  os_dbg.o [1]
OSDbg_ObjTypeChkEn           0x5ae0     0x1  Data  Gb  os_dbg.o [1]
OSDbg_PendDataSize           0x5ab8     0x2  Data  Gb  os_dbg.o [1]
OSDbg_PendListSize           0x5aba     0x2  Data  Gb  os_dbg.o [1]
OSDbg_PendMultiEn            0x5ae1     0x1  Data  Gb  os_dbg.o [1]
OSDbg_PendObjSize            0x5abc     0x2  Data  Gb  os_dbg.o [1]
OSDbg_PrioMax                0x5abe     0x2  Data  Gb  os_dbg.o [1]
OSDbg_PrioTblSize            0x5ac0     0x2  Data  Gb  os_dbg.o [1]
OSDbg_PtrSize                0x5ac2     0x2  Data  Gb  os_dbg.o [1]
OSDbg_Q                      0x57c8    0x30  Data  Gb  os_dbg.o [1]
OSDbg_QDelEn                 0x5ae3     0x1  Data  Gb  os_dbg.o [1]
OSDbg_QEn                    0x5ae2     0x1  Data  Gb  os_dbg.o [1]
OSDbg_QFlushEn               0x5ae4     0x1  Data  Gb  os_dbg.o [1]
OSDbg_QPendAbortEn           0x5ae5     0x1  Data  Gb  os_dbg.o [1]
OSDbg_QSize                  0x5ac4     0x2  Data  Gb  os_dbg.o [1]
OSDbg_RdyList                0x5ac6     0x2  Data  Gb  os_dbg.o [1]
OSDbg_RdyListSize            0x5ab0     0x4  Data  Gb  os_dbg.o [1]
OSDbg_SchedRoundRobinEn
                             0x5ae6     0x1  Data  Gb  os_dbg.o [1]
OSDbg_Sem                    0x5878    0x28  Data  Gb  os_dbg.o [1]
OSDbg_SemEn                  0x5ae7     0x1  Data  Gb  os_dbg.o [1]
OSDbg_StatTaskEn             0x5ae9     0x1  Data  Gb  os_dbg.o [1]
OSDbg_StatTaskStkChkEn       0x5aea     0x1  Data  Gb  os_dbg.o [1]
OSDbg_StkWidth               0x5ae8     0x1  Data  Gb  os_dbg.o [1]
OSDbg_TCBSize                0x5aca     0x2  Data  Gb  os_dbg.o [1]
OSDbg_TaskChangePrioEn       0x5aeb     0x1  Data  Gb  os_dbg.o [1]
OSDbg_TaskDelEn              0x5aec     0x1  Data  Gb  os_dbg.o [1]
OSDbg_TaskProfileEn          0x5aef     0x1  Data  Gb  os_dbg.o [1]
OSDbg_TaskQEn                0x5aed     0x1  Data  Gb  os_dbg.o [1]
OSDbg_TaskQPendAbortEn       0x5aee     0x1  Data  Gb  os_dbg.o [1]
OSDbg_TaskRegTblSize         0x5ac8     0x2  Data  Gb  os_dbg.o [1]
OSDbg_TaskSemPendAbortEn
                             0x5af0     0x1  Data  Gb  os_dbg.o [1]
OSDbg_TaskSuspendEn          0x5af1     0x1  Data  Gb  os_dbg.o [1]
OSDbg_TickSpokeSize          0x5acc     0x2  Data  Gb  os_dbg.o [1]
OSDbg_TimeDlyHMSMEn          0x5af2     0x1  Data  Gb  os_dbg.o [1]
OSDbg_TimeDlyResumeEn        0x5af3     0x1  Data  Gb  os_dbg.o [1]
OSDbg_Tmr                    0x5794    0x34  Data  Gb  os_dbg.o [1]
OSDbg_TmrDelEn               0x5af5     0x1  Data  Gb  os_dbg.o [1]
OSDbg_TmrEn                  0x5af4     0x1  Data  Gb  os_dbg.o [1]
OSDbg_TmrSize                0x5ace     0x2  Data  Gb  os_dbg.o [1]
OSDbg_TmrSpokeSize           0x5ad0     0x2  Data  Gb  os_dbg.o [1]
OSDbg_VersionNbr             0x5ad2     0x2  Data  Gb  os_dbg.o [1]
OSIdleTaskCtr           0x2000'3eb0     0x4  Data  Gb  os_var.o [1]
OSIdleTaskHook                0x9d1     0x2  Code  Gb  os_cpu_c.o [1]
OSIdleTaskTCB           0x2000'3a90    0x8c  Data  Gb  os_var.o [1]
OSInit                        0x11d    0xce  Code  Gb  os_core.o [1]
OSInitHook                    0x9d3    0x14  Code  Gb  os_cpu_c.o [1]
OSIntEnter                    0x1eb    0x1c  Code  Gb  os_core.o [1]
OSIntExit                     0x207    0x98  Code  Gb  os_core.o [1]
OSIntNestingCtr         0x2000'3f15     0x1  Data  Gb  os_var.o [1]
OSMemCreate                  0x150d    0x9a  Code  Gb  os_mem.o [1]
OSMemDbgListPtr         0x2000'3eb4     0x4  Data  Gb  os_var.o [1]
OSMemGet                     0x15a7    0x4a  Code  Gb  os_mem.o [1]
OSMemPut                     0x15f1    0x4a  Code  Gb  os_mem.o [1]
OSMemQty                0x2000'3f08     0x2  Data  Gb  os_var.o [1]
OSMsgPool               0x2000'3e78     0x8  Data  Gb  os_var.o [1]
OSMutexDbgListPtr       0x2000'3eb8     0x4  Data  Gb  os_var.o [1]
OSMutexQty              0x2000'3f0a     0x2  Data  Gb  os_var.o [1]
OSPrioCur               0x2000'3f17     0x1  Data  Gb  os_var.o [1]
OSPrioHighRdy           0x2000'3f18     0x1  Data  Gb  os_var.o [1]
OSPrioTbl               0x2000'3eac     0x4  Data  Gb  os_prio.o [1]
OSQCreate                    0x175d    0x62  Code  Gb  os_q.o [1]
OSQDbgListPtr           0x2000'3ebc     0x4  Data  Gb  os_var.o [1]
OSQQty                  0x2000'3f0c     0x2  Data  Gb  os_var.o [1]
OSRdyList               0x2000'3770    0xf0  Data  Gb  os_var.o [1]
OSRunning               0x2000'3f16     0x1  Data  Gb  os_var.o [1]
OSSched                       0x29f    0x7a  Code  Gb  os_core.o [1]
OSSchedLock                   0x319    0x60  Code  Gb  os_core.o [1]
OSSchedLockNestingCtr   0x2000'3f19     0x1  Data  Gb  os_var.o [1]
OSSchedLockTimeBegin    0x2000'3ec0     0x4  Data  Gb  os_var.o [1]
OSSchedLockTimeMax      0x2000'3ec4     0x4  Data  Gb  os_var.o [1]
OSSchedLockTimeMaxCur   0x2000'3ec8     0x4  Data  Gb  os_var.o [1]
OSSchedUnlock                 0x379    0x7c  Code  Gb  os_core.o [1]
OSStart                       0x3f5    0x52  Code  Gb  os_core.o [1]
OSStartHighRdy               0x21f1          Code  Gb  os_cpu_a.o [1]
OSTCBCurPtr             0x2000'3ef0     0x4  Data  Gb  os_var.o [1]
OSTCBHighRdyPtr         0x2000'3ef4     0x4  Data  Gb  os_var.o [1]
OSTaskCreate                  0xba1   0x120  Code  Gb  os_task.o [1]
OSTaskCreateHook              0x9e7     0x2  Code  Gb  os_cpu_c.o [1]
OSTaskCreateRecursive        0x1d2d   0x158  Code  Gb  OS_RecTaskServices.o [1]
OSTaskCtxSwCtr          0x2000'3ecc     0x4  Data  Gb  os_var.o [1]
OSTaskDbgListPtr        0x2000'3ed0     0x4  Data  Gb  os_var.o [1]
OSTaskDel                     0xcc1    0xfe  Code  Gb  os_task.o [1]
OSTaskDelHook                 0x9e9     0x2  Code  Gb  os_cpu_c.o [1]
OSTaskDelRecursive           0x1e85    0xe2  Code  Gb  OS_RecTaskServices.o [1]
OSTaskQty               0x2000'3f0e     0x2  Data  Gb  os_var.o [1]
OSTaskReturnHook              0x9eb     0x2  Code  Gb  os_cpu_c.o [1]
OSTaskSemPend                 0xdbf   0x126  Code  Gb  os_task.o [1]
OSTaskSemPost                 0xee5    0x1c  Code  Gb  os_task.o [1]
OSTaskStkInit                 0x9ed    0x7e  Code  Gb  os_cpu_c.o [1]
OSTaskSwHook                  0xa6b    0x2c  Code  Gb  os_cpu_c.o [1]
OSTickCtr               0x2000'3ed4     0x4  Data  Gb  os_var.o [1]
OSTickTaskTCB           0x2000'3b1c    0x8c  Data  Gb  os_var.o [1]
OSTickTaskTimeMax       0x2000'3ed8     0x4  Data  Gb  os_var.o [1]
OSTimeTick                   0x2299    0x30  Code  Gb  os_time.o [1]
OSTimeTickHook                0xa97     0x2  Code  Gb  os_cpu_c.o [1]
OSTmrDbgListPtr         0x2000'3edc     0x4  Data  Gb  os_var.o [1]
OSTmrTaskTCB            0x2000'3ba8    0x8c  Data  Gb  os_var.o [1]
OSTmrTaskTimeMax        0x2000'3ee0     0x4  Data  Gb  os_var.o [1]
OSTmrTickCtr            0x2000'3ee4     0x4  Data  Gb  os_var.o [1]
OSTmrUpdateCnt          0x2000'3ee8     0x4  Data  Gb  os_var.o [1]
OSTmrUpdateCtr          0x2000'3eec     0x4  Data  Gb  os_var.o [1]
OS_CPU_ExceptStkBase    0x2000'3ea8     0x4  Data  Gb  os_cpu_c.o [1]
OS_CPU_PendSVHandler         0x220f          Code  Gb  os_cpu_a.o [1]
OS_CPU_SysTickHandler         0xa99    0x2a  Code  Gb  os_cpu_c.o [1]
OS_CPU_SysTickInit            0xac3    0x24  Code  Gb  os_cpu_c.o [1]
OS_Dbg_Init                  0x1ae5   0x170  Code  Gb  os_dbg.o [1]
OS_IdleTask                   0x447    0x28  Code  Gb  os_core.o [1]
OS_IdleTaskInit               0x46f    0x50  Code  Gb  os_core.o [1]
OS_MemDbgListAdd             0x163b    0x1e  Code  Gb  os_mem.o [1]
OS_MemInit                   0x1659    0x12  Code  Gb  os_mem.o [1]
OS_MsgPoolCreate             0x167d    0x40  Code  Gb  os_msg.o [1]
OS_MsgPoolInit               0x16bd    0x24  Code  Gb  os_msg.o [1]
OS_MsgQFreeAll               0x16e1    0x3e  Code  Gb  os_msg.o [1]
OS_MsgQInit                  0x171f    0x14  Code  Gb  os_msg.o [1]
OS_MutexInit                 0x1741    0x12  Code  Gb  os_mutex.o [1]
OS_Pend                       0x4bf    0x54  Code  Gb  os_core.o [1]
OS_PendDataInit               0x513    0x38  Code  Gb  os_core.o [1]
OS_PendDbgNameAdd             0x54b    0x42  Code  Gb  os_core.o [1]
OS_PendDbgNameRemove          0x58d    0x1c  Code  Gb  os_core.o [1]
OS_PendListInit               0x5ad     0xe  Code  Gb  os_core.o [1]
OS_PendListInsertPrio         0x5bb    0x72  Code  Gb  os_core.o [1]
OS_PendListRemove             0x62d    0x2a  Code  Gb  os_core.o [1]
OS_PendListRemove1            0x657    0x48  Code  Gb  os_core.o [1]
OS_Post                       0x69f    0xc0  Code  Gb  os_core.o [1]
OS_Post1                      0x75f    0x28  Code  Gb  os_core.o [1]
OS_PrioGetHighest             0xb25    0x20  Code  Gb  os_prio.o [1]
OS_PrioInit                   0xb11    0x14  Code  Gb  os_prio.o [1]
OS_PrioInsert                 0xb45    0x2a  Code  Gb  os_prio.o [1]
OS_PrioRemove                 0xb6f    0x2c  Code  Gb  os_prio.o [1]
OS_QDbgListAdd               0x17bf    0x22  Code  Gb  os_q.o [1]
OS_QInit                     0x17e1    0x12  Code  Gb  os_q.o [1]
OS_RdyListInit                0x787    0x2a  Code  Gb  os_core.o [1]
OS_RdyListInsert              0x7b1    0x28  Code  Gb  os_core.o [1]
OS_RdyListInsertHead          0x7d9    0x3a  Code  Gb  os_core.o [1]
OS_RdyListInsertTail          0x813    0x38  Code  Gb  os_core.o [1]
OS_RdyListRemove              0x84b    0x5c  Code  Gb  os_core.o [1]
OS_SchedLockTimeMeasStart
                              0x8a7    0x14  Code  Gb  os_core.o [1]
OS_SchedLockTimeMeasStop
                              0x8bb    0x2a  Code  Gb  os_core.o [1]
OS_TaskBlock                  0x945    0x38  Code  Gb  os_core.o [1]
OS_TaskDbgListAdd             0xf01    0x26  Code  Gb  os_task.o [1]
OS_TaskDbgListRemove          0xf27    0x4a  Code  Gb  os_task.o [1]
OS_TaskInit                   0xf71    0x18  Code  Gb  os_task.o [1]
OS_TaskInitTCB                0xf89    0xa8  Code  Gb  os_task.o [1]
OS_TaskRdy                    0x97d    0x1a  Code  Gb  os_core.o [1]
OS_TaskReturn                0x1031    0x14  Code  Gb  os_task.o [1]
OS_TaskSemPost               0x1045    0xd4  Code  Gb  os_task.o [1]
OS_TickListInit              0x11db    0x2e  Code  Gb  os_tick.o [1]
OS_TickListInsert            0x1209   0x11c  Code  Gb  os_tick.o [1]
OS_TickListRemove            0x1325    0x42  Code  Gb  os_tick.o [1]
OS_TickListUpdate            0x1367   0x170  Code  Gb  os_tick.o [1]
OS_TickTask                  0x1145    0x26  Code  Gb  os_tick.o [1]
OS_TickTaskInit              0x116b    0x70  Code  Gb  os_tick.o [1]
OS_TmrInit                   0x1809    0xd6  Code  Gb  os_tmr.o [1]
OS_TmrLink                   0x18df    0xd0  Code  Gb  os_tmr.o [1]
OS_TmrTask                   0x19fd    0xa6  Code  Gb  os_tmr.o [1]
OS_TmrUnlink                 0x19af    0x4c  Code  Gb  os_tmr.o [1]
PWMGenConfigure              0x4289    0x3c  Code  Gb  pwm.o [1]
PWMGenEnable                 0x42e7     0xe  Code  Gb  pwm.o [1]
PWMGenPeriodSet              0x42c5    0x22  Code  Gb  pwm.o [1]
PWMOutputInvert              0x434f    0x2c  Code  Gb  pwm.o [1]
PWMOutputState               0x4323    0x2c  Code  Gb  pwm.o [1]
PWMPulseWidthSet             0x42f5    0x2e  Code  Gb  pwm.o [1]
RBFindMin                    0x257b     0xc  Code  Gb  RBTree.o [1]
RMSched                      0x2027    0x1e  Code  Gb  OS_RecTaskServices.o [1]
Region$$Table$$Base          0x58c8           --   Gb  - Linker created -
Region$$Table$$Limit         0x58ec           --   Gb  - Linker created -
Right_tgt               0x2000'3f11     0x1  Data  Gb  app2.o [1]
RoboTurn                     0x47e9    0xc8  Code  Gb  app2.o [1]
SysCtlClockGet               0x310d   0x1a2  Code  Gb  sysctl.o [1]
SysCtlClockSet               0x2fa1   0x16c  Code  Gb  sysctl.o [1]
SysCtlDelay                  0x2f99     0x8  Code  Gb  sysctl.o [1]
SysCtlPWMClockSet            0x32af     0xe  Code  Gb  sysctl.o [1]
SysCtlPeripheralDeepSleepDisable
                             0x2f6d    0x2c  Code  Gb  sysctl.o [1]
SysCtlPeripheralEnable       0x2f41    0x2c  Code  Gb  sysctl.o [1]
SysCtlPeripheralReset        0x2ee1    0x60  Code  Gb  sysctl.o [1]
_Rand_idx               0x2000'3cb4     0x4  Data  Lc  rand.o [2]
_Rand_rv                0x2000'3c34    0x80  Data  Lc  rand.o [2]
_Randinit               0x2000'0008     0x1  Data  Gb  rand.o [2]
_Randseed               0x2000'000c     0x4  Data  Gb  rand.o [2]
__aeabi_memcpy4              0x543d          Code  Gb  ABImemcpy.o [4]
__aeabi_memcpy8              0x543d          Code  Gb  ABImemcpy.o [4]
__aeabi_memset               0x3cb1          Code  Gb  ABImemset.o [4]
__cmain                      0x590d          Code  Gb  cmain.o [4]
__exit                       0x3d19    0x14  Code  Gb  exit.o [5]
__iar_Memset                 0x3cb1          Code  Gb  ABImemset.o [4]
__iar_Memset_word            0x3cb9          Code  Gb  ABImemset.o [4]
__iar_close_ttio             0x437d    0x2e  Code  Gb  iarttio.o [5]
__iar_copy_init3             0x5825    0x2c  Code  Gb  copy_init3.o [4]
__iar_data_init3             0x58a1    0x28  Code  Gb  data_init.o [4]
__iar_lookup_ttioh           0x43ad     0x4  Code  Gb  XShttio.o [2]
__iar_program_start          0x5a25          Code  Gb  cstartup_M.o [4]
__iar_ttio_handles      0x2000'0010     0x8  Data  Lc  XShttio.o [2]
__iar_zero_init3              0x997    0x3a  Code  Gb  zero_init3.o [4]
__low_level_init             0x592b     0x4  Code  Gb  low_level_init.o [2]
__vector_table                  0x0   0x11c  Data  Gb  app_vect.o [1]
_call_main                   0x5919          Code  Gb  cmain.o [4]
_exit                        0x2ed5          Code  Gb  cexit.o [4]
_main                        0x5927          Code  Gb  cmain.o [4]
append                       0x2b5d    0x2c  Code  Gb  linkedList.o [1]
appendQ                      0x5367    0x2a  Code  Gb  linkedListQ.o [1]
avlDeleteNode                0x5119   0x1e8  Code  Gb  avl_tree.o [1]
avlInsert                    0x5039    0xce  Code  Gb  avl_tree.o [1]
avlLeftRotate                0x4fd9    0x40  Code  Gb  avl_tree.o [1]
avlRightRotate               0x4f99    0x40  Code  Gb  avl_tree.o [1]
ceilingStack            0x2000'3f00     0x4  Data  Gb  stack.o [1]
chooseHeight                 0x27e1    0x22  Code  Lc  skiplist.o [1]
color_delete                 0x25bd   0x162  Code  Gb  RBTree.o [1]
color_insert                 0x2369   0x116  Code  Gb  RBTree.o [1]
create                       0x2ae9    0x62  Code  Gb  linkedList.o [1]
createQ                      0x5305    0x52  Code  Gb  linkedListQ.o [1]
delete                       0x271f    0xb8  Code  Gb  RBTree.o [1]
dispose                      0x2c57    0xb2  Code  Gb  linkedList.o [1]
exit                         0x2d11     0x4  Code  Gb  exit.o [2]
g_pucFont                    0x54c4   0x1dc  Data  Lc  bsp_display.o [1]
g_pucRITInit                 0x56fc    0x50  Data  Lc  bsp_display.o [1]
g_pucRow1                    0x5a30     0x8  Data  Lc  bsp_display.o [1]
g_pucRow2                    0x5a38     0x8  Data  Lc  bsp_display.o [1]
g_pulDCGCRegs                0x5a0c     0xc  Data  Lc  sysctl.o [1]
g_pulGPIOBaseAddrs           0x574c    0x48  Data  Lc  gpio.o [1]
g_pulRCGCRegs                0x5a00     0xc  Data  Lc  sysctl.o [1]
g_pulSRCRRegs                0x59f4     0xc  Data  Lc  sysctl.o [1]
g_pulXtals                   0x56a0    0x5c  Data  Lc  sysctl.o [1]
g_ucColumnAdjust        0x2000'0004     0x4  Data  Lc  bsp_display.o [1]
g_ulDelay               0x2000'3e8c     0x4  Data  Lc  bsp_display.o [1]
getBalance                   0x5019    0x20  Code  Gb  avl_tree.o [1]
getMinKeyNode                0x2ae5     0x4  Code  Gb  skiplist.o [1]
height                       0x4f1d     0xc  Code  Gb  avl_tree.o [1]
iMove                   0x2000'0000     0x4  Data  Gb  app2.o [1]
insert                       0x247f    0xd8  Code  Gb  RBTree.o [1]
leftRotate                   0x22dd    0x46  Code  Gb  RBTree.o [1]
main                         0x43b9    0xbe  Code  Gb  app2.o [1]
max                          0x4f29     0x8  Code  Gb  avl_tree.o [1]
memset                       0x2ec1    0x14  Code  Gb  memset.o [4]
min                          0x2587    0x10  Code  Gb  RBTree.o [1]
minValueNode                 0x5107    0x12  Code  Gb  avl_tree.o [1]
newNode                      0x4f31    0x68  Code  Gb  avl_tree.o [1]
osMuCreate                   0x4dd1    0x66  Code  Gb  OS_ResShareServices.o [1]
osMuRelease                  0x4c55   0x17c  Code  Gb  OS_ResShareServices.o [1]
osMuRequest                  0x49a1   0x2b4  Code  Gb  OS_ResShareServices.o [1]
p_addr                  0x2000'0018  0x2000  Data  Gb  app2.o [1]
peek                         0x4f09     0xc  Code  Gb  stack.o [1]
pop                          0x4eaf    0x5a  Code  Gb  stack.o [1]
prepend                      0x2b4b    0x12  Code  Gb  linkedList.o [1]
prependQ                     0x5357    0x10  Code  Gb  linkedListQ.o [1]
push                         0x4e61    0x4e  Code  Gb  stack.o [1]
rand                         0x2e1d    0x94  Code  Gb  rand.o [2]
readyQueue              0x2000'3efc     0x4  Data  Gb  skiplist.o [1]
releaseTask                  0x1fe1    0x46  Code  Gb  OS_RecTaskServices.o [1]
remove_any                   0x2bed    0x56  Code  Gb  linkedList.o [1]
remove_anyQ                  0x53e1    0x56  Code  Gb  linkedListQ.o [1]
remove_back                  0x2bbd    0x30  Code  Gb  linkedList.o [1]
remove_backQ                 0x53b1    0x30  Code  Gb  linkedListQ.o [1]
remove_front                 0x2b9d    0x20  Code  Gb  linkedList.o [1]
remove_frontQ                0x5391    0x20  Code  Gb  linkedListQ.o [1]
resUseTask              0x2000'3e80     0x4  Data  Gb  app2.o [1]
rightRotate                  0x2323    0x46  Code  Gb  RBTree.o [1]
root                    0x2000'3ef8     0x4  Data  Gb  RBTree.o [1]
search                       0x2c43    0x14  Code  Gb  linkedList.o [1]
searchRB                     0x2557    0x24  Code  Gb  RBTree.o [1]
skiplistCreate               0x28b5    0x30  Code  Gb  skiplist.o [1]
skiplistCreateNode           0x2803    0xb2  Code  Lc  skiplist.o [1]
skiplistDelete               0x29a5   0x136  Code  Gb  skiplist.o [1]
skiplistInsert               0x2917    0x8e  Code  Gb  skiplist.o [1]
skiplistSearch               0x28e5    0x32  Code  Gb  skiplist.o [1]
successor                    0x2597    0x26  Code  Gb  RBTree.o [1]
tickHandlerRecursion         0x1f67    0x7a  Code  Gb  OS_RecTaskServices.o [1]
traverse                     0x2b89    0x14  Code  Gb  linkedList.o [1]
waitQueue               0x2000'3e84     0x4  Data  Gb  avl_tree.o [1]


[1] = C:\Users\ahj\Desktop\CE4057\Source_Code_CE4057\ce4053\Micrium\Software\EvalBoards\TI\LM3S9B92-EVALBOT\IAR\uCOS-III-CE4053_PG\Flash\Obj
[2] = dl7M_tlf.a
[3] = m7M_tl.a
[4] = rt7M_tl.a
[5] = shb_l.a

  21 542 bytes of readonly  code memory
   1 744 bytes of readonly  data memory
  17 178 bytes of readwrite data memory

Errors: none
Warnings: none
