###############################################################################
#
# IAR ELF Linker V8.30.1.114/W32 for ARM                  07/Oct/2018  15:55:54
# Copyright 2007-2018 IAR Systems AB.
#
#    Output file  =  
#        C:\Users\ahj\Desktop\CE4057\Source_Code_CE4057\ce4053\Micrium\Software\EvalBoards\TI\LM3S9B92-EVALBOT\IAR\uCOS-III-CE4053_PG\Flash\Exe\uCOS-III-Ex4.out
#    Map file     =  
#        C:\Users\ahj\Desktop\CE4057\Source_Code_CE4057\ce4053\Micrium\Software\EvalBoards\TI\LM3S9B92-EVALBOT\IAR\uCOS-III-CE4053_PG\Flash\List\uCOS-III-Ex4.map
#    Command line =  
#        -f C:\Users\ahj\AppData\Local\Temp\EW4033.tmp
#        (C:\Users\ahj\Desktop\CE4057\Source_Code_CE4057\ce4053\Micrium\Software\EvalBoards\TI\LM3S9B92-EVALBOT\IAR\uCOS-III-CE4053_PG\Flash\Obj\adc.o
#        C:\Users\ahj\Desktop\CE4057\Source_Code_CE4057\ce4053\Micrium\Software\EvalBoards\TI\LM3S9B92-EVALBOT\IAR\uCOS-III-CE4053_PG\Flash\Obj\app.o
#        C:\Users\ahj\Desktop\CE4057\Source_Code_CE4057\ce4053\Micrium\Software\EvalBoards\TI\LM3S9B92-EVALBOT\IAR\uCOS-III-CE4053_PG\Flash\Obj\app_vect.o
#        C:\Users\ahj\Desktop\CE4057\Source_Code_CE4057\ce4053\Micrium\Software\EvalBoards\TI\LM3S9B92-EVALBOT\IAR\uCOS-III-CE4053_PG\Flash\Obj\bsp.o
#        C:\Users\ahj\Desktop\CE4057\Source_Code_CE4057\ce4053\Micrium\Software\EvalBoards\TI\LM3S9B92-EVALBOT\IAR\uCOS-III-CE4053_PG\Flash\Obj\bsp_dac.o
#        C:\Users\ahj\Desktop\CE4057\Source_Code_CE4057\ce4053\Micrium\Software\EvalBoards\TI\LM3S9B92-EVALBOT\IAR\uCOS-III-CE4053_PG\Flash\Obj\bsp_display.o
#        C:\Users\ahj\Desktop\CE4057\Source_Code_CE4057\ce4053\Micrium\Software\EvalBoards\TI\LM3S9B92-EVALBOT\IAR\uCOS-III-CE4053_PG\Flash\Obj\bsp_int.o
#        C:\Users\ahj\Desktop\CE4057\Source_Code_CE4057\ce4053\Micrium\Software\EvalBoards\TI\LM3S9B92-EVALBOT\IAR\uCOS-III-CE4053_PG\Flash\Obj\bsp_io.o
#        C:\Users\ahj\Desktop\CE4057\Source_Code_CE4057\ce4053\Micrium\Software\EvalBoards\TI\LM3S9B92-EVALBOT\IAR\uCOS-III-CE4053_PG\Flash\Obj\bsp_motor.o
#        C:\Users\ahj\Desktop\CE4057\Source_Code_CE4057\ce4053\Micrium\Software\EvalBoards\TI\LM3S9B92-EVALBOT\IAR\uCOS-III-CE4053_PG\Flash\Obj\bsp_sensors.o
#        C:\Users\ahj\Desktop\CE4057\Source_Code_CE4057\ce4053\Micrium\Software\EvalBoards\TI\LM3S9B92-EVALBOT\IAR\uCOS-III-CE4053_PG\Flash\Obj\can.o
#        C:\Users\ahj\Desktop\CE4057\Source_Code_CE4057\ce4053\Micrium\Software\EvalBoards\TI\LM3S9B92-EVALBOT\IAR\uCOS-III-CE4053_PG\Flash\Obj\comp.o
#        C:\Users\ahj\Desktop\CE4057\Source_Code_CE4057\ce4053\Micrium\Software\EvalBoards\TI\LM3S9B92-EVALBOT\IAR\uCOS-III-CE4053_PG\Flash\Obj\cpu_.o
#        C:\Users\ahj\Desktop\CE4057\Source_Code_CE4057\ce4053\Micrium\Software\EvalBoards\TI\LM3S9B92-EVALBOT\IAR\uCOS-III-CE4053_PG\Flash\Obj\cpu_a.o
#        C:\Users\ahj\Desktop\CE4057\Source_Code_CE4057\ce4053\Micrium\Software\EvalBoards\TI\LM3S9B92-EVALBOT\IAR\uCOS-III-CE4053_PG\Flash\Obj\cpu_bsp.o
#        C:\Users\ahj\Desktop\CE4057\Source_Code_CE4057\ce4053\Micrium\Software\EvalBoards\TI\LM3S9B92-EVALBOT\IAR\uCOS-III-CE4053_PG\Flash\Obj\cpu_c.o
#        C:\Users\ahj\Desktop\CE4057\Source_Code_CE4057\ce4053\Micrium\Software\EvalBoards\TI\LM3S9B92-EVALBOT\IAR\uCOS-III-CE4053_PG\Flash\Obj\cpu_core.o
#        C:\Users\ahj\Desktop\CE4057\Source_Code_CE4057\ce4053\Micrium\Software\EvalBoards\TI\LM3S9B92-EVALBOT\IAR\uCOS-III-CE4053_PG\Flash\Obj\epi.o
#        C:\Users\ahj\Desktop\CE4057\Source_Code_CE4057\ce4053\Micrium\Software\EvalBoards\TI\LM3S9B92-EVALBOT\IAR\uCOS-III-CE4053_PG\Flash\Obj\ethernet.o
#        C:\Users\ahj\Desktop\CE4057\Source_Code_CE4057\ce4053\Micrium\Software\EvalBoards\TI\LM3S9B92-EVALBOT\IAR\uCOS-III-CE4053_PG\Flash\Obj\fatfs.o
#        C:\Users\ahj\Desktop\CE4057\Source_Code_CE4057\ce4053\Micrium\Software\EvalBoards\TI\LM3S9B92-EVALBOT\IAR\uCOS-III-CE4053_PG\Flash\Obj\flash.o
#        C:\Users\ahj\Desktop\CE4057\Source_Code_CE4057\ce4053\Micrium\Software\EvalBoards\TI\LM3S9B92-EVALBOT\IAR\uCOS-III-CE4053_PG\Flash\Obj\gpio.o
#        C:\Users\ahj\Desktop\CE4057\Source_Code_CE4057\ce4053\Micrium\Software\EvalBoards\TI\LM3S9B92-EVALBOT\IAR\uCOS-III-CE4053_PG\Flash\Obj\hibernate.o
#        C:\Users\ahj\Desktop\CE4057\Source_Code_CE4057\ce4053\Micrium\Software\EvalBoards\TI\LM3S9B92-EVALBOT\IAR\uCOS-III-CE4053_PG\Flash\Obj\i2c.o
#        C:\Users\ahj\Desktop\CE4057\Source_Code_CE4057\ce4053\Micrium\Software\EvalBoards\TI\LM3S9B92-EVALBOT\IAR\uCOS-III-CE4053_PG\Flash\Obj\i2s.o
#        C:\Users\ahj\Desktop\CE4057\Source_Code_CE4057\ce4053\Micrium\Software\EvalBoards\TI\LM3S9B92-EVALBOT\IAR\uCOS-III-CE4053_PG\Flash\Obj\interrupt.o
#        C:\Users\ahj\Desktop\CE4057\Source_Code_CE4057\ce4053\Micrium\Software\EvalBoards\TI\LM3S9B92-EVALBOT\IAR\uCOS-III-CE4053_PG\Flash\Obj\lib_ascii.o
#        C:\Users\ahj\Desktop\CE4057\Source_Code_CE4057\ce4053\Micrium\Software\EvalBoards\TI\LM3S9B92-EVALBOT\IAR\uCOS-III-CE4053_PG\Flash\Obj\lib_math.o
#        C:\Users\ahj\Desktop\CE4057\Source_Code_CE4057\ce4053\Micrium\Software\EvalBoards\TI\LM3S9B92-EVALBOT\IAR\uCOS-III-CE4053_PG\Flash\Obj\lib_mem.o
#        C:\Users\ahj\Desktop\CE4057\Source_Code_CE4057\ce4053\Micrium\Software\EvalBoards\TI\LM3S9B92-EVALBOT\IAR\uCOS-III-CE4053_PG\Flash\Obj\lib_str.o
#        C:\Users\ahj\Desktop\CE4057\Source_Code_CE4057\ce4053\Micrium\Software\EvalBoards\TI\LM3S9B92-EVALBOT\IAR\uCOS-III-CE4053_PG\Flash\Obj\linkedList.o
#        C:\Users\ahj\Desktop\CE4057\Source_Code_CE4057\ce4053\Micrium\Software\EvalBoards\TI\LM3S9B92-EVALBOT\IAR\uCOS-III-CE4053_PG\Flash\Obj\microsd.o
#        C:\Users\ahj\Desktop\CE4057\Source_Code_CE4057\ce4053\Micrium\Software\EvalBoards\TI\LM3S9B92-EVALBOT\IAR\uCOS-III-CE4053_PG\Flash\Obj\mpu.o
#        C:\Users\ahj\Desktop\CE4057\Source_Code_CE4057\ce4053\Micrium\Software\EvalBoards\TI\LM3S9B92-EVALBOT\IAR\uCOS-III-CE4053_PG\Flash\Obj\os_app_hooks.o
#        C:\Users\ahj\Desktop\CE4057\Source_Code_CE4057\ce4053\Micrium\Software\EvalBoards\TI\LM3S9B92-EVALBOT\IAR\uCOS-III-CE4053_PG\Flash\Obj\os_cfg_app.o
#        C:\Users\ahj\Desktop\CE4057\Source_Code_CE4057\ce4053\Micrium\Software\EvalBoards\TI\LM3S9B92-EVALBOT\IAR\uCOS-III-CE4053_PG\Flash\Obj\os_core.o
#        C:\Users\ahj\Desktop\CE4057\Source_Code_CE4057\ce4053\Micrium\Software\EvalBoards\TI\LM3S9B92-EVALBOT\IAR\uCOS-III-CE4053_PG\Flash\Obj\os_cpu_a.o
#        C:\Users\ahj\Desktop\CE4057\Source_Code_CE4057\ce4053\Micrium\Software\EvalBoards\TI\LM3S9B92-EVALBOT\IAR\uCOS-III-CE4053_PG\Flash\Obj\os_cpu_c.o
#        C:\Users\ahj\Desktop\CE4057\Source_Code_CE4057\ce4053\Micrium\Software\EvalBoards\TI\LM3S9B92-EVALBOT\IAR\uCOS-III-CE4053_PG\Flash\Obj\os_dbg.o
#        C:\Users\ahj\Desktop\CE4057\Source_Code_CE4057\ce4053\Micrium\Software\EvalBoards\TI\LM3S9B92-EVALBOT\IAR\uCOS-III-CE4053_PG\Flash\Obj\os_flag.o
#        C:\Users\ahj\Desktop\CE4057\Source_Code_CE4057\ce4053\Micrium\Software\EvalBoards\TI\LM3S9B92-EVALBOT\IAR\uCOS-III-CE4053_PG\Flash\Obj\os_int.o
#        C:\Users\ahj\Desktop\CE4057\Source_Code_CE4057\ce4053\Micrium\Software\EvalBoards\TI\LM3S9B92-EVALBOT\IAR\uCOS-III-CE4053_PG\Flash\Obj\os_mem.o
#        C:\Users\ahj\Desktop\CE4057\Source_Code_CE4057\ce4053\Micrium\Software\EvalBoards\TI\LM3S9B92-EVALBOT\IAR\uCOS-III-CE4053_PG\Flash\Obj\os_msg.o
#        C:\Users\ahj\Desktop\CE4057\Source_Code_CE4057\ce4053\Micrium\Software\EvalBoards\TI\LM3S9B92-EVALBOT\IAR\uCOS-III-CE4053_PG\Flash\Obj\os_mutex.o
#        C:\Users\ahj\Desktop\CE4057\Source_Code_CE4057\ce4053\Micrium\Software\EvalBoards\TI\LM3S9B92-EVALBOT\IAR\uCOS-III-CE4053_PG\Flash\Obj\os_pend_multi.o
#        C:\Users\ahj\Desktop\CE4057\Source_Code_CE4057\ce4053\Micrium\Software\EvalBoards\TI\LM3S9B92-EVALBOT\IAR\uCOS-III-CE4053_PG\Flash\Obj\os_prio.o
#        C:\Users\ahj\Desktop\CE4057\Source_Code_CE4057\ce4053\Micrium\Software\EvalBoards\TI\LM3S9B92-EVALBOT\IAR\uCOS-III-CE4053_PG\Flash\Obj\os_q.o
#        C:\Users\ahj\Desktop\CE4057\Source_Code_CE4057\ce4053\Micrium\Software\EvalBoards\TI\LM3S9B92-EVALBOT\IAR\uCOS-III-CE4053_PG\Flash\Obj\OS_RecTaskServices.o
#        C:\Users\ahj\Desktop\CE4057\Source_Code_CE4057\ce4053\Micrium\Software\EvalBoards\TI\LM3S9B92-EVALBOT\IAR\uCOS-III-CE4053_PG\Flash\Obj\os_sem.o
#        C:\Users\ahj\Desktop\CE4057\Source_Code_CE4057\ce4053\Micrium\Software\EvalBoards\TI\LM3S9B92-EVALBOT\IAR\uCOS-III-CE4053_PG\Flash\Obj\os_stat.o
#        C:\Users\ahj\Desktop\CE4057\Source_Code_CE4057\ce4053\Micrium\Software\EvalBoards\TI\LM3S9B92-EVALBOT\IAR\uCOS-III-CE4053_PG\Flash\Obj\os_task.o
#        C:\Users\ahj\Desktop\CE4057\Source_Code_CE4057\ce4053\Micrium\Software\EvalBoards\TI\LM3S9B92-EVALBOT\IAR\uCOS-III-CE4053_PG\Flash\Obj\os_tick.o
#        C:\Users\ahj\Desktop\CE4057\Source_Code_CE4057\ce4053\Micrium\Software\EvalBoards\TI\LM3S9B92-EVALBOT\IAR\uCOS-III-CE4053_PG\Flash\Obj\os_time.o
#        C:\Users\ahj\Desktop\CE4057\Source_Code_CE4057\ce4053\Micrium\Software\EvalBoards\TI\LM3S9B92-EVALBOT\IAR\uCOS-III-CE4053_PG\Flash\Obj\os_tmr.o
#        C:\Users\ahj\Desktop\CE4057\Source_Code_CE4057\ce4053\Micrium\Software\EvalBoards\TI\LM3S9B92-EVALBOT\IAR\uCOS-III-CE4053_PG\Flash\Obj\os_var.o
#        C:\Users\ahj\Desktop\CE4057\Source_Code_CE4057\ce4053\Micrium\Software\EvalBoards\TI\LM3S9B92-EVALBOT\IAR\uCOS-III-CE4053_PG\Flash\Obj\pwm.o
#        C:\Users\ahj\Desktop\CE4057\Source_Code_CE4057\ce4053\Micrium\Software\EvalBoards\TI\LM3S9B92-EVALBOT\IAR\uCOS-III-CE4053_PG\Flash\Obj\qei.o
#        C:\Users\ahj\Desktop\CE4057\Source_Code_CE4057\ce4053\Micrium\Software\EvalBoards\TI\LM3S9B92-EVALBOT\IAR\uCOS-III-CE4053_PG\Flash\Obj\RBTree.o
#        C:\Users\ahj\Desktop\CE4057\Source_Code_CE4057\ce4053\Micrium\Software\EvalBoards\TI\LM3S9B92-EVALBOT\IAR\uCOS-III-CE4053_PG\Flash\Obj\RBTree2.o
#        C:\Users\ahj\Desktop\CE4057\Source_Code_CE4057\ce4053\Micrium\Software\EvalBoards\TI\LM3S9B92-EVALBOT\IAR\uCOS-III-CE4053_PG\Flash\Obj\ssi.o
#        C:\Users\ahj\Desktop\CE4057\Source_Code_CE4057\ce4053\Micrium\Software\EvalBoards\TI\LM3S9B92-EVALBOT\IAR\uCOS-III-CE4053_PG\Flash\Obj\sysctl.o
#        C:\Users\ahj\Desktop\CE4057\Source_Code_CE4057\ce4053\Micrium\Software\EvalBoards\TI\LM3S9B92-EVALBOT\IAR\uCOS-III-CE4053_PG\Flash\Obj\systick.o
#        C:\Users\ahj\Desktop\CE4057\Source_Code_CE4057\ce4053\Micrium\Software\EvalBoards\TI\LM3S9B92-EVALBOT\IAR\uCOS-III-CE4053_PG\Flash\Obj\timer.o
#        C:\Users\ahj\Desktop\CE4057\Source_Code_CE4057\ce4053\Micrium\Software\EvalBoards\TI\LM3S9B92-EVALBOT\IAR\uCOS-III-CE4053_PG\Flash\Obj\uart.o
#        C:\Users\ahj\Desktop\CE4057\Source_Code_CE4057\ce4053\Micrium\Software\EvalBoards\TI\LM3S9B92-EVALBOT\IAR\uCOS-III-CE4053_PG\Flash\Obj\udma.o
#        C:\Users\ahj\Desktop\CE4057\Source_Code_CE4057\ce4053\Micrium\Software\EvalBoards\TI\LM3S9B92-EVALBOT\IAR\uCOS-III-CE4053_PG\Flash\Obj\usb.o
#        C:\Users\ahj\Desktop\CE4057\Source_Code_CE4057\ce4053\Micrium\Software\EvalBoards\TI\LM3S9B92-EVALBOT\IAR\uCOS-III-CE4053_PG\Flash\Obj\watchdog.o
#        --redirect _Printf=_PrintfFull --redirect _Scanf=_ScanfFull
#        --no_out_extension -o
#        C:\Users\ahj\Desktop\CE4057\Source_Code_CE4057\ce4053\Micrium\Software\EvalBoards\TI\LM3S9B92-EVALBOT\IAR\uCOS-III-CE4053_PG\Flash\Exe\uCOS-III-Ex4.out
#        --map
#        C:\Users\ahj\Desktop\CE4057\Source_Code_CE4057\ce4053\Micrium\Software\EvalBoards\TI\LM3S9B92-EVALBOT\IAR\uCOS-III-CE4053_PG\Flash\List\uCOS-III-Ex4.map
#        --config
#        C:\Users\ahj\Desktop\CE4057\Source_Code_CE4057\ce4053\Micrium\Software\EvalBoards\TI\LM3S9B92-EVALBOT\IAR\uCOS-III-CE4053_PG\..\BSP\LM3S9B92_Flash.icf
#        --semihosting --entry __iar_program_start --vfe --text_out locale)
#
###############################################################################

*******************************************************************************
*** RUNTIME MODEL ATTRIBUTES
***

CppFlavor       = *
__Heap_Handler  = Basic
__SystemLibrary = DLib
__dlib_version  = 6


*******************************************************************************
*** HEAP SELECTION
***

The basic heap was selected because some modules are built with
size limitations (and not runtime checking), and --advanced_heap
was not specified.


*******************************************************************************
*** PLACEMENT SUMMARY
***

"A0":  place at start of [from 0x0 to 0x3'ffff] { ro section .intvec };
"P1":  place in [from 0x0 to 0x3'ffff] { ro };
"P2":  place in [from 0x0 to 0x3'ffff] { section wave_1 };
"P3":  place in [from 0x0 to 0x3'ffff] { section wave_2 };
"P4":  place in [from 0x0 to 0x3'ffff] { section wave_3 };
"P5":  place in [from 0x0 to 0x3'ffff] { section wave_4 };
"P6":  place in [from 0x0 to 0x3'ffff] { section wave_5 };
define block HEAP with size = 0M, alignment = 8 { };
define block CSTACK with size = 1K, alignment = 8 { };
"P7":  place in [from 0x2000'0000 to 0x2001'7fff] {
          rw, block HEAP, block CSTACK };
initialize by copy { rw };

No sections matched the following patterns:

  section wave_1  in "P1-P6"
  section wave_2  in "P1-P6"
  section wave_3  in "P1-P6"
  section wave_4  in "P1-P6"
  section wave_5  in "P1-P6"


  Section            Kind         Address    Size  Object
  -------            ----         -------    ----  ------
"A0":                                       0x11c
  .intvec            const            0x0   0x11c  app_vect.o [1]
                                  - 0x11c   0x11c

"P1-P6":                                   0x3f16
  .text              ro code        0x11c   0x85e  os_core.o [1]
  .text              ro code        0x97a    0x3a  zero_init3.o [4]
  .text              ro code        0x9b4   0x140  os_cpu_c.o [1]
  .text              ro code        0xaf4    0x90  os_prio.o [1]
  .text              ro code        0xb84   0x5a4  os_task.o [1]
  .text              ro code       0x1128   0x3c4  os_tick.o [1]
  .text              ro code       0x14ec   0x128  os_mem.o [1]
  .text              ro code       0x1614    0xc4  os_msg.o [1]
  .text              ro code       0x16d8    0x1c  os_mutex.o [1]
  .text              ro code       0x16f4    0x1c  os_q.o [1]
  .text              ro code       0x1710   0x2dc  os_tmr.o [1]
  .text              ro code       0x19ec   0x170  os_dbg.o [1]
  .text              ro code       0x1b5c    0xac  os_cfg_app.o [1]
  CODE               ro code       0x1c08    0x2a  cpu_a.o [1]
  .rodata            const         0x1c32     0x2  os_cfg_app.o [1]
  .text              ro code       0x1c34   0x188  cpu_core.o [1]
  CODE               ro code       0x1dbc    0x84  os_cpu_a.o [1]
  .text              ro code       0x1e40    0x24  cpu_bsp.o [1]
  .text              ro code       0x1e64    0x44  os_time.o [1]
  .text              ro code       0x1ea8    0x60  lib_mem.o [1]
  .text              ro code       0x1f08    0xa8  bsp.o [1]
  .text              ro code       0x1fb0   0x414  sysctl.o [1]
  .text              ro code       0x23c4   0x256  bsp_int.o [1]
  .rodata            const         0x261a     0x2  os_cfg_app.o [1]
  .text              ro code       0x261c   0x258  bsp_display.o [1]
  .text              ro code       0x2874   0x100  bsp_io.o [1]
  .text              ro code       0x2974   0x164  bsp_sensors.o [1]
  .text              ro code       0x2ad8   0x208  bsp_motor.o [1]
  .text              ro code       0x2ce0   0x138  cpu_c.o [1]
  .text              ro code       0x2e18    0xc2  i2c.o [1]
  .rodata            const         0x2eda     0x2  os_cfg_app.o [1]
  .text              ro code       0x2edc   0x368  gpio.o [1]
  .text              ro code       0x3244    0xf2  pwm.o [1]
  .rodata            const         0x3336     0x2  os_dbg.o [1]
  .text              ro code       0x3338   0x43c  app.o [1]
  .text              ro code       0x3774     0x4  exit.o [2]
  .text              ro code       0x3778   0x104  OS_RecTaskServices.o [1]
  .text              ro code       0x387c     0xa  cexit.o [4]
  .rodata            const         0x3886     0x2  os_dbg.o [1]
  .text              ro code       0x3888   0x2a0  RBTree2.o [1]
  .text              ro code       0x3b28    0x14  exit.o [5]
  .text              ro code       0x3b3c    0x82  linkedList.o [1]
  .rodata            const         0x3bbe     0x2  os_dbg.o [1]
  .text              ro code       0x3bc0    0x30  iarttio.o [5]
  .text              ro code       0x3bf0     0xc  XShttio.o [2]
  .rodata            const         0x3bfc    0x5c  sysctl.o [1]
  .rodata            const         0x3c58    0x50  bsp_display.o [1]
  .rodata            const         0x3ca8    0x48  gpio.o [1]
  .rodata            const         0x3cf0    0x34  os_dbg.o [1]
  .rodata            const         0x3d24    0x30  os_dbg.o [1]
  .rodata            const         0x3d54    0x2c  os_dbg.o [1]
  .text              ro code       0x3d80    0x2c  copy_init3.o [4]
  .rodata            const         0x3dac    0x28  os_dbg.o [1]
  .rodata            const         0x3dd4    0x28  os_dbg.o [1]
  .text              ro code       0x3dfc    0x28  data_init.o [4]
  .iar.init_table    const         0x3e24    0x24  - Linker created -
  .rodata            const         0x3e48    0x20  os_dbg.o [1]
  .text              ro code       0x3e68    0x1e  cmain.o [4]
  .text              ro code       0x3e86     0x4  low_level_init.o [2]
  .rodata            const         0x3e8a     0x2  os_dbg.o [1]
  .rodata            const         0x3e8c    0x18  os_tmr.o [1]
  .rodata            const         0x3ea4    0x14  app.o [1]
  .rodata            const         0x3eb8    0x14  os_core.o [1]
  .rodata            const         0x3ecc    0x14  os_tick.o [1]
  .rodata            const         0x3ee0    0x10  app.o [1]
  .rodata            const         0x3ef0    0x10  app.o [1]
  .rodata            const         0x3f00    0x10  app.o [1]
  .rodata            const         0x3f10    0x10  app.o [1]
  .rodata            const         0x3f20     0xc  os_core.o [1]
  .rodata            const         0x3f2c     0xc  sysctl.o [1]
  .rodata            const         0x3f38     0xc  sysctl.o [1]
  .text              ro code       0x3f44     0xc  app_vect.o [1]
  .text              ro code       0x3f50     0xc  cstartup_M.o [4]
  Initializer bytes  const         0x3f5c     0xc  <for P7-1>
  .rodata            const         0x3f68     0x8  bsp_display.o [1]
  .rodata            const         0x3f70     0x8  bsp_display.o [1]
  .rodata            const         0x3f78     0x8  os_core.o [1]
  .rodata            const         0x3f80     0x8  os_task.o [1]
  .rodata            const         0x3f88     0x4  os_cfg_app.o [1]
  .rodata            const         0x3f8c     0x4  os_cfg_app.o [1]
  .rodata            const         0x3f90     0x4  os_cfg_app.o [1]
  .rodata            const         0x3f94     0x4  os_cfg_app.o [1]
  .rodata            const         0x3f98     0x4  os_cfg_app.o [1]
  .rodata            const         0x3f9c     0x4  os_cfg_app.o [1]
  .rodata            const         0x3fa0     0x4  os_cfg_app.o [1]
  .rodata            const         0x3fa4     0x4  os_cfg_app.o [1]
  .rodata            const         0x3fa8     0x4  os_cfg_app.o [1]
  .rodata            const         0x3fac     0x4  os_cfg_app.o [1]
  .rodata            const         0x3fb0     0x4  os_cfg_app.o [1]
  .rodata            const         0x3fb4     0x4  os_cfg_app.o [1]
  .rodata            const         0x3fb8     0x4  os_cfg_app.o [1]
  .rodata            const         0x3fbc     0x4  os_cfg_app.o [1]
  .rodata            const         0x3fc0     0x4  os_cfg_app.o [1]
  .rodata            const         0x3fc4     0x4  os_cfg_app.o [1]
  .rodata            const         0x3fc8     0x4  os_cfg_app.o [1]
  .rodata            const         0x3fcc     0x4  os_cfg_app.o [1]
  .rodata            const         0x3fd0     0x4  os_cfg_app.o [1]
  .rodata            const         0x3fd4     0x4  os_cfg_app.o [1]
  .rodata            const         0x3fd8     0x4  os_cfg_app.o [1]
  .rodata            const         0x3fdc     0x4  os_cfg_app.o [1]
  .rodata            const         0x3fe0     0x4  os_cfg_app.o [1]
  .rodata            const         0x3fe4     0x4  os_dbg.o [1]
  .rodata            const         0x3fe8     0x4  os_dbg.o [1]
  .rodata            const         0x3fec     0x4  os_dbg.o [1]
  .rodata            const         0x3ff0     0x2  os_dbg.o [1]
  .rodata            const         0x3ff2     0x2  os_dbg.o [1]
  .rodata            const         0x3ff4     0x2  os_dbg.o [1]
  .rodata            const         0x3ff6     0x2  os_dbg.o [1]
  .rodata            const         0x3ff8     0x2  os_dbg.o [1]
  .rodata            const         0x3ffa     0x2  os_dbg.o [1]
  .rodata            const         0x3ffc     0x2  os_dbg.o [1]
  .rodata            const         0x3ffe     0x2  os_dbg.o [1]
  .rodata            const         0x4000     0x2  os_dbg.o [1]
  .rodata            const         0x4002     0x2  os_dbg.o [1]
  .rodata            const         0x4004     0x2  os_dbg.o [1]
  .rodata            const         0x4006     0x2  os_dbg.o [1]
  .rodata            const         0x4008     0x2  os_dbg.o [1]
  .rodata            const         0x400a     0x2  os_dbg.o [1]
  .rodata            const         0x400c     0x2  os_dbg.o [1]
  .rodata            const         0x400e     0x2  os_dbg.o [1]
  .rodata            const         0x4010     0x1  os_cfg_app.o [1]
  .rodata            const         0x4011     0x1  os_cfg_app.o [1]
  .rodata            const         0x4012     0x1  os_dbg.o [1]
  .rodata            const         0x4013     0x1  os_dbg.o [1]
  .rodata            const         0x4014     0x1  os_dbg.o [1]
  .rodata            const         0x4015     0x1  os_dbg.o [1]
  .rodata            const         0x4016     0x1  os_dbg.o [1]
  .rodata            const         0x4017     0x1  os_dbg.o [1]
  .rodata            const         0x4018     0x1  os_dbg.o [1]
  .rodata            const         0x4019     0x1  os_dbg.o [1]
  .rodata            const         0x401a     0x1  os_dbg.o [1]
  .rodata            const         0x401b     0x1  os_dbg.o [1]
  .rodata            const         0x401c     0x1  os_dbg.o [1]
  .rodata            const         0x401d     0x1  os_dbg.o [1]
  .rodata            const         0x401e     0x1  os_dbg.o [1]
  .rodata            const         0x401f     0x1  os_dbg.o [1]
  .rodata            const         0x4020     0x1  os_dbg.o [1]
  .rodata            const         0x4021     0x1  os_dbg.o [1]
  .rodata            const         0x4022     0x1  os_dbg.o [1]
  .rodata            const         0x4023     0x1  os_dbg.o [1]
  .rodata            const         0x4024     0x1  os_dbg.o [1]
  .rodata            const         0x4025     0x1  os_dbg.o [1]
  .rodata            const         0x4026     0x1  os_dbg.o [1]
  .rodata            const         0x4027     0x1  os_dbg.o [1]
  .rodata            const         0x4028     0x1  os_dbg.o [1]
  .rodata            const         0x4029     0x1  os_dbg.o [1]
  .rodata            const         0x402a     0x1  os_dbg.o [1]
  .rodata            const         0x402b     0x1  os_dbg.o [1]
  .rodata            const         0x402c     0x1  os_dbg.o [1]
  .rodata            const         0x402d     0x1  os_dbg.o [1]
  .rodata            const         0x402e     0x1  os_dbg.o [1]
  .rodata            const         0x402f     0x1  os_dbg.o [1]
  .rodata            const         0x4030     0x1  os_dbg.o [1]
  .rodata            const         0x4031     0x1  os_dbg.o [1]
  .rodata            const         0x4032     0x0  zero_init3.o [4]
  .rodata            const         0x4032     0x0  copy_init3.o [4]
                                 - 0x4032  0x3f16

"P7", part 1 of 3:                            0xc
  P7-1                        0x2000'0000     0xc  <Init block>
    .data            inited   0x2000'0000     0x4  app.o [1]
    .data            inited   0x2000'0004     0x8  XShttio.o [2]
                            - 0x2000'000c     0xc

"P7", part 2 of 3:                         0x1db0
  .bss               zero     0x2000'000c   0x640  os_cfg_app.o [1]
  .bss               zero     0x2000'064c   0x200  app.o [1]
  .bss               zero     0x2000'084c   0x200  app.o [1]
  .bss               zero     0x2000'0a4c   0x200  app.o [1]
  .bss               zero     0x2000'0c4c   0x200  app.o [1]
  .bss               zero     0x2000'0e4c   0x200  os_cfg_app.o [1]
  .bss               zero     0x2000'104c   0x200  os_cfg_app.o [1]
  .bss               zero     0x2000'124c   0x200  os_cfg_app.o [1]
  .bss               zero     0x2000'144c   0x200  os_cfg_app.o [1]
  .bss               zero     0x2000'164c   0x118  bsp_int.o [1]
  .bss               zero     0x2000'1764    0xf0  os_var.o [1]
  .bss               zero     0x2000'1854    0x8c  app.o [1]
  .bss               zero     0x2000'18e0    0x8c  app.o [1]
  .bss               zero     0x2000'196c    0x8c  app.o [1]
  .bss               zero     0x2000'19f8    0x8c  app.o [1]
  .bss               zero     0x2000'1a84    0x8c  os_var.o [1]
  .bss               zero     0x2000'1b10    0x8c  os_var.o [1]
  .bss               zero     0x2000'1b9c    0x8c  os_var.o [1]
  .bss               zero     0x2000'1c28    0x68  os_cfg_app.o [1]
  .bss               zero     0x2000'1c90    0x68  os_cfg_app.o [1]
  .bss               zero     0x2000'1cf8    0x20  app.o [1]
  .bss               zero     0x2000'1d18    0x10  cpu_core.o [1]
  .bss               zero     0x2000'1d28     0x8  os_var.o [1]
  .bss               zero     0x2000'1d30     0x4  bsp.o [1]
  .bss               zero     0x2000'1d34     0x4  bsp_display.o [1]
  .bss               zero     0x2000'1d38     0x4  cpu_core.o [1]
  .bss               zero     0x2000'1d3c     0x4  cpu_core.o [1]
  .bss               zero     0x2000'1d40     0x4  cpu_core.o [1]
  .bss               zero     0x2000'1d44     0x4  cpu_core.o [1]
  .bss               zero     0x2000'1d48     0x4  cpu_core.o [1]
  .bss               zero     0x2000'1d4c     0x4  cpu_core.o [1]
  .bss               zero     0x2000'1d50     0x4  os_cpu_c.o [1]
  .bss               zero     0x2000'1d54     0x4  os_prio.o [1]
  .bss               zero     0x2000'1d58     0x4  os_var.o [1]
  .bss               zero     0x2000'1d5c     0x4  os_var.o [1]
  .bss               zero     0x2000'1d60     0x4  os_var.o [1]
  .bss               zero     0x2000'1d64     0x4  os_var.o [1]
  .bss               zero     0x2000'1d68     0x4  os_var.o [1]
  .bss               zero     0x2000'1d6c     0x4  os_var.o [1]
  .bss               zero     0x2000'1d70     0x4  os_var.o [1]
  .bss               zero     0x2000'1d74     0x4  os_var.o [1]
  .bss               zero     0x2000'1d78     0x4  os_var.o [1]
  .bss               zero     0x2000'1d7c     0x4  os_var.o [1]
  .bss               zero     0x2000'1d80     0x4  os_var.o [1]
  .bss               zero     0x2000'1d84     0x4  os_var.o [1]
  .bss               zero     0x2000'1d88     0x4  os_var.o [1]
  .bss               zero     0x2000'1d8c     0x4  os_var.o [1]
  .bss               zero     0x2000'1d90     0x4  os_var.o [1]
  .bss               zero     0x2000'1d94     0x4  os_var.o [1]
  .bss               zero     0x2000'1d98     0x4  os_var.o [1]
  .bss               zero     0x2000'1d9c     0x4  os_var.o [1]
  .bss               zero     0x2000'1da0     0x4  RBTree2.o [1]
  .bss               zero     0x2000'1da4     0x2  cpu_core.o [1]
  .bss               zero     0x2000'1da6     0x2  cpu_core.o [1]
  .bss               zero     0x2000'1da8     0x2  os_var.o [1]
  .bss               zero     0x2000'1daa     0x2  os_var.o [1]
  .bss               zero     0x2000'1dac     0x2  os_var.o [1]
  .bss               zero     0x2000'1dae     0x2  os_var.o [1]
  .bss               zero     0x2000'1db0     0x1  app.o [1]
  .bss               zero     0x2000'1db1     0x1  app.o [1]
  .bss               zero     0x2000'1db2     0x1  app.o [1]
  .bss               zero     0x2000'1db3     0x1  app.o [1]
  .bss               zero     0x2000'1db4     0x1  app.o [1]
  .bss               zero     0x2000'1db5     0x1  os_var.o [1]
  .bss               zero     0x2000'1db6     0x1  os_var.o [1]
  .bss               zero     0x2000'1db7     0x1  os_var.o [1]
  .bss               zero     0x2000'1db8     0x1  os_var.o [1]
  .bss               zero     0x2000'1db9     0x1  os_var.o [1]
                            - 0x2000'1dba  0x1dae

"P7", part 3 of 3:                          0x400
  CSTACK                      0x2000'1dc0   0x400  <Block>
    CSTACK           uninit   0x2000'1dc0   0x400  <Block tail>
                            - 0x2000'21c0   0x400

Unused ranges:

         From           To      Size
         ----           --      ----
       0x4032     0x3'ffff  0x3'bfce
  0x2000'1dbc  0x2000'1dbf       0x4
  0x2000'21c0  0x2001'7fff  0x1'5e40


*******************************************************************************
*** INIT TABLE
***

          Address      Size
          -------      ----
Zero (__iar_zero_init3)
    1 destination range, total size 0x1dae:
          0x2000'000c  0x1dae

Copy (__iar_copy_init3)
    1 source range, total size 0xc:
               0x3f5c     0xc
    1 destination range, total size 0xc:
          0x2000'0000     0xc



*******************************************************************************
*** MODULE SUMMARY
***

    Module                ro code  ro data  rw data
    ------                -------  -------  -------
command line/config:
    -----------------------------------------------
    Total:

C:\Users\ahj\Desktop\CE4057\Source_Code_CE4057\ce4053\Micrium\Software\EvalBoards\TI\LM3S9B92-EVALBOT\IAR\uCOS-III-CE4053_PG\Flash\Obj: [1]
    OS_RecTaskServices.o      260
    RBTree2.o                 672                 4
    app.o                   1 084       88    2 649
    app_vect.o                 12      284
    bsp.o                     168                 4
    bsp_display.o             600       96        4
    bsp_int.o                 598               280
    bsp_io.o                  256
    bsp_motor.o               520
    bsp_sensors.o             356
    cpu_a.o                    42
    cpu_bsp.o                  36
    cpu_c.o                   312
    cpu_core.o                392                44
    gpio.o                    872       72
    i2c.o                     194
    lib_mem.o                  96
    linkedList.o              130
    os_cfg_app.o              172      100    3 856
    os_core.o               2 142       40
    os_cpu_a.o                132
    os_cpu_c.o                320                 4
    os_dbg.o                  368      340
    os_mem.o                  296
    os_msg.o                  196
    os_mutex.o                 28
    os_prio.o                 144                 4
    os_q.o                     28
    os_task.o               1 444        8
    os_tick.o                 964       20
    os_time.o                  68
    os_tmr.o                  732       24
    os_var.o                                    753
    pwm.o                     242
    sysctl.o                1 044      116
    -----------------------------------------------
    Total:                 14 920    1 188    7 602

dl7M_tlf.a: [2]
    XShttio.o                  12        8        8
    exit.o                      4
    low_level_init.o            4
    -----------------------------------------------
    Total:                     20        8        8

m7M_tl.a: [3]
    -----------------------------------------------
    Total:

rt7M_tl.a: [4]
    cexit.o                    10
    cmain.o                    30
    copy_init3.o               44
    cstartup_M.o               12
    data_init.o                40
    zero_init3.o               58
    -----------------------------------------------
    Total:                    194

shb_l.a: [5]
    exit.o                     20
    iarttio.o                  48
    -----------------------------------------------
    Total:                     68

    Linker created                      36    1 024
---------------------------------------------------
    Grand Total:           15 202    1 232    8 634


*******************************************************************************
*** ENTRY LIST
***

Entry                       Address   Size  Type      Object
-----                       -------   ----  ----      ------
.iar.init_table$$Base        0x3e24          --   Gb  - Linker created -
.iar.init_table$$Limit       0x3e48          --   Gb  - Linker created -
?main                        0x3e69         Code  Gb  cmain.o [4]
AppRobotMotorDriveSensorEnable
                             0x3569   0x20  Code  Lc  app.o [1]
AppTaskOne                   0x34b9   0x60  Code  Lc  app.o [1]
AppTaskOneStk           0x2000'084c  0x200  Data  Lc  app.o [1]
AppTaskOneTCB           0x2000'18e0   0x8c  Data  Lc  app.o [1]
AppTaskStart                 0x33ed   0xcc  Code  Lc  app.o [1]
AppTaskStartStk         0x2000'064c  0x200  Data  Lc  app.o [1]
AppTaskStartTCB         0x2000'1854   0x8c  Data  Lc  app.o [1]
AppTaskThreeStk         0x2000'0c4c  0x200  Data  Lc  app.o [1]
AppTaskThreeTCB         0x2000'19f8   0x8c  Data  Lc  app.o [1]
AppTaskTwo                   0x3519   0x50  Code  Lc  app.o [1]
AppTaskTwoStk           0x2000'0a4c  0x200  Data  Lc  app.o [1]
AppTaskTwoTCB           0x2000'196c   0x8c  Data  Lc  app.o [1]
App_BusFault_ISR             0x3f49    0x2  Code  Lc  app_vect.o [1]
App_Fault_ISR                0x3f47    0x2  Code  Lc  app_vect.o [1]
App_MemFault_ISR             0x3f4d    0x2  Code  Lc  app_vect.o [1]
App_NMI_ISR                  0x3f45    0x2  Code  Lc  app_vect.o [1]
App_Spurious_ISR             0x3f4f    0x2  Code  Lc  app_vect.o [1]
App_UsageFault_ISR           0x3f4b    0x2  Code  Lc  app_vect.o [1]
BSP_BumpSensorsInit          0x2975   0x1a  Code  Gb  bsp_sensors.o [1]
BSP_CPUClkFreq               0x1f6d   0x12  Code  Gb  bsp.o [1]
BSP_CPU_ClkFreq_MHz     0x2000'1d30    0x4  Data  Gb  bsp.o [1]
BSP_DisplayClear             0x26f3   0x4c  Code  Gb  bsp_display.o [1]
BSP_DisplayInit              0x2775   0xd2  Code  Gb  bsp_display.o [1]
BSP_DisplayOn                0x273f   0x36  Code  Gb  bsp_display.o [1]
BSP_DisplayWriteArray        0x2675   0x3e  Code  Lc  bsp_display.o [1]
BSP_DisplayWriteByte         0x2643   0x32  Code  Lc  bsp_display.o [1]
BSP_DisplayWriteFinal        0x26b3   0x40  Code  Lc  bsp_display.o [1]
BSP_DisplayWriteFirst        0x261d   0x26  Code  Lc  bsp_display.o [1]
BSP_Init                     0x1f09   0x64  Code  Gb  bsp.o [1]
BSP_IntDisAll                0x23c5    0x8  Code  Gb  bsp_int.o [1]
BSP_IntEn                    0x23cd   0x10  Code  Gb  bsp_int.o [1]
BSP_IntHandler               0x25f3   0x20  Code  Lc  bsp_int.o [1]
BSP_IntHandlerADC0           0x2477    0xa  Code  Gb  bsp_int.o [1]
BSP_IntHandlerADC1           0x2481    0xa  Code  Gb  bsp_int.o [1]
BSP_IntHandlerADC1_0         0x25ad    0xa  Code  Gb  bsp_int.o [1]
BSP_IntHandlerADC1_1         0x25b7    0xa  Code  Gb  bsp_int.o [1]
BSP_IntHandlerADC1_2         0x25c1    0xa  Code  Gb  bsp_int.o [1]
BSP_IntHandlerADC1_3         0x25cb    0xa  Code  Gb  bsp_int.o [1]
BSP_IntHandlerADC2           0x248b    0xa  Code  Gb  bsp_int.o [1]
BSP_IntHandlerADC3           0x2495    0xa  Code  Gb  bsp_int.o [1]
BSP_IntHandlerCAN0           0x2567    0xa  Code  Gb  bsp_int.o [1]
BSP_IntHandlerCAN1           0x2571    0xa  Code  Gb  bsp_int.o [1]
BSP_IntHandlerCOMP0          0x24e5    0xa  Code  Gb  bsp_int.o [1]
BSP_IntHandlerCOMP1          0x24ef    0xa  Code  Gb  bsp_int.o [1]
BSP_IntHandlerCOMP2          0x24f9    0xa  Code  Gb  bsp_int.o [1]
BSP_IntHandlerDummy          0x2619    0x2  Code  Lc  bsp_int.o [1]
BSP_IntHandlerEPI            0x25df    0xa  Code  Gb  bsp_int.o [1]
BSP_IntHandlerETH            0x257b    0xa  Code  Gb  bsp_int.o [1]
BSP_IntHandlerFLASH          0x250d    0xa  Code  Gb  bsp_int.o [1]
BSP_IntHandlerGPIOA          0x241d    0xa  Code  Gb  bsp_int.o [1]
BSP_IntHandlerGPIOB          0x2427    0xa  Code  Gb  bsp_int.o [1]
BSP_IntHandlerGPIOC          0x2431    0xa  Code  Gb  bsp_int.o [1]
BSP_IntHandlerGPIOD          0x243b    0xa  Code  Gb  bsp_int.o [1]
BSP_IntHandlerGPIOE          0x2445    0xa  Code  Gb  bsp_int.o [1]
BSP_IntHandlerGPIOF          0x2517    0xa  Code  Gb  bsp_int.o [1]
BSP_IntHandlerGPIOG          0x2521    0xa  Code  Gb  bsp_int.o [1]
BSP_IntHandlerGPIOH          0x252b    0xa  Code  Gb  bsp_int.o [1]
BSP_IntHandlerGPIOJ          0x25e9    0xa  Code  Gb  bsp_int.o [1]
BSP_IntHandlerHIBERNATE
                             0x2585    0xa  Code  Gb  bsp_int.o [1]
BSP_IntHandlerI2C0           0x246d    0xa  Code  Gb  bsp_int.o [1]
BSP_IntHandlerI2C1           0x255d    0xa  Code  Gb  bsp_int.o [1]
BSP_IntHandlerI2S0           0x25d5    0xa  Code  Gb  bsp_int.o [1]
BSP_IntHandlerSSI0           0x2463    0xa  Code  Gb  bsp_int.o [1]
BSP_IntHandlerSSI1           0x253f    0xa  Code  Gb  bsp_int.o [1]
BSP_IntHandlerSYSCTL         0x2503    0xa  Code  Gb  bsp_int.o [1]
BSP_IntHandlerTIMER0A        0x24a9    0xa  Code  Gb  bsp_int.o [1]
BSP_IntHandlerTIMER0B        0x24b3    0xa  Code  Gb  bsp_int.o [1]
BSP_IntHandlerTIMER1A        0x24bd    0xa  Code  Gb  bsp_int.o [1]
BSP_IntHandlerTIMER1B        0x24c7    0xa  Code  Gb  bsp_int.o [1]
BSP_IntHandlerTIMER2A        0x24d1    0xa  Code  Gb  bsp_int.o [1]
BSP_IntHandlerTIMER2B        0x24db    0xa  Code  Gb  bsp_int.o [1]
BSP_IntHandlerTIMER3A        0x2549    0xa  Code  Gb  bsp_int.o [1]
BSP_IntHandlerTIMER3B        0x2553    0xa  Code  Gb  bsp_int.o [1]
BSP_IntHandlerUART0          0x244f    0xa  Code  Gb  bsp_int.o [1]
BSP_IntHandlerUART1          0x2459    0xa  Code  Gb  bsp_int.o [1]
BSP_IntHandlerUART2          0x2535    0xa  Code  Gb  bsp_int.o [1]
BSP_IntHandlerUDMA_ERR       0x25a3    0xa  Code  Gb  bsp_int.o [1]
BSP_IntHandlerUDMA_SW        0x2599    0xa  Code  Gb  bsp_int.o [1]
BSP_IntHandlerUSB            0x258f    0xa  Code  Gb  bsp_int.o [1]
BSP_IntHandlerWATCHDOG       0x249f    0xa  Code  Gb  bsp_int.o [1]
BSP_IntInit                  0x2405   0x18  Code  Gb  bsp_int.o [1]
BSP_IntVectSet               0x23dd   0x28  Code  Gb  bsp_int.o [1]
BSP_IntVectTbl          0x2000'164c  0x118  Data  Lc  bsp_int.o [1]
BSP_LED_Off                  0x28d7   0x36  Code  Gb  bsp_io.o [1]
BSP_LED_On                   0x28a1   0x36  Code  Gb  bsp_io.o [1]
BSP_LED_Toggle               0x290d   0x60  Code  Gb  bsp_io.o [1]
BSP_LEDsInit                 0x288f   0x12  Code  Gb  bsp_io.o [1]
BSP_MotorDir                 0x2bbb   0x44  Code  Gb  bsp_motor.o [1]
BSP_MotorRun                 0x2bff   0x1c  Code  Gb  bsp_motor.o [1]
BSP_MotorSpeed               0x2c4f   0x7e  Code  Gb  bsp_motor.o [1]
BSP_MotorStop                0x2c1b   0x34  Code  Gb  bsp_motor.o [1]
BSP_MotorsInit               0x2ad9   0xe2  Code  Gb  bsp_motor.o [1]
BSP_PushButtonsInit          0x2875   0x1a  Code  Gb  bsp_io.o [1]
BSP_WheelSensorEnable        0x2a37    0xe  Code  Gb  bsp_sensors.o [1]
BSP_WheelSensorIntEnable
                             0x2a45   0x86  Code  Gb  bsp_sensors.o [1]
BSP_WheelSensorsInit         0x298f   0xa8  Code  Gb  bsp_sensors.o [1]
CPU_CntLeadZeros             0x1c1f         Code  Gb  cpu_a.o [1]
CPU_Init                     0x1c35   0x10  Code  Gb  cpu_core.o [1]
CPU_IntDis                   0x1c09         Code  Gb  cpu_a.o [1]
CPU_IntDisMeasCtr       0x2000'1da4    0x2  Data  Gb  cpu_core.o [1]
CPU_IntDisMeasInit           0x1d0f   0x78  Code  Lc  cpu_core.o [1]
CPU_IntDisMeasMaxCalc        0x1d87   0x12  Code  Lc  cpu_core.o [1]
CPU_IntDisMeasMaxCurGet
                             0x1c89   0x18  Code  Gb  cpu_core.o [1]
CPU_IntDisMeasMaxCurReset
                             0x1c6d   0x1c  Code  Gb  cpu_core.o [1]
CPU_IntDisMeasMaxCur_cnts
                        0x2000'1d48    0x4  Data  Gb  cpu_core.o [1]
CPU_IntDisMeasMax_cnts  0x2000'1d4c    0x4  Data  Gb  cpu_core.o [1]
CPU_IntDisMeasOvrhd_cnts
                        0x2000'1d44    0x4  Data  Gb  cpu_core.o [1]
CPU_IntDisMeasStart          0x1ca1   0x22  Code  Gb  cpu_core.o [1]
CPU_IntDisMeasStart_cnts
                        0x2000'1d3c    0x4  Data  Gb  cpu_core.o [1]
CPU_IntDisMeasStop           0x1cc3   0x36  Code  Gb  cpu_core.o [1]
CPU_IntDisMeasStop_cnts
                        0x2000'1d40    0x4  Data  Gb  cpu_core.o [1]
CPU_IntDisNestCtr       0x2000'1da6    0x2  Data  Gb  cpu_core.o [1]
CPU_IntEn                    0x1c0d         Code  Gb  cpu_a.o [1]
CPU_IntSrcEn                 0x2ce1  0x126  Code  Gb  cpu_c.o [1]
CPU_Name                0x2000'1d18   0x10  Data  Gb  cpu_core.o [1]
CPU_NameClr                  0x1c45   0x22  Code  Gb  cpu_core.o [1]
CPU_NameInit                 0x1cf9    0x8  Code  Lc  cpu_core.o [1]
CPU_RevBits                  0x1c25         Code  Gb  cpu_a.o [1]
CPU_SR_Restore               0x1c19         Code  Gb  cpu_a.o [1]
CPU_SR_Save                  0x1c11         Code  Gb  cpu_a.o [1]
CPU_TS_Init                  0x1d01    0xe  Code  Lc  cpu_core.o [1]
CPU_TS_TmrFreqSet            0x1c67    0x6  Code  Gb  cpu_core.o [1]
CPU_TS_TmrFreq_Hz       0x2000'1d38    0x4  Data  Gb  cpu_core.o [1]
CPU_TS_TmrInit               0x1e41   0x16  Code  Gb  cpu_bsp.o [1]
CPU_TS_TmrRd                 0x1e57    0x6  Code  Gb  cpu_bsp.o [1]
CPU_WaitForExcept            0x1c2f         Code  Gb  cpu_a.o [1]
CPU_WaitForInt               0x1c2b         Code  Gb  cpu_a.o [1]
CSTACK$$Base            0x2000'1dc0          --   Gb  - Linker created -
CSTACK$$Limit           0x2000'21c0          --   Gb  - Linker created -
CommMem2                0x2000'1cf8   0x20  Data  Gb  app.o [1]
GPIODirModeSet               0x2edd   0x52  Code  Gb  gpio.o [1]
GPIOIntTypeSet               0x2f2f   0x78  Code  Gb  gpio.o [1]
GPIOPadConfigSet             0x2fa7  0x15c  Code  Gb  gpio.o [1]
GPIOPinConfigure             0x31f5   0x46  Code  Gb  gpio.o [1]
GPIOPinIntClear              0x3143    0xc  Code  Gb  gpio.o [1]
GPIOPinIntDisable            0x3117   0x14  Code  Gb  gpio.o [1]
GPIOPinIntEnable             0x3103   0x14  Code  Gb  gpio.o [1]
GPIOPinIntStatus             0x312b   0x18  Code  Gb  gpio.o [1]
GPIOPinRead                  0x314f    0xa  Code  Gb  gpio.o [1]
GPIOPinTypeGPIOInput         0x316d   0x22  Code  Gb  gpio.o [1]
GPIOPinTypeGPIOOutput        0x318f   0x22  Code  Gb  gpio.o [1]
GPIOPinTypeI2C               0x31b1   0x22  Code  Gb  gpio.o [1]
GPIOPinTypePWM               0x31d3   0x22  Code  Gb  gpio.o [1]
GPIOPinWrite                 0x3159   0x14  Code  Gb  gpio.o [1]
I2CMasterControl             0x2ea9    0x6  Code  Gb  i2c.o [1]
I2CMasterDataPut             0x2ecf    0xc  Code  Gb  i2c.o [1]
I2CMasterEnable              0x2e4f   0x12  Code  Gb  i2c.o [1]
I2CMasterErr                 0x2eaf   0x20  Code  Gb  i2c.o [1]
I2CMasterInitExpClk          0x2e19   0x36  Code  Gb  i2c.o [1]
I2CMasterIntStatus           0x2e61   0x2c  Code  Gb  i2c.o [1]
I2CMasterSlaveAddrSet        0x2e95   0x14  Code  Gb  i2c.o [1]
IntWheelSensor               0x3589   0xbc  Code  Gb  app.o [1]
IntWheelSensor::CountL  0x2000'1db2    0x1  Data  Lc  app.o [1]
IntWheelSensor::CountR  0x2000'1db3    0x1  Data  Lc  app.o [1]
IntWheelSensor::data    0x2000'1db4    0x1  Data  Lc  app.o [1]
Left_tgt                0x2000'1db0    0x1  Data  Gb  app.o [1]
Mem_Clr                      0x1ea9    0xc  Code  Gb  lib_mem.o [1]
Mem_Set                      0x1eb5   0x54  Code  Gb  lib_mem.o [1]
OSCfg_DataSizeRAM            0x3fe0    0x4  Data  Gb  os_cfg_app.o [1]
OSCfg_ISRStk            0x2000'104c  0x200  Data  Gb  os_cfg_app.o [1]
OSCfg_ISRStkBasePtr          0x3f98    0x4  Data  Gb  os_cfg_app.o [1]
OSCfg_ISRStkSize             0x3f9c    0x4  Data  Gb  os_cfg_app.o [1]
OSCfg_ISRStkSizeRAM          0x3fa0    0x4  Data  Gb  os_cfg_app.o [1]
OSCfg_IdleTaskStk       0x2000'0e4c  0x200  Data  Gb  os_cfg_app.o [1]
OSCfg_IdleTaskStkBasePtr
                             0x3f88    0x4  Data  Gb  os_cfg_app.o [1]
OSCfg_IdleTaskStkLimit       0x3f8c    0x4  Data  Gb  os_cfg_app.o [1]
OSCfg_IdleTaskStkSize        0x3f90    0x4  Data  Gb  os_cfg_app.o [1]
OSCfg_IdleTaskStkSizeRAM
                             0x3f94    0x4  Data  Gb  os_cfg_app.o [1]
OSCfg_Init                   0x1b5d   0xac  Code  Gb  os_cfg_app.o [1]
OSCfg_MsgPool           0x2000'000c  0x640  Data  Gb  os_cfg_app.o [1]
OSCfg_MsgPoolBasePtr         0x3fa8    0x4  Data  Gb  os_cfg_app.o [1]
OSCfg_MsgPoolSize            0x1c32    0x2  Data  Gb  os_cfg_app.o [1]
OSCfg_MsgPoolSizeRAM         0x3fa4    0x4  Data  Gb  os_cfg_app.o [1]
OSCfg_StkSizeMin             0x3fac    0x4  Data  Gb  os_cfg_app.o [1]
OSCfg_TickRate_Hz            0x3fb0    0x4  Data  Gb  os_cfg_app.o [1]
OSCfg_TickTaskPrio           0x4010    0x1  Data  Gb  os_cfg_app.o [1]
OSCfg_TickTaskStk       0x2000'124c  0x200  Data  Gb  os_cfg_app.o [1]
OSCfg_TickTaskStkBasePtr
                             0x3fb4    0x4  Data  Gb  os_cfg_app.o [1]
OSCfg_TickTaskStkLimit       0x3fb8    0x4  Data  Gb  os_cfg_app.o [1]
OSCfg_TickTaskStkSize        0x3fbc    0x4  Data  Gb  os_cfg_app.o [1]
OSCfg_TickTaskStkSizeRAM
                             0x3fc0    0x4  Data  Gb  os_cfg_app.o [1]
OSCfg_TickWheel         0x2000'1c28   0x68  Data  Gb  os_cfg_app.o [1]
OSCfg_TickWheelSize          0x261a    0x2  Data  Gb  os_cfg_app.o [1]
OSCfg_TickWheelSizeRAM       0x3fc4    0x4  Data  Gb  os_cfg_app.o [1]
OSCfg_TmrTaskPrio            0x4011    0x1  Data  Gb  os_cfg_app.o [1]
OSCfg_TmrTaskRate_Hz         0x3fc8    0x4  Data  Gb  os_cfg_app.o [1]
OSCfg_TmrTaskStk        0x2000'144c  0x200  Data  Gb  os_cfg_app.o [1]
OSCfg_TmrTaskStkBasePtr
                             0x3fcc    0x4  Data  Gb  os_cfg_app.o [1]
OSCfg_TmrTaskStkLimit        0x3fd0    0x4  Data  Gb  os_cfg_app.o [1]
OSCfg_TmrTaskStkSize         0x3fd4    0x4  Data  Gb  os_cfg_app.o [1]
OSCfg_TmrTaskStkSizeRAM
                             0x3fd8    0x4  Data  Gb  os_cfg_app.o [1]
OSCfg_TmrWheel          0x2000'1c90   0x68  Data  Gb  os_cfg_app.o [1]
OSCfg_TmrWheelSize           0x2eda    0x2  Data  Gb  os_cfg_app.o [1]
OSCfg_TmrWheelSizeRAM        0x3fdc    0x4  Data  Gb  os_cfg_app.o [1]
OSDbg_AppHooksEn             0x4013    0x1  Data  Gb  os_dbg.o [1]
OSDbg_ArgChkEn               0x4012    0x1  Data  Gb  os_dbg.o [1]
OSDbg_CalledFromISRChkEn
                             0x4014    0x1  Data  Gb  os_dbg.o [1]
OSDbg_DataSize               0x3fec    0x4  Data  Gb  os_dbg.o [1]
OSDbg_DbgEn                  0x3336    0x2  Data  Gb  os_dbg.o [1]
OSDbg_EndiannessTest         0x3fe4    0x4  Data  Gb  os_dbg.o [1]
OSDbg_FlagEn                 0x4015    0x1  Data  Gb  os_dbg.o [1]
OSDbg_FlagGrp                0x3dac   0x28  Data  Gb  os_dbg.o [1]
OSDbg_ISRPostDeferredEn
                             0x4016    0x1  Data  Gb  os_dbg.o [1]
OSDbg_Mem                    0x3e48   0x20  Data  Gb  os_dbg.o [1]
OSDbg_MemEn                  0x4017    0x1  Data  Gb  os_dbg.o [1]
OSDbg_MemSize                0x3886    0x2  Data  Gb  os_dbg.o [1]
OSDbg_MsgEn                  0x4018    0x1  Data  Gb  os_dbg.o [1]
OSDbg_MsgPoolSize            0x3e8a    0x2  Data  Gb  os_dbg.o [1]
OSDbg_MsgQSize               0x3ff0    0x2  Data  Gb  os_dbg.o [1]
OSDbg_MsgSize                0x3bbe    0x2  Data  Gb  os_dbg.o [1]
OSDbg_Mutex                  0x3d54   0x2c  Data  Gb  os_dbg.o [1]
OSDbg_MutexDelEn             0x401a    0x1  Data  Gb  os_dbg.o [1]
OSDbg_MutexEn                0x4019    0x1  Data  Gb  os_dbg.o [1]
OSDbg_MutexPendAbortEn       0x401b    0x1  Data  Gb  os_dbg.o [1]
OSDbg_MutexSize              0x3ff2    0x2  Data  Gb  os_dbg.o [1]
OSDbg_ObjTypeChkEn           0x401c    0x1  Data  Gb  os_dbg.o [1]
OSDbg_PendDataSize           0x3ff4    0x2  Data  Gb  os_dbg.o [1]
OSDbg_PendListSize           0x3ff6    0x2  Data  Gb  os_dbg.o [1]
OSDbg_PendMultiEn            0x401d    0x1  Data  Gb  os_dbg.o [1]
OSDbg_PendObjSize            0x3ff8    0x2  Data  Gb  os_dbg.o [1]
OSDbg_PrioMax                0x3ffa    0x2  Data  Gb  os_dbg.o [1]
OSDbg_PrioTblSize            0x3ffc    0x2  Data  Gb  os_dbg.o [1]
OSDbg_PtrSize                0x3ffe    0x2  Data  Gb  os_dbg.o [1]
OSDbg_Q                      0x3d24   0x30  Data  Gb  os_dbg.o [1]
OSDbg_QDelEn                 0x401f    0x1  Data  Gb  os_dbg.o [1]
OSDbg_QEn                    0x401e    0x1  Data  Gb  os_dbg.o [1]
OSDbg_QFlushEn               0x4020    0x1  Data  Gb  os_dbg.o [1]
OSDbg_QPendAbortEn           0x4021    0x1  Data  Gb  os_dbg.o [1]
OSDbg_QSize                  0x4000    0x2  Data  Gb  os_dbg.o [1]
OSDbg_RdyList                0x4002    0x2  Data  Gb  os_dbg.o [1]
OSDbg_RdyListSize            0x3fe8    0x4  Data  Gb  os_dbg.o [1]
OSDbg_SchedRoundRobinEn
                             0x4022    0x1  Data  Gb  os_dbg.o [1]
OSDbg_Sem                    0x3dd4   0x28  Data  Gb  os_dbg.o [1]
OSDbg_SemEn                  0x4023    0x1  Data  Gb  os_dbg.o [1]
OSDbg_StatTaskEn             0x4025    0x1  Data  Gb  os_dbg.o [1]
OSDbg_StatTaskStkChkEn       0x4026    0x1  Data  Gb  os_dbg.o [1]
OSDbg_StkWidth               0x4024    0x1  Data  Gb  os_dbg.o [1]
OSDbg_TCBSize                0x4006    0x2  Data  Gb  os_dbg.o [1]
OSDbg_TaskChangePrioEn       0x4027    0x1  Data  Gb  os_dbg.o [1]
OSDbg_TaskDelEn              0x4028    0x1  Data  Gb  os_dbg.o [1]
OSDbg_TaskProfileEn          0x402b    0x1  Data  Gb  os_dbg.o [1]
OSDbg_TaskQEn                0x4029    0x1  Data  Gb  os_dbg.o [1]
OSDbg_TaskQPendAbortEn       0x402a    0x1  Data  Gb  os_dbg.o [1]
OSDbg_TaskRegTblSize         0x4004    0x2  Data  Gb  os_dbg.o [1]
OSDbg_TaskSemPendAbortEn
                             0x402c    0x1  Data  Gb  os_dbg.o [1]
OSDbg_TaskSuspendEn          0x402d    0x1  Data  Gb  os_dbg.o [1]
OSDbg_TickSpokeSize          0x4008    0x2  Data  Gb  os_dbg.o [1]
OSDbg_TimeDlyHMSMEn          0x402e    0x1  Data  Gb  os_dbg.o [1]
OSDbg_TimeDlyResumeEn        0x402f    0x1  Data  Gb  os_dbg.o [1]
OSDbg_Tmr                    0x3cf0   0x34  Data  Gb  os_dbg.o [1]
OSDbg_TmrDelEn               0x4031    0x1  Data  Gb  os_dbg.o [1]
OSDbg_TmrEn                  0x4030    0x1  Data  Gb  os_dbg.o [1]
OSDbg_TmrSize                0x400a    0x2  Data  Gb  os_dbg.o [1]
OSDbg_TmrSpokeSize           0x400c    0x2  Data  Gb  os_dbg.o [1]
OSDbg_VersionNbr             0x400e    0x2  Data  Gb  os_dbg.o [1]
OSIdleTaskCtr           0x2000'1d58    0x4  Data  Gb  os_var.o [1]
OSIdleTaskHook                0x9b5    0x2  Code  Gb  os_cpu_c.o [1]
OSIdleTaskTCB           0x2000'1a84   0x8c  Data  Gb  os_var.o [1]
OSInit                        0x11d   0xce  Code  Gb  os_core.o [1]
OSInitHook                    0x9b7   0x14  Code  Gb  os_cpu_c.o [1]
OSIntEnter                    0x1eb   0x1c  Code  Gb  os_core.o [1]
OSIntExit                     0x207   0x98  Code  Gb  os_core.o [1]
OSIntNestingCtr         0x2000'1db5    0x1  Data  Gb  os_var.o [1]
OSMemCreate                  0x14ed   0x9a  Code  Gb  os_mem.o [1]
OSMemDbgListPtr         0x2000'1d5c    0x4  Data  Gb  os_var.o [1]
OSMemGet                     0x1587   0x4a  Code  Gb  os_mem.o [1]
OSMemQty                0x2000'1da8    0x2  Data  Gb  os_var.o [1]
OSMsgPool               0x2000'1d28    0x8  Data  Gb  os_var.o [1]
OSMutexDbgListPtr       0x2000'1d60    0x4  Data  Gb  os_var.o [1]
OSMutexQty              0x2000'1daa    0x2  Data  Gb  os_var.o [1]
OSPrioCur               0x2000'1db7    0x1  Data  Gb  os_var.o [1]
OSPrioHighRdy           0x2000'1db8    0x1  Data  Gb  os_var.o [1]
OSPrioTbl               0x2000'1d54    0x4  Data  Gb  os_prio.o [1]
OSQDbgListPtr           0x2000'1d64    0x4  Data  Gb  os_var.o [1]
OSQQty                  0x2000'1dac    0x2  Data  Gb  os_var.o [1]
OSRdyList               0x2000'1764   0xf0  Data  Gb  os_var.o [1]
OSRunning               0x2000'1db6    0x1  Data  Gb  os_var.o [1]
OSSched                       0x29f   0x6a  Code  Gb  os_core.o [1]
OSSchedLock                   0x309   0x60  Code  Gb  os_core.o [1]
OSSchedLockNestingCtr   0x2000'1db9    0x1  Data  Gb  os_var.o [1]
OSSchedLockTimeBegin    0x2000'1d68    0x4  Data  Gb  os_var.o [1]
OSSchedLockTimeMax      0x2000'1d6c    0x4  Data  Gb  os_var.o [1]
OSSchedLockTimeMaxCur   0x2000'1d70    0x4  Data  Gb  os_var.o [1]
OSSchedUnlock                 0x369   0x7c  Code  Gb  os_core.o [1]
OSStart                       0x3e5   0x52  Code  Gb  os_core.o [1]
OSStartHighRdy               0x1dbd         Code  Gb  os_cpu_a.o [1]
OSTCBCurPtr             0x2000'1d98    0x4  Data  Gb  os_var.o [1]
OSTCBHighRdyPtr         0x2000'1d9c    0x4  Data  Gb  os_var.o [1]
OSTaskCreate                  0xb85  0x120  Code  Gb  os_task.o [1]
OSTaskCreateHook              0x9cb    0x2  Code  Gb  os_cpu_c.o [1]
OSTaskCreateRecursive        0x3779   0xf8  Code  Gb  OS_RecTaskServices.o [1]
OSTaskCtxSwCtr          0x2000'1d74    0x4  Data  Gb  os_var.o [1]
OSTaskDbgListPtr        0x2000'1d78    0x4  Data  Gb  os_var.o [1]
OSTaskDel                     0xca5   0xfe  Code  Gb  os_task.o [1]
OSTaskDelHook                 0x9cd    0x2  Code  Gb  os_cpu_c.o [1]
OSTaskQty               0x2000'1dae    0x2  Data  Gb  os_var.o [1]
OSTaskReturnHook              0x9cf    0x2  Code  Gb  os_cpu_c.o [1]
OSTaskSemPend                 0xda3  0x126  Code  Gb  os_task.o [1]
OSTaskSemPost                 0xec9   0x1c  Code  Gb  os_task.o [1]
OSTaskStkInit                 0x9d1   0x7e  Code  Gb  os_cpu_c.o [1]
OSTaskSwHook                  0xa4f   0x2c  Code  Gb  os_cpu_c.o [1]
OSTickCtr               0x2000'1d7c    0x4  Data  Gb  os_var.o [1]
OSTickTaskTCB           0x2000'1b10   0x8c  Data  Gb  os_var.o [1]
OSTickTaskTimeMax       0x2000'1d80    0x4  Data  Gb  os_var.o [1]
OSTimeTick                   0x1e65   0x30  Code  Gb  os_time.o [1]
OSTimeTickHook                0xa7b    0x2  Code  Gb  os_cpu_c.o [1]
OSTmrDbgListPtr         0x2000'1d84    0x4  Data  Gb  os_var.o [1]
OSTmrTaskTCB            0x2000'1b9c   0x8c  Data  Gb  os_var.o [1]
OSTmrTaskTimeMax        0x2000'1d88    0x4  Data  Gb  os_var.o [1]
OSTmrTickCtr            0x2000'1d8c    0x4  Data  Gb  os_var.o [1]
OSTmrUpdateCnt          0x2000'1d90    0x4  Data  Gb  os_var.o [1]
OSTmrUpdateCtr          0x2000'1d94    0x4  Data  Gb  os_var.o [1]
OS_CPU_ExceptStkBase    0x2000'1d50    0x4  Data  Gb  os_cpu_c.o [1]
OS_CPU_PendSVHandler         0x1ddb         Code  Gb  os_cpu_a.o [1]
OS_CPU_SysTickHandler         0xa7d   0x2a  Code  Gb  os_cpu_c.o [1]
OS_CPU_SysTickInit            0xaa7   0x24  Code  Gb  os_cpu_c.o [1]
OS_Dbg_Init                  0x19ed  0x170  Code  Gb  os_dbg.o [1]
OS_IdleTask                   0x437   0x28  Code  Gb  os_core.o [1]
OS_IdleTaskInit               0x45f   0x50  Code  Gb  os_core.o [1]
OS_MemDbgListAdd             0x15d1   0x1e  Code  Gb  os_mem.o [1]
OS_MemInit                   0x15ef   0x12  Code  Gb  os_mem.o [1]
OS_MsgPoolCreate             0x1615   0x40  Code  Gb  os_msg.o [1]
OS_MsgPoolInit               0x1655   0x24  Code  Gb  os_msg.o [1]
OS_MsgQFreeAll               0x1679   0x3e  Code  Gb  os_msg.o [1]
OS_MsgQInit                  0x16b7   0x14  Code  Gb  os_msg.o [1]
OS_MutexInit                 0x16d9   0x12  Code  Gb  os_mutex.o [1]
OS_Pend                       0x4af   0x54  Code  Gb  os_core.o [1]
OS_PendDataInit               0x503   0x38  Code  Gb  os_core.o [1]
OS_PendDbgNameAdd             0x53b   0x42  Code  Gb  os_core.o [1]
OS_PendDbgNameRemove          0x57d   0x1c  Code  Gb  os_core.o [1]
OS_PendListInsertPrio         0x59d   0x72  Code  Gb  os_core.o [1]
OS_PendListRemove             0x60f   0x2a  Code  Gb  os_core.o [1]
OS_PendListRemove1            0x639   0x48  Code  Gb  os_core.o [1]
OS_Post                       0x681   0xc0  Code  Gb  os_core.o [1]
OS_Post1                      0x741   0x28  Code  Gb  os_core.o [1]
OS_PrioGetHighest             0xb09   0x20  Code  Gb  os_prio.o [1]
OS_PrioInit                   0xaf5   0x14  Code  Gb  os_prio.o [1]
OS_PrioInsert                 0xb29   0x2a  Code  Gb  os_prio.o [1]
OS_PrioRemove                 0xb53   0x2c  Code  Gb  os_prio.o [1]
OS_QInit                     0x16f5   0x12  Code  Gb  os_q.o [1]
OS_RdyListInit                0x769   0x2a  Code  Gb  os_core.o [1]
OS_RdyListInsert              0x793   0x28  Code  Gb  os_core.o [1]
OS_RdyListInsertHead          0x7bb   0x3a  Code  Gb  os_core.o [1]
OS_RdyListInsertTail          0x7f5   0x38  Code  Gb  os_core.o [1]
OS_RdyListRemove              0x82d   0x5c  Code  Gb  os_core.o [1]
OS_SchedLockTimeMeasStart
                              0x889   0x14  Code  Gb  os_core.o [1]
OS_SchedLockTimeMeasStop
                              0x89d   0x2a  Code  Gb  os_core.o [1]
OS_TaskBlock                  0x929   0x38  Code  Gb  os_core.o [1]
OS_TaskDbgListAdd             0xee5   0x26  Code  Gb  os_task.o [1]
OS_TaskDbgListRemove          0xf0b   0x4a  Code  Gb  os_task.o [1]
OS_TaskInit                   0xf55   0x18  Code  Gb  os_task.o [1]
OS_TaskInitTCB                0xf6d   0xa8  Code  Gb  os_task.o [1]
OS_TaskRdy                    0x961   0x1a  Code  Gb  os_core.o [1]
OS_TaskReturn                0x1015   0x14  Code  Gb  os_task.o [1]
OS_TaskSemPost               0x1029   0xd4  Code  Gb  os_task.o [1]
OS_TickListInit              0x11bf   0x2e  Code  Gb  os_tick.o [1]
OS_TickListInsert            0x11ed  0x11c  Code  Gb  os_tick.o [1]
OS_TickListRemove            0x1309   0x42  Code  Gb  os_tick.o [1]
OS_TickListUpdate            0x134b  0x16c  Code  Gb  os_tick.o [1]
OS_TickTask                  0x1129   0x26  Code  Gb  os_tick.o [1]
OS_TickTaskInit              0x114f   0x70  Code  Gb  os_tick.o [1]
OS_TmrInit                   0x1711   0xd6  Code  Gb  os_tmr.o [1]
OS_TmrLink                   0x17e7   0xd0  Code  Gb  os_tmr.o [1]
OS_TmrTask                   0x1905   0xa6  Code  Gb  os_tmr.o [1]
OS_TmrUnlink                 0x18b7   0x4c  Code  Gb  os_tmr.o [1]
PWMGenConfigure              0x3245   0x3c  Code  Gb  pwm.o [1]
PWMGenEnable                 0x32a3    0xe  Code  Gb  pwm.o [1]
PWMGenPeriodSet              0x3281   0x22  Code  Gb  pwm.o [1]
PWMOutputInvert              0x330b   0x2c  Code  Gb  pwm.o [1]
PWMOutputState               0x32df   0x2c  Code  Gb  pwm.o [1]
PWMPulseWidthSet             0x32b1   0x2e  Code  Gb  pwm.o [1]
Region$$Table$$Base          0x3e24          --   Gb  - Linker created -
Region$$Table$$Limit         0x3e48          --   Gb  - Linker created -
Right_tgt               0x2000'1db1    0x1  Data  Gb  app.o [1]
RoboTurn                     0x3645   0xc8  Code  Gb  app.o [1]
SysCtlClockGet               0x21b1  0x1a2  Code  Gb  sysctl.o [1]
SysCtlClockSet               0x2045  0x16c  Code  Gb  sysctl.o [1]
SysCtlDelay                  0x203d    0x8  Code  Gb  sysctl.o [1]
SysCtlPWMClockSet            0x2353    0xe  Code  Gb  sysctl.o [1]
SysCtlPeripheralEnable       0x2011   0x2c  Code  Gb  sysctl.o [1]
SysCtlPeripheralReset        0x1fb1   0x60  Code  Gb  sysctl.o [1]
__cmain                      0x3e69         Code  Gb  cmain.o [4]
__exit                       0x3b29   0x14  Code  Gb  exit.o [5]
__iar_close_ttio             0x3bc1   0x2e  Code  Gb  iarttio.o [5]
__iar_copy_init3             0x3d81   0x2c  Code  Gb  copy_init3.o [4]
__iar_data_init3             0x3dfd   0x28  Code  Gb  data_init.o [4]
__iar_lookup_ttioh           0x3bf1    0x4  Code  Gb  XShttio.o [2]
__iar_program_start          0x3f51         Code  Gb  cstartup_M.o [4]
__iar_ttio_handles      0x2000'0004    0x8  Data  Lc  XShttio.o [2]
__iar_zero_init3              0x97b   0x3a  Code  Gb  zero_init3.o [4]
__low_level_init             0x3e87    0x4  Code  Gb  low_level_init.o [2]
__vector_table                  0x0  0x11c  Data  Gb  app_vect.o [1]
_call_main                   0x3e75         Code  Gb  cmain.o [4]
_exit                        0x387d         Code  Gb  cexit.o [4]
_main                        0x3e83         Code  Gb  cmain.o [4]
append                       0x3b95   0x2a  Code  Gb  linkedList.o [1]
color_insert                 0x3915  0x116  Code  Gb  RBTree2.o [1]
create                       0x3b3d   0x52  Code  Gb  linkedList.o [1]
exit                         0x3775    0x4  Code  Gb  exit.o [2]
g_pucRITInit                 0x3c58   0x50  Data  Lc  bsp_display.o [1]
g_pucRow1                    0x3f68    0x8  Data  Lc  bsp_display.o [1]
g_pucRow2                    0x3f70    0x8  Data  Lc  bsp_display.o [1]
g_pulGPIOBaseAddrs           0x3ca8   0x48  Data  Lc  gpio.o [1]
g_pulRCGCRegs                0x3f38    0xc  Data  Lc  sysctl.o [1]
g_pulSRCRRegs                0x3f2c    0xc  Data  Lc  sysctl.o [1]
g_pulXtals                   0x3bfc   0x5c  Data  Lc  sysctl.o [1]
g_ulDelay               0x2000'1d34    0x4  Data  Lc  bsp_display.o [1]
iMove                   0x2000'0000    0x4  Data  Gb  app.o [1]
insert                       0x3a2b   0xd2  Code  Gb  RBTree2.o [1]
leftRotate                   0x3889   0x46  Code  Gb  RBTree2.o [1]
main                         0x3339   0xb2  Code  Gb  app.o [1]
rightRotate                  0x38cf   0x46  Code  Gb  RBTree2.o [1]
root                    0x2000'1da0    0x4  Data  Gb  RBTree2.o [1]
searchRB                     0x3afd   0x24  Code  Gb  RBTree2.o [1]


[1] = C:\Users\ahj\Desktop\CE4057\Source_Code_CE4057\ce4053\Micrium\Software\EvalBoards\TI\LM3S9B92-EVALBOT\IAR\uCOS-III-CE4053_PG\Flash\Obj
[2] = dl7M_tlf.a
[3] = m7M_tl.a
[4] = rt7M_tl.a
[5] = shb_l.a

  15 202 bytes of readonly  code memory
   1 232 bytes of readonly  data memory
   8 634 bytes of readwrite data memory

Errors: none
Warnings: none
