###############################################################################
#
# IAR ELF Linker V8.30.1.114/W32 for ARM                  10/Oct/2018  18:08:02
# Copyright 2007-2018 IAR Systems AB.
#
#    Output file  =  
#        C:\Users\ahj\Desktop\CE4057\Source_Code_CE4057\ce4053\Micrium\Software\EvalBoards\TI\LM3S9B92-EVALBOT\IAR\uCOS-III-CE4053_PG\Flash\Exe\uCOS-III-Ex4.out
#    Map file     =  
#        C:\Users\ahj\Desktop\CE4057\Source_Code_CE4057\ce4053\Micrium\Software\EvalBoards\TI\LM3S9B92-EVALBOT\IAR\uCOS-III-CE4053_PG\Flash\List\uCOS-III-Ex4.map
#    Command line =  
#        -f C:\Users\ahj\AppData\Local\Temp\EW71BD.tmp
#        (C:\Users\ahj\Desktop\CE4057\Source_Code_CE4057\ce4053\Micrium\Software\EvalBoards\TI\LM3S9B92-EVALBOT\IAR\uCOS-III-CE4053_PG\Flash\Obj\adc.o
#        C:\Users\ahj\Desktop\CE4057\Source_Code_CE4057\ce4053\Micrium\Software\EvalBoards\TI\LM3S9B92-EVALBOT\IAR\uCOS-III-CE4053_PG\Flash\Obj\app.o
#        C:\Users\ahj\Desktop\CE4057\Source_Code_CE4057\ce4053\Micrium\Software\EvalBoards\TI\LM3S9B92-EVALBOT\IAR\uCOS-III-CE4053_PG\Flash\Obj\app_vect.o
#        C:\Users\ahj\Desktop\CE4057\Source_Code_CE4057\ce4053\Micrium\Software\EvalBoards\TI\LM3S9B92-EVALBOT\IAR\uCOS-III-CE4053_PG\Flash\Obj\bsp.o
#        C:\Users\ahj\Desktop\CE4057\Source_Code_CE4057\ce4053\Micrium\Software\EvalBoards\TI\LM3S9B92-EVALBOT\IAR\uCOS-III-CE4053_PG\Flash\Obj\bsp_dac.o
#        C:\Users\ahj\Desktop\CE4057\Source_Code_CE4057\ce4053\Micrium\Software\EvalBoards\TI\LM3S9B92-EVALBOT\IAR\uCOS-III-CE4053_PG\Flash\Obj\bsp_display.o
#        C:\Users\ahj\Desktop\CE4057\Source_Code_CE4057\ce4053\Micrium\Software\EvalBoards\TI\LM3S9B92-EVALBOT\IAR\uCOS-III-CE4053_PG\Flash\Obj\bsp_int.o
#        C:\Users\ahj\Desktop\CE4057\Source_Code_CE4057\ce4053\Micrium\Software\EvalBoards\TI\LM3S9B92-EVALBOT\IAR\uCOS-III-CE4053_PG\Flash\Obj\bsp_io.o
#        C:\Users\ahj\Desktop\CE4057\Source_Code_CE4057\ce4053\Micrium\Software\EvalBoards\TI\LM3S9B92-EVALBOT\IAR\uCOS-III-CE4053_PG\Flash\Obj\bsp_motor.o
#        C:\Users\ahj\Desktop\CE4057\Source_Code_CE4057\ce4053\Micrium\Software\EvalBoards\TI\LM3S9B92-EVALBOT\IAR\uCOS-III-CE4053_PG\Flash\Obj\bsp_sensors.o
#        C:\Users\ahj\Desktop\CE4057\Source_Code_CE4057\ce4053\Micrium\Software\EvalBoards\TI\LM3S9B92-EVALBOT\IAR\uCOS-III-CE4053_PG\Flash\Obj\can.o
#        C:\Users\ahj\Desktop\CE4057\Source_Code_CE4057\ce4053\Micrium\Software\EvalBoards\TI\LM3S9B92-EVALBOT\IAR\uCOS-III-CE4053_PG\Flash\Obj\comp.o
#        C:\Users\ahj\Desktop\CE4057\Source_Code_CE4057\ce4053\Micrium\Software\EvalBoards\TI\LM3S9B92-EVALBOT\IAR\uCOS-III-CE4053_PG\Flash\Obj\cpu_.o
#        C:\Users\ahj\Desktop\CE4057\Source_Code_CE4057\ce4053\Micrium\Software\EvalBoards\TI\LM3S9B92-EVALBOT\IAR\uCOS-III-CE4053_PG\Flash\Obj\cpu_a.o
#        C:\Users\ahj\Desktop\CE4057\Source_Code_CE4057\ce4053\Micrium\Software\EvalBoards\TI\LM3S9B92-EVALBOT\IAR\uCOS-III-CE4053_PG\Flash\Obj\cpu_bsp.o
#        C:\Users\ahj\Desktop\CE4057\Source_Code_CE4057\ce4053\Micrium\Software\EvalBoards\TI\LM3S9B92-EVALBOT\IAR\uCOS-III-CE4053_PG\Flash\Obj\cpu_c.o
#        C:\Users\ahj\Desktop\CE4057\Source_Code_CE4057\ce4053\Micrium\Software\EvalBoards\TI\LM3S9B92-EVALBOT\IAR\uCOS-III-CE4053_PG\Flash\Obj\cpu_core.o
#        C:\Users\ahj\Desktop\CE4057\Source_Code_CE4057\ce4053\Micrium\Software\EvalBoards\TI\LM3S9B92-EVALBOT\IAR\uCOS-III-CE4053_PG\Flash\Obj\epi.o
#        C:\Users\ahj\Desktop\CE4057\Source_Code_CE4057\ce4053\Micrium\Software\EvalBoards\TI\LM3S9B92-EVALBOT\IAR\uCOS-III-CE4053_PG\Flash\Obj\ethernet.o
#        C:\Users\ahj\Desktop\CE4057\Source_Code_CE4057\ce4053\Micrium\Software\EvalBoards\TI\LM3S9B92-EVALBOT\IAR\uCOS-III-CE4053_PG\Flash\Obj\fatfs.o
#        C:\Users\ahj\Desktop\CE4057\Source_Code_CE4057\ce4053\Micrium\Software\EvalBoards\TI\LM3S9B92-EVALBOT\IAR\uCOS-III-CE4053_PG\Flash\Obj\flash.o
#        C:\Users\ahj\Desktop\CE4057\Source_Code_CE4057\ce4053\Micrium\Software\EvalBoards\TI\LM3S9B92-EVALBOT\IAR\uCOS-III-CE4053_PG\Flash\Obj\gpio.o
#        C:\Users\ahj\Desktop\CE4057\Source_Code_CE4057\ce4053\Micrium\Software\EvalBoards\TI\LM3S9B92-EVALBOT\IAR\uCOS-III-CE4053_PG\Flash\Obj\hibernate.o
#        C:\Users\ahj\Desktop\CE4057\Source_Code_CE4057\ce4053\Micrium\Software\EvalBoards\TI\LM3S9B92-EVALBOT\IAR\uCOS-III-CE4053_PG\Flash\Obj\i2c.o
#        C:\Users\ahj\Desktop\CE4057\Source_Code_CE4057\ce4053\Micrium\Software\EvalBoards\TI\LM3S9B92-EVALBOT\IAR\uCOS-III-CE4053_PG\Flash\Obj\i2s.o
#        C:\Users\ahj\Desktop\CE4057\Source_Code_CE4057\ce4053\Micrium\Software\EvalBoards\TI\LM3S9B92-EVALBOT\IAR\uCOS-III-CE4053_PG\Flash\Obj\interrupt.o
#        C:\Users\ahj\Desktop\CE4057\Source_Code_CE4057\ce4053\Micrium\Software\EvalBoards\TI\LM3S9B92-EVALBOT\IAR\uCOS-III-CE4053_PG\Flash\Obj\lib_ascii.o
#        C:\Users\ahj\Desktop\CE4057\Source_Code_CE4057\ce4053\Micrium\Software\EvalBoards\TI\LM3S9B92-EVALBOT\IAR\uCOS-III-CE4053_PG\Flash\Obj\lib_math.o
#        C:\Users\ahj\Desktop\CE4057\Source_Code_CE4057\ce4053\Micrium\Software\EvalBoards\TI\LM3S9B92-EVALBOT\IAR\uCOS-III-CE4053_PG\Flash\Obj\lib_mem.o
#        C:\Users\ahj\Desktop\CE4057\Source_Code_CE4057\ce4053\Micrium\Software\EvalBoards\TI\LM3S9B92-EVALBOT\IAR\uCOS-III-CE4053_PG\Flash\Obj\lib_str.o
#        C:\Users\ahj\Desktop\CE4057\Source_Code_CE4057\ce4053\Micrium\Software\EvalBoards\TI\LM3S9B92-EVALBOT\IAR\uCOS-III-CE4053_PG\Flash\Obj\linkedList.o
#        C:\Users\ahj\Desktop\CE4057\Source_Code_CE4057\ce4053\Micrium\Software\EvalBoards\TI\LM3S9B92-EVALBOT\IAR\uCOS-III-CE4053_PG\Flash\Obj\microsd.o
#        C:\Users\ahj\Desktop\CE4057\Source_Code_CE4057\ce4053\Micrium\Software\EvalBoards\TI\LM3S9B92-EVALBOT\IAR\uCOS-III-CE4053_PG\Flash\Obj\mpu.o
#        C:\Users\ahj\Desktop\CE4057\Source_Code_CE4057\ce4053\Micrium\Software\EvalBoards\TI\LM3S9B92-EVALBOT\IAR\uCOS-III-CE4053_PG\Flash\Obj\os_app_hooks.o
#        C:\Users\ahj\Desktop\CE4057\Source_Code_CE4057\ce4053\Micrium\Software\EvalBoards\TI\LM3S9B92-EVALBOT\IAR\uCOS-III-CE4053_PG\Flash\Obj\os_cfg_app.o
#        C:\Users\ahj\Desktop\CE4057\Source_Code_CE4057\ce4053\Micrium\Software\EvalBoards\TI\LM3S9B92-EVALBOT\IAR\uCOS-III-CE4053_PG\Flash\Obj\os_core.o
#        C:\Users\ahj\Desktop\CE4057\Source_Code_CE4057\ce4053\Micrium\Software\EvalBoards\TI\LM3S9B92-EVALBOT\IAR\uCOS-III-CE4053_PG\Flash\Obj\os_cpu_a.o
#        C:\Users\ahj\Desktop\CE4057\Source_Code_CE4057\ce4053\Micrium\Software\EvalBoards\TI\LM3S9B92-EVALBOT\IAR\uCOS-III-CE4053_PG\Flash\Obj\os_cpu_c.o
#        C:\Users\ahj\Desktop\CE4057\Source_Code_CE4057\ce4053\Micrium\Software\EvalBoards\TI\LM3S9B92-EVALBOT\IAR\uCOS-III-CE4053_PG\Flash\Obj\os_dbg.o
#        C:\Users\ahj\Desktop\CE4057\Source_Code_CE4057\ce4053\Micrium\Software\EvalBoards\TI\LM3S9B92-EVALBOT\IAR\uCOS-III-CE4053_PG\Flash\Obj\os_flag.o
#        C:\Users\ahj\Desktop\CE4057\Source_Code_CE4057\ce4053\Micrium\Software\EvalBoards\TI\LM3S9B92-EVALBOT\IAR\uCOS-III-CE4053_PG\Flash\Obj\os_int.o
#        C:\Users\ahj\Desktop\CE4057\Source_Code_CE4057\ce4053\Micrium\Software\EvalBoards\TI\LM3S9B92-EVALBOT\IAR\uCOS-III-CE4053_PG\Flash\Obj\os_mem.o
#        C:\Users\ahj\Desktop\CE4057\Source_Code_CE4057\ce4053\Micrium\Software\EvalBoards\TI\LM3S9B92-EVALBOT\IAR\uCOS-III-CE4053_PG\Flash\Obj\os_msg.o
#        C:\Users\ahj\Desktop\CE4057\Source_Code_CE4057\ce4053\Micrium\Software\EvalBoards\TI\LM3S9B92-EVALBOT\IAR\uCOS-III-CE4053_PG\Flash\Obj\os_mutex.o
#        C:\Users\ahj\Desktop\CE4057\Source_Code_CE4057\ce4053\Micrium\Software\EvalBoards\TI\LM3S9B92-EVALBOT\IAR\uCOS-III-CE4053_PG\Flash\Obj\os_pend_multi.o
#        C:\Users\ahj\Desktop\CE4057\Source_Code_CE4057\ce4053\Micrium\Software\EvalBoards\TI\LM3S9B92-EVALBOT\IAR\uCOS-III-CE4053_PG\Flash\Obj\os_prio.o
#        C:\Users\ahj\Desktop\CE4057\Source_Code_CE4057\ce4053\Micrium\Software\EvalBoards\TI\LM3S9B92-EVALBOT\IAR\uCOS-III-CE4053_PG\Flash\Obj\os_q.o
#        C:\Users\ahj\Desktop\CE4057\Source_Code_CE4057\ce4053\Micrium\Software\EvalBoards\TI\LM3S9B92-EVALBOT\IAR\uCOS-III-CE4053_PG\Flash\Obj\OS_RecTaskServices.o
#        C:\Users\ahj\Desktop\CE4057\Source_Code_CE4057\ce4053\Micrium\Software\EvalBoards\TI\LM3S9B92-EVALBOT\IAR\uCOS-III-CE4053_PG\Flash\Obj\os_sem.o
#        C:\Users\ahj\Desktop\CE4057\Source_Code_CE4057\ce4053\Micrium\Software\EvalBoards\TI\LM3S9B92-EVALBOT\IAR\uCOS-III-CE4053_PG\Flash\Obj\os_stat.o
#        C:\Users\ahj\Desktop\CE4057\Source_Code_CE4057\ce4053\Micrium\Software\EvalBoards\TI\LM3S9B92-EVALBOT\IAR\uCOS-III-CE4053_PG\Flash\Obj\os_task.o
#        C:\Users\ahj\Desktop\CE4057\Source_Code_CE4057\ce4053\Micrium\Software\EvalBoards\TI\LM3S9B92-EVALBOT\IAR\uCOS-III-CE4053_PG\Flash\Obj\os_tick.o
#        C:\Users\ahj\Desktop\CE4057\Source_Code_CE4057\ce4053\Micrium\Software\EvalBoards\TI\LM3S9B92-EVALBOT\IAR\uCOS-III-CE4053_PG\Flash\Obj\os_time.o
#        C:\Users\ahj\Desktop\CE4057\Source_Code_CE4057\ce4053\Micrium\Software\EvalBoards\TI\LM3S9B92-EVALBOT\IAR\uCOS-III-CE4053_PG\Flash\Obj\os_tmr.o
#        C:\Users\ahj\Desktop\CE4057\Source_Code_CE4057\ce4053\Micrium\Software\EvalBoards\TI\LM3S9B92-EVALBOT\IAR\uCOS-III-CE4053_PG\Flash\Obj\os_var.o
#        C:\Users\ahj\Desktop\CE4057\Source_Code_CE4057\ce4053\Micrium\Software\EvalBoards\TI\LM3S9B92-EVALBOT\IAR\uCOS-III-CE4053_PG\Flash\Obj\pwm.o
#        C:\Users\ahj\Desktop\CE4057\Source_Code_CE4057\ce4053\Micrium\Software\EvalBoards\TI\LM3S9B92-EVALBOT\IAR\uCOS-III-CE4053_PG\Flash\Obj\qei.o
#        C:\Users\ahj\Desktop\CE4057\Source_Code_CE4057\ce4053\Micrium\Software\EvalBoards\TI\LM3S9B92-EVALBOT\IAR\uCOS-III-CE4053_PG\Flash\Obj\RBTree.o
#        C:\Users\ahj\Desktop\CE4057\Source_Code_CE4057\ce4053\Micrium\Software\EvalBoards\TI\LM3S9B92-EVALBOT\IAR\uCOS-III-CE4053_PG\Flash\Obj\RBTree2.o
#        C:\Users\ahj\Desktop\CE4057\Source_Code_CE4057\ce4053\Micrium\Software\EvalBoards\TI\LM3S9B92-EVALBOT\IAR\uCOS-III-CE4053_PG\Flash\Obj\skiplist.o
#        C:\Users\ahj\Desktop\CE4057\Source_Code_CE4057\ce4053\Micrium\Software\EvalBoards\TI\LM3S9B92-EVALBOT\IAR\uCOS-III-CE4053_PG\Flash\Obj\ssi.o
#        C:\Users\ahj\Desktop\CE4057\Source_Code_CE4057\ce4053\Micrium\Software\EvalBoards\TI\LM3S9B92-EVALBOT\IAR\uCOS-III-CE4053_PG\Flash\Obj\sysctl.o
#        C:\Users\ahj\Desktop\CE4057\Source_Code_CE4057\ce4053\Micrium\Software\EvalBoards\TI\LM3S9B92-EVALBOT\IAR\uCOS-III-CE4053_PG\Flash\Obj\systick.o
#        C:\Users\ahj\Desktop\CE4057\Source_Code_CE4057\ce4053\Micrium\Software\EvalBoards\TI\LM3S9B92-EVALBOT\IAR\uCOS-III-CE4053_PG\Flash\Obj\timer.o
#        C:\Users\ahj\Desktop\CE4057\Source_Code_CE4057\ce4053\Micrium\Software\EvalBoards\TI\LM3S9B92-EVALBOT\IAR\uCOS-III-CE4053_PG\Flash\Obj\uart.o
#        C:\Users\ahj\Desktop\CE4057\Source_Code_CE4057\ce4053\Micrium\Software\EvalBoards\TI\LM3S9B92-EVALBOT\IAR\uCOS-III-CE4053_PG\Flash\Obj\udma.o
#        C:\Users\ahj\Desktop\CE4057\Source_Code_CE4057\ce4053\Micrium\Software\EvalBoards\TI\LM3S9B92-EVALBOT\IAR\uCOS-III-CE4053_PG\Flash\Obj\usb.o
#        C:\Users\ahj\Desktop\CE4057\Source_Code_CE4057\ce4053\Micrium\Software\EvalBoards\TI\LM3S9B92-EVALBOT\IAR\uCOS-III-CE4053_PG\Flash\Obj\watchdog.o
#        --redirect _Printf=_PrintfFull --redirect _Scanf=_ScanfFull
#        --no_out_extension -o
#        C:\Users\ahj\Desktop\CE4057\Source_Code_CE4057\ce4053\Micrium\Software\EvalBoards\TI\LM3S9B92-EVALBOT\IAR\uCOS-III-CE4053_PG\Flash\Exe\uCOS-III-Ex4.out
#        --map
#        C:\Users\ahj\Desktop\CE4057\Source_Code_CE4057\ce4053\Micrium\Software\EvalBoards\TI\LM3S9B92-EVALBOT\IAR\uCOS-III-CE4053_PG\Flash\List\uCOS-III-Ex4.map
#        --config
#        C:\Users\ahj\Desktop\CE4057\Source_Code_CE4057\ce4053\Micrium\Software\EvalBoards\TI\LM3S9B92-EVALBOT\IAR\uCOS-III-CE4053_PG\..\BSP\LM3S9B92_Flash.icf
#        --semihosting --entry __iar_program_start --vfe --text_out locale)
#
###############################################################################

*******************************************************************************
*** RUNTIME MODEL ATTRIBUTES
***

CppFlavor       = *
__Heap_Handler  = Basic
__SystemLibrary = DLib
__dlib_version  = 6


*******************************************************************************
*** HEAP SELECTION
***

The basic heap was selected because some modules are built with
size limitations (and not runtime checking), and --advanced_heap
was not specified.


*******************************************************************************
*** PLACEMENT SUMMARY
***

"A0":  place at start of [from 0x0 to 0x3'ffff] { ro section .intvec };
"P1":  place in [from 0x0 to 0x3'ffff] { ro };
"P2":  place in [from 0x0 to 0x3'ffff] { section wave_1 };
"P3":  place in [from 0x0 to 0x3'ffff] { section wave_2 };
"P4":  place in [from 0x0 to 0x3'ffff] { section wave_3 };
"P5":  place in [from 0x0 to 0x3'ffff] { section wave_4 };
"P6":  place in [from 0x0 to 0x3'ffff] { section wave_5 };
define block HEAP with size = 0M, alignment = 8 { };
define block CSTACK with size = 1K, alignment = 8 { };
"P7":  place in [from 0x2000'0000 to 0x2001'7fff] {
          rw, block HEAP, block CSTACK };
initialize by copy { rw };

No sections matched the following patterns:

  section wave_1  in "P1-P6"
  section wave_2  in "P1-P6"
  section wave_3  in "P1-P6"
  section wave_4  in "P1-P6"
  section wave_5  in "P1-P6"


  Section            Kind         Address    Size  Object
  -------            ----         -------    ----  ------
"A0":                                       0x11c
  .intvec            const            0x0   0x11c  app_vect.o [1]
                                  - 0x11c   0x11c

"P1-P6":                                   0x4160
  .text              ro code        0x11c   0x85e  os_core.o [1]
  .text              ro code        0x97a    0x3a  zero_init3.o [4]
  .text              ro code        0x9b4   0x140  os_cpu_c.o [1]
  .text              ro code        0xaf4    0x90  os_prio.o [1]
  .text              ro code        0xb84   0x5a4  os_task.o [1]
  .text              ro code       0x1128   0x3cc  os_tick.o [1]
  .text              ro code       0x14f4   0x170  os_mem.o [1]
  .text              ro code       0x1664    0xc4  os_msg.o [1]
  .text              ro code       0x1728    0x1c  os_mutex.o [1]
  .text              ro code       0x1744    0x1c  os_q.o [1]
  .text              ro code       0x1760   0x2dc  os_tmr.o [1]
  .text              ro code       0x1a3c   0x170  os_dbg.o [1]
  .text              ro code       0x1bac    0xac  os_cfg_app.o [1]
  CODE               ro code       0x1c58    0x2a  cpu_a.o [1]
  .rodata            const         0x1c82     0x2  os_cfg_app.o [1]
  .text              ro code       0x1c84   0x188  cpu_core.o [1]
  CODE               ro code       0x1e0c    0x84  os_cpu_a.o [1]
  .text              ro code       0x1e90    0x24  cpu_bsp.o [1]
  .text              ro code       0x1eb4    0x44  os_time.o [1]
  .text              ro code       0x1ef8   0x358  OS_RecTaskServices.o [1]
  .text              ro code       0x2250    0x60  lib_mem.o [1]
  .text              ro code       0x22b0    0xa8  bsp.o [1]
  .text              ro code       0x2358   0x500  RBTree2.o [1]
  .text              ro code       0x2858    0xc8  linkedList.o [1]
  .text              ro code       0x2920   0x414  sysctl.o [1]
  .text              ro code       0x2d34   0x256  bsp_int.o [1]
  .rodata            const         0x2f8a     0x2  os_cfg_app.o [1]
  .text              ro code       0x2f8c   0x258  bsp_display.o [1]
  .text              ro code       0x31e4   0x100  bsp_io.o [1]
  .text              ro code       0x32e4   0x164  bsp_sensors.o [1]
  .text              ro code       0x3448   0x12c  bsp_motor.o [1]
  .text              ro code       0x3574     0x4  exit.o [2]
  .text              ro code       0x3578   0x138  cpu_c.o [1]
  .text              ro code       0x36b0    0xc2  i2c.o [1]
  .rodata            const         0x3772     0x2  os_cfg_app.o [1]
  .text              ro code       0x3774   0x348  gpio.o [1]
  .text              ro code       0x3abc    0xc6  pwm.o [1]
  .rodata            const         0x3b82     0x2  os_dbg.o [1]
  .text              ro code       0x3b84     0xa  cexit.o [4]
  .rodata            const         0x3b8e     0x2  os_dbg.o [1]
  .text              ro code       0x3b90    0x14  exit.o [5]
  .text              ro code       0x3ba4    0x30  iarttio.o [5]
  .text              ro code       0x3bd4     0xc  XShttio.o [2]
  .text              ro code       0x3be0   0x288  app.o [1]
  .rodata            const         0x3e68    0x5c  sysctl.o [1]
  .rodata            const         0x3ec4    0x50  bsp_display.o [1]
  .rodata            const         0x3f14    0x48  gpio.o [1]
  .rodata            const         0x3f5c    0x34  os_dbg.o [1]
  .rodata            const         0x3f90    0x30  os_dbg.o [1]
  .rodata            const         0x3fc0    0x2c  os_dbg.o [1]
  .text              ro code       0x3fec    0x2c  copy_init3.o [4]
  .rodata            const         0x4018    0x28  os_dbg.o [1]
  .rodata            const         0x4040    0x28  os_dbg.o [1]
  .text              ro code       0x4068    0x28  data_init.o [4]
  .iar.init_table    const         0x4090    0x24  - Linker created -
  .rodata            const         0x40b4    0x20  os_dbg.o [1]
  .text              ro code       0x40d4    0x1e  cmain.o [4]
  .text              ro code       0x40f2     0x4  low_level_init.o [2]
  .rodata            const         0x40f6     0x2  os_dbg.o [1]
  .rodata            const         0x40f8    0x18  os_tmr.o [1]
  .rodata            const         0x4110    0x14  app.o [1]
  .rodata            const         0x4124    0x14  os_core.o [1]
  .rodata            const         0x4138    0x14  os_tick.o [1]
  .rodata            const         0x414c    0x10  app.o [1]
  .rodata            const         0x415c    0x10  app.o [1]
  .rodata            const         0x416c     0xc  os_core.o [1]
  .rodata            const         0x4178     0xc  sysctl.o [1]
  .rodata            const         0x4184     0xc  sysctl.o [1]
  .text              ro code       0x4190     0xc  app_vect.o [1]
  .text              ro code       0x419c     0xc  cstartup_M.o [4]
  .rodata            const         0x41a8     0x8  bsp_display.o [1]
  .rodata            const         0x41b0     0x8  bsp_display.o [1]
  .rodata            const         0x41b8     0x8  os_core.o [1]
  .rodata            const         0x41c0     0x8  os_task.o [1]
  Initializer bytes  const         0x41c8     0x8  <for P7-1>
  .rodata            const         0x41d0     0x4  os_cfg_app.o [1]
  .rodata            const         0x41d4     0x4  os_cfg_app.o [1]
  .rodata            const         0x41d8     0x4  os_cfg_app.o [1]
  .rodata            const         0x41dc     0x4  os_cfg_app.o [1]
  .rodata            const         0x41e0     0x4  os_cfg_app.o [1]
  .rodata            const         0x41e4     0x4  os_cfg_app.o [1]
  .rodata            const         0x41e8     0x4  os_cfg_app.o [1]
  .rodata            const         0x41ec     0x4  os_cfg_app.o [1]
  .rodata            const         0x41f0     0x4  os_cfg_app.o [1]
  .rodata            const         0x41f4     0x4  os_cfg_app.o [1]
  .rodata            const         0x41f8     0x4  os_cfg_app.o [1]
  .rodata            const         0x41fc     0x4  os_cfg_app.o [1]
  .rodata            const         0x4200     0x4  os_cfg_app.o [1]
  .rodata            const         0x4204     0x4  os_cfg_app.o [1]
  .rodata            const         0x4208     0x4  os_cfg_app.o [1]
  .rodata            const         0x420c     0x4  os_cfg_app.o [1]
  .rodata            const         0x4210     0x4  os_cfg_app.o [1]
  .rodata            const         0x4214     0x4  os_cfg_app.o [1]
  .rodata            const         0x4218     0x4  os_cfg_app.o [1]
  .rodata            const         0x421c     0x4  os_cfg_app.o [1]
  .rodata            const         0x4220     0x4  os_cfg_app.o [1]
  .rodata            const         0x4224     0x4  os_cfg_app.o [1]
  .rodata            const         0x4228     0x4  os_cfg_app.o [1]
  .rodata            const         0x422c     0x4  os_dbg.o [1]
  .rodata            const         0x4230     0x4  os_dbg.o [1]
  .rodata            const         0x4234     0x4  os_dbg.o [1]
  .rodata            const         0x4238     0x2  os_dbg.o [1]
  .rodata            const         0x423a     0x2  os_dbg.o [1]
  .rodata            const         0x423c     0x2  os_dbg.o [1]
  .rodata            const         0x423e     0x2  os_dbg.o [1]
  .rodata            const         0x4240     0x2  os_dbg.o [1]
  .rodata            const         0x4242     0x2  os_dbg.o [1]
  .rodata            const         0x4244     0x2  os_dbg.o [1]
  .rodata            const         0x4246     0x2  os_dbg.o [1]
  .rodata            const         0x4248     0x2  os_dbg.o [1]
  .rodata            const         0x424a     0x2  os_dbg.o [1]
  .rodata            const         0x424c     0x2  os_dbg.o [1]
  .rodata            const         0x424e     0x2  os_dbg.o [1]
  .rodata            const         0x4250     0x2  os_dbg.o [1]
  .rodata            const         0x4252     0x2  os_dbg.o [1]
  .rodata            const         0x4254     0x2  os_dbg.o [1]
  .rodata            const         0x4256     0x2  os_dbg.o [1]
  .rodata            const         0x4258     0x2  os_dbg.o [1]
  .rodata            const         0x425a     0x1  os_cfg_app.o [1]
  .rodata            const         0x425b     0x1  os_cfg_app.o [1]
  .rodata            const         0x425c     0x1  os_dbg.o [1]
  .rodata            const         0x425d     0x1  os_dbg.o [1]
  .rodata            const         0x425e     0x1  os_dbg.o [1]
  .rodata            const         0x425f     0x1  os_dbg.o [1]
  .rodata            const         0x4260     0x1  os_dbg.o [1]
  .rodata            const         0x4261     0x1  os_dbg.o [1]
  .rodata            const         0x4262     0x1  os_dbg.o [1]
  .rodata            const         0x4263     0x1  os_dbg.o [1]
  .rodata            const         0x4264     0x1  os_dbg.o [1]
  .rodata            const         0x4265     0x1  os_dbg.o [1]
  .rodata            const         0x4266     0x1  os_dbg.o [1]
  .rodata            const         0x4267     0x1  os_dbg.o [1]
  .rodata            const         0x4268     0x1  os_dbg.o [1]
  .rodata            const         0x4269     0x1  os_dbg.o [1]
  .rodata            const         0x426a     0x1  os_dbg.o [1]
  .rodata            const         0x426b     0x1  os_dbg.o [1]
  .rodata            const         0x426c     0x1  os_dbg.o [1]
  .rodata            const         0x426d     0x1  os_dbg.o [1]
  .rodata            const         0x426e     0x1  os_dbg.o [1]
  .rodata            const         0x426f     0x1  os_dbg.o [1]
  .rodata            const         0x4270     0x1  os_dbg.o [1]
  .rodata            const         0x4271     0x1  os_dbg.o [1]
  .rodata            const         0x4272     0x1  os_dbg.o [1]
  .rodata            const         0x4273     0x1  os_dbg.o [1]
  .rodata            const         0x4274     0x1  os_dbg.o [1]
  .rodata            const         0x4275     0x1  os_dbg.o [1]
  .rodata            const         0x4276     0x1  os_dbg.o [1]
  .rodata            const         0x4277     0x1  os_dbg.o [1]
  .rodata            const         0x4278     0x1  os_dbg.o [1]
  .rodata            const         0x4279     0x1  os_dbg.o [1]
  .rodata            const         0x427a     0x1  os_dbg.o [1]
  .rodata            const         0x427b     0x1  os_dbg.o [1]
  .rodata            const         0x427c     0x0  zero_init3.o [4]
  .rodata            const         0x427c     0x0  copy_init3.o [4]
                                 - 0x427c  0x4160

"P7", part 1 of 3:                            0x8
  P7-1                        0x2000'0000     0x8  <Init block>
    .data            inited   0x2000'0000     0x8  XShttio.o [2]
                            - 0x2000'0008     0x8

"P7", part 2 of 3:                         0x1ad8
  .bss               zero     0x2000'0008   0x640  os_cfg_app.o [1]
  .bss               zero     0x2000'0648   0x240  app.o [1]
  .bss               zero     0x2000'0888   0x200  app.o [1]
  .bss               zero     0x2000'0a88   0x200  app.o [1]
  .bss               zero     0x2000'0c88   0x200  os_cfg_app.o [1]
  .bss               zero     0x2000'0e88   0x200  os_cfg_app.o [1]
  .bss               zero     0x2000'1088   0x200  os_cfg_app.o [1]
  .bss               zero     0x2000'1288   0x200  os_cfg_app.o [1]
  .bss               zero     0x2000'1488   0x118  bsp_int.o [1]
  .bss               zero     0x2000'15a0    0xf0  os_var.o [1]
  .bss               zero     0x2000'1690    0x8c  app.o [1]
  .bss               zero     0x2000'171c    0x8c  app.o [1]
  .bss               zero     0x2000'17a8    0x8c  os_var.o [1]
  .bss               zero     0x2000'1834    0x8c  os_var.o [1]
  .bss               zero     0x2000'18c0    0x8c  os_var.o [1]
  .bss               zero     0x2000'194c    0x68  os_cfg_app.o [1]
  .bss               zero     0x2000'19b4    0x68  os_cfg_app.o [1]
  .bss               zero     0x2000'1a1c    0x20  app.o [1]
  .bss               zero     0x2000'1a3c    0x10  cpu_core.o [1]
  .bss               zero     0x2000'1a4c     0x8  os_var.o [1]
  .bss               zero     0x2000'1a54     0x4  bsp.o [1]
  .bss               zero     0x2000'1a58     0x4  bsp_display.o [1]
  .bss               zero     0x2000'1a5c     0x4  cpu_core.o [1]
  .bss               zero     0x2000'1a60     0x4  cpu_core.o [1]
  .bss               zero     0x2000'1a64     0x4  cpu_core.o [1]
  .bss               zero     0x2000'1a68     0x4  cpu_core.o [1]
  .bss               zero     0x2000'1a6c     0x4  cpu_core.o [1]
  .bss               zero     0x2000'1a70     0x4  cpu_core.o [1]
  .bss               zero     0x2000'1a74     0x4  os_cpu_c.o [1]
  .bss               zero     0x2000'1a78     0x4  os_prio.o [1]
  .bss               zero     0x2000'1a7c     0x4  os_var.o [1]
  .bss               zero     0x2000'1a80     0x4  os_var.o [1]
  .bss               zero     0x2000'1a84     0x4  os_var.o [1]
  .bss               zero     0x2000'1a88     0x4  os_var.o [1]
  .bss               zero     0x2000'1a8c     0x4  os_var.o [1]
  .bss               zero     0x2000'1a90     0x4  os_var.o [1]
  .bss               zero     0x2000'1a94     0x4  os_var.o [1]
  .bss               zero     0x2000'1a98     0x4  os_var.o [1]
  .bss               zero     0x2000'1a9c     0x4  os_var.o [1]
  .bss               zero     0x2000'1aa0     0x4  os_var.o [1]
  .bss               zero     0x2000'1aa4     0x4  os_var.o [1]
  .bss               zero     0x2000'1aa8     0x4  os_var.o [1]
  .bss               zero     0x2000'1aac     0x4  os_var.o [1]
  .bss               zero     0x2000'1ab0     0x4  os_var.o [1]
  .bss               zero     0x2000'1ab4     0x4  os_var.o [1]
  .bss               zero     0x2000'1ab8     0x4  os_var.o [1]
  .bss               zero     0x2000'1abc     0x4  os_var.o [1]
  .bss               zero     0x2000'1ac0     0x4  os_var.o [1]
  .bss               zero     0x2000'1ac4     0x4  RBTree2.o [1]
  .bss               zero     0x2000'1ac8     0x2  cpu_core.o [1]
  .bss               zero     0x2000'1aca     0x2  cpu_core.o [1]
  .bss               zero     0x2000'1acc     0x2  os_var.o [1]
  .bss               zero     0x2000'1ace     0x2  os_var.o [1]
  .bss               zero     0x2000'1ad0     0x2  os_var.o [1]
  .bss               zero     0x2000'1ad2     0x2  os_var.o [1]
  .bss               zero     0x2000'1ad4     0x1  app.o [1]
  .bss               zero     0x2000'1ad5     0x1  app.o [1]
  .bss               zero     0x2000'1ad6     0x1  app.o [1]
  .bss               zero     0x2000'1ad7     0x1  app.o [1]
  .bss               zero     0x2000'1ad8     0x1  app.o [1]
  .bss               zero     0x2000'1ad9     0x1  os_var.o [1]
  .bss               zero     0x2000'1ada     0x1  os_var.o [1]
  .bss               zero     0x2000'1adb     0x1  os_var.o [1]
  .bss               zero     0x2000'1adc     0x1  os_var.o [1]
  .bss               zero     0x2000'1add     0x1  os_var.o [1]
                            - 0x2000'1ade  0x1ad6

"P7", part 3 of 3:                          0x400
  CSTACK                      0x2000'1ae0   0x400  <Block>
    CSTACK           uninit   0x2000'1ae0   0x400  <Block tail>
                            - 0x2000'1ee0   0x400

Unused ranges:

         From           To      Size
         ----           --      ----
       0x427c     0x3'ffff  0x3'bd84
  0x2000'1ee0  0x2001'7fff  0x1'6120


*******************************************************************************
*** INIT TABLE
***

          Address      Size
          -------      ----
Zero (__iar_zero_init3)
    1 destination range, total size 0x1ad6:
          0x2000'0008  0x1ad6

Copy (__iar_copy_init3)
    1 source range, total size 0x8:
               0x41c8     0x8
    1 destination range, total size 0x8:
          0x2000'0000     0x8



*******************************************************************************
*** MODULE SUMMARY
***

    Module                ro code  ro data  rw data
    ------                -------  -------  -------
command line/config:
    -----------------------------------------------
    Total:

C:\Users\ahj\Desktop\CE4057\Source_Code_CE4057\ce4053\Micrium\Software\EvalBoards\TI\LM3S9B92-EVALBOT\IAR\uCOS-III-CE4053_PG\Flash\Obj: [1]
    OS_RecTaskServices.o      856
    RBTree2.o               1 280                 4
    app.o                     648       52    1 917
    app_vect.o                 12      284
    bsp.o                     168                 4
    bsp_display.o             600       96        4
    bsp_int.o                 598               280
    bsp_io.o                  256
    bsp_motor.o               300
    bsp_sensors.o             356
    cpu_a.o                    42
    cpu_bsp.o                  36
    cpu_c.o                   312
    cpu_core.o                392                44
    gpio.o                    840       72
    i2c.o                     194
    lib_mem.o                  96
    linkedList.o              200
    os_cfg_app.o              172      100    3 856
    os_core.o               2 142       40
    os_cpu_a.o                132
    os_cpu_c.o                320                 4
    os_dbg.o                  368      340
    os_mem.o                  368
    os_msg.o                  196
    os_mutex.o                 28
    os_prio.o                 144                 4
    os_q.o                     28
    os_task.o               1 444        8
    os_tick.o                 972       20
    os_time.o                  68
    os_tmr.o                  732       24
    os_var.o                                    753
    pwm.o                     198
    sysctl.o                1 044      116
    -----------------------------------------------
    Total:                 15 542    1 152    6 870

dl7M_tlf.a: [2]
    XShttio.o                  12        8        8
    exit.o                      4
    low_level_init.o            4
    -----------------------------------------------
    Total:                     20        8        8

m7M_tl.a: [3]
    -----------------------------------------------
    Total:

rt7M_tl.a: [4]
    cexit.o                    10
    cmain.o                    30
    copy_init3.o               44
    cstartup_M.o               12
    data_init.o                40
    zero_init3.o               58
    -----------------------------------------------
    Total:                    194

shb_l.a: [5]
    exit.o                     20
    iarttio.o                  48
    -----------------------------------------------
    Total:                     68

    Linker created                      36    1 024
---------------------------------------------------
    Grand Total:           15 824    1 196    7 902


*******************************************************************************
*** ENTRY LIST
***

Entry                       Address   Size  Type      Object
-----                       -------   ----  ----      ------
.iar.init_table$$Base        0x4090          --   Gb  - Linker created -
.iar.init_table$$Limit       0x40b4          --   Gb  - Linker created -
?main                        0x40d5         Code  Gb  cmain.o [4]
AppRobotMotorDriveSensorEnable
                             0x3d41   0x20  Code  Lc  app.o [1]
AppTaskStart                 0x3c91   0x68  Code  Lc  app.o [1]
AppTaskStartStk         0x2000'0888  0x200  Data  Lc  app.o [1]
AppTaskStartTCB         0x2000'1690   0x8c  Data  Lc  app.o [1]
AppTaskThreeStk         0x2000'0a88  0x200  Data  Lc  app.o [1]
AppTaskThreeTCB         0x2000'171c   0x8c  Data  Lc  app.o [1]
AppTaskTwo                   0x3cf9   0x48  Code  Lc  app.o [1]
App_BusFault_ISR             0x4195    0x2  Code  Lc  app_vect.o [1]
App_Fault_ISR                0x4193    0x2  Code  Lc  app_vect.o [1]
App_MemFault_ISR             0x4199    0x2  Code  Lc  app_vect.o [1]
App_NMI_ISR                  0x4191    0x2  Code  Lc  app_vect.o [1]
App_Spurious_ISR             0x419b    0x2  Code  Lc  app_vect.o [1]
App_UsageFault_ISR           0x4197    0x2  Code  Lc  app_vect.o [1]
BSP_BumpSensorsInit          0x32e5   0x1a  Code  Gb  bsp_sensors.o [1]
BSP_CPUClkFreq               0x2315   0x12  Code  Gb  bsp.o [1]
BSP_CPU_ClkFreq_MHz     0x2000'1a54    0x4  Data  Gb  bsp.o [1]
BSP_DisplayClear             0x3063   0x4c  Code  Gb  bsp_display.o [1]
BSP_DisplayInit              0x30e5   0xd2  Code  Gb  bsp_display.o [1]
BSP_DisplayOn                0x30af   0x36  Code  Gb  bsp_display.o [1]
BSP_DisplayWriteArray        0x2fe5   0x3e  Code  Lc  bsp_display.o [1]
BSP_DisplayWriteByte         0x2fb3   0x32  Code  Lc  bsp_display.o [1]
BSP_DisplayWriteFinal        0x3023   0x40  Code  Lc  bsp_display.o [1]
BSP_DisplayWriteFirst        0x2f8d   0x26  Code  Lc  bsp_display.o [1]
BSP_Init                     0x22b1   0x64  Code  Gb  bsp.o [1]
BSP_IntDisAll                0x2d35    0x8  Code  Gb  bsp_int.o [1]
BSP_IntEn                    0x2d3d   0x10  Code  Gb  bsp_int.o [1]
BSP_IntHandler               0x2f63   0x20  Code  Lc  bsp_int.o [1]
BSP_IntHandlerADC0           0x2de7    0xa  Code  Gb  bsp_int.o [1]
BSP_IntHandlerADC1           0x2df1    0xa  Code  Gb  bsp_int.o [1]
BSP_IntHandlerADC1_0         0x2f1d    0xa  Code  Gb  bsp_int.o [1]
BSP_IntHandlerADC1_1         0x2f27    0xa  Code  Gb  bsp_int.o [1]
BSP_IntHandlerADC1_2         0x2f31    0xa  Code  Gb  bsp_int.o [1]
BSP_IntHandlerADC1_3         0x2f3b    0xa  Code  Gb  bsp_int.o [1]
BSP_IntHandlerADC2           0x2dfb    0xa  Code  Gb  bsp_int.o [1]
BSP_IntHandlerADC3           0x2e05    0xa  Code  Gb  bsp_int.o [1]
BSP_IntHandlerCAN0           0x2ed7    0xa  Code  Gb  bsp_int.o [1]
BSP_IntHandlerCAN1           0x2ee1    0xa  Code  Gb  bsp_int.o [1]
BSP_IntHandlerCOMP0          0x2e55    0xa  Code  Gb  bsp_int.o [1]
BSP_IntHandlerCOMP1          0x2e5f    0xa  Code  Gb  bsp_int.o [1]
BSP_IntHandlerCOMP2          0x2e69    0xa  Code  Gb  bsp_int.o [1]
BSP_IntHandlerDummy          0x2f89    0x2  Code  Lc  bsp_int.o [1]
BSP_IntHandlerEPI            0x2f4f    0xa  Code  Gb  bsp_int.o [1]
BSP_IntHandlerETH            0x2eeb    0xa  Code  Gb  bsp_int.o [1]
BSP_IntHandlerFLASH          0x2e7d    0xa  Code  Gb  bsp_int.o [1]
BSP_IntHandlerGPIOA          0x2d8d    0xa  Code  Gb  bsp_int.o [1]
BSP_IntHandlerGPIOB          0x2d97    0xa  Code  Gb  bsp_int.o [1]
BSP_IntHandlerGPIOC          0x2da1    0xa  Code  Gb  bsp_int.o [1]
BSP_IntHandlerGPIOD          0x2dab    0xa  Code  Gb  bsp_int.o [1]
BSP_IntHandlerGPIOE          0x2db5    0xa  Code  Gb  bsp_int.o [1]
BSP_IntHandlerGPIOF          0x2e87    0xa  Code  Gb  bsp_int.o [1]
BSP_IntHandlerGPIOG          0x2e91    0xa  Code  Gb  bsp_int.o [1]
BSP_IntHandlerGPIOH          0x2e9b    0xa  Code  Gb  bsp_int.o [1]
BSP_IntHandlerGPIOJ          0x2f59    0xa  Code  Gb  bsp_int.o [1]
BSP_IntHandlerHIBERNATE
                             0x2ef5    0xa  Code  Gb  bsp_int.o [1]
BSP_IntHandlerI2C0           0x2ddd    0xa  Code  Gb  bsp_int.o [1]
BSP_IntHandlerI2C1           0x2ecd    0xa  Code  Gb  bsp_int.o [1]
BSP_IntHandlerI2S0           0x2f45    0xa  Code  Gb  bsp_int.o [1]
BSP_IntHandlerSSI0           0x2dd3    0xa  Code  Gb  bsp_int.o [1]
BSP_IntHandlerSSI1           0x2eaf    0xa  Code  Gb  bsp_int.o [1]
BSP_IntHandlerSYSCTL         0x2e73    0xa  Code  Gb  bsp_int.o [1]
BSP_IntHandlerTIMER0A        0x2e19    0xa  Code  Gb  bsp_int.o [1]
BSP_IntHandlerTIMER0B        0x2e23    0xa  Code  Gb  bsp_int.o [1]
BSP_IntHandlerTIMER1A        0x2e2d    0xa  Code  Gb  bsp_int.o [1]
BSP_IntHandlerTIMER1B        0x2e37    0xa  Code  Gb  bsp_int.o [1]
BSP_IntHandlerTIMER2A        0x2e41    0xa  Code  Gb  bsp_int.o [1]
BSP_IntHandlerTIMER2B        0x2e4b    0xa  Code  Gb  bsp_int.o [1]
BSP_IntHandlerTIMER3A        0x2eb9    0xa  Code  Gb  bsp_int.o [1]
BSP_IntHandlerTIMER3B        0x2ec3    0xa  Code  Gb  bsp_int.o [1]
BSP_IntHandlerUART0          0x2dbf    0xa  Code  Gb  bsp_int.o [1]
BSP_IntHandlerUART1          0x2dc9    0xa  Code  Gb  bsp_int.o [1]
BSP_IntHandlerUART2          0x2ea5    0xa  Code  Gb  bsp_int.o [1]
BSP_IntHandlerUDMA_ERR       0x2f13    0xa  Code  Gb  bsp_int.o [1]
BSP_IntHandlerUDMA_SW        0x2f09    0xa  Code  Gb  bsp_int.o [1]
BSP_IntHandlerUSB            0x2eff    0xa  Code  Gb  bsp_int.o [1]
BSP_IntHandlerWATCHDOG       0x2e0f    0xa  Code  Gb  bsp_int.o [1]
BSP_IntInit                  0x2d75   0x18  Code  Gb  bsp_int.o [1]
BSP_IntVectSet               0x2d4d   0x28  Code  Gb  bsp_int.o [1]
BSP_IntVectTbl          0x2000'1488  0x118  Data  Lc  bsp_int.o [1]
BSP_LED_Off                  0x3247   0x36  Code  Gb  bsp_io.o [1]
BSP_LED_On                   0x3211   0x36  Code  Gb  bsp_io.o [1]
BSP_LED_Toggle               0x327d   0x60  Code  Gb  bsp_io.o [1]
BSP_LEDsInit                 0x31ff   0x12  Code  Gb  bsp_io.o [1]
BSP_MotorStop                0x352b   0x34  Code  Gb  bsp_motor.o [1]
BSP_MotorsInit               0x3449   0xe2  Code  Gb  bsp_motor.o [1]
BSP_PushButtonsInit          0x31e5   0x1a  Code  Gb  bsp_io.o [1]
BSP_WheelSensorEnable        0x33a7    0xe  Code  Gb  bsp_sensors.o [1]
BSP_WheelSensorIntEnable
                             0x33b5   0x86  Code  Gb  bsp_sensors.o [1]
BSP_WheelSensorsInit         0x32ff   0xa8  Code  Gb  bsp_sensors.o [1]
CPU_CntLeadZeros             0x1c6f         Code  Gb  cpu_a.o [1]
CPU_Init                     0x1c85   0x10  Code  Gb  cpu_core.o [1]
CPU_IntDis                   0x1c59         Code  Gb  cpu_a.o [1]
CPU_IntDisMeasCtr       0x2000'1ac8    0x2  Data  Gb  cpu_core.o [1]
CPU_IntDisMeasInit           0x1d5f   0x78  Code  Lc  cpu_core.o [1]
CPU_IntDisMeasMaxCalc        0x1dd7   0x12  Code  Lc  cpu_core.o [1]
CPU_IntDisMeasMaxCurGet
                             0x1cd9   0x18  Code  Gb  cpu_core.o [1]
CPU_IntDisMeasMaxCurReset
                             0x1cbd   0x1c  Code  Gb  cpu_core.o [1]
CPU_IntDisMeasMaxCur_cnts
                        0x2000'1a6c    0x4  Data  Gb  cpu_core.o [1]
CPU_IntDisMeasMax_cnts  0x2000'1a70    0x4  Data  Gb  cpu_core.o [1]
CPU_IntDisMeasOvrhd_cnts
                        0x2000'1a68    0x4  Data  Gb  cpu_core.o [1]
CPU_IntDisMeasStart          0x1cf1   0x22  Code  Gb  cpu_core.o [1]
CPU_IntDisMeasStart_cnts
                        0x2000'1a60    0x4  Data  Gb  cpu_core.o [1]
CPU_IntDisMeasStop           0x1d13   0x36  Code  Gb  cpu_core.o [1]
CPU_IntDisMeasStop_cnts
                        0x2000'1a64    0x4  Data  Gb  cpu_core.o [1]
CPU_IntDisNestCtr       0x2000'1aca    0x2  Data  Gb  cpu_core.o [1]
CPU_IntEn                    0x1c5d         Code  Gb  cpu_a.o [1]
CPU_IntSrcEn                 0x3579  0x126  Code  Gb  cpu_c.o [1]
CPU_Name                0x2000'1a3c   0x10  Data  Gb  cpu_core.o [1]
CPU_NameClr                  0x1c95   0x22  Code  Gb  cpu_core.o [1]
CPU_NameInit                 0x1d49    0x8  Code  Lc  cpu_core.o [1]
CPU_RevBits                  0x1c75         Code  Gb  cpu_a.o [1]
CPU_SR_Restore               0x1c69         Code  Gb  cpu_a.o [1]
CPU_SR_Save                  0x1c61         Code  Gb  cpu_a.o [1]
CPU_TS_Init                  0x1d51    0xe  Code  Lc  cpu_core.o [1]
CPU_TS_TmrFreqSet            0x1cb7    0x6  Code  Gb  cpu_core.o [1]
CPU_TS_TmrFreq_Hz       0x2000'1a5c    0x4  Data  Gb  cpu_core.o [1]
CPU_TS_TmrInit               0x1e91   0x16  Code  Gb  cpu_bsp.o [1]
CPU_TS_TmrRd                 0x1ea7    0x6  Code  Gb  cpu_bsp.o [1]
CPU_WaitForExcept            0x1c7f         Code  Gb  cpu_a.o [1]
CPU_WaitForInt               0x1c7b         Code  Gb  cpu_a.o [1]
CSTACK$$Base            0x2000'1ae0          --   Gb  - Linker created -
CSTACK$$Limit           0x2000'1ee0          --   Gb  - Linker created -
CommMem2                0x2000'1a1c   0x20  Data  Gb  app.o [1]
GPIODirModeSet               0x3775   0x52  Code  Gb  gpio.o [1]
GPIOIntTypeSet               0x37c7   0x78  Code  Gb  gpio.o [1]
GPIOPadConfigSet             0x383f  0x15c  Code  Gb  gpio.o [1]
GPIOPinConfigure             0x3a6b   0x46  Code  Gb  gpio.o [1]
GPIOPinIntClear              0x39db    0xc  Code  Gb  gpio.o [1]
GPIOPinIntDisable            0x39af   0x14  Code  Gb  gpio.o [1]
GPIOPinIntEnable             0x399b   0x14  Code  Gb  gpio.o [1]
GPIOPinIntStatus             0x39c3   0x18  Code  Gb  gpio.o [1]
GPIOPinRead                  0x39e7    0xa  Code  Gb  gpio.o [1]
GPIOPinTypeGPIOInput         0x3a05   0x22  Code  Gb  gpio.o [1]
GPIOPinTypeGPIOOutput        0x3a27   0x22  Code  Gb  gpio.o [1]
GPIOPinTypeI2C               0x3a49   0x22  Code  Gb  gpio.o [1]
GPIOPinWrite                 0x39f1   0x14  Code  Gb  gpio.o [1]
I2CMasterControl             0x3741    0x6  Code  Gb  i2c.o [1]
I2CMasterDataPut             0x3767    0xc  Code  Gb  i2c.o [1]
I2CMasterEnable              0x36e7   0x12  Code  Gb  i2c.o [1]
I2CMasterErr                 0x3747   0x20  Code  Gb  i2c.o [1]
I2CMasterInitExpClk          0x36b1   0x36  Code  Gb  i2c.o [1]
I2CMasterIntStatus           0x36f9   0x2c  Code  Gb  i2c.o [1]
I2CMasterSlaveAddrSet        0x372d   0x14  Code  Gb  i2c.o [1]
IntWheelSensor               0x3d61   0xbc  Code  Gb  app.o [1]
IntWheelSensor::CountL  0x2000'1ad6    0x1  Data  Lc  app.o [1]
IntWheelSensor::CountR  0x2000'1ad7    0x1  Data  Lc  app.o [1]
IntWheelSensor::data    0x2000'1ad8    0x1  Data  Lc  app.o [1]
Left_tgt                0x2000'1ad4    0x1  Data  Gb  app.o [1]
Mem_Clr                      0x2251    0xc  Code  Gb  lib_mem.o [1]
Mem_Set                      0x225d   0x54  Code  Gb  lib_mem.o [1]
OSCfg_DataSizeRAM            0x4228    0x4  Data  Gb  os_cfg_app.o [1]
OSCfg_ISRStk            0x2000'0e88  0x200  Data  Gb  os_cfg_app.o [1]
OSCfg_ISRStkBasePtr          0x41e0    0x4  Data  Gb  os_cfg_app.o [1]
OSCfg_ISRStkSize             0x41e4    0x4  Data  Gb  os_cfg_app.o [1]
OSCfg_ISRStkSizeRAM          0x41e8    0x4  Data  Gb  os_cfg_app.o [1]
OSCfg_IdleTaskStk       0x2000'0c88  0x200  Data  Gb  os_cfg_app.o [1]
OSCfg_IdleTaskStkBasePtr
                             0x41d0    0x4  Data  Gb  os_cfg_app.o [1]
OSCfg_IdleTaskStkLimit       0x41d4    0x4  Data  Gb  os_cfg_app.o [1]
OSCfg_IdleTaskStkSize        0x41d8    0x4  Data  Gb  os_cfg_app.o [1]
OSCfg_IdleTaskStkSizeRAM
                             0x41dc    0x4  Data  Gb  os_cfg_app.o [1]
OSCfg_Init                   0x1bad   0xac  Code  Gb  os_cfg_app.o [1]
OSCfg_MsgPool           0x2000'0008  0x640  Data  Gb  os_cfg_app.o [1]
OSCfg_MsgPoolBasePtr         0x41f0    0x4  Data  Gb  os_cfg_app.o [1]
OSCfg_MsgPoolSize            0x1c82    0x2  Data  Gb  os_cfg_app.o [1]
OSCfg_MsgPoolSizeRAM         0x41ec    0x4  Data  Gb  os_cfg_app.o [1]
OSCfg_StkSizeMin             0x41f4    0x4  Data  Gb  os_cfg_app.o [1]
OSCfg_TickRate_Hz            0x41f8    0x4  Data  Gb  os_cfg_app.o [1]
OSCfg_TickTaskPrio           0x425a    0x1  Data  Gb  os_cfg_app.o [1]
OSCfg_TickTaskStk       0x2000'1088  0x200  Data  Gb  os_cfg_app.o [1]
OSCfg_TickTaskStkBasePtr
                             0x41fc    0x4  Data  Gb  os_cfg_app.o [1]
OSCfg_TickTaskStkLimit       0x4200    0x4  Data  Gb  os_cfg_app.o [1]
OSCfg_TickTaskStkSize        0x4204    0x4  Data  Gb  os_cfg_app.o [1]
OSCfg_TickTaskStkSizeRAM
                             0x4208    0x4  Data  Gb  os_cfg_app.o [1]
OSCfg_TickWheel         0x2000'194c   0x68  Data  Gb  os_cfg_app.o [1]
OSCfg_TickWheelSize          0x2f8a    0x2  Data  Gb  os_cfg_app.o [1]
OSCfg_TickWheelSizeRAM       0x420c    0x4  Data  Gb  os_cfg_app.o [1]
OSCfg_TmrTaskPrio            0x425b    0x1  Data  Gb  os_cfg_app.o [1]
OSCfg_TmrTaskRate_Hz         0x4210    0x4  Data  Gb  os_cfg_app.o [1]
OSCfg_TmrTaskStk        0x2000'1288  0x200  Data  Gb  os_cfg_app.o [1]
OSCfg_TmrTaskStkBasePtr
                             0x4214    0x4  Data  Gb  os_cfg_app.o [1]
OSCfg_TmrTaskStkLimit        0x4218    0x4  Data  Gb  os_cfg_app.o [1]
OSCfg_TmrTaskStkSize         0x421c    0x4  Data  Gb  os_cfg_app.o [1]
OSCfg_TmrTaskStkSizeRAM
                             0x4220    0x4  Data  Gb  os_cfg_app.o [1]
OSCfg_TmrWheel          0x2000'19b4   0x68  Data  Gb  os_cfg_app.o [1]
OSCfg_TmrWheelSize           0x3772    0x2  Data  Gb  os_cfg_app.o [1]
OSCfg_TmrWheelSizeRAM        0x4224    0x4  Data  Gb  os_cfg_app.o [1]
OSDbg_AppHooksEn             0x425d    0x1  Data  Gb  os_dbg.o [1]
OSDbg_ArgChkEn               0x425c    0x1  Data  Gb  os_dbg.o [1]
OSDbg_CalledFromISRChkEn
                             0x425e    0x1  Data  Gb  os_dbg.o [1]
OSDbg_DataSize               0x4234    0x4  Data  Gb  os_dbg.o [1]
OSDbg_DbgEn                  0x3b82    0x2  Data  Gb  os_dbg.o [1]
OSDbg_EndiannessTest         0x422c    0x4  Data  Gb  os_dbg.o [1]
OSDbg_FlagEn                 0x425f    0x1  Data  Gb  os_dbg.o [1]
OSDbg_FlagGrp                0x4018   0x28  Data  Gb  os_dbg.o [1]
OSDbg_ISRPostDeferredEn
                             0x4260    0x1  Data  Gb  os_dbg.o [1]
OSDbg_Mem                    0x40b4   0x20  Data  Gb  os_dbg.o [1]
OSDbg_MemEn                  0x4261    0x1  Data  Gb  os_dbg.o [1]
OSDbg_MemSize                0x3b8e    0x2  Data  Gb  os_dbg.o [1]
OSDbg_MsgEn                  0x4262    0x1  Data  Gb  os_dbg.o [1]
OSDbg_MsgPoolSize            0x4238    0x2  Data  Gb  os_dbg.o [1]
OSDbg_MsgQSize               0x423a    0x2  Data  Gb  os_dbg.o [1]
OSDbg_MsgSize                0x40f6    0x2  Data  Gb  os_dbg.o [1]
OSDbg_Mutex                  0x3fc0   0x2c  Data  Gb  os_dbg.o [1]
OSDbg_MutexDelEn             0x4264    0x1  Data  Gb  os_dbg.o [1]
OSDbg_MutexEn                0x4263    0x1  Data  Gb  os_dbg.o [1]
OSDbg_MutexPendAbortEn       0x4265    0x1  Data  Gb  os_dbg.o [1]
OSDbg_MutexSize              0x423c    0x2  Data  Gb  os_dbg.o [1]
OSDbg_ObjTypeChkEn           0x4266    0x1  Data  Gb  os_dbg.o [1]
OSDbg_PendDataSize           0x423e    0x2  Data  Gb  os_dbg.o [1]
OSDbg_PendListSize           0x4240    0x2  Data  Gb  os_dbg.o [1]
OSDbg_PendMultiEn            0x4267    0x1  Data  Gb  os_dbg.o [1]
OSDbg_PendObjSize            0x4242    0x2  Data  Gb  os_dbg.o [1]
OSDbg_PrioMax                0x4244    0x2  Data  Gb  os_dbg.o [1]
OSDbg_PrioTblSize            0x4246    0x2  Data  Gb  os_dbg.o [1]
OSDbg_PtrSize                0x4248    0x2  Data  Gb  os_dbg.o [1]
OSDbg_Q                      0x3f90   0x30  Data  Gb  os_dbg.o [1]
OSDbg_QDelEn                 0x4269    0x1  Data  Gb  os_dbg.o [1]
OSDbg_QEn                    0x4268    0x1  Data  Gb  os_dbg.o [1]
OSDbg_QFlushEn               0x426a    0x1  Data  Gb  os_dbg.o [1]
OSDbg_QPendAbortEn           0x426b    0x1  Data  Gb  os_dbg.o [1]
OSDbg_QSize                  0x424a    0x2  Data  Gb  os_dbg.o [1]
OSDbg_RdyList                0x424c    0x2  Data  Gb  os_dbg.o [1]
OSDbg_RdyListSize            0x4230    0x4  Data  Gb  os_dbg.o [1]
OSDbg_SchedRoundRobinEn
                             0x426c    0x1  Data  Gb  os_dbg.o [1]
OSDbg_Sem                    0x4040   0x28  Data  Gb  os_dbg.o [1]
OSDbg_SemEn                  0x426d    0x1  Data  Gb  os_dbg.o [1]
OSDbg_StatTaskEn             0x426f    0x1  Data  Gb  os_dbg.o [1]
OSDbg_StatTaskStkChkEn       0x4270    0x1  Data  Gb  os_dbg.o [1]
OSDbg_StkWidth               0x426e    0x1  Data  Gb  os_dbg.o [1]
OSDbg_TCBSize                0x4250    0x2  Data  Gb  os_dbg.o [1]
OSDbg_TaskChangePrioEn       0x4271    0x1  Data  Gb  os_dbg.o [1]
OSDbg_TaskDelEn              0x4272    0x1  Data  Gb  os_dbg.o [1]
OSDbg_TaskProfileEn          0x4275    0x1  Data  Gb  os_dbg.o [1]
OSDbg_TaskQEn                0x4273    0x1  Data  Gb  os_dbg.o [1]
OSDbg_TaskQPendAbortEn       0x4274    0x1  Data  Gb  os_dbg.o [1]
OSDbg_TaskRegTblSize         0x424e    0x2  Data  Gb  os_dbg.o [1]
OSDbg_TaskSemPendAbortEn
                             0x4276    0x1  Data  Gb  os_dbg.o [1]
OSDbg_TaskSuspendEn          0x4277    0x1  Data  Gb  os_dbg.o [1]
OSDbg_TickSpokeSize          0x4252    0x2  Data  Gb  os_dbg.o [1]
OSDbg_TimeDlyHMSMEn          0x4278    0x1  Data  Gb  os_dbg.o [1]
OSDbg_TimeDlyResumeEn        0x4279    0x1  Data  Gb  os_dbg.o [1]
OSDbg_Tmr                    0x3f5c   0x34  Data  Gb  os_dbg.o [1]
OSDbg_TmrDelEn               0x427b    0x1  Data  Gb  os_dbg.o [1]
OSDbg_TmrEn                  0x427a    0x1  Data  Gb  os_dbg.o [1]
OSDbg_TmrSize                0x4254    0x2  Data  Gb  os_dbg.o [1]
OSDbg_TmrSpokeSize           0x4256    0x2  Data  Gb  os_dbg.o [1]
OSDbg_VersionNbr             0x4258    0x2  Data  Gb  os_dbg.o [1]
OSIdleTaskCtr           0x2000'1a7c    0x4  Data  Gb  os_var.o [1]
OSIdleTaskHook                0x9b5    0x2  Code  Gb  os_cpu_c.o [1]
OSIdleTaskTCB           0x2000'17a8   0x8c  Data  Gb  os_var.o [1]
OSInit                        0x11d   0xce  Code  Gb  os_core.o [1]
OSInitHook                    0x9b7   0x14  Code  Gb  os_cpu_c.o [1]
OSIntEnter                    0x1eb   0x1c  Code  Gb  os_core.o [1]
OSIntExit                     0x207   0x98  Code  Gb  os_core.o [1]
OSIntNestingCtr         0x2000'1ad9    0x1  Data  Gb  os_var.o [1]
OSMemCreate                  0x14f5   0x9a  Code  Gb  os_mem.o [1]
OSMemDbgListPtr         0x2000'1a80    0x4  Data  Gb  os_var.o [1]
OSMemGet                     0x158f   0x4a  Code  Gb  os_mem.o [1]
OSMemPut                     0x15d9   0x4a  Code  Gb  os_mem.o [1]
OSMemQty                0x2000'1acc    0x2  Data  Gb  os_var.o [1]
OSMsgPool               0x2000'1a4c    0x8  Data  Gb  os_var.o [1]
OSMutexDbgListPtr       0x2000'1a84    0x4  Data  Gb  os_var.o [1]
OSMutexQty              0x2000'1ace    0x2  Data  Gb  os_var.o [1]
OSPrioCur               0x2000'1adb    0x1  Data  Gb  os_var.o [1]
OSPrioHighRdy           0x2000'1adc    0x1  Data  Gb  os_var.o [1]
OSPrioTbl               0x2000'1a78    0x4  Data  Gb  os_prio.o [1]
OSQDbgListPtr           0x2000'1a88    0x4  Data  Gb  os_var.o [1]
OSQQty                  0x2000'1ad0    0x2  Data  Gb  os_var.o [1]
OSRdyList               0x2000'15a0   0xf0  Data  Gb  os_var.o [1]
OSRunning               0x2000'1ada    0x1  Data  Gb  os_var.o [1]
OSSched                       0x29f   0x6a  Code  Gb  os_core.o [1]
OSSchedLock                   0x309   0x60  Code  Gb  os_core.o [1]
OSSchedLockNestingCtr   0x2000'1add    0x1  Data  Gb  os_var.o [1]
OSSchedLockTimeBegin    0x2000'1a8c    0x4  Data  Gb  os_var.o [1]
OSSchedLockTimeMax      0x2000'1a90    0x4  Data  Gb  os_var.o [1]
OSSchedLockTimeMaxCur   0x2000'1a94    0x4  Data  Gb  os_var.o [1]
OSSchedUnlock                 0x369   0x7c  Code  Gb  os_core.o [1]
OSStart                       0x3e5   0x52  Code  Gb  os_core.o [1]
OSStartHighRdy               0x1e0d         Code  Gb  os_cpu_a.o [1]
OSTCBCurPtr             0x2000'1abc    0x4  Data  Gb  os_var.o [1]
OSTCBHighRdyPtr         0x2000'1ac0    0x4  Data  Gb  os_var.o [1]
OSTaskCreate                  0xb85  0x120  Code  Gb  os_task.o [1]
OSTaskCreateHook              0x9cb    0x2  Code  Gb  os_cpu_c.o [1]
OSTaskCreateRecursive        0x1ef9  0x166  Code  Gb  OS_RecTaskServices.o [1]
OSTaskCtxSwCtr          0x2000'1a98    0x4  Data  Gb  os_var.o [1]
OSTaskDbgListPtr        0x2000'1a9c    0x4  Data  Gb  os_var.o [1]
OSTaskDel                     0xca5   0xfe  Code  Gb  os_task.o [1]
OSTaskDelHook                 0x9cd    0x2  Code  Gb  os_cpu_c.o [1]
OSTaskQty               0x2000'1ad2    0x2  Data  Gb  os_var.o [1]
OSTaskReCreateRecursive
                             0x205f  0x140  Code  Gb  OS_RecTaskServices.o [1]
OSTaskReturnHook              0x9cf    0x2  Code  Gb  os_cpu_c.o [1]
OSTaskSemPend                 0xda3  0x126  Code  Gb  os_task.o [1]
OSTaskSemPost                 0xec9   0x1c  Code  Gb  os_task.o [1]
OSTaskStkInit                 0x9d1   0x7e  Code  Gb  os_cpu_c.o [1]
OSTaskSwHook                  0xa4f   0x2c  Code  Gb  os_cpu_c.o [1]
OSTickCtr               0x2000'1aa0    0x4  Data  Gb  os_var.o [1]
OSTickTaskTCB           0x2000'1834   0x8c  Data  Gb  os_var.o [1]
OSTickTaskTimeMax       0x2000'1aa4    0x4  Data  Gb  os_var.o [1]
OSTimeTick                   0x1eb5   0x30  Code  Gb  os_time.o [1]
OSTimeTickHook                0xa7b    0x2  Code  Gb  os_cpu_c.o [1]
OSTmrDbgListPtr         0x2000'1aa8    0x4  Data  Gb  os_var.o [1]
OSTmrTaskTCB            0x2000'18c0   0x8c  Data  Gb  os_var.o [1]
OSTmrTaskTimeMax        0x2000'1aac    0x4  Data  Gb  os_var.o [1]
OSTmrTickCtr            0x2000'1ab0    0x4  Data  Gb  os_var.o [1]
OSTmrUpdateCnt          0x2000'1ab4    0x4  Data  Gb  os_var.o [1]
OSTmrUpdateCtr          0x2000'1ab8    0x4  Data  Gb  os_var.o [1]
OS_CPU_ExceptStkBase    0x2000'1a74    0x4  Data  Gb  os_cpu_c.o [1]
OS_CPU_PendSVHandler         0x1e2b         Code  Gb  os_cpu_a.o [1]
OS_CPU_SysTickHandler         0xa7d   0x2a  Code  Gb  os_cpu_c.o [1]
OS_CPU_SysTickInit            0xaa7   0x24  Code  Gb  os_cpu_c.o [1]
OS_Dbg_Init                  0x1a3d  0x170  Code  Gb  os_dbg.o [1]
OS_IdleTask                   0x437   0x28  Code  Gb  os_core.o [1]
OS_IdleTaskInit               0x45f   0x50  Code  Gb  os_core.o [1]
OS_MemDbgListAdd             0x1623   0x1e  Code  Gb  os_mem.o [1]
OS_MemInit                   0x1641   0x12  Code  Gb  os_mem.o [1]
OS_MsgPoolCreate             0x1665   0x40  Code  Gb  os_msg.o [1]
OS_MsgPoolInit               0x16a5   0x24  Code  Gb  os_msg.o [1]
OS_MsgQFreeAll               0x16c9   0x3e  Code  Gb  os_msg.o [1]
OS_MsgQInit                  0x1707   0x14  Code  Gb  os_msg.o [1]
OS_MutexInit                 0x1729   0x12  Code  Gb  os_mutex.o [1]
OS_Pend                       0x4af   0x54  Code  Gb  os_core.o [1]
OS_PendDataInit               0x503   0x38  Code  Gb  os_core.o [1]
OS_PendDbgNameAdd             0x53b   0x42  Code  Gb  os_core.o [1]
OS_PendDbgNameRemove          0x57d   0x1c  Code  Gb  os_core.o [1]
OS_PendListInsertPrio         0x59d   0x72  Code  Gb  os_core.o [1]
OS_PendListRemove             0x60f   0x2a  Code  Gb  os_core.o [1]
OS_PendListRemove1            0x639   0x48  Code  Gb  os_core.o [1]
OS_Post                       0x681   0xc0  Code  Gb  os_core.o [1]
OS_Post1                      0x741   0x28  Code  Gb  os_core.o [1]
OS_PrioGetHighest             0xb09   0x20  Code  Gb  os_prio.o [1]
OS_PrioInit                   0xaf5   0x14  Code  Gb  os_prio.o [1]
OS_PrioInsert                 0xb29   0x2a  Code  Gb  os_prio.o [1]
OS_PrioRemove                 0xb53   0x2c  Code  Gb  os_prio.o [1]
OS_QInit                     0x1745   0x12  Code  Gb  os_q.o [1]
OS_RdyListInit                0x769   0x2a  Code  Gb  os_core.o [1]
OS_RdyListInsert              0x793   0x28  Code  Gb  os_core.o [1]
OS_RdyListInsertHead          0x7bb   0x3a  Code  Gb  os_core.o [1]
OS_RdyListInsertTail          0x7f5   0x38  Code  Gb  os_core.o [1]
OS_RdyListRemove              0x82d   0x5c  Code  Gb  os_core.o [1]
OS_SchedLockTimeMeasStart
                              0x889   0x14  Code  Gb  os_core.o [1]
OS_SchedLockTimeMeasStop
                              0x89d   0x2a  Code  Gb  os_core.o [1]
OS_TaskBlock                  0x929   0x38  Code  Gb  os_core.o [1]
OS_TaskDbgListAdd             0xee5   0x26  Code  Gb  os_task.o [1]
OS_TaskDbgListRemove          0xf0b   0x4a  Code  Gb  os_task.o [1]
OS_TaskInit                   0xf55   0x18  Code  Gb  os_task.o [1]
OS_TaskInitTCB                0xf6d   0xa8  Code  Gb  os_task.o [1]
OS_TaskRdy                    0x961   0x1a  Code  Gb  os_core.o [1]
OS_TaskReturn                0x1015   0x14  Code  Gb  os_task.o [1]
OS_TaskSemPost               0x1029   0xd4  Code  Gb  os_task.o [1]
OS_TickListInit              0x11bf   0x2e  Code  Gb  os_tick.o [1]
OS_TickListInsert            0x11ed  0x11c  Code  Gb  os_tick.o [1]
OS_TickListRemove            0x1309   0x42  Code  Gb  os_tick.o [1]
OS_TickListUpdate            0x134b  0x172  Code  Gb  os_tick.o [1]
OS_TickTask                  0x1129   0x26  Code  Gb  os_tick.o [1]
OS_TickTaskInit              0x114f   0x70  Code  Gb  os_tick.o [1]
OS_TmrInit                   0x1761   0xd6  Code  Gb  os_tmr.o [1]
OS_TmrLink                   0x1837   0xd0  Code  Gb  os_tmr.o [1]
OS_TmrTask                   0x1955   0xa6  Code  Gb  os_tmr.o [1]
OS_TmrUnlink                 0x1907   0x4c  Code  Gb  os_tmr.o [1]
PWMGenConfigure              0x3abd   0x3c  Code  Gb  pwm.o [1]
PWMGenEnable                 0x3b1b    0xe  Code  Gb  pwm.o [1]
PWMGenPeriodSet              0x3af9   0x22  Code  Gb  pwm.o [1]
PWMOutputState               0x3b57   0x2c  Code  Gb  pwm.o [1]
PWMPulseWidthSet             0x3b29   0x2e  Code  Gb  pwm.o [1]
RBFindMin                    0x25f7    0xc  Code  Gb  RBTree2.o [1]
Region$$Table$$Base          0x4090          --   Gb  - Linker created -
Region$$Table$$Limit         0x40b4          --   Gb  - Linker created -
Right_tgt               0x2000'1ad5    0x1  Data  Gb  app.o [1]
SysCtlClockGet               0x2b21  0x1a2  Code  Gb  sysctl.o [1]
SysCtlClockSet               0x29b5  0x16c  Code  Gb  sysctl.o [1]
SysCtlDelay                  0x29ad    0x8  Code  Gb  sysctl.o [1]
SysCtlPWMClockSet            0x2cc3    0xe  Code  Gb  sysctl.o [1]
SysCtlPeripheralEnable       0x2981   0x2c  Code  Gb  sysctl.o [1]
SysCtlPeripheralReset        0x2921   0x60  Code  Gb  sysctl.o [1]
__cmain                      0x40d5         Code  Gb  cmain.o [4]
__exit                       0x3b91   0x14  Code  Gb  exit.o [5]
__iar_close_ttio             0x3ba5   0x2e  Code  Gb  iarttio.o [5]
__iar_copy_init3             0x3fed   0x2c  Code  Gb  copy_init3.o [4]
__iar_data_init3             0x4069   0x28  Code  Gb  data_init.o [4]
__iar_lookup_ttioh           0x3bd5    0x4  Code  Gb  XShttio.o [2]
__iar_program_start          0x419d         Code  Gb  cstartup_M.o [4]
__iar_ttio_handles      0x2000'0000    0x8  Data  Lc  XShttio.o [2]
__iar_zero_init3              0x97b   0x3a  Code  Gb  zero_init3.o [4]
__low_level_init             0x40f3    0x4  Code  Gb  low_level_init.o [2]
__vector_table                  0x0  0x11c  Data  Gb  app_vect.o [1]
_call_main                   0x40e1         Code  Gb  cmain.o [4]
_exit                        0x3b85         Code  Gb  cexit.o [4]
_main                        0x40ef         Code  Gb  cmain.o [4]
append                       0x28bb   0x2c  Code  Gb  linkedList.o [1]
color_delete                 0x2635  0x162  Code  Gb  RBTree2.o [1]
color_insert                 0x23e5  0x116  Code  Gb  RBTree2.o [1]
create                       0x2859   0x62  Code  Gb  linkedList.o [1]
delete                       0x2797   0xb8  Code  Gb  RBTree2.o [1]
dispose                      0x28fb   0x20  Code  Gb  linkedList.o [1]
exit                         0x3575    0x4  Code  Gb  exit.o [2]
g_pucRITInit                 0x3ec4   0x50  Data  Lc  bsp_display.o [1]
g_pucRow1                    0x41a8    0x8  Data  Lc  bsp_display.o [1]
g_pucRow2                    0x41b0    0x8  Data  Lc  bsp_display.o [1]
g_pulGPIOBaseAddrs           0x3f14   0x48  Data  Lc  gpio.o [1]
g_pulRCGCRegs                0x4184    0xc  Data  Lc  sysctl.o [1]
g_pulSRCRRegs                0x4178    0xc  Data  Lc  sysctl.o [1]
g_pulXtals                   0x3e68   0x5c  Data  Lc  sysctl.o [1]
g_ulDelay               0x2000'1a58    0x4  Data  Lc  bsp_display.o [1]
insert                       0x24fb   0xd8  Code  Gb  RBTree2.o [1]
leftRotate                   0x2359   0x46  Code  Gb  RBTree2.o [1]
main                         0x3be1   0xb0  Code  Gb  app.o [1]
min                          0x2603    0xc  Code  Gb  RBTree2.o [1]
p_addr                  0x2000'0648  0x240  Data  Gb  app.o [1]
releaseTask                  0x21dd   0x5c  Code  Gb  OS_RecTaskServices.o [1]
rightRotate                  0x239f   0x46  Code  Gb  RBTree2.o [1]
root                    0x2000'1ac4    0x4  Data  Gb  RBTree2.o [1]
searchRB                     0x25d3   0x24  Code  Gb  RBTree2.o [1]
successor                    0x260f   0x26  Code  Gb  RBTree2.o [1]
tickHandlerRecursion         0x219f   0x3a  Code  Gb  OS_RecTaskServices.o [1]
traverse                     0x28e7   0x14  Code  Gb  linkedList.o [1]


[1] = C:\Users\ahj\Desktop\CE4057\Source_Code_CE4057\ce4053\Micrium\Software\EvalBoards\TI\LM3S9B92-EVALBOT\IAR\uCOS-III-CE4053_PG\Flash\Obj
[2] = dl7M_tlf.a
[3] = m7M_tl.a
[4] = rt7M_tl.a
[5] = shb_l.a

  15 824 bytes of readonly  code memory
   1 196 bytes of readonly  data memory
   7 902 bytes of readwrite data memory

Errors: none
Warnings: none
