###############################################################################
#
# IAR ELF Linker V8.30.1.114/W32 for ARM                  18/Oct/2018  11:51:38
# Copyright 2007-2018 IAR Systems AB.
#
#    Output file  =  
#        C:\Users\ahj\Desktop\CE4057\Source_Code_CE4057\ce4053\Micrium\Software\EvalBoards\TI\LM3S9B92-EVALBOT\IAR\uCOS-III-CE4053_PG\Flash\Exe\uCOS-III-Ex4.out
#    Map file     =  
#        C:\Users\ahj\Desktop\CE4057\Source_Code_CE4057\ce4053\Micrium\Software\EvalBoards\TI\LM3S9B92-EVALBOT\IAR\uCOS-III-CE4053_PG\Flash\List\uCOS-III-Ex4.map
#    Command line =  
#        -f C:\Users\ahj\AppData\Local\Temp\EW5677.tmp
#        (C:\Users\ahj\Desktop\CE4057\Source_Code_CE4057\ce4053\Micrium\Software\EvalBoards\TI\LM3S9B92-EVALBOT\IAR\uCOS-III-CE4053_PG\Flash\Obj\adc.o
#        C:\Users\ahj\Desktop\CE4057\Source_Code_CE4057\ce4053\Micrium\Software\EvalBoards\TI\LM3S9B92-EVALBOT\IAR\uCOS-III-CE4053_PG\Flash\Obj\app.o
#        C:\Users\ahj\Desktop\CE4057\Source_Code_CE4057\ce4053\Micrium\Software\EvalBoards\TI\LM3S9B92-EVALBOT\IAR\uCOS-III-CE4053_PG\Flash\Obj\app_vect.o
#        C:\Users\ahj\Desktop\CE4057\Source_Code_CE4057\ce4053\Micrium\Software\EvalBoards\TI\LM3S9B92-EVALBOT\IAR\uCOS-III-CE4053_PG\Flash\Obj\bsp.o
#        C:\Users\ahj\Desktop\CE4057\Source_Code_CE4057\ce4053\Micrium\Software\EvalBoards\TI\LM3S9B92-EVALBOT\IAR\uCOS-III-CE4053_PG\Flash\Obj\bsp_dac.o
#        C:\Users\ahj\Desktop\CE4057\Source_Code_CE4057\ce4053\Micrium\Software\EvalBoards\TI\LM3S9B92-EVALBOT\IAR\uCOS-III-CE4053_PG\Flash\Obj\bsp_display.o
#        C:\Users\ahj\Desktop\CE4057\Source_Code_CE4057\ce4053\Micrium\Software\EvalBoards\TI\LM3S9B92-EVALBOT\IAR\uCOS-III-CE4053_PG\Flash\Obj\bsp_int.o
#        C:\Users\ahj\Desktop\CE4057\Source_Code_CE4057\ce4053\Micrium\Software\EvalBoards\TI\LM3S9B92-EVALBOT\IAR\uCOS-III-CE4053_PG\Flash\Obj\bsp_io.o
#        C:\Users\ahj\Desktop\CE4057\Source_Code_CE4057\ce4053\Micrium\Software\EvalBoards\TI\LM3S9B92-EVALBOT\IAR\uCOS-III-CE4053_PG\Flash\Obj\bsp_motor.o
#        C:\Users\ahj\Desktop\CE4057\Source_Code_CE4057\ce4053\Micrium\Software\EvalBoards\TI\LM3S9B92-EVALBOT\IAR\uCOS-III-CE4053_PG\Flash\Obj\bsp_sensors.o
#        C:\Users\ahj\Desktop\CE4057\Source_Code_CE4057\ce4053\Micrium\Software\EvalBoards\TI\LM3S9B92-EVALBOT\IAR\uCOS-III-CE4053_PG\Flash\Obj\can.o
#        C:\Users\ahj\Desktop\CE4057\Source_Code_CE4057\ce4053\Micrium\Software\EvalBoards\TI\LM3S9B92-EVALBOT\IAR\uCOS-III-CE4053_PG\Flash\Obj\comp.o
#        C:\Users\ahj\Desktop\CE4057\Source_Code_CE4057\ce4053\Micrium\Software\EvalBoards\TI\LM3S9B92-EVALBOT\IAR\uCOS-III-CE4053_PG\Flash\Obj\cpu_.o
#        C:\Users\ahj\Desktop\CE4057\Source_Code_CE4057\ce4053\Micrium\Software\EvalBoards\TI\LM3S9B92-EVALBOT\IAR\uCOS-III-CE4053_PG\Flash\Obj\cpu_a.o
#        C:\Users\ahj\Desktop\CE4057\Source_Code_CE4057\ce4053\Micrium\Software\EvalBoards\TI\LM3S9B92-EVALBOT\IAR\uCOS-III-CE4053_PG\Flash\Obj\cpu_bsp.o
#        C:\Users\ahj\Desktop\CE4057\Source_Code_CE4057\ce4053\Micrium\Software\EvalBoards\TI\LM3S9B92-EVALBOT\IAR\uCOS-III-CE4053_PG\Flash\Obj\cpu_c.o
#        C:\Users\ahj\Desktop\CE4057\Source_Code_CE4057\ce4053\Micrium\Software\EvalBoards\TI\LM3S9B92-EVALBOT\IAR\uCOS-III-CE4053_PG\Flash\Obj\cpu_core.o
#        C:\Users\ahj\Desktop\CE4057\Source_Code_CE4057\ce4053\Micrium\Software\EvalBoards\TI\LM3S9B92-EVALBOT\IAR\uCOS-III-CE4053_PG\Flash\Obj\epi.o
#        C:\Users\ahj\Desktop\CE4057\Source_Code_CE4057\ce4053\Micrium\Software\EvalBoards\TI\LM3S9B92-EVALBOT\IAR\uCOS-III-CE4053_PG\Flash\Obj\ethernet.o
#        C:\Users\ahj\Desktop\CE4057\Source_Code_CE4057\ce4053\Micrium\Software\EvalBoards\TI\LM3S9B92-EVALBOT\IAR\uCOS-III-CE4053_PG\Flash\Obj\fatfs.o
#        C:\Users\ahj\Desktop\CE4057\Source_Code_CE4057\ce4053\Micrium\Software\EvalBoards\TI\LM3S9B92-EVALBOT\IAR\uCOS-III-CE4053_PG\Flash\Obj\flash.o
#        C:\Users\ahj\Desktop\CE4057\Source_Code_CE4057\ce4053\Micrium\Software\EvalBoards\TI\LM3S9B92-EVALBOT\IAR\uCOS-III-CE4053_PG\Flash\Obj\gpio.o
#        C:\Users\ahj\Desktop\CE4057\Source_Code_CE4057\ce4053\Micrium\Software\EvalBoards\TI\LM3S9B92-EVALBOT\IAR\uCOS-III-CE4053_PG\Flash\Obj\hibernate.o
#        C:\Users\ahj\Desktop\CE4057\Source_Code_CE4057\ce4053\Micrium\Software\EvalBoards\TI\LM3S9B92-EVALBOT\IAR\uCOS-III-CE4053_PG\Flash\Obj\i2c.o
#        C:\Users\ahj\Desktop\CE4057\Source_Code_CE4057\ce4053\Micrium\Software\EvalBoards\TI\LM3S9B92-EVALBOT\IAR\uCOS-III-CE4053_PG\Flash\Obj\i2s.o
#        C:\Users\ahj\Desktop\CE4057\Source_Code_CE4057\ce4053\Micrium\Software\EvalBoards\TI\LM3S9B92-EVALBOT\IAR\uCOS-III-CE4053_PG\Flash\Obj\interrupt.o
#        C:\Users\ahj\Desktop\CE4057\Source_Code_CE4057\ce4053\Micrium\Software\EvalBoards\TI\LM3S9B92-EVALBOT\IAR\uCOS-III-CE4053_PG\Flash\Obj\lib_ascii.o
#        C:\Users\ahj\Desktop\CE4057\Source_Code_CE4057\ce4053\Micrium\Software\EvalBoards\TI\LM3S9B92-EVALBOT\IAR\uCOS-III-CE4053_PG\Flash\Obj\lib_math.o
#        C:\Users\ahj\Desktop\CE4057\Source_Code_CE4057\ce4053\Micrium\Software\EvalBoards\TI\LM3S9B92-EVALBOT\IAR\uCOS-III-CE4053_PG\Flash\Obj\lib_mem.o
#        C:\Users\ahj\Desktop\CE4057\Source_Code_CE4057\ce4053\Micrium\Software\EvalBoards\TI\LM3S9B92-EVALBOT\IAR\uCOS-III-CE4053_PG\Flash\Obj\lib_str.o
#        C:\Users\ahj\Desktop\CE4057\Source_Code_CE4057\ce4053\Micrium\Software\EvalBoards\TI\LM3S9B92-EVALBOT\IAR\uCOS-III-CE4053_PG\Flash\Obj\linkedList.o
#        C:\Users\ahj\Desktop\CE4057\Source_Code_CE4057\ce4053\Micrium\Software\EvalBoards\TI\LM3S9B92-EVALBOT\IAR\uCOS-III-CE4053_PG\Flash\Obj\microsd.o
#        C:\Users\ahj\Desktop\CE4057\Source_Code_CE4057\ce4053\Micrium\Software\EvalBoards\TI\LM3S9B92-EVALBOT\IAR\uCOS-III-CE4053_PG\Flash\Obj\mpu.o
#        C:\Users\ahj\Desktop\CE4057\Source_Code_CE4057\ce4053\Micrium\Software\EvalBoards\TI\LM3S9B92-EVALBOT\IAR\uCOS-III-CE4053_PG\Flash\Obj\os_app_hooks.o
#        C:\Users\ahj\Desktop\CE4057\Source_Code_CE4057\ce4053\Micrium\Software\EvalBoards\TI\LM3S9B92-EVALBOT\IAR\uCOS-III-CE4053_PG\Flash\Obj\os_cfg_app.o
#        C:\Users\ahj\Desktop\CE4057\Source_Code_CE4057\ce4053\Micrium\Software\EvalBoards\TI\LM3S9B92-EVALBOT\IAR\uCOS-III-CE4053_PG\Flash\Obj\os_core.o
#        C:\Users\ahj\Desktop\CE4057\Source_Code_CE4057\ce4053\Micrium\Software\EvalBoards\TI\LM3S9B92-EVALBOT\IAR\uCOS-III-CE4053_PG\Flash\Obj\os_cpu_a.o
#        C:\Users\ahj\Desktop\CE4057\Source_Code_CE4057\ce4053\Micrium\Software\EvalBoards\TI\LM3S9B92-EVALBOT\IAR\uCOS-III-CE4053_PG\Flash\Obj\os_cpu_c.o
#        C:\Users\ahj\Desktop\CE4057\Source_Code_CE4057\ce4053\Micrium\Software\EvalBoards\TI\LM3S9B92-EVALBOT\IAR\uCOS-III-CE4053_PG\Flash\Obj\os_dbg.o
#        C:\Users\ahj\Desktop\CE4057\Source_Code_CE4057\ce4053\Micrium\Software\EvalBoards\TI\LM3S9B92-EVALBOT\IAR\uCOS-III-CE4053_PG\Flash\Obj\os_flag.o
#        C:\Users\ahj\Desktop\CE4057\Source_Code_CE4057\ce4053\Micrium\Software\EvalBoards\TI\LM3S9B92-EVALBOT\IAR\uCOS-III-CE4053_PG\Flash\Obj\os_int.o
#        C:\Users\ahj\Desktop\CE4057\Source_Code_CE4057\ce4053\Micrium\Software\EvalBoards\TI\LM3S9B92-EVALBOT\IAR\uCOS-III-CE4053_PG\Flash\Obj\os_mem.o
#        C:\Users\ahj\Desktop\CE4057\Source_Code_CE4057\ce4053\Micrium\Software\EvalBoards\TI\LM3S9B92-EVALBOT\IAR\uCOS-III-CE4053_PG\Flash\Obj\os_msg.o
#        C:\Users\ahj\Desktop\CE4057\Source_Code_CE4057\ce4053\Micrium\Software\EvalBoards\TI\LM3S9B92-EVALBOT\IAR\uCOS-III-CE4053_PG\Flash\Obj\os_mutex.o
#        C:\Users\ahj\Desktop\CE4057\Source_Code_CE4057\ce4053\Micrium\Software\EvalBoards\TI\LM3S9B92-EVALBOT\IAR\uCOS-III-CE4053_PG\Flash\Obj\os_pend_multi.o
#        C:\Users\ahj\Desktop\CE4057\Source_Code_CE4057\ce4053\Micrium\Software\EvalBoards\TI\LM3S9B92-EVALBOT\IAR\uCOS-III-CE4053_PG\Flash\Obj\os_prio.o
#        C:\Users\ahj\Desktop\CE4057\Source_Code_CE4057\ce4053\Micrium\Software\EvalBoards\TI\LM3S9B92-EVALBOT\IAR\uCOS-III-CE4053_PG\Flash\Obj\os_q.o
#        C:\Users\ahj\Desktop\CE4057\Source_Code_CE4057\ce4053\Micrium\Software\EvalBoards\TI\LM3S9B92-EVALBOT\IAR\uCOS-III-CE4053_PG\Flash\Obj\OS_RecTaskServices.o
#        C:\Users\ahj\Desktop\CE4057\Source_Code_CE4057\ce4053\Micrium\Software\EvalBoards\TI\LM3S9B92-EVALBOT\IAR\uCOS-III-CE4053_PG\Flash\Obj\os_sem.o
#        C:\Users\ahj\Desktop\CE4057\Source_Code_CE4057\ce4053\Micrium\Software\EvalBoards\TI\LM3S9B92-EVALBOT\IAR\uCOS-III-CE4053_PG\Flash\Obj\os_stat.o
#        C:\Users\ahj\Desktop\CE4057\Source_Code_CE4057\ce4053\Micrium\Software\EvalBoards\TI\LM3S9B92-EVALBOT\IAR\uCOS-III-CE4053_PG\Flash\Obj\os_task.o
#        C:\Users\ahj\Desktop\CE4057\Source_Code_CE4057\ce4053\Micrium\Software\EvalBoards\TI\LM3S9B92-EVALBOT\IAR\uCOS-III-CE4053_PG\Flash\Obj\os_tick.o
#        C:\Users\ahj\Desktop\CE4057\Source_Code_CE4057\ce4053\Micrium\Software\EvalBoards\TI\LM3S9B92-EVALBOT\IAR\uCOS-III-CE4053_PG\Flash\Obj\os_time.o
#        C:\Users\ahj\Desktop\CE4057\Source_Code_CE4057\ce4053\Micrium\Software\EvalBoards\TI\LM3S9B92-EVALBOT\IAR\uCOS-III-CE4053_PG\Flash\Obj\os_tmr.o
#        C:\Users\ahj\Desktop\CE4057\Source_Code_CE4057\ce4053\Micrium\Software\EvalBoards\TI\LM3S9B92-EVALBOT\IAR\uCOS-III-CE4053_PG\Flash\Obj\os_var.o
#        C:\Users\ahj\Desktop\CE4057\Source_Code_CE4057\ce4053\Micrium\Software\EvalBoards\TI\LM3S9B92-EVALBOT\IAR\uCOS-III-CE4053_PG\Flash\Obj\pwm.o
#        C:\Users\ahj\Desktop\CE4057\Source_Code_CE4057\ce4053\Micrium\Software\EvalBoards\TI\LM3S9B92-EVALBOT\IAR\uCOS-III-CE4053_PG\Flash\Obj\qei.o
#        C:\Users\ahj\Desktop\CE4057\Source_Code_CE4057\ce4053\Micrium\Software\EvalBoards\TI\LM3S9B92-EVALBOT\IAR\uCOS-III-CE4053_PG\Flash\Obj\RBTree.o
#        C:\Users\ahj\Desktop\CE4057\Source_Code_CE4057\ce4053\Micrium\Software\EvalBoards\TI\LM3S9B92-EVALBOT\IAR\uCOS-III-CE4053_PG\Flash\Obj\RBTree2.o
#        C:\Users\ahj\Desktop\CE4057\Source_Code_CE4057\ce4053\Micrium\Software\EvalBoards\TI\LM3S9B92-EVALBOT\IAR\uCOS-III-CE4053_PG\Flash\Obj\skiplist.o
#        C:\Users\ahj\Desktop\CE4057\Source_Code_CE4057\ce4053\Micrium\Software\EvalBoards\TI\LM3S9B92-EVALBOT\IAR\uCOS-III-CE4053_PG\Flash\Obj\ssi.o
#        C:\Users\ahj\Desktop\CE4057\Source_Code_CE4057\ce4053\Micrium\Software\EvalBoards\TI\LM3S9B92-EVALBOT\IAR\uCOS-III-CE4053_PG\Flash\Obj\sysctl.o
#        C:\Users\ahj\Desktop\CE4057\Source_Code_CE4057\ce4053\Micrium\Software\EvalBoards\TI\LM3S9B92-EVALBOT\IAR\uCOS-III-CE4053_PG\Flash\Obj\systick.o
#        C:\Users\ahj\Desktop\CE4057\Source_Code_CE4057\ce4053\Micrium\Software\EvalBoards\TI\LM3S9B92-EVALBOT\IAR\uCOS-III-CE4053_PG\Flash\Obj\timer.o
#        C:\Users\ahj\Desktop\CE4057\Source_Code_CE4057\ce4053\Micrium\Software\EvalBoards\TI\LM3S9B92-EVALBOT\IAR\uCOS-III-CE4053_PG\Flash\Obj\uart.o
#        C:\Users\ahj\Desktop\CE4057\Source_Code_CE4057\ce4053\Micrium\Software\EvalBoards\TI\LM3S9B92-EVALBOT\IAR\uCOS-III-CE4053_PG\Flash\Obj\udma.o
#        C:\Users\ahj\Desktop\CE4057\Source_Code_CE4057\ce4053\Micrium\Software\EvalBoards\TI\LM3S9B92-EVALBOT\IAR\uCOS-III-CE4053_PG\Flash\Obj\usb.o
#        C:\Users\ahj\Desktop\CE4057\Source_Code_CE4057\ce4053\Micrium\Software\EvalBoards\TI\LM3S9B92-EVALBOT\IAR\uCOS-III-CE4053_PG\Flash\Obj\watchdog.o
#        --redirect _Printf=_PrintfFull --redirect _Scanf=_ScanfFull
#        --no_out_extension -o
#        C:\Users\ahj\Desktop\CE4057\Source_Code_CE4057\ce4053\Micrium\Software\EvalBoards\TI\LM3S9B92-EVALBOT\IAR\uCOS-III-CE4053_PG\Flash\Exe\uCOS-III-Ex4.out
#        --map
#        C:\Users\ahj\Desktop\CE4057\Source_Code_CE4057\ce4053\Micrium\Software\EvalBoards\TI\LM3S9B92-EVALBOT\IAR\uCOS-III-CE4053_PG\Flash\List\uCOS-III-Ex4.map
#        --config
#        C:\Users\ahj\Desktop\CE4057\Source_Code_CE4057\ce4053\Micrium\Software\EvalBoards\TI\LM3S9B92-EVALBOT\IAR\uCOS-III-CE4053_PG\..\BSP\LM3S9B92_Flash.icf
#        --semihosting --entry __iar_program_start --vfe --text_out locale)
#
###############################################################################

*******************************************************************************
*** RUNTIME MODEL ATTRIBUTES
***

CppFlavor       = *
__Heap_Handler  = Basic
__SystemLibrary = DLib
__dlib_version  = 6


*******************************************************************************
*** HEAP SELECTION
***

The basic heap was selected because some modules are built with
size limitations (and not runtime checking), and --advanced_heap
was not specified.


*******************************************************************************
*** PLACEMENT SUMMARY
***

"A0":  place at start of [from 0x0 to 0x3'ffff] { ro section .intvec };
"P1":  place in [from 0x0 to 0x3'ffff] { ro };
"P2":  place in [from 0x0 to 0x3'ffff] { section wave_1 };
"P3":  place in [from 0x0 to 0x3'ffff] { section wave_2 };
"P4":  place in [from 0x0 to 0x3'ffff] { section wave_3 };
"P5":  place in [from 0x0 to 0x3'ffff] { section wave_4 };
"P6":  place in [from 0x0 to 0x3'ffff] { section wave_5 };
define block HEAP with size = 0M, alignment = 8 { };
define block CSTACK with size = 1K, alignment = 8 { };
"P7":  place in [from 0x2000'0000 to 0x2001'7fff] {
          rw, block HEAP, block CSTACK };
initialize by copy { rw };

No sections matched the following patterns:

  section wave_1  in "P1-P6"
  section wave_2  in "P1-P6"
  section wave_3  in "P1-P6"
  section wave_4  in "P1-P6"
  section wave_5  in "P1-P6"


  Section            Kind         Address    Size  Object
  -------            ----         -------    ----  ------
"A0":                                       0x11c
  .intvec            const            0x0   0x11c  app_vect.o [1]
                                  - 0x11c   0x11c

"P1-P6":                                   0x4a62
  .text              ro code        0x11c   0x86e  os_core.o [1]
  .text              ro code        0x98a    0x3a  zero_init3.o [4]
  .text              ro code        0x9c4   0x140  os_cpu_c.o [1]
  .text              ro code        0xb04    0x90  os_prio.o [1]
  .text              ro code        0xb94   0x5a4  os_task.o [1]
  .text              ro code       0x1138   0x3cc  os_tick.o [1]
  .text              ro code       0x1504   0x170  os_mem.o [1]
  .text              ro code       0x1674    0xc4  os_msg.o [1]
  .text              ro code       0x1738    0x1c  os_mutex.o [1]
  .text              ro code       0x1754    0x1c  os_q.o [1]
  .text              ro code       0x1770   0x2dc  os_tmr.o [1]
  .text              ro code       0x1a4c   0x170  os_dbg.o [1]
  .text              ro code       0x1bbc    0xac  os_cfg_app.o [1]
  CODE               ro code       0x1c68    0x2a  cpu_a.o [1]
  .rodata            const         0x1c92     0x2  os_cfg_app.o [1]
  .text              ro code       0x1c94   0x348  OS_RecTaskServices.o [1]
  .text              ro code       0x1fdc   0x188  cpu_core.o [1]
  CODE               ro code       0x2164    0x84  os_cpu_a.o [1]
  .text              ro code       0x21e8    0x24  cpu_bsp.o [1]
  .text              ro code       0x220c    0x44  os_time.o [1]
  .text              ro code       0x2250   0x500  RBTree2.o [1]
  .text              ro code       0x2750   0x308  skiplist.o [1]
  .text              ro code       0x2a58   0x200  linkedList.o [1]
  .text              ro code       0x2c58     0x4  exit.o [2]
  .text              ro code       0x2c5c    0x60  lib_mem.o [1]
  .text              ro code       0x2cbc    0xa8  bsp.o [1]
  .text              ro code       0x2d64    0xa4  rand.o [2]
  .text              ro code       0x2e08    0x14  memset.o [4]
  .text              ro code       0x2e1c     0xa  cexit.o [4]
  .rodata            const         0x2e26     0x2  os_cfg_app.o [1]
  .text              ro code       0x2e28   0x414  sysctl.o [1]
  .text              ro code       0x323c   0x256  bsp_int.o [1]
  .rodata            const         0x3492     0x2  os_cfg_app.o [1]
  .text              ro code       0x3494   0x258  bsp_display.o [1]
  .text              ro code       0x36ec    0xa0  bsp_io.o [1]
  .text              ro code       0x378c   0x164  bsp_sensors.o [1]
  .text              ro code       0x38f0   0x208  bsp_motor.o [1]
  .text              ro code       0x3af8    0x66  ABImemset.o [4]
  .rodata            const         0x3b5e     0x2  os_dbg.o [1]
  .text              ro code       0x3b60    0x14  exit.o [5]
  .text              ro code       0x3b74   0x138  cpu_c.o [1]
  .text              ro code       0x3cac    0xc2  i2c.o [1]
  .rodata            const         0x3d6e     0x2  os_dbg.o [1]
  .text              ro code       0x3d70   0x360  gpio.o [1]
  .text              ro code       0x40d0    0xf2  pwm.o [1]
  .rodata            const         0x41c2     0x2  os_dbg.o [1]
  .text              ro code       0x41c4    0x30  iarttio.o [5]
  .text              ro code       0x41f4     0xc  XShttio.o [2]
  .text              ro code       0x4200   0x508  app.o [1]
  .rodata            const         0x4708    0x5c  sysctl.o [1]
  .rodata            const         0x4764    0x50  bsp_display.o [1]
  .rodata            const         0x47b4    0x48  gpio.o [1]
  .rodata            const         0x47fc    0x34  os_dbg.o [1]
  .rodata            const         0x4830    0x30  os_dbg.o [1]
  .rodata            const         0x4860    0x2c  os_dbg.o [1]
  .text              ro code       0x488c    0x2c  copy_init3.o [4]
  .rodata            const         0x48b8    0x28  os_dbg.o [1]
  .rodata            const         0x48e0    0x28  os_dbg.o [1]
  .text              ro code       0x4908    0x28  data_init.o [4]
  Initializer bytes  const         0x4930    0x24  <for P7-1>
  .iar.init_table    const         0x4954    0x24  - Linker created -
  .rodata            const         0x4978    0x20  os_dbg.o [1]
  .text              ro code       0x4998    0x1e  cmain.o [4]
  .text              ro code       0x49b6     0x4  low_level_init.o [2]
  .rodata            const         0x49ba     0x2  os_dbg.o [1]
  .rodata            const         0x49bc    0x18  os_tmr.o [1]
  .rodata            const         0x49d4    0x14  app.o [1]
  .rodata            const         0x49e8    0x14  app.o [1]
  .rodata            const         0x49fc    0x14  app.o [1]
  .rodata            const         0x4a10    0x14  os_core.o [1]
  .rodata            const         0x4a24    0x14  os_tick.o [1]
  .rodata            const         0x4a38    0x10  app.o [1]
  .rodata            const         0x4a48    0x10  app.o [1]
  .rodata            const         0x4a58    0x10  app.o [1]
  .rodata            const         0x4a68    0x10  app.o [1]
  .rodata            const         0x4a78     0xc  os_core.o [1]
  .rodata            const         0x4a84     0xc  sysctl.o [1]
  .rodata            const         0x4a90     0xc  sysctl.o [1]
  .text              ro code       0x4a9c     0xc  app_vect.o [1]
  .text              ro code       0x4aa8     0xc  cstartup_M.o [4]
  .rodata            const         0x4ab4     0x8  bsp_display.o [1]
  .rodata            const         0x4abc     0x8  bsp_display.o [1]
  .rodata            const         0x4ac4     0x8  os_core.o [1]
  .rodata            const         0x4acc     0x8  os_task.o [1]
  .rodata            const         0x4ad4     0x4  os_cfg_app.o [1]
  .rodata            const         0x4ad8     0x4  os_cfg_app.o [1]
  .rodata            const         0x4adc     0x4  os_cfg_app.o [1]
  .rodata            const         0x4ae0     0x4  os_cfg_app.o [1]
  .rodata            const         0x4ae4     0x4  os_cfg_app.o [1]
  .rodata            const         0x4ae8     0x4  os_cfg_app.o [1]
  .rodata            const         0x4aec     0x4  os_cfg_app.o [1]
  .rodata            const         0x4af0     0x4  os_cfg_app.o [1]
  .rodata            const         0x4af4     0x4  os_cfg_app.o [1]
  .rodata            const         0x4af8     0x4  os_cfg_app.o [1]
  .rodata            const         0x4afc     0x4  os_cfg_app.o [1]
  .rodata            const         0x4b00     0x4  os_cfg_app.o [1]
  .rodata            const         0x4b04     0x4  os_cfg_app.o [1]
  .rodata            const         0x4b08     0x4  os_cfg_app.o [1]
  .rodata            const         0x4b0c     0x4  os_cfg_app.o [1]
  .rodata            const         0x4b10     0x4  os_cfg_app.o [1]
  .rodata            const         0x4b14     0x4  os_cfg_app.o [1]
  .rodata            const         0x4b18     0x4  os_cfg_app.o [1]
  .rodata            const         0x4b1c     0x4  os_cfg_app.o [1]
  .rodata            const         0x4b20     0x4  os_cfg_app.o [1]
  .rodata            const         0x4b24     0x4  os_cfg_app.o [1]
  .rodata            const         0x4b28     0x4  os_cfg_app.o [1]
  .rodata            const         0x4b2c     0x4  os_cfg_app.o [1]
  .rodata            const         0x4b30     0x4  os_dbg.o [1]
  .rodata            const         0x4b34     0x4  os_dbg.o [1]
  .rodata            const         0x4b38     0x4  os_dbg.o [1]
  .rodata            const         0x4b3c     0x2  os_dbg.o [1]
  .rodata            const         0x4b3e     0x2  os_dbg.o [1]
  .rodata            const         0x4b40     0x2  os_dbg.o [1]
  .rodata            const         0x4b42     0x2  os_dbg.o [1]
  .rodata            const         0x4b44     0x2  os_dbg.o [1]
  .rodata            const         0x4b46     0x2  os_dbg.o [1]
  .rodata            const         0x4b48     0x2  os_dbg.o [1]
  .rodata            const         0x4b4a     0x2  os_dbg.o [1]
  .rodata            const         0x4b4c     0x2  os_dbg.o [1]
  .rodata            const         0x4b4e     0x2  os_dbg.o [1]
  .rodata            const         0x4b50     0x2  os_dbg.o [1]
  .rodata            const         0x4b52     0x2  os_dbg.o [1]
  .rodata            const         0x4b54     0x2  os_dbg.o [1]
  .rodata            const         0x4b56     0x2  os_dbg.o [1]
  .rodata            const         0x4b58     0x2  os_dbg.o [1]
  .rodata            const         0x4b5a     0x2  os_dbg.o [1]
  .rodata            const         0x4b5c     0x1  os_cfg_app.o [1]
  .rodata            const         0x4b5d     0x1  os_cfg_app.o [1]
  .rodata            const         0x4b5e     0x1  os_dbg.o [1]
  .rodata            const         0x4b5f     0x1  os_dbg.o [1]
  .rodata            const         0x4b60     0x1  os_dbg.o [1]
  .rodata            const         0x4b61     0x1  os_dbg.o [1]
  .rodata            const         0x4b62     0x1  os_dbg.o [1]
  .rodata            const         0x4b63     0x1  os_dbg.o [1]
  .rodata            const         0x4b64     0x1  os_dbg.o [1]
  .rodata            const         0x4b65     0x1  os_dbg.o [1]
  .rodata            const         0x4b66     0x1  os_dbg.o [1]
  .rodata            const         0x4b67     0x1  os_dbg.o [1]
  .rodata            const         0x4b68     0x1  os_dbg.o [1]
  .rodata            const         0x4b69     0x1  os_dbg.o [1]
  .rodata            const         0x4b6a     0x1  os_dbg.o [1]
  .rodata            const         0x4b6b     0x1  os_dbg.o [1]
  .rodata            const         0x4b6c     0x1  os_dbg.o [1]
  .rodata            const         0x4b6d     0x1  os_dbg.o [1]
  .rodata            const         0x4b6e     0x1  os_dbg.o [1]
  .rodata            const         0x4b6f     0x1  os_dbg.o [1]
  .rodata            const         0x4b70     0x1  os_dbg.o [1]
  .rodata            const         0x4b71     0x1  os_dbg.o [1]
  .rodata            const         0x4b72     0x1  os_dbg.o [1]
  .rodata            const         0x4b73     0x1  os_dbg.o [1]
  .rodata            const         0x4b74     0x1  os_dbg.o [1]
  .rodata            const         0x4b75     0x1  os_dbg.o [1]
  .rodata            const         0x4b76     0x1  os_dbg.o [1]
  .rodata            const         0x4b77     0x1  os_dbg.o [1]
  .rodata            const         0x4b78     0x1  os_dbg.o [1]
  .rodata            const         0x4b79     0x1  os_dbg.o [1]
  .rodata            const         0x4b7a     0x1  os_dbg.o [1]
  .rodata            const         0x4b7b     0x1  os_dbg.o [1]
  .rodata            const         0x4b7c     0x1  os_dbg.o [1]
  .rodata            const         0x4b7d     0x1  os_dbg.o [1]
  .rodata            const         0x4b7e     0x0  zero_init3.o [4]
  .rodata            const         0x4b7e     0x0  copy_init3.o [4]
                                 - 0x4b7e  0x4a62

"P7", part 1 of 3:                           0x24
  P7-1                        0x2000'0000    0x24  <Init block>
    .data            inited   0x2000'0000     0x4  app.o [1]
    .data            inited   0x2000'0004     0x4  app.o [1]
    .data            inited   0x2000'0008     0x4  app.o [1]
    .data            inited   0x2000'000c     0x4  app.o [1]
    .data            inited   0x2000'0010     0x4  app.o [1]
    .data            inited   0x2000'0014     0x8  rand.o [2]
    .data            inited   0x2000'001c     0x8  XShttio.o [2]
                            - 0x2000'0024    0x24

"P7", part 2 of 3:                         0x2f50
  .bss               zero     0x2000'0024   0xc00  app.o [1]
  .bss               zero     0x2000'0c24   0x640  os_cfg_app.o [1]
  .bss               zero     0x2000'1264   0x200  app.o [1]
  .bss               zero     0x2000'1464   0x200  app.o [1]
  .bss               zero     0x2000'1664   0x200  app.o [1]
  .bss               zero     0x2000'1864   0x200  app.o [1]
  .bss               zero     0x2000'1a64   0x200  app.o [1]
  .bss               zero     0x2000'1c64   0x200  app.o [1]
  .bss               zero     0x2000'1e64   0x200  os_cfg_app.o [1]
  .bss               zero     0x2000'2064   0x200  os_cfg_app.o [1]
  .bss               zero     0x2000'2264   0x200  os_cfg_app.o [1]
  .bss               zero     0x2000'2464   0x200  os_cfg_app.o [1]
  .bss               zero     0x2000'2664   0x118  bsp_int.o [1]
  .bss               zero     0x2000'277c    0xf0  os_var.o [1]
  .bss               zero     0x2000'286c    0x8c  app.o [1]
  .bss               zero     0x2000'28f8    0x8c  app.o [1]
  .bss               zero     0x2000'2984    0x8c  app.o [1]
  .bss               zero     0x2000'2a10    0x8c  app.o [1]
  .bss               zero     0x2000'2a9c    0x8c  app.o [1]
  .bss               zero     0x2000'2b28    0x8c  app.o [1]
  .bss               zero     0x2000'2bb4    0x8c  os_var.o [1]
  .bss               zero     0x2000'2c40    0x8c  os_var.o [1]
  .bss               zero     0x2000'2ccc    0x8c  os_var.o [1]
  .bss               zero     0x2000'2d58    0x84  rand.o [2]
  .bss               zero     0x2000'2ddc    0x68  os_cfg_app.o [1]
  .bss               zero     0x2000'2e44    0x68  os_cfg_app.o [1]
  .bss               zero     0x2000'2eac    0x20  app.o [1]
  .bss               zero     0x2000'2ecc    0x10  cpu_core.o [1]
  .bss               zero     0x2000'2edc     0x8  os_var.o [1]
  .bss               zero     0x2000'2ee4     0x4  bsp.o [1]
  .bss               zero     0x2000'2ee8     0x4  bsp_display.o [1]
  .bss               zero     0x2000'2eec     0x4  cpu_core.o [1]
  .bss               zero     0x2000'2ef0     0x4  cpu_core.o [1]
  .bss               zero     0x2000'2ef4     0x4  cpu_core.o [1]
  .bss               zero     0x2000'2ef8     0x4  cpu_core.o [1]
  .bss               zero     0x2000'2efc     0x4  cpu_core.o [1]
  .bss               zero     0x2000'2f00     0x4  cpu_core.o [1]
  .bss               zero     0x2000'2f04     0x4  os_cpu_c.o [1]
  .bss               zero     0x2000'2f08     0x4  os_prio.o [1]
  .bss               zero     0x2000'2f0c     0x4  os_var.o [1]
  .bss               zero     0x2000'2f10     0x4  os_var.o [1]
  .bss               zero     0x2000'2f14     0x4  os_var.o [1]
  .bss               zero     0x2000'2f18     0x4  os_var.o [1]
  .bss               zero     0x2000'2f1c     0x4  os_var.o [1]
  .bss               zero     0x2000'2f20     0x4  os_var.o [1]
  .bss               zero     0x2000'2f24     0x4  os_var.o [1]
  .bss               zero     0x2000'2f28     0x4  os_var.o [1]
  .bss               zero     0x2000'2f2c     0x4  os_var.o [1]
  .bss               zero     0x2000'2f30     0x4  os_var.o [1]
  .bss               zero     0x2000'2f34     0x4  os_var.o [1]
  .bss               zero     0x2000'2f38     0x4  os_var.o [1]
  .bss               zero     0x2000'2f3c     0x4  os_var.o [1]
  .bss               zero     0x2000'2f40     0x4  os_var.o [1]
  .bss               zero     0x2000'2f44     0x4  os_var.o [1]
  .bss               zero     0x2000'2f48     0x4  os_var.o [1]
  .bss               zero     0x2000'2f4c     0x4  os_var.o [1]
  .bss               zero     0x2000'2f50     0x4  os_var.o [1]
  .bss               zero     0x2000'2f54     0x4  RBTree2.o [1]
  .bss               zero     0x2000'2f58     0x4  skiplist.o [1]
  .bss               zero     0x2000'2f5c     0x2  cpu_core.o [1]
  .bss               zero     0x2000'2f5e     0x2  cpu_core.o [1]
  .bss               zero     0x2000'2f60     0x2  os_var.o [1]
  .bss               zero     0x2000'2f62     0x2  os_var.o [1]
  .bss               zero     0x2000'2f64     0x2  os_var.o [1]
  .bss               zero     0x2000'2f66     0x2  os_var.o [1]
  .bss               zero     0x2000'2f68     0x1  app.o [1]
  .bss               zero     0x2000'2f69     0x1  app.o [1]
  .bss               zero     0x2000'2f6a     0x1  app.o [1]
  .bss               zero     0x2000'2f6b     0x1  app.o [1]
  .bss               zero     0x2000'2f6c     0x1  app.o [1]
  .bss               zero     0x2000'2f6d     0x1  os_var.o [1]
  .bss               zero     0x2000'2f6e     0x1  os_var.o [1]
  .bss               zero     0x2000'2f6f     0x1  os_var.o [1]
  .bss               zero     0x2000'2f70     0x1  os_var.o [1]
  .bss               zero     0x2000'2f71     0x1  os_var.o [1]
                            - 0x2000'2f72  0x2f4e

"P7", part 3 of 3:                          0x400
  CSTACK                      0x2000'2f78   0x400  <Block>
    CSTACK           uninit   0x2000'2f78   0x400  <Block tail>
                            - 0x2000'3378   0x400

Unused ranges:

         From           To      Size
         ----           --      ----
       0x4b7e     0x3'ffff  0x3'b482
  0x2000'2f74  0x2000'2f77       0x4
  0x2000'3378  0x2001'7fff  0x1'4c88


*******************************************************************************
*** INIT TABLE
***

          Address      Size
          -------      ----
Zero (__iar_zero_init3)
    1 destination range, total size 0x2f4e:
          0x2000'0024  0x2f4e

Copy (__iar_copy_init3)
    1 source range, total size 0x24:
               0x4930    0x24
    1 destination range, total size 0x24:
          0x2000'0000    0x24



*******************************************************************************
*** MODULE SUMMARY
***

    Module                ro code  ro data  rw data
    ------                -------  -------  -------
command line/config:
    -----------------------------------------------
    Total:

C:\Users\ahj\Desktop\CE4057\Source_Code_CE4057\ce4053\Micrium\Software\EvalBoards\TI\LM3S9B92-EVALBOT\IAR\uCOS-III-CE4053_PG\Flash\Obj: [1]
    OS_RecTaskServices.o      840
    RBTree2.o               1 280                 4
    app.o                   1 288      144    7 041
    app_vect.o                 12      284
    bsp.o                     168                 4
    bsp_display.o             600       96        4
    bsp_int.o                 598               280
    bsp_io.o                  160
    bsp_motor.o               520
    bsp_sensors.o             356
    cpu_a.o                    42
    cpu_bsp.o                  36
    cpu_c.o                   312
    cpu_core.o                392                44
    gpio.o                    864       72
    i2c.o                     194
    lib_mem.o                  96
    linkedList.o              512
    os_cfg_app.o              172      100    3 856
    os_core.o               2 158       40
    os_cpu_a.o                132
    os_cpu_c.o                320                 4
    os_dbg.o                  368      340
    os_mem.o                  368
    os_msg.o                  196
    os_mutex.o                 28
    os_prio.o                 144                 4
    os_q.o                     28
    os_task.o               1 444        8
    os_tick.o                 972       20
    os_time.o                  68
    os_tmr.o                  732       24
    os_var.o                                    753
    pwm.o                     242
    skiplist.o                776                 4
    sysctl.o                1 044      116
    -----------------------------------------------
    Total:                 17 462    1 244   11 998

dl7M_tlf.a: [2]
    XShttio.o                  12        8        8
    exit.o                      4
    low_level_init.o            4
    rand.o                    164        8      140
    -----------------------------------------------
    Total:                    184       16      148

m7M_tl.a: [3]
    -----------------------------------------------
    Total:

rt7M_tl.a: [4]
    ABImemset.o               102
    cexit.o                    10
    cmain.o                    30
    copy_init3.o               44
    cstartup_M.o               12
    data_init.o                40
    memset.o                   20
    zero_init3.o               58
    -----------------------------------------------
    Total:                    316

shb_l.a: [5]
    exit.o                     20
    iarttio.o                  48
    -----------------------------------------------
    Total:                     68

    Linker created                      36    1 024
---------------------------------------------------
    Grand Total:           18 030    1 296   13 170


*******************************************************************************
*** ENTRY LIST
***

Entry                       Address   Size  Type      Object
-----                       -------   ----  ----      ------
.iar.init_table$$Base        0x4954          --   Gb  - Linker created -
.iar.init_table$$Limit       0x4978          --   Gb  - Linker created -
?main                        0x4999         Code  Gb  cmain.o [4]
AppRobotMotorDriveSensorEnable
                             0x44db   0x20  Code  Lc  app.o [1]
AppTaskBackwardStk      0x2000'1864  0x200  Data  Lc  app.o [1]
AppTaskBackwardTCB      0x2000'2a10   0x8c  Data  Lc  app.o [1]
AppTaskBlinkStk         0x2000'1464  0x200  Data  Lc  app.o [1]
AppTaskBlinkTCB         0x2000'28f8   0x8c  Data  Lc  app.o [1]
AppTaskForwardStk       0x2000'1664  0x200  Data  Lc  app.o [1]
AppTaskForwardTCB       0x2000'2984   0x8c  Data  Lc  app.o [1]
AppTaskLeftStk          0x2000'1a64  0x200  Data  Lc  app.o [1]
AppTaskLeftTCB          0x2000'2a9c   0x8c  Data  Lc  app.o [1]
AppTaskRightStk         0x2000'1c64  0x200  Data  Lc  app.o [1]
AppTaskRightTCB         0x2000'2b28   0x8c  Data  Lc  app.o [1]
AppTaskStart                 0x4311  0x13c  Code  Lc  app.o [1]
AppTaskStartStk         0x2000'1264  0x200  Data  Lc  app.o [1]
AppTaskStartTCB         0x2000'286c   0x8c  Data  Lc  app.o [1]
App_BusFault_ISR             0x4aa1    0x2  Code  Lc  app_vect.o [1]
App_Fault_ISR                0x4a9f    0x2  Code  Lc  app_vect.o [1]
App_MemFault_ISR             0x4aa5    0x2  Code  Lc  app_vect.o [1]
App_NMI_ISR                  0x4a9d    0x2  Code  Lc  app_vect.o [1]
App_Spurious_ISR             0x4aa7    0x2  Code  Lc  app_vect.o [1]
App_UsageFault_ISR           0x4aa3    0x2  Code  Lc  app_vect.o [1]
BSP_BumpSensorsInit          0x378d   0x1a  Code  Gb  bsp_sensors.o [1]
BSP_CPUClkFreq               0x2d21   0x12  Code  Gb  bsp.o [1]
BSP_CPU_ClkFreq_MHz     0x2000'2ee4    0x4  Data  Gb  bsp.o [1]
BSP_DisplayClear             0x356b   0x4c  Code  Gb  bsp_display.o [1]
BSP_DisplayInit              0x35ed   0xd2  Code  Gb  bsp_display.o [1]
BSP_DisplayOn                0x35b7   0x36  Code  Gb  bsp_display.o [1]
BSP_DisplayWriteArray        0x34ed   0x3e  Code  Lc  bsp_display.o [1]
BSP_DisplayWriteByte         0x34bb   0x32  Code  Lc  bsp_display.o [1]
BSP_DisplayWriteFinal        0x352b   0x40  Code  Lc  bsp_display.o [1]
BSP_DisplayWriteFirst        0x3495   0x26  Code  Lc  bsp_display.o [1]
BSP_Init                     0x2cbd   0x64  Code  Gb  bsp.o [1]
BSP_IntDisAll                0x323d    0x8  Code  Gb  bsp_int.o [1]
BSP_IntEn                    0x3245   0x10  Code  Gb  bsp_int.o [1]
BSP_IntHandler               0x346b   0x20  Code  Lc  bsp_int.o [1]
BSP_IntHandlerADC0           0x32ef    0xa  Code  Gb  bsp_int.o [1]
BSP_IntHandlerADC1           0x32f9    0xa  Code  Gb  bsp_int.o [1]
BSP_IntHandlerADC1_0         0x3425    0xa  Code  Gb  bsp_int.o [1]
BSP_IntHandlerADC1_1         0x342f    0xa  Code  Gb  bsp_int.o [1]
BSP_IntHandlerADC1_2         0x3439    0xa  Code  Gb  bsp_int.o [1]
BSP_IntHandlerADC1_3         0x3443    0xa  Code  Gb  bsp_int.o [1]
BSP_IntHandlerADC2           0x3303    0xa  Code  Gb  bsp_int.o [1]
BSP_IntHandlerADC3           0x330d    0xa  Code  Gb  bsp_int.o [1]
BSP_IntHandlerCAN0           0x33df    0xa  Code  Gb  bsp_int.o [1]
BSP_IntHandlerCAN1           0x33e9    0xa  Code  Gb  bsp_int.o [1]
BSP_IntHandlerCOMP0          0x335d    0xa  Code  Gb  bsp_int.o [1]
BSP_IntHandlerCOMP1          0x3367    0xa  Code  Gb  bsp_int.o [1]
BSP_IntHandlerCOMP2          0x3371    0xa  Code  Gb  bsp_int.o [1]
BSP_IntHandlerDummy          0x3491    0x2  Code  Lc  bsp_int.o [1]
BSP_IntHandlerEPI            0x3457    0xa  Code  Gb  bsp_int.o [1]
BSP_IntHandlerETH            0x33f3    0xa  Code  Gb  bsp_int.o [1]
BSP_IntHandlerFLASH          0x3385    0xa  Code  Gb  bsp_int.o [1]
BSP_IntHandlerGPIOA          0x3295    0xa  Code  Gb  bsp_int.o [1]
BSP_IntHandlerGPIOB          0x329f    0xa  Code  Gb  bsp_int.o [1]
BSP_IntHandlerGPIOC          0x32a9    0xa  Code  Gb  bsp_int.o [1]
BSP_IntHandlerGPIOD          0x32b3    0xa  Code  Gb  bsp_int.o [1]
BSP_IntHandlerGPIOE          0x32bd    0xa  Code  Gb  bsp_int.o [1]
BSP_IntHandlerGPIOF          0x338f    0xa  Code  Gb  bsp_int.o [1]
BSP_IntHandlerGPIOG          0x3399    0xa  Code  Gb  bsp_int.o [1]
BSP_IntHandlerGPIOH          0x33a3    0xa  Code  Gb  bsp_int.o [1]
BSP_IntHandlerGPIOJ          0x3461    0xa  Code  Gb  bsp_int.o [1]
BSP_IntHandlerHIBERNATE
                             0x33fd    0xa  Code  Gb  bsp_int.o [1]
BSP_IntHandlerI2C0           0x32e5    0xa  Code  Gb  bsp_int.o [1]
BSP_IntHandlerI2C1           0x33d5    0xa  Code  Gb  bsp_int.o [1]
BSP_IntHandlerI2S0           0x344d    0xa  Code  Gb  bsp_int.o [1]
BSP_IntHandlerSSI0           0x32db    0xa  Code  Gb  bsp_int.o [1]
BSP_IntHandlerSSI1           0x33b7    0xa  Code  Gb  bsp_int.o [1]
BSP_IntHandlerSYSCTL         0x337b    0xa  Code  Gb  bsp_int.o [1]
BSP_IntHandlerTIMER0A        0x3321    0xa  Code  Gb  bsp_int.o [1]
BSP_IntHandlerTIMER0B        0x332b    0xa  Code  Gb  bsp_int.o [1]
BSP_IntHandlerTIMER1A        0x3335    0xa  Code  Gb  bsp_int.o [1]
BSP_IntHandlerTIMER1B        0x333f    0xa  Code  Gb  bsp_int.o [1]
BSP_IntHandlerTIMER2A        0x3349    0xa  Code  Gb  bsp_int.o [1]
BSP_IntHandlerTIMER2B        0x3353    0xa  Code  Gb  bsp_int.o [1]
BSP_IntHandlerTIMER3A        0x33c1    0xa  Code  Gb  bsp_int.o [1]
BSP_IntHandlerTIMER3B        0x33cb    0xa  Code  Gb  bsp_int.o [1]
BSP_IntHandlerUART0          0x32c7    0xa  Code  Gb  bsp_int.o [1]
BSP_IntHandlerUART1          0x32d1    0xa  Code  Gb  bsp_int.o [1]
BSP_IntHandlerUART2          0x33ad    0xa  Code  Gb  bsp_int.o [1]
BSP_IntHandlerUDMA_ERR       0x341b    0xa  Code  Gb  bsp_int.o [1]
BSP_IntHandlerUDMA_SW        0x3411    0xa  Code  Gb  bsp_int.o [1]
BSP_IntHandlerUSB            0x3407    0xa  Code  Gb  bsp_int.o [1]
BSP_IntHandlerWATCHDOG       0x3317    0xa  Code  Gb  bsp_int.o [1]
BSP_IntInit                  0x327d   0x18  Code  Gb  bsp_int.o [1]
BSP_IntVectSet               0x3255   0x28  Code  Gb  bsp_int.o [1]
BSP_IntVectTbl          0x2000'2664  0x118  Data  Lc  bsp_int.o [1]
BSP_LED_Off                  0x374f   0x36  Code  Gb  bsp_io.o [1]
BSP_LED_On                   0x3719   0x36  Code  Gb  bsp_io.o [1]
BSP_LEDsInit                 0x3707   0x12  Code  Gb  bsp_io.o [1]
BSP_MotorDir                 0x39d3   0x44  Code  Gb  bsp_motor.o [1]
BSP_MotorRun                 0x3a17   0x1c  Code  Gb  bsp_motor.o [1]
BSP_MotorSpeed               0x3a67   0x7e  Code  Gb  bsp_motor.o [1]
BSP_MotorStop                0x3a33   0x34  Code  Gb  bsp_motor.o [1]
BSP_MotorsInit               0x38f1   0xe2  Code  Gb  bsp_motor.o [1]
BSP_PushButtonsInit          0x36ed   0x1a  Code  Gb  bsp_io.o [1]
BSP_WheelSensorEnable        0x384f    0xe  Code  Gb  bsp_sensors.o [1]
BSP_WheelSensorIntEnable
                             0x385d   0x86  Code  Gb  bsp_sensors.o [1]
BSP_WheelSensorsInit         0x37a7   0xa8  Code  Gb  bsp_sensors.o [1]
CPU_CntLeadZeros             0x1c7f         Code  Gb  cpu_a.o [1]
CPU_Init                     0x1fdd   0x10  Code  Gb  cpu_core.o [1]
CPU_IntDis                   0x1c69         Code  Gb  cpu_a.o [1]
CPU_IntDisMeasCtr       0x2000'2f5c    0x2  Data  Gb  cpu_core.o [1]
CPU_IntDisMeasInit           0x20b7   0x78  Code  Lc  cpu_core.o [1]
CPU_IntDisMeasMaxCalc        0x212f   0x12  Code  Lc  cpu_core.o [1]
CPU_IntDisMeasMaxCurGet
                             0x2031   0x18  Code  Gb  cpu_core.o [1]
CPU_IntDisMeasMaxCurReset
                             0x2015   0x1c  Code  Gb  cpu_core.o [1]
CPU_IntDisMeasMaxCur_cnts
                        0x2000'2efc    0x4  Data  Gb  cpu_core.o [1]
CPU_IntDisMeasMax_cnts  0x2000'2f00    0x4  Data  Gb  cpu_core.o [1]
CPU_IntDisMeasOvrhd_cnts
                        0x2000'2ef8    0x4  Data  Gb  cpu_core.o [1]
CPU_IntDisMeasStart          0x2049   0x22  Code  Gb  cpu_core.o [1]
CPU_IntDisMeasStart_cnts
                        0x2000'2ef0    0x4  Data  Gb  cpu_core.o [1]
CPU_IntDisMeasStop           0x206b   0x36  Code  Gb  cpu_core.o [1]
CPU_IntDisMeasStop_cnts
                        0x2000'2ef4    0x4  Data  Gb  cpu_core.o [1]
CPU_IntDisNestCtr       0x2000'2f5e    0x2  Data  Gb  cpu_core.o [1]
CPU_IntEn                    0x1c6d         Code  Gb  cpu_a.o [1]
CPU_IntSrcEn                 0x3b75  0x126  Code  Gb  cpu_c.o [1]
CPU_Name                0x2000'2ecc   0x10  Data  Gb  cpu_core.o [1]
CPU_NameClr                  0x1fed   0x22  Code  Gb  cpu_core.o [1]
CPU_NameInit                 0x20a1    0x8  Code  Lc  cpu_core.o [1]
CPU_RevBits                  0x1c85         Code  Gb  cpu_a.o [1]
CPU_SR_Restore               0x1c79         Code  Gb  cpu_a.o [1]
CPU_SR_Save                  0x1c71         Code  Gb  cpu_a.o [1]
CPU_TS_Init                  0x20a9    0xe  Code  Lc  cpu_core.o [1]
CPU_TS_TmrFreqSet            0x200f    0x6  Code  Gb  cpu_core.o [1]
CPU_TS_TmrFreq_Hz       0x2000'2eec    0x4  Data  Gb  cpu_core.o [1]
CPU_TS_TmrInit               0x21e9   0x16  Code  Gb  cpu_bsp.o [1]
CPU_TS_TmrRd                 0x21ff    0x6  Code  Gb  cpu_bsp.o [1]
CPU_WaitForExcept            0x1c8f         Code  Gb  cpu_a.o [1]
CPU_WaitForInt               0x1c8b         Code  Gb  cpu_a.o [1]
CSTACK$$Base            0x2000'2f78          --   Gb  - Linker created -
CSTACK$$Limit           0x2000'3378          --   Gb  - Linker created -
CommMem2                0x2000'2eac   0x20  Data  Gb  app.o [1]
GPIODirModeSet               0x3d71   0x52  Code  Gb  gpio.o [1]
GPIOIntTypeSet               0x3dc3   0x78  Code  Gb  gpio.o [1]
GPIOPadConfigSet             0x3e3b  0x15c  Code  Gb  gpio.o [1]
GPIOPinConfigure             0x407f   0x46  Code  Gb  gpio.o [1]
GPIOPinIntClear              0x3fd7    0xc  Code  Gb  gpio.o [1]
GPIOPinIntDisable            0x3fab   0x14  Code  Gb  gpio.o [1]
GPIOPinIntEnable             0x3f97   0x14  Code  Gb  gpio.o [1]
GPIOPinIntStatus             0x3fbf   0x18  Code  Gb  gpio.o [1]
GPIOPinTypeGPIOInput         0x3ff7   0x22  Code  Gb  gpio.o [1]
GPIOPinTypeGPIOOutput        0x4019   0x22  Code  Gb  gpio.o [1]
GPIOPinTypeI2C               0x403b   0x22  Code  Gb  gpio.o [1]
GPIOPinTypePWM               0x405d   0x22  Code  Gb  gpio.o [1]
GPIOPinWrite                 0x3fe3   0x14  Code  Gb  gpio.o [1]
I2CMasterControl             0x3d3d    0x6  Code  Gb  i2c.o [1]
I2CMasterDataPut             0x3d63    0xc  Code  Gb  i2c.o [1]
I2CMasterEnable              0x3ce3   0x12  Code  Gb  i2c.o [1]
I2CMasterErr                 0x3d43   0x20  Code  Gb  i2c.o [1]
I2CMasterInitExpClk          0x3cad   0x36  Code  Gb  i2c.o [1]
I2CMasterIntStatus           0x3cf5   0x2c  Code  Gb  i2c.o [1]
I2CMasterSlaveAddrSet        0x3d29   0x14  Code  Gb  i2c.o [1]
IntWheelSensor               0x44fd   0xbc  Code  Gb  app.o [1]
IntWheelSensor::CountL  0x2000'2f6a    0x1  Data  Lc  app.o [1]
IntWheelSensor::CountR  0x2000'2f6b    0x1  Data  Lc  app.o [1]
IntWheelSensor::data    0x2000'2f6c    0x1  Data  Lc  app.o [1]
LEDBlink                     0x444d   0x30  Code  Lc  app.o [1]
Left_tgt                0x2000'2f68    0x1  Data  Gb  app.o [1]
Mem_Clr                      0x2c5d    0xc  Code  Gb  lib_mem.o [1]
Mem_Set                      0x2c69   0x54  Code  Gb  lib_mem.o [1]
OSCfg_DataSizeRAM            0x4b2c    0x4  Data  Gb  os_cfg_app.o [1]
OSCfg_ISRStk            0x2000'2064  0x200  Data  Gb  os_cfg_app.o [1]
OSCfg_ISRStkBasePtr          0x4ae4    0x4  Data  Gb  os_cfg_app.o [1]
OSCfg_ISRStkSize             0x4ae8    0x4  Data  Gb  os_cfg_app.o [1]
OSCfg_ISRStkSizeRAM          0x4aec    0x4  Data  Gb  os_cfg_app.o [1]
OSCfg_IdleTaskStk       0x2000'1e64  0x200  Data  Gb  os_cfg_app.o [1]
OSCfg_IdleTaskStkBasePtr
                             0x4ad4    0x4  Data  Gb  os_cfg_app.o [1]
OSCfg_IdleTaskStkLimit       0x4ad8    0x4  Data  Gb  os_cfg_app.o [1]
OSCfg_IdleTaskStkSize        0x4adc    0x4  Data  Gb  os_cfg_app.o [1]
OSCfg_IdleTaskStkSizeRAM
                             0x4ae0    0x4  Data  Gb  os_cfg_app.o [1]
OSCfg_Init                   0x1bbd   0xac  Code  Gb  os_cfg_app.o [1]
OSCfg_MsgPool           0x2000'0c24  0x640  Data  Gb  os_cfg_app.o [1]
OSCfg_MsgPoolBasePtr         0x4af4    0x4  Data  Gb  os_cfg_app.o [1]
OSCfg_MsgPoolSize            0x1c92    0x2  Data  Gb  os_cfg_app.o [1]
OSCfg_MsgPoolSizeRAM         0x4af0    0x4  Data  Gb  os_cfg_app.o [1]
OSCfg_StkSizeMin             0x4af8    0x4  Data  Gb  os_cfg_app.o [1]
OSCfg_TickRate_Hz            0x4afc    0x4  Data  Gb  os_cfg_app.o [1]
OSCfg_TickTaskPrio           0x4b5c    0x1  Data  Gb  os_cfg_app.o [1]
OSCfg_TickTaskStk       0x2000'2264  0x200  Data  Gb  os_cfg_app.o [1]
OSCfg_TickTaskStkBasePtr
                             0x4b00    0x4  Data  Gb  os_cfg_app.o [1]
OSCfg_TickTaskStkLimit       0x4b04    0x4  Data  Gb  os_cfg_app.o [1]
OSCfg_TickTaskStkSize        0x4b08    0x4  Data  Gb  os_cfg_app.o [1]
OSCfg_TickTaskStkSizeRAM
                             0x4b0c    0x4  Data  Gb  os_cfg_app.o [1]
OSCfg_TickWheel         0x2000'2ddc   0x68  Data  Gb  os_cfg_app.o [1]
OSCfg_TickWheelSize          0x2e26    0x2  Data  Gb  os_cfg_app.o [1]
OSCfg_TickWheelSizeRAM       0x4b10    0x4  Data  Gb  os_cfg_app.o [1]
OSCfg_TmrTaskPrio            0x4b5d    0x1  Data  Gb  os_cfg_app.o [1]
OSCfg_TmrTaskRate_Hz         0x4b14    0x4  Data  Gb  os_cfg_app.o [1]
OSCfg_TmrTaskStk        0x2000'2464  0x200  Data  Gb  os_cfg_app.o [1]
OSCfg_TmrTaskStkBasePtr
                             0x4b18    0x4  Data  Gb  os_cfg_app.o [1]
OSCfg_TmrTaskStkLimit        0x4b1c    0x4  Data  Gb  os_cfg_app.o [1]
OSCfg_TmrTaskStkSize         0x4b20    0x4  Data  Gb  os_cfg_app.o [1]
OSCfg_TmrTaskStkSizeRAM
                             0x4b24    0x4  Data  Gb  os_cfg_app.o [1]
OSCfg_TmrWheel          0x2000'2e44   0x68  Data  Gb  os_cfg_app.o [1]
OSCfg_TmrWheelSize           0x3492    0x2  Data  Gb  os_cfg_app.o [1]
OSCfg_TmrWheelSizeRAM        0x4b28    0x4  Data  Gb  os_cfg_app.o [1]
OSDbg_AppHooksEn             0x4b5f    0x1  Data  Gb  os_dbg.o [1]
OSDbg_ArgChkEn               0x4b5e    0x1  Data  Gb  os_dbg.o [1]
OSDbg_CalledFromISRChkEn
                             0x4b60    0x1  Data  Gb  os_dbg.o [1]
OSDbg_DataSize               0x4b38    0x4  Data  Gb  os_dbg.o [1]
OSDbg_DbgEn                  0x3b5e    0x2  Data  Gb  os_dbg.o [1]
OSDbg_EndiannessTest         0x4b30    0x4  Data  Gb  os_dbg.o [1]
OSDbg_FlagEn                 0x4b61    0x1  Data  Gb  os_dbg.o [1]
OSDbg_FlagGrp                0x48b8   0x28  Data  Gb  os_dbg.o [1]
OSDbg_ISRPostDeferredEn
                             0x4b62    0x1  Data  Gb  os_dbg.o [1]
OSDbg_Mem                    0x4978   0x20  Data  Gb  os_dbg.o [1]
OSDbg_MemEn                  0x4b63    0x1  Data  Gb  os_dbg.o [1]
OSDbg_MemSize                0x3d6e    0x2  Data  Gb  os_dbg.o [1]
OSDbg_MsgEn                  0x4b64    0x1  Data  Gb  os_dbg.o [1]
OSDbg_MsgPoolSize            0x49ba    0x2  Data  Gb  os_dbg.o [1]
OSDbg_MsgQSize               0x4b3c    0x2  Data  Gb  os_dbg.o [1]
OSDbg_MsgSize                0x41c2    0x2  Data  Gb  os_dbg.o [1]
OSDbg_Mutex                  0x4860   0x2c  Data  Gb  os_dbg.o [1]
OSDbg_MutexDelEn             0x4b66    0x1  Data  Gb  os_dbg.o [1]
OSDbg_MutexEn                0x4b65    0x1  Data  Gb  os_dbg.o [1]
OSDbg_MutexPendAbortEn       0x4b67    0x1  Data  Gb  os_dbg.o [1]
OSDbg_MutexSize              0x4b3e    0x2  Data  Gb  os_dbg.o [1]
OSDbg_ObjTypeChkEn           0x4b68    0x1  Data  Gb  os_dbg.o [1]
OSDbg_PendDataSize           0x4b40    0x2  Data  Gb  os_dbg.o [1]
OSDbg_PendListSize           0x4b42    0x2  Data  Gb  os_dbg.o [1]
OSDbg_PendMultiEn            0x4b69    0x1  Data  Gb  os_dbg.o [1]
OSDbg_PendObjSize            0x4b44    0x2  Data  Gb  os_dbg.o [1]
OSDbg_PrioMax                0x4b46    0x2  Data  Gb  os_dbg.o [1]
OSDbg_PrioTblSize            0x4b48    0x2  Data  Gb  os_dbg.o [1]
OSDbg_PtrSize                0x4b4a    0x2  Data  Gb  os_dbg.o [1]
OSDbg_Q                      0x4830   0x30  Data  Gb  os_dbg.o [1]
OSDbg_QDelEn                 0x4b6b    0x1  Data  Gb  os_dbg.o [1]
OSDbg_QEn                    0x4b6a    0x1  Data  Gb  os_dbg.o [1]
OSDbg_QFlushEn               0x4b6c    0x1  Data  Gb  os_dbg.o [1]
OSDbg_QPendAbortEn           0x4b6d    0x1  Data  Gb  os_dbg.o [1]
OSDbg_QSize                  0x4b4c    0x2  Data  Gb  os_dbg.o [1]
OSDbg_RdyList                0x4b4e    0x2  Data  Gb  os_dbg.o [1]
OSDbg_RdyListSize            0x4b34    0x4  Data  Gb  os_dbg.o [1]
OSDbg_SchedRoundRobinEn
                             0x4b6e    0x1  Data  Gb  os_dbg.o [1]
OSDbg_Sem                    0x48e0   0x28  Data  Gb  os_dbg.o [1]
OSDbg_SemEn                  0x4b6f    0x1  Data  Gb  os_dbg.o [1]
OSDbg_StatTaskEn             0x4b71    0x1  Data  Gb  os_dbg.o [1]
OSDbg_StatTaskStkChkEn       0x4b72    0x1  Data  Gb  os_dbg.o [1]
OSDbg_StkWidth               0x4b70    0x1  Data  Gb  os_dbg.o [1]
OSDbg_TCBSize                0x4b52    0x2  Data  Gb  os_dbg.o [1]
OSDbg_TaskChangePrioEn       0x4b73    0x1  Data  Gb  os_dbg.o [1]
OSDbg_TaskDelEn              0x4b74    0x1  Data  Gb  os_dbg.o [1]
OSDbg_TaskProfileEn          0x4b77    0x1  Data  Gb  os_dbg.o [1]
OSDbg_TaskQEn                0x4b75    0x1  Data  Gb  os_dbg.o [1]
OSDbg_TaskQPendAbortEn       0x4b76    0x1  Data  Gb  os_dbg.o [1]
OSDbg_TaskRegTblSize         0x4b50    0x2  Data  Gb  os_dbg.o [1]
OSDbg_TaskSemPendAbortEn
                             0x4b78    0x1  Data  Gb  os_dbg.o [1]
OSDbg_TaskSuspendEn          0x4b79    0x1  Data  Gb  os_dbg.o [1]
OSDbg_TickSpokeSize          0x4b54    0x2  Data  Gb  os_dbg.o [1]
OSDbg_TimeDlyHMSMEn          0x4b7a    0x1  Data  Gb  os_dbg.o [1]
OSDbg_TimeDlyResumeEn        0x4b7b    0x1  Data  Gb  os_dbg.o [1]
OSDbg_Tmr                    0x47fc   0x34  Data  Gb  os_dbg.o [1]
OSDbg_TmrDelEn               0x4b7d    0x1  Data  Gb  os_dbg.o [1]
OSDbg_TmrEn                  0x4b7c    0x1  Data  Gb  os_dbg.o [1]
OSDbg_TmrSize                0x4b56    0x2  Data  Gb  os_dbg.o [1]
OSDbg_TmrSpokeSize           0x4b58    0x2  Data  Gb  os_dbg.o [1]
OSDbg_VersionNbr             0x4b5a    0x2  Data  Gb  os_dbg.o [1]
OSIdleTaskCtr           0x2000'2f0c    0x4  Data  Gb  os_var.o [1]
OSIdleTaskHook                0x9c5    0x2  Code  Gb  os_cpu_c.o [1]
OSIdleTaskTCB           0x2000'2bb4   0x8c  Data  Gb  os_var.o [1]
OSInit                        0x11d   0xce  Code  Gb  os_core.o [1]
OSInitHook                    0x9c7   0x14  Code  Gb  os_cpu_c.o [1]
OSIntEnter                    0x1eb   0x1c  Code  Gb  os_core.o [1]
OSIntExit                     0x207   0x98  Code  Gb  os_core.o [1]
OSIntNestingCtr         0x2000'2f6d    0x1  Data  Gb  os_var.o [1]
OSMemCreate                  0x1505   0x9a  Code  Gb  os_mem.o [1]
OSMemDbgListPtr         0x2000'2f10    0x4  Data  Gb  os_var.o [1]
OSMemGet                     0x159f   0x4a  Code  Gb  os_mem.o [1]
OSMemPut                     0x15e9   0x4a  Code  Gb  os_mem.o [1]
OSMemQty                0x2000'2f60    0x2  Data  Gb  os_var.o [1]
OSMsgPool               0x2000'2edc    0x8  Data  Gb  os_var.o [1]
OSMutexDbgListPtr       0x2000'2f14    0x4  Data  Gb  os_var.o [1]
OSMutexQty              0x2000'2f62    0x2  Data  Gb  os_var.o [1]
OSPrioCur               0x2000'2f6f    0x1  Data  Gb  os_var.o [1]
OSPrioHighRdy           0x2000'2f70    0x1  Data  Gb  os_var.o [1]
OSPrioTbl               0x2000'2f08    0x4  Data  Gb  os_prio.o [1]
OSQDbgListPtr           0x2000'2f18    0x4  Data  Gb  os_var.o [1]
OSQQty                  0x2000'2f64    0x2  Data  Gb  os_var.o [1]
OSRdyList               0x2000'277c   0xf0  Data  Gb  os_var.o [1]
OSRunning               0x2000'2f6e    0x1  Data  Gb  os_var.o [1]
OSSched                       0x29f   0x7a  Code  Gb  os_core.o [1]
OSSchedLock                   0x319   0x60  Code  Gb  os_core.o [1]
OSSchedLockNestingCtr   0x2000'2f71    0x1  Data  Gb  os_var.o [1]
OSSchedLockTimeBegin    0x2000'2f1c    0x4  Data  Gb  os_var.o [1]
OSSchedLockTimeMax      0x2000'2f20    0x4  Data  Gb  os_var.o [1]
OSSchedLockTimeMaxCur   0x2000'2f24    0x4  Data  Gb  os_var.o [1]
OSSchedUnlock                 0x379   0x7c  Code  Gb  os_core.o [1]
OSStart                       0x3f5   0x52  Code  Gb  os_core.o [1]
OSStartHighRdy               0x2165         Code  Gb  os_cpu_a.o [1]
OSTCBCurPtr             0x2000'2f4c    0x4  Data  Gb  os_var.o [1]
OSTCBHighRdyPtr         0x2000'2f50    0x4  Data  Gb  os_var.o [1]
OSTaskCreate                  0xb95  0x120  Code  Gb  os_task.o [1]
OSTaskCreateHook              0x9db    0x2  Code  Gb  os_cpu_c.o [1]
OSTaskCreateRecursive        0x1c95  0x162  Code  Gb  OS_RecTaskServices.o [1]
OSTaskCtxSwCtr          0x2000'2f28    0x4  Data  Gb  os_var.o [1]
OSTaskDbgListPtr        0x2000'2f2c    0x4  Data  Gb  os_var.o [1]
OSTaskDel                     0xcb5   0xfe  Code  Gb  os_task.o [1]
OSTaskDelHook                 0x9dd    0x2  Code  Gb  os_cpu_c.o [1]
OSTaskDelRecursive           0x1df7   0xe2  Code  Gb  OS_RecTaskServices.o [1]
OSTaskQty               0x2000'2f66    0x2  Data  Gb  os_var.o [1]
OSTaskReturnHook              0x9df    0x2  Code  Gb  os_cpu_c.o [1]
OSTaskSemPend                 0xdb3  0x126  Code  Gb  os_task.o [1]
OSTaskSemPost                 0xed9   0x1c  Code  Gb  os_task.o [1]
OSTaskStkInit                 0x9e1   0x7e  Code  Gb  os_cpu_c.o [1]
OSTaskSwHook                  0xa5f   0x2c  Code  Gb  os_cpu_c.o [1]
OSTickCtr               0x2000'2f30    0x4  Data  Gb  os_var.o [1]
OSTickTaskTCB           0x2000'2c40   0x8c  Data  Gb  os_var.o [1]
OSTickTaskTimeMax       0x2000'2f34    0x4  Data  Gb  os_var.o [1]
OSTimeTick                   0x220d   0x30  Code  Gb  os_time.o [1]
OSTimeTickHook                0xa8b    0x2  Code  Gb  os_cpu_c.o [1]
OSTmrDbgListPtr         0x2000'2f38    0x4  Data  Gb  os_var.o [1]
OSTmrTaskTCB            0x2000'2ccc   0x8c  Data  Gb  os_var.o [1]
OSTmrTaskTimeMax        0x2000'2f3c    0x4  Data  Gb  os_var.o [1]
OSTmrTickCtr            0x2000'2f40    0x4  Data  Gb  os_var.o [1]
OSTmrUpdateCnt          0x2000'2f44    0x4  Data  Gb  os_var.o [1]
OSTmrUpdateCtr          0x2000'2f48    0x4  Data  Gb  os_var.o [1]
OS_CPU_ExceptStkBase    0x2000'2f04    0x4  Data  Gb  os_cpu_c.o [1]
OS_CPU_PendSVHandler         0x2183         Code  Gb  os_cpu_a.o [1]
OS_CPU_SysTickHandler         0xa8d   0x2a  Code  Gb  os_cpu_c.o [1]
OS_CPU_SysTickInit            0xab7   0x24  Code  Gb  os_cpu_c.o [1]
OS_Dbg_Init                  0x1a4d  0x170  Code  Gb  os_dbg.o [1]
OS_IdleTask                   0x447   0x28  Code  Gb  os_core.o [1]
OS_IdleTaskInit               0x46f   0x50  Code  Gb  os_core.o [1]
OS_MemDbgListAdd             0x1633   0x1e  Code  Gb  os_mem.o [1]
OS_MemInit                   0x1651   0x12  Code  Gb  os_mem.o [1]
OS_MsgPoolCreate             0x1675   0x40  Code  Gb  os_msg.o [1]
OS_MsgPoolInit               0x16b5   0x24  Code  Gb  os_msg.o [1]
OS_MsgQFreeAll               0x16d9   0x3e  Code  Gb  os_msg.o [1]
OS_MsgQInit                  0x1717   0x14  Code  Gb  os_msg.o [1]
OS_MutexInit                 0x1739   0x12  Code  Gb  os_mutex.o [1]
OS_Pend                       0x4bf   0x54  Code  Gb  os_core.o [1]
OS_PendDataInit               0x513   0x38  Code  Gb  os_core.o [1]
OS_PendDbgNameAdd             0x54b   0x42  Code  Gb  os_core.o [1]
OS_PendDbgNameRemove          0x58d   0x1c  Code  Gb  os_core.o [1]
OS_PendListInsertPrio         0x5ad   0x72  Code  Gb  os_core.o [1]
OS_PendListRemove             0x61f   0x2a  Code  Gb  os_core.o [1]
OS_PendListRemove1            0x649   0x48  Code  Gb  os_core.o [1]
OS_Post                       0x691   0xc0  Code  Gb  os_core.o [1]
OS_Post1                      0x751   0x28  Code  Gb  os_core.o [1]
OS_PrioGetHighest             0xb19   0x20  Code  Gb  os_prio.o [1]
OS_PrioInit                   0xb05   0x14  Code  Gb  os_prio.o [1]
OS_PrioInsert                 0xb39   0x2a  Code  Gb  os_prio.o [1]
OS_PrioRemove                 0xb63   0x2c  Code  Gb  os_prio.o [1]
OS_QInit                     0x1755   0x12  Code  Gb  os_q.o [1]
OS_RdyListInit                0x779   0x2a  Code  Gb  os_core.o [1]
OS_RdyListInsert              0x7a3   0x28  Code  Gb  os_core.o [1]
OS_RdyListInsertHead          0x7cb   0x3a  Code  Gb  os_core.o [1]
OS_RdyListInsertTail          0x805   0x38  Code  Gb  os_core.o [1]
OS_RdyListRemove              0x83d   0x5c  Code  Gb  os_core.o [1]
OS_SchedLockTimeMeasStart
                              0x899   0x14  Code  Gb  os_core.o [1]
OS_SchedLockTimeMeasStop
                              0x8ad   0x2a  Code  Gb  os_core.o [1]
OS_TaskBlock                  0x939   0x38  Code  Gb  os_core.o [1]
OS_TaskDbgListAdd             0xef5   0x26  Code  Gb  os_task.o [1]
OS_TaskDbgListRemove          0xf1b   0x4a  Code  Gb  os_task.o [1]
OS_TaskInit                   0xf65   0x18  Code  Gb  os_task.o [1]
OS_TaskInitTCB                0xf7d   0xa8  Code  Gb  os_task.o [1]
OS_TaskRdy                    0x971   0x1a  Code  Gb  os_core.o [1]
OS_TaskReturn                0x1025   0x14  Code  Gb  os_task.o [1]
OS_TaskSemPost               0x1039   0xd4  Code  Gb  os_task.o [1]
OS_TickListInit              0x11cf   0x2e  Code  Gb  os_tick.o [1]
OS_TickListInsert            0x11fd  0x11c  Code  Gb  os_tick.o [1]
OS_TickListRemove            0x1319   0x42  Code  Gb  os_tick.o [1]
OS_TickListUpdate            0x135b  0x172  Code  Gb  os_tick.o [1]
OS_TickTask                  0x1139   0x26  Code  Gb  os_tick.o [1]
OS_TickTaskInit              0x115f   0x70  Code  Gb  os_tick.o [1]
OS_TmrInit                   0x1771   0xd6  Code  Gb  os_tmr.o [1]
OS_TmrLink                   0x1847   0xd0  Code  Gb  os_tmr.o [1]
OS_TmrTask                   0x1965   0xa6  Code  Gb  os_tmr.o [1]
OS_TmrUnlink                 0x1917   0x4c  Code  Gb  os_tmr.o [1]
PWMGenConfigure              0x40d1   0x3c  Code  Gb  pwm.o [1]
PWMGenEnable                 0x412f    0xe  Code  Gb  pwm.o [1]
PWMGenPeriodSet              0x410d   0x22  Code  Gb  pwm.o [1]
PWMOutputInvert              0x4197   0x2c  Code  Gb  pwm.o [1]
PWMOutputState               0x416b   0x2c  Code  Gb  pwm.o [1]
PWMPulseWidthSet             0x413d   0x2e  Code  Gb  pwm.o [1]
RBFindMin                    0x24ef    0xc  Code  Gb  RBTree2.o [1]
RMSched                      0x1f9b   0x1e  Code  Gb  OS_RecTaskServices.o [1]
Region$$Table$$Base          0x4954          --   Gb  - Linker created -
Region$$Table$$Limit         0x4978          --   Gb  - Linker created -
Right_tgt               0x2000'2f69    0x1  Data  Gb  app.o [1]
RoboTurn                     0x45b9   0xc8  Code  Gb  app.o [1]
SysCtlClockGet               0x3029  0x1a2  Code  Gb  sysctl.o [1]
SysCtlClockSet               0x2ebd  0x16c  Code  Gb  sysctl.o [1]
SysCtlDelay                  0x2eb5    0x8  Code  Gb  sysctl.o [1]
SysCtlPWMClockSet            0x31cb    0xe  Code  Gb  sysctl.o [1]
SysCtlPeripheralEnable       0x2e89   0x2c  Code  Gb  sysctl.o [1]
SysCtlPeripheralReset        0x2e29   0x60  Code  Gb  sysctl.o [1]
_Rand_idx               0x2000'2dd8    0x4  Data  Lc  rand.o [2]
_Rand_rv                0x2000'2d58   0x80  Data  Lc  rand.o [2]
_Randinit               0x2000'0014    0x1  Data  Gb  rand.o [2]
_Randseed               0x2000'0018    0x4  Data  Gb  rand.o [2]
__aeabi_memset               0x3af9         Code  Gb  ABImemset.o [4]
__cmain                      0x4999         Code  Gb  cmain.o [4]
__exit                       0x3b61   0x14  Code  Gb  exit.o [5]
__iar_Memset                 0x3af9         Code  Gb  ABImemset.o [4]
__iar_Memset_word            0x3b01         Code  Gb  ABImemset.o [4]
__iar_close_ttio             0x41c5   0x2e  Code  Gb  iarttio.o [5]
__iar_copy_init3             0x488d   0x2c  Code  Gb  copy_init3.o [4]
__iar_data_init3             0x4909   0x28  Code  Gb  data_init.o [4]
__iar_lookup_ttioh           0x41f5    0x4  Code  Gb  XShttio.o [2]
__iar_program_start          0x4aa9         Code  Gb  cstartup_M.o [4]
__iar_ttio_handles      0x2000'001c    0x8  Data  Lc  XShttio.o [2]
__iar_zero_init3              0x98b   0x3a  Code  Gb  zero_init3.o [4]
__low_level_init             0x49b7    0x4  Code  Gb  low_level_init.o [2]
__vector_table                  0x0  0x11c  Data  Gb  app_vect.o [1]
_call_main                   0x49a5         Code  Gb  cmain.o [4]
_exit                        0x2e1d         Code  Gb  cexit.o [4]
_main                        0x49b3         Code  Gb  cmain.o [4]
append                       0x2abb   0x2c  Code  Gb  linkedList.o [1]
chooseHeight                 0x2751   0x22  Code  Lc  skiplist.o [1]
color_delete                 0x252d  0x162  Code  Gb  RBTree2.o [1]
color_insert                 0x22dd  0x116  Code  Gb  RBTree2.o [1]
create                       0x2a59   0x62  Code  Gb  linkedList.o [1]
delete                       0x268f   0xb8  Code  Gb  RBTree2.o [1]
dispose                      0x2ba1   0xb2  Code  Gb  linkedList.o [1]
exit                         0x2c59    0x4  Code  Gb  exit.o [2]
g_pucRITInit                 0x4764   0x50  Data  Lc  bsp_display.o [1]
g_pucRow1                    0x4ab4    0x8  Data  Lc  bsp_display.o [1]
g_pucRow2                    0x4abc    0x8  Data  Lc  bsp_display.o [1]
g_pulGPIOBaseAddrs           0x47b4   0x48  Data  Lc  gpio.o [1]
g_pulRCGCRegs                0x4a90    0xc  Data  Lc  sysctl.o [1]
g_pulSRCRRegs                0x4a84    0xc  Data  Lc  sysctl.o [1]
g_pulXtals                   0x4708   0x5c  Data  Lc  sysctl.o [1]
g_ulDelay               0x2000'2ee8    0x4  Data  Lc  bsp_display.o [1]
getMinKeyNode2               0x2a55    0x4  Code  Gb  skiplist.o [1]
insert                       0x23f3   0xd8  Code  Gb  RBTree2.o [1]
leftRotate                   0x2251   0x46  Code  Gb  RBTree2.o [1]
leftTurn                     0x44ad   0x16  Code  Lc  app.o [1]
main                         0x4201  0x10e  Code  Gb  app.o [1]
memset                       0x2e09   0x14  Code  Gb  memset.o [4]
min                          0x24fb    0xc  Code  Gb  RBTree2.o [1]
moveBackward                 0x4495   0x16  Code  Lc  app.o [1]
moveForward                  0x447d   0x16  Code  Lc  app.o [1]
p_addr                  0x2000'0024  0xc00  Data  Gb  app.o [1]
periodBackward          0x2000'0008    0x4  Data  Lc  app.o [1]
periodBlink             0x2000'0000    0x4  Data  Lc  app.o [1]
periodForward           0x2000'0004    0x4  Data  Lc  app.o [1]
periodLeft              0x2000'000c    0x4  Data  Lc  app.o [1]
periodRight             0x2000'0010    0x4  Data  Lc  app.o [1]
rand                         0x2d65   0x94  Code  Gb  rand.o [2]
readyQueue              0x2000'2f58    0x4  Data  Gb  skiplist.o [1]
releaseTask                  0x1f55   0x46  Code  Gb  OS_RecTaskServices.o [1]
remove_any                   0x2b4b   0x56  Code  Gb  linkedList.o [1]
remove_back                  0x2b1b   0x30  Code  Gb  linkedList.o [1]
remove_front                 0x2afb   0x20  Code  Gb  linkedList.o [1]
rightRotate                  0x2297   0x46  Code  Gb  RBTree2.o [1]
rightTurn                    0x44c5   0x16  Code  Lc  app.o [1]
root                    0x2000'2f54    0x4  Data  Gb  RBTree2.o [1]
searchRB                     0x24cb   0x24  Code  Gb  RBTree2.o [1]
skiplistCreate               0x2825   0x30  Code  Gb  skiplist.o [1]
skiplistCreateNode           0x2773   0xb2  Code  Lc  skiplist.o [1]
skiplistDelete               0x2915  0x136  Code  Gb  skiplist.o [1]
skiplistInsert               0x2887   0x8e  Code  Gb  skiplist.o [1]
skiplistSearch               0x2855   0x32  Code  Gb  skiplist.o [1]
successor                    0x2507   0x26  Code  Gb  RBTree2.o [1]
tickHandlerRecursion         0x1ed9   0x7c  Code  Gb  OS_RecTaskServices.o [1]
traverse                     0x2ae7   0x14  Code  Gb  linkedList.o [1]


[1] = C:\Users\ahj\Desktop\CE4057\Source_Code_CE4057\ce4053\Micrium\Software\EvalBoards\TI\LM3S9B92-EVALBOT\IAR\uCOS-III-CE4053_PG\Flash\Obj
[2] = dl7M_tlf.a
[3] = m7M_tl.a
[4] = rt7M_tl.a
[5] = shb_l.a

  18 030 bytes of readonly  code memory
   1 296 bytes of readonly  data memory
  13 170 bytes of readwrite data memory

Errors: none
Warnings: none
