###############################################################################
#
# IAR ELF Linker V8.30.1.114/W32 for ARM                  17/Oct/2018  22:35:01
# Copyright 2007-2018 IAR Systems AB.
#
#    Output file  =  
#        C:\Users\ahj\Desktop\CE4057\Source_Code_CE4057\ce4053\Micrium\Software\EvalBoards\TI\LM3S9B92-EVALBOT\IAR\uCOS-III-CE4053_PG\Flash\Exe\uCOS-III-Ex4.out
#    Map file     =  
#        C:\Users\ahj\Desktop\CE4057\Source_Code_CE4057\ce4053\Micrium\Software\EvalBoards\TI\LM3S9B92-EVALBOT\IAR\uCOS-III-CE4053_PG\Flash\List\uCOS-III-Ex4.map
#    Command line =  
#        -f C:\Users\ahj\AppData\Local\Temp\EWAAF.tmp
#        (C:\Users\ahj\Desktop\CE4057\Source_Code_CE4057\ce4053\Micrium\Software\EvalBoards\TI\LM3S9B92-EVALBOT\IAR\uCOS-III-CE4053_PG\Flash\Obj\adc.o
#        C:\Users\ahj\Desktop\CE4057\Source_Code_CE4057\ce4053\Micrium\Software\EvalBoards\TI\LM3S9B92-EVALBOT\IAR\uCOS-III-CE4053_PG\Flash\Obj\app.o
#        C:\Users\ahj\Desktop\CE4057\Source_Code_CE4057\ce4053\Micrium\Software\EvalBoards\TI\LM3S9B92-EVALBOT\IAR\uCOS-III-CE4053_PG\Flash\Obj\app_vect.o
#        C:\Users\ahj\Desktop\CE4057\Source_Code_CE4057\ce4053\Micrium\Software\EvalBoards\TI\LM3S9B92-EVALBOT\IAR\uCOS-III-CE4053_PG\Flash\Obj\bsp.o
#        C:\Users\ahj\Desktop\CE4057\Source_Code_CE4057\ce4053\Micrium\Software\EvalBoards\TI\LM3S9B92-EVALBOT\IAR\uCOS-III-CE4053_PG\Flash\Obj\bsp_dac.o
#        C:\Users\ahj\Desktop\CE4057\Source_Code_CE4057\ce4053\Micrium\Software\EvalBoards\TI\LM3S9B92-EVALBOT\IAR\uCOS-III-CE4053_PG\Flash\Obj\bsp_display.o
#        C:\Users\ahj\Desktop\CE4057\Source_Code_CE4057\ce4053\Micrium\Software\EvalBoards\TI\LM3S9B92-EVALBOT\IAR\uCOS-III-CE4053_PG\Flash\Obj\bsp_int.o
#        C:\Users\ahj\Desktop\CE4057\Source_Code_CE4057\ce4053\Micrium\Software\EvalBoards\TI\LM3S9B92-EVALBOT\IAR\uCOS-III-CE4053_PG\Flash\Obj\bsp_io.o
#        C:\Users\ahj\Desktop\CE4057\Source_Code_CE4057\ce4053\Micrium\Software\EvalBoards\TI\LM3S9B92-EVALBOT\IAR\uCOS-III-CE4053_PG\Flash\Obj\bsp_motor.o
#        C:\Users\ahj\Desktop\CE4057\Source_Code_CE4057\ce4053\Micrium\Software\EvalBoards\TI\LM3S9B92-EVALBOT\IAR\uCOS-III-CE4053_PG\Flash\Obj\bsp_sensors.o
#        C:\Users\ahj\Desktop\CE4057\Source_Code_CE4057\ce4053\Micrium\Software\EvalBoards\TI\LM3S9B92-EVALBOT\IAR\uCOS-III-CE4053_PG\Flash\Obj\can.o
#        C:\Users\ahj\Desktop\CE4057\Source_Code_CE4057\ce4053\Micrium\Software\EvalBoards\TI\LM3S9B92-EVALBOT\IAR\uCOS-III-CE4053_PG\Flash\Obj\comp.o
#        C:\Users\ahj\Desktop\CE4057\Source_Code_CE4057\ce4053\Micrium\Software\EvalBoards\TI\LM3S9B92-EVALBOT\IAR\uCOS-III-CE4053_PG\Flash\Obj\cpu_.o
#        C:\Users\ahj\Desktop\CE4057\Source_Code_CE4057\ce4053\Micrium\Software\EvalBoards\TI\LM3S9B92-EVALBOT\IAR\uCOS-III-CE4053_PG\Flash\Obj\cpu_a.o
#        C:\Users\ahj\Desktop\CE4057\Source_Code_CE4057\ce4053\Micrium\Software\EvalBoards\TI\LM3S9B92-EVALBOT\IAR\uCOS-III-CE4053_PG\Flash\Obj\cpu_bsp.o
#        C:\Users\ahj\Desktop\CE4057\Source_Code_CE4057\ce4053\Micrium\Software\EvalBoards\TI\LM3S9B92-EVALBOT\IAR\uCOS-III-CE4053_PG\Flash\Obj\cpu_c.o
#        C:\Users\ahj\Desktop\CE4057\Source_Code_CE4057\ce4053\Micrium\Software\EvalBoards\TI\LM3S9B92-EVALBOT\IAR\uCOS-III-CE4053_PG\Flash\Obj\cpu_core.o
#        C:\Users\ahj\Desktop\CE4057\Source_Code_CE4057\ce4053\Micrium\Software\EvalBoards\TI\LM3S9B92-EVALBOT\IAR\uCOS-III-CE4053_PG\Flash\Obj\epi.o
#        C:\Users\ahj\Desktop\CE4057\Source_Code_CE4057\ce4053\Micrium\Software\EvalBoards\TI\LM3S9B92-EVALBOT\IAR\uCOS-III-CE4053_PG\Flash\Obj\ethernet.o
#        C:\Users\ahj\Desktop\CE4057\Source_Code_CE4057\ce4053\Micrium\Software\EvalBoards\TI\LM3S9B92-EVALBOT\IAR\uCOS-III-CE4053_PG\Flash\Obj\fatfs.o
#        C:\Users\ahj\Desktop\CE4057\Source_Code_CE4057\ce4053\Micrium\Software\EvalBoards\TI\LM3S9B92-EVALBOT\IAR\uCOS-III-CE4053_PG\Flash\Obj\flash.o
#        C:\Users\ahj\Desktop\CE4057\Source_Code_CE4057\ce4053\Micrium\Software\EvalBoards\TI\LM3S9B92-EVALBOT\IAR\uCOS-III-CE4053_PG\Flash\Obj\gpio.o
#        C:\Users\ahj\Desktop\CE4057\Source_Code_CE4057\ce4053\Micrium\Software\EvalBoards\TI\LM3S9B92-EVALBOT\IAR\uCOS-III-CE4053_PG\Flash\Obj\hibernate.o
#        C:\Users\ahj\Desktop\CE4057\Source_Code_CE4057\ce4053\Micrium\Software\EvalBoards\TI\LM3S9B92-EVALBOT\IAR\uCOS-III-CE4053_PG\Flash\Obj\i2c.o
#        C:\Users\ahj\Desktop\CE4057\Source_Code_CE4057\ce4053\Micrium\Software\EvalBoards\TI\LM3S9B92-EVALBOT\IAR\uCOS-III-CE4053_PG\Flash\Obj\i2s.o
#        C:\Users\ahj\Desktop\CE4057\Source_Code_CE4057\ce4053\Micrium\Software\EvalBoards\TI\LM3S9B92-EVALBOT\IAR\uCOS-III-CE4053_PG\Flash\Obj\interrupt.o
#        C:\Users\ahj\Desktop\CE4057\Source_Code_CE4057\ce4053\Micrium\Software\EvalBoards\TI\LM3S9B92-EVALBOT\IAR\uCOS-III-CE4053_PG\Flash\Obj\lib_ascii.o
#        C:\Users\ahj\Desktop\CE4057\Source_Code_CE4057\ce4053\Micrium\Software\EvalBoards\TI\LM3S9B92-EVALBOT\IAR\uCOS-III-CE4053_PG\Flash\Obj\lib_math.o
#        C:\Users\ahj\Desktop\CE4057\Source_Code_CE4057\ce4053\Micrium\Software\EvalBoards\TI\LM3S9B92-EVALBOT\IAR\uCOS-III-CE4053_PG\Flash\Obj\lib_mem.o
#        C:\Users\ahj\Desktop\CE4057\Source_Code_CE4057\ce4053\Micrium\Software\EvalBoards\TI\LM3S9B92-EVALBOT\IAR\uCOS-III-CE4053_PG\Flash\Obj\lib_str.o
#        C:\Users\ahj\Desktop\CE4057\Source_Code_CE4057\ce4053\Micrium\Software\EvalBoards\TI\LM3S9B92-EVALBOT\IAR\uCOS-III-CE4053_PG\Flash\Obj\linkedList.o
#        C:\Users\ahj\Desktop\CE4057\Source_Code_CE4057\ce4053\Micrium\Software\EvalBoards\TI\LM3S9B92-EVALBOT\IAR\uCOS-III-CE4053_PG\Flash\Obj\microsd.o
#        C:\Users\ahj\Desktop\CE4057\Source_Code_CE4057\ce4053\Micrium\Software\EvalBoards\TI\LM3S9B92-EVALBOT\IAR\uCOS-III-CE4053_PG\Flash\Obj\mpu.o
#        C:\Users\ahj\Desktop\CE4057\Source_Code_CE4057\ce4053\Micrium\Software\EvalBoards\TI\LM3S9B92-EVALBOT\IAR\uCOS-III-CE4053_PG\Flash\Obj\os_app_hooks.o
#        C:\Users\ahj\Desktop\CE4057\Source_Code_CE4057\ce4053\Micrium\Software\EvalBoards\TI\LM3S9B92-EVALBOT\IAR\uCOS-III-CE4053_PG\Flash\Obj\os_cfg_app.o
#        C:\Users\ahj\Desktop\CE4057\Source_Code_CE4057\ce4053\Micrium\Software\EvalBoards\TI\LM3S9B92-EVALBOT\IAR\uCOS-III-CE4053_PG\Flash\Obj\os_core.o
#        C:\Users\ahj\Desktop\CE4057\Source_Code_CE4057\ce4053\Micrium\Software\EvalBoards\TI\LM3S9B92-EVALBOT\IAR\uCOS-III-CE4053_PG\Flash\Obj\os_cpu_a.o
#        C:\Users\ahj\Desktop\CE4057\Source_Code_CE4057\ce4053\Micrium\Software\EvalBoards\TI\LM3S9B92-EVALBOT\IAR\uCOS-III-CE4053_PG\Flash\Obj\os_cpu_c.o
#        C:\Users\ahj\Desktop\CE4057\Source_Code_CE4057\ce4053\Micrium\Software\EvalBoards\TI\LM3S9B92-EVALBOT\IAR\uCOS-III-CE4053_PG\Flash\Obj\os_dbg.o
#        C:\Users\ahj\Desktop\CE4057\Source_Code_CE4057\ce4053\Micrium\Software\EvalBoards\TI\LM3S9B92-EVALBOT\IAR\uCOS-III-CE4053_PG\Flash\Obj\os_flag.o
#        C:\Users\ahj\Desktop\CE4057\Source_Code_CE4057\ce4053\Micrium\Software\EvalBoards\TI\LM3S9B92-EVALBOT\IAR\uCOS-III-CE4053_PG\Flash\Obj\os_int.o
#        C:\Users\ahj\Desktop\CE4057\Source_Code_CE4057\ce4053\Micrium\Software\EvalBoards\TI\LM3S9B92-EVALBOT\IAR\uCOS-III-CE4053_PG\Flash\Obj\os_mem.o
#        C:\Users\ahj\Desktop\CE4057\Source_Code_CE4057\ce4053\Micrium\Software\EvalBoards\TI\LM3S9B92-EVALBOT\IAR\uCOS-III-CE4053_PG\Flash\Obj\os_msg.o
#        C:\Users\ahj\Desktop\CE4057\Source_Code_CE4057\ce4053\Micrium\Software\EvalBoards\TI\LM3S9B92-EVALBOT\IAR\uCOS-III-CE4053_PG\Flash\Obj\os_mutex.o
#        C:\Users\ahj\Desktop\CE4057\Source_Code_CE4057\ce4053\Micrium\Software\EvalBoards\TI\LM3S9B92-EVALBOT\IAR\uCOS-III-CE4053_PG\Flash\Obj\os_pend_multi.o
#        C:\Users\ahj\Desktop\CE4057\Source_Code_CE4057\ce4053\Micrium\Software\EvalBoards\TI\LM3S9B92-EVALBOT\IAR\uCOS-III-CE4053_PG\Flash\Obj\os_prio.o
#        C:\Users\ahj\Desktop\CE4057\Source_Code_CE4057\ce4053\Micrium\Software\EvalBoards\TI\LM3S9B92-EVALBOT\IAR\uCOS-III-CE4053_PG\Flash\Obj\os_q.o
#        C:\Users\ahj\Desktop\CE4057\Source_Code_CE4057\ce4053\Micrium\Software\EvalBoards\TI\LM3S9B92-EVALBOT\IAR\uCOS-III-CE4053_PG\Flash\Obj\OS_RecTaskServices.o
#        C:\Users\ahj\Desktop\CE4057\Source_Code_CE4057\ce4053\Micrium\Software\EvalBoards\TI\LM3S9B92-EVALBOT\IAR\uCOS-III-CE4053_PG\Flash\Obj\os_sem.o
#        C:\Users\ahj\Desktop\CE4057\Source_Code_CE4057\ce4053\Micrium\Software\EvalBoards\TI\LM3S9B92-EVALBOT\IAR\uCOS-III-CE4053_PG\Flash\Obj\os_stat.o
#        C:\Users\ahj\Desktop\CE4057\Source_Code_CE4057\ce4053\Micrium\Software\EvalBoards\TI\LM3S9B92-EVALBOT\IAR\uCOS-III-CE4053_PG\Flash\Obj\os_task.o
#        C:\Users\ahj\Desktop\CE4057\Source_Code_CE4057\ce4053\Micrium\Software\EvalBoards\TI\LM3S9B92-EVALBOT\IAR\uCOS-III-CE4053_PG\Flash\Obj\os_tick.o
#        C:\Users\ahj\Desktop\CE4057\Source_Code_CE4057\ce4053\Micrium\Software\EvalBoards\TI\LM3S9B92-EVALBOT\IAR\uCOS-III-CE4053_PG\Flash\Obj\os_time.o
#        C:\Users\ahj\Desktop\CE4057\Source_Code_CE4057\ce4053\Micrium\Software\EvalBoards\TI\LM3S9B92-EVALBOT\IAR\uCOS-III-CE4053_PG\Flash\Obj\os_tmr.o
#        C:\Users\ahj\Desktop\CE4057\Source_Code_CE4057\ce4053\Micrium\Software\EvalBoards\TI\LM3S9B92-EVALBOT\IAR\uCOS-III-CE4053_PG\Flash\Obj\os_var.o
#        C:\Users\ahj\Desktop\CE4057\Source_Code_CE4057\ce4053\Micrium\Software\EvalBoards\TI\LM3S9B92-EVALBOT\IAR\uCOS-III-CE4053_PG\Flash\Obj\pwm.o
#        C:\Users\ahj\Desktop\CE4057\Source_Code_CE4057\ce4053\Micrium\Software\EvalBoards\TI\LM3S9B92-EVALBOT\IAR\uCOS-III-CE4053_PG\Flash\Obj\qei.o
#        C:\Users\ahj\Desktop\CE4057\Source_Code_CE4057\ce4053\Micrium\Software\EvalBoards\TI\LM3S9B92-EVALBOT\IAR\uCOS-III-CE4053_PG\Flash\Obj\RBTree.o
#        C:\Users\ahj\Desktop\CE4057\Source_Code_CE4057\ce4053\Micrium\Software\EvalBoards\TI\LM3S9B92-EVALBOT\IAR\uCOS-III-CE4053_PG\Flash\Obj\RBTree2.o
#        C:\Users\ahj\Desktop\CE4057\Source_Code_CE4057\ce4053\Micrium\Software\EvalBoards\TI\LM3S9B92-EVALBOT\IAR\uCOS-III-CE4053_PG\Flash\Obj\skiplist.o
#        C:\Users\ahj\Desktop\CE4057\Source_Code_CE4057\ce4053\Micrium\Software\EvalBoards\TI\LM3S9B92-EVALBOT\IAR\uCOS-III-CE4053_PG\Flash\Obj\ssi.o
#        C:\Users\ahj\Desktop\CE4057\Source_Code_CE4057\ce4053\Micrium\Software\EvalBoards\TI\LM3S9B92-EVALBOT\IAR\uCOS-III-CE4053_PG\Flash\Obj\sysctl.o
#        C:\Users\ahj\Desktop\CE4057\Source_Code_CE4057\ce4053\Micrium\Software\EvalBoards\TI\LM3S9B92-EVALBOT\IAR\uCOS-III-CE4053_PG\Flash\Obj\systick.o
#        C:\Users\ahj\Desktop\CE4057\Source_Code_CE4057\ce4053\Micrium\Software\EvalBoards\TI\LM3S9B92-EVALBOT\IAR\uCOS-III-CE4053_PG\Flash\Obj\timer.o
#        C:\Users\ahj\Desktop\CE4057\Source_Code_CE4057\ce4053\Micrium\Software\EvalBoards\TI\LM3S9B92-EVALBOT\IAR\uCOS-III-CE4053_PG\Flash\Obj\uart.o
#        C:\Users\ahj\Desktop\CE4057\Source_Code_CE4057\ce4053\Micrium\Software\EvalBoards\TI\LM3S9B92-EVALBOT\IAR\uCOS-III-CE4053_PG\Flash\Obj\udma.o
#        C:\Users\ahj\Desktop\CE4057\Source_Code_CE4057\ce4053\Micrium\Software\EvalBoards\TI\LM3S9B92-EVALBOT\IAR\uCOS-III-CE4053_PG\Flash\Obj\usb.o
#        C:\Users\ahj\Desktop\CE4057\Source_Code_CE4057\ce4053\Micrium\Software\EvalBoards\TI\LM3S9B92-EVALBOT\IAR\uCOS-III-CE4053_PG\Flash\Obj\watchdog.o
#        --redirect _Printf=_PrintfFull --redirect _Scanf=_ScanfFull
#        --no_out_extension -o
#        C:\Users\ahj\Desktop\CE4057\Source_Code_CE4057\ce4053\Micrium\Software\EvalBoards\TI\LM3S9B92-EVALBOT\IAR\uCOS-III-CE4053_PG\Flash\Exe\uCOS-III-Ex4.out
#        --map
#        C:\Users\ahj\Desktop\CE4057\Source_Code_CE4057\ce4053\Micrium\Software\EvalBoards\TI\LM3S9B92-EVALBOT\IAR\uCOS-III-CE4053_PG\Flash\List\uCOS-III-Ex4.map
#        --config
#        C:\Users\ahj\Desktop\CE4057\Source_Code_CE4057\ce4053\Micrium\Software\EvalBoards\TI\LM3S9B92-EVALBOT\IAR\uCOS-III-CE4053_PG\..\BSP\LM3S9B92_Flash.icf
#        --semihosting --entry __iar_program_start --vfe --text_out locale)
#
###############################################################################

*******************************************************************************
*** RUNTIME MODEL ATTRIBUTES
***

CppFlavor       = *
__Heap_Handler  = Basic
__SystemLibrary = DLib
__dlib_version  = 6


*******************************************************************************
*** HEAP SELECTION
***

The basic heap was selected because some modules are built with
size limitations (and not runtime checking), and --advanced_heap
was not specified.


*******************************************************************************
*** PLACEMENT SUMMARY
***

"A0":  place at start of [from 0x0 to 0x3'ffff] { ro section .intvec };
"P1":  place in [from 0x0 to 0x3'ffff] { ro };
"P2":  place in [from 0x0 to 0x3'ffff] { section wave_1 };
"P3":  place in [from 0x0 to 0x3'ffff] { section wave_2 };
"P4":  place in [from 0x0 to 0x3'ffff] { section wave_3 };
"P5":  place in [from 0x0 to 0x3'ffff] { section wave_4 };
"P6":  place in [from 0x0 to 0x3'ffff] { section wave_5 };
define block HEAP with size = 0M, alignment = 8 { };
define block CSTACK with size = 1K, alignment = 8 { };
"P7":  place in [from 0x2000'0000 to 0x2001'7fff] {
          rw, block HEAP, block CSTACK };
initialize by copy { rw };

No sections matched the following patterns:

  section wave_1  in "P1-P6"
  section wave_2  in "P1-P6"
  section wave_3  in "P1-P6"
  section wave_4  in "P1-P6"
  section wave_5  in "P1-P6"


  Section            Kind         Address    Size  Object
  -------            ----         -------    ----  ------
"A0":                                       0x11c
  .intvec            const            0x0   0x11c  app_vect.o [1]
                                  - 0x11c   0x11c

"P1-P6":                                   0x4818
  .text              ro code        0x11c   0x86e  os_core.o [1]
  .text              ro code        0x98a    0x3a  zero_init3.o [4]
  .text              ro code        0x9c4   0x140  os_cpu_c.o [1]
  .text              ro code        0xb04    0x90  os_prio.o [1]
  .text              ro code        0xb94   0x5a4  os_task.o [1]
  .text              ro code       0x1138   0x3cc  os_tick.o [1]
  .text              ro code       0x1504   0x170  os_mem.o [1]
  .text              ro code       0x1674    0xc4  os_msg.o [1]
  .text              ro code       0x1738    0x1c  os_mutex.o [1]
  .text              ro code       0x1754    0x1c  os_q.o [1]
  .text              ro code       0x1770   0x2dc  os_tmr.o [1]
  .text              ro code       0x1a4c   0x170  os_dbg.o [1]
  .text              ro code       0x1bbc    0xac  os_cfg_app.o [1]
  CODE               ro code       0x1c68    0x2a  cpu_a.o [1]
  .rodata            const         0x1c92     0x2  os_cfg_app.o [1]
  .text              ro code       0x1c94   0x354  OS_RecTaskServices.o [1]
  .text              ro code       0x1fe8   0x188  cpu_core.o [1]
  CODE               ro code       0x2170    0x84  os_cpu_a.o [1]
  .text              ro code       0x21f4    0x24  cpu_bsp.o [1]
  .text              ro code       0x2218    0x44  os_time.o [1]
  .text              ro code       0x225c   0x500  RBTree2.o [1]
  .text              ro code       0x275c   0x15c  linkedList.o [1]
  .text              ro code       0x28b8     0x4  exit.o [2]
  .text              ro code       0x28bc   0x1d0  skiplist.o [1]
  .text              ro code       0x2a8c    0x60  lib_mem.o [1]
  .text              ro code       0x2aec    0xa8  bsp.o [1]
  .text              ro code       0x2b94     0xa  cexit.o [4]
  .rodata            const         0x2b9e     0x2  os_cfg_app.o [1]
  .text              ro code       0x2ba0    0xa4  rand.o [2]
  .text              ro code       0x2c44   0x414  sysctl.o [1]
  .text              ro code       0x3058   0x256  bsp_int.o [1]
  .rodata            const         0x32ae     0x2  os_cfg_app.o [1]
  .text              ro code       0x32b0   0x258  bsp_display.o [1]
  .text              ro code       0x3508    0xa0  bsp_io.o [1]
  .text              ro code       0x35a8   0x164  bsp_sensors.o [1]
  .text              ro code       0x370c   0x208  bsp_motor.o [1]
  .text              ro code       0x3914    0x14  exit.o [5]
  .text              ro code       0x3928   0x138  cpu_c.o [1]
  .text              ro code       0x3a60    0xc2  i2c.o [1]
  .rodata            const         0x3b22     0x2  os_dbg.o [1]
  .text              ro code       0x3b24   0x360  gpio.o [1]
  .text              ro code       0x3e84    0xf2  pwm.o [1]
  .rodata            const         0x3f76     0x2  os_dbg.o [1]
  .text              ro code       0x3f78    0x30  iarttio.o [5]
  .text              ro code       0x3fa8     0xc  XShttio.o [2]
  .text              ro code       0x3fb4   0x508  app.o [1]
  .rodata            const         0x44bc    0x5c  sysctl.o [1]
  .rodata            const         0x4518    0x50  bsp_display.o [1]
  .rodata            const         0x4568    0x48  gpio.o [1]
  .rodata            const         0x45b0    0x34  os_dbg.o [1]
  .rodata            const         0x45e4    0x30  os_dbg.o [1]
  .rodata            const         0x4614    0x2c  os_dbg.o [1]
  .text              ro code       0x4640    0x2c  copy_init3.o [4]
  .rodata            const         0x466c    0x28  os_dbg.o [1]
  .rodata            const         0x4694    0x28  os_dbg.o [1]
  .text              ro code       0x46bc    0x28  data_init.o [4]
  Initializer bytes  const         0x46e4    0x24  <for P7-1>
  .iar.init_table    const         0x4708    0x24  - Linker created -
  .rodata            const         0x472c    0x20  os_dbg.o [1]
  .text              ro code       0x474c    0x1e  cmain.o [4]
  .text              ro code       0x476a     0x4  low_level_init.o [2]
  .rodata            const         0x476e     0x2  os_dbg.o [1]
  .rodata            const         0x4770    0x18  os_tmr.o [1]
  .rodata            const         0x4788    0x14  app.o [1]
  .rodata            const         0x479c    0x14  app.o [1]
  .rodata            const         0x47b0    0x14  app.o [1]
  .rodata            const         0x47c4    0x14  os_core.o [1]
  .rodata            const         0x47d8    0x14  os_tick.o [1]
  .rodata            const         0x47ec    0x10  app.o [1]
  .rodata            const         0x47fc    0x10  app.o [1]
  .rodata            const         0x480c    0x10  app.o [1]
  .rodata            const         0x481c    0x10  app.o [1]
  .rodata            const         0x482c     0xc  os_core.o [1]
  .rodata            const         0x4838     0xc  sysctl.o [1]
  .rodata            const         0x4844     0xc  sysctl.o [1]
  .text              ro code       0x4850     0xc  app_vect.o [1]
  .text              ro code       0x485c     0xc  cstartup_M.o [4]
  .rodata            const         0x4868     0x8  bsp_display.o [1]
  .rodata            const         0x4870     0x8  bsp_display.o [1]
  .rodata            const         0x4878     0x8  os_core.o [1]
  .rodata            const         0x4880     0x8  os_task.o [1]
  .rodata            const         0x4888     0x4  os_cfg_app.o [1]
  .rodata            const         0x488c     0x4  os_cfg_app.o [1]
  .rodata            const         0x4890     0x4  os_cfg_app.o [1]
  .rodata            const         0x4894     0x4  os_cfg_app.o [1]
  .rodata            const         0x4898     0x4  os_cfg_app.o [1]
  .rodata            const         0x489c     0x4  os_cfg_app.o [1]
  .rodata            const         0x48a0     0x4  os_cfg_app.o [1]
  .rodata            const         0x48a4     0x4  os_cfg_app.o [1]
  .rodata            const         0x48a8     0x4  os_cfg_app.o [1]
  .rodata            const         0x48ac     0x4  os_cfg_app.o [1]
  .rodata            const         0x48b0     0x4  os_cfg_app.o [1]
  .rodata            const         0x48b4     0x4  os_cfg_app.o [1]
  .rodata            const         0x48b8     0x4  os_cfg_app.o [1]
  .rodata            const         0x48bc     0x4  os_cfg_app.o [1]
  .rodata            const         0x48c0     0x4  os_cfg_app.o [1]
  .rodata            const         0x48c4     0x4  os_cfg_app.o [1]
  .rodata            const         0x48c8     0x4  os_cfg_app.o [1]
  .rodata            const         0x48cc     0x4  os_cfg_app.o [1]
  .rodata            const         0x48d0     0x4  os_cfg_app.o [1]
  .rodata            const         0x48d4     0x4  os_cfg_app.o [1]
  .rodata            const         0x48d8     0x4  os_cfg_app.o [1]
  .rodata            const         0x48dc     0x4  os_cfg_app.o [1]
  .rodata            const         0x48e0     0x4  os_cfg_app.o [1]
  .rodata            const         0x48e4     0x4  os_dbg.o [1]
  .rodata            const         0x48e8     0x4  os_dbg.o [1]
  .rodata            const         0x48ec     0x4  os_dbg.o [1]
  .rodata            const         0x48f0     0x2  os_dbg.o [1]
  .rodata            const         0x48f2     0x2  os_dbg.o [1]
  .rodata            const         0x48f4     0x2  os_dbg.o [1]
  .rodata            const         0x48f6     0x2  os_dbg.o [1]
  .rodata            const         0x48f8     0x2  os_dbg.o [1]
  .rodata            const         0x48fa     0x2  os_dbg.o [1]
  .rodata            const         0x48fc     0x2  os_dbg.o [1]
  .rodata            const         0x48fe     0x2  os_dbg.o [1]
  .rodata            const         0x4900     0x2  os_dbg.o [1]
  .rodata            const         0x4902     0x2  os_dbg.o [1]
  .rodata            const         0x4904     0x2  os_dbg.o [1]
  .rodata            const         0x4906     0x2  os_dbg.o [1]
  .rodata            const         0x4908     0x2  os_dbg.o [1]
  .rodata            const         0x490a     0x2  os_dbg.o [1]
  .rodata            const         0x490c     0x2  os_dbg.o [1]
  .rodata            const         0x490e     0x2  os_dbg.o [1]
  .rodata            const         0x4910     0x2  os_dbg.o [1]
  .rodata            const         0x4912     0x1  os_cfg_app.o [1]
  .rodata            const         0x4913     0x1  os_cfg_app.o [1]
  .rodata            const         0x4914     0x1  os_dbg.o [1]
  .rodata            const         0x4915     0x1  os_dbg.o [1]
  .rodata            const         0x4916     0x1  os_dbg.o [1]
  .rodata            const         0x4917     0x1  os_dbg.o [1]
  .rodata            const         0x4918     0x1  os_dbg.o [1]
  .rodata            const         0x4919     0x1  os_dbg.o [1]
  .rodata            const         0x491a     0x1  os_dbg.o [1]
  .rodata            const         0x491b     0x1  os_dbg.o [1]
  .rodata            const         0x491c     0x1  os_dbg.o [1]
  .rodata            const         0x491d     0x1  os_dbg.o [1]
  .rodata            const         0x491e     0x1  os_dbg.o [1]
  .rodata            const         0x491f     0x1  os_dbg.o [1]
  .rodata            const         0x4920     0x1  os_dbg.o [1]
  .rodata            const         0x4921     0x1  os_dbg.o [1]
  .rodata            const         0x4922     0x1  os_dbg.o [1]
  .rodata            const         0x4923     0x1  os_dbg.o [1]
  .rodata            const         0x4924     0x1  os_dbg.o [1]
  .rodata            const         0x4925     0x1  os_dbg.o [1]
  .rodata            const         0x4926     0x1  os_dbg.o [1]
  .rodata            const         0x4927     0x1  os_dbg.o [1]
  .rodata            const         0x4928     0x1  os_dbg.o [1]
  .rodata            const         0x4929     0x1  os_dbg.o [1]
  .rodata            const         0x492a     0x1  os_dbg.o [1]
  .rodata            const         0x492b     0x1  os_dbg.o [1]
  .rodata            const         0x492c     0x1  os_dbg.o [1]
  .rodata            const         0x492d     0x1  os_dbg.o [1]
  .rodata            const         0x492e     0x1  os_dbg.o [1]
  .rodata            const         0x492f     0x1  os_dbg.o [1]
  .rodata            const         0x4930     0x1  os_dbg.o [1]
  .rodata            const         0x4931     0x1  os_dbg.o [1]
  .rodata            const         0x4932     0x1  os_dbg.o [1]
  .rodata            const         0x4933     0x1  os_dbg.o [1]
  .rodata            const         0x4934     0x0  zero_init3.o [4]
  .rodata            const         0x4934     0x0  copy_init3.o [4]
                                 - 0x4934  0x4818

"P7", part 1 of 3:                           0x24
  P7-1                        0x2000'0000    0x24  <Init block>
    .data            inited   0x2000'0000     0x4  app.o [1]
    .data            inited   0x2000'0004     0x4  app.o [1]
    .data            inited   0x2000'0008     0x4  app.o [1]
    .data            inited   0x2000'000c     0x4  app.o [1]
    .data            inited   0x2000'0010     0x4  app.o [1]
    .data            inited   0x2000'0014     0x8  rand.o [2]
    .data            inited   0x2000'001c     0x8  XShttio.o [2]
                            - 0x2000'0024    0x24

"P7", part 2 of 3:                         0x2f50
  .bss               zero     0x2000'0024   0xc00  app.o [1]
  .bss               zero     0x2000'0c24   0x640  os_cfg_app.o [1]
  .bss               zero     0x2000'1264   0x200  app.o [1]
  .bss               zero     0x2000'1464   0x200  app.o [1]
  .bss               zero     0x2000'1664   0x200  app.o [1]
  .bss               zero     0x2000'1864   0x200  app.o [1]
  .bss               zero     0x2000'1a64   0x200  app.o [1]
  .bss               zero     0x2000'1c64   0x200  app.o [1]
  .bss               zero     0x2000'1e64   0x200  os_cfg_app.o [1]
  .bss               zero     0x2000'2064   0x200  os_cfg_app.o [1]
  .bss               zero     0x2000'2264   0x200  os_cfg_app.o [1]
  .bss               zero     0x2000'2464   0x200  os_cfg_app.o [1]
  .bss               zero     0x2000'2664   0x118  bsp_int.o [1]
  .bss               zero     0x2000'277c    0xf0  os_var.o [1]
  .bss               zero     0x2000'286c    0x8c  app.o [1]
  .bss               zero     0x2000'28f8    0x8c  app.o [1]
  .bss               zero     0x2000'2984    0x8c  app.o [1]
  .bss               zero     0x2000'2a10    0x8c  app.o [1]
  .bss               zero     0x2000'2a9c    0x8c  app.o [1]
  .bss               zero     0x2000'2b28    0x8c  app.o [1]
  .bss               zero     0x2000'2bb4    0x8c  os_var.o [1]
  .bss               zero     0x2000'2c40    0x8c  os_var.o [1]
  .bss               zero     0x2000'2ccc    0x8c  os_var.o [1]
  .bss               zero     0x2000'2d58    0x84  rand.o [2]
  .bss               zero     0x2000'2ddc    0x68  os_cfg_app.o [1]
  .bss               zero     0x2000'2e44    0x68  os_cfg_app.o [1]
  .bss               zero     0x2000'2eac    0x20  app.o [1]
  .bss               zero     0x2000'2ecc    0x10  cpu_core.o [1]
  .bss               zero     0x2000'2edc     0x8  os_var.o [1]
  .bss               zero     0x2000'2ee4     0x4  bsp.o [1]
  .bss               zero     0x2000'2ee8     0x4  bsp_display.o [1]
  .bss               zero     0x2000'2eec     0x4  cpu_core.o [1]
  .bss               zero     0x2000'2ef0     0x4  cpu_core.o [1]
  .bss               zero     0x2000'2ef4     0x4  cpu_core.o [1]
  .bss               zero     0x2000'2ef8     0x4  cpu_core.o [1]
  .bss               zero     0x2000'2efc     0x4  cpu_core.o [1]
  .bss               zero     0x2000'2f00     0x4  cpu_core.o [1]
  .bss               zero     0x2000'2f04     0x4  os_cpu_c.o [1]
  .bss               zero     0x2000'2f08     0x4  os_prio.o [1]
  .bss               zero     0x2000'2f0c     0x4  os_var.o [1]
  .bss               zero     0x2000'2f10     0x4  os_var.o [1]
  .bss               zero     0x2000'2f14     0x4  os_var.o [1]
  .bss               zero     0x2000'2f18     0x4  os_var.o [1]
  .bss               zero     0x2000'2f1c     0x4  os_var.o [1]
  .bss               zero     0x2000'2f20     0x4  os_var.o [1]
  .bss               zero     0x2000'2f24     0x4  os_var.o [1]
  .bss               zero     0x2000'2f28     0x4  os_var.o [1]
  .bss               zero     0x2000'2f2c     0x4  os_var.o [1]
  .bss               zero     0x2000'2f30     0x4  os_var.o [1]
  .bss               zero     0x2000'2f34     0x4  os_var.o [1]
  .bss               zero     0x2000'2f38     0x4  os_var.o [1]
  .bss               zero     0x2000'2f3c     0x4  os_var.o [1]
  .bss               zero     0x2000'2f40     0x4  os_var.o [1]
  .bss               zero     0x2000'2f44     0x4  os_var.o [1]
  .bss               zero     0x2000'2f48     0x4  os_var.o [1]
  .bss               zero     0x2000'2f4c     0x4  os_var.o [1]
  .bss               zero     0x2000'2f50     0x4  os_var.o [1]
  .bss               zero     0x2000'2f54     0x4  RBTree2.o [1]
  .bss               zero     0x2000'2f58     0x4  skiplist.o [1]
  .bss               zero     0x2000'2f5c     0x2  cpu_core.o [1]
  .bss               zero     0x2000'2f5e     0x2  cpu_core.o [1]
  .bss               zero     0x2000'2f60     0x2  os_var.o [1]
  .bss               zero     0x2000'2f62     0x2  os_var.o [1]
  .bss               zero     0x2000'2f64     0x2  os_var.o [1]
  .bss               zero     0x2000'2f66     0x2  os_var.o [1]
  .bss               zero     0x2000'2f68     0x1  app.o [1]
  .bss               zero     0x2000'2f69     0x1  app.o [1]
  .bss               zero     0x2000'2f6a     0x1  app.o [1]
  .bss               zero     0x2000'2f6b     0x1  app.o [1]
  .bss               zero     0x2000'2f6c     0x1  app.o [1]
  .bss               zero     0x2000'2f6d     0x1  os_var.o [1]
  .bss               zero     0x2000'2f6e     0x1  os_var.o [1]
  .bss               zero     0x2000'2f6f     0x1  os_var.o [1]
  .bss               zero     0x2000'2f70     0x1  os_var.o [1]
  .bss               zero     0x2000'2f71     0x1  os_var.o [1]
                            - 0x2000'2f72  0x2f4e

"P7", part 3 of 3:                          0x400
  CSTACK                      0x2000'2f78   0x400  <Block>
    CSTACK           uninit   0x2000'2f78   0x400  <Block tail>
                            - 0x2000'3378   0x400

Unused ranges:

         From           To      Size
         ----           --      ----
       0x4934     0x3'ffff  0x3'b6cc
  0x2000'2f74  0x2000'2f77       0x4
  0x2000'3378  0x2001'7fff  0x1'4c88


*******************************************************************************
*** INIT TABLE
***

          Address      Size
          -------      ----
Zero (__iar_zero_init3)
    1 destination range, total size 0x2f4e:
          0x2000'0024  0x2f4e

Copy (__iar_copy_init3)
    1 source range, total size 0x24:
               0x46e4    0x24
    1 destination range, total size 0x24:
          0x2000'0000    0x24



*******************************************************************************
*** MODULE SUMMARY
***

    Module                ro code  ro data  rw data
    ------                -------  -------  -------
command line/config:
    -----------------------------------------------
    Total:

C:\Users\ahj\Desktop\CE4057\Source_Code_CE4057\ce4053\Micrium\Software\EvalBoards\TI\LM3S9B92-EVALBOT\IAR\uCOS-III-CE4053_PG\Flash\Obj: [1]
    OS_RecTaskServices.o      852
    RBTree2.o               1 280                 4
    app.o                   1 288      144    7 041
    app_vect.o                 12      284
    bsp.o                     168                 4
    bsp_display.o             600       96        4
    bsp_int.o                 598               280
    bsp_io.o                  160
    bsp_motor.o               520
    bsp_sensors.o             356
    cpu_a.o                    42
    cpu_bsp.o                  36
    cpu_c.o                   312
    cpu_core.o                392                44
    gpio.o                    864       72
    i2c.o                     194
    lib_mem.o                  96
    linkedList.o              348
    os_cfg_app.o              172      100    3 856
    os_core.o               2 158       40
    os_cpu_a.o                132
    os_cpu_c.o                320                 4
    os_dbg.o                  368      340
    os_mem.o                  368
    os_msg.o                  196
    os_mutex.o                 28
    os_prio.o                 144                 4
    os_q.o                     28
    os_task.o               1 444        8
    os_tick.o                 972       20
    os_time.o                  68
    os_tmr.o                  732       24
    os_var.o                                    753
    pwm.o                     242
    skiplist.o                464                 4
    sysctl.o                1 044      116
    -----------------------------------------------
    Total:                 16 998    1 244   11 998

dl7M_tlf.a: [2]
    XShttio.o                  12        8        8
    exit.o                      4
    low_level_init.o            4
    rand.o                    164        8      140
    -----------------------------------------------
    Total:                    184       16      148

m7M_tl.a: [3]
    -----------------------------------------------
    Total:

rt7M_tl.a: [4]
    cexit.o                    10
    cmain.o                    30
    copy_init3.o               44
    cstartup_M.o               12
    data_init.o                40
    zero_init3.o               58
    -----------------------------------------------
    Total:                    194

shb_l.a: [5]
    exit.o                     20
    iarttio.o                  48
    -----------------------------------------------
    Total:                     68

    Linker created                      36    1 024
---------------------------------------------------
    Grand Total:           17 444    1 296   13 170


*******************************************************************************
*** ENTRY LIST
***

Entry                       Address   Size  Type      Object
-----                       -------   ----  ----      ------
.iar.init_table$$Base        0x4708          --   Gb  - Linker created -
.iar.init_table$$Limit       0x472c          --   Gb  - Linker created -
?main                        0x474d         Code  Gb  cmain.o [4]
AppRobotMotorDriveSensorEnable
                             0x428f   0x20  Code  Lc  app.o [1]
AppTaskBackwardStk      0x2000'1864  0x200  Data  Lc  app.o [1]
AppTaskBackwardTCB      0x2000'2a10   0x8c  Data  Lc  app.o [1]
AppTaskBlinkStk         0x2000'1464  0x200  Data  Lc  app.o [1]
AppTaskBlinkTCB         0x2000'28f8   0x8c  Data  Lc  app.o [1]
AppTaskForwardStk       0x2000'1664  0x200  Data  Lc  app.o [1]
AppTaskForwardTCB       0x2000'2984   0x8c  Data  Lc  app.o [1]
AppTaskLeftStk          0x2000'1a64  0x200  Data  Lc  app.o [1]
AppTaskLeftTCB          0x2000'2a9c   0x8c  Data  Lc  app.o [1]
AppTaskRightStk         0x2000'1c64  0x200  Data  Lc  app.o [1]
AppTaskRightTCB         0x2000'2b28   0x8c  Data  Lc  app.o [1]
AppTaskStart                 0x40c5  0x13c  Code  Lc  app.o [1]
AppTaskStartStk         0x2000'1264  0x200  Data  Lc  app.o [1]
AppTaskStartTCB         0x2000'286c   0x8c  Data  Lc  app.o [1]
App_BusFault_ISR             0x4855    0x2  Code  Lc  app_vect.o [1]
App_Fault_ISR                0x4853    0x2  Code  Lc  app_vect.o [1]
App_MemFault_ISR             0x4859    0x2  Code  Lc  app_vect.o [1]
App_NMI_ISR                  0x4851    0x2  Code  Lc  app_vect.o [1]
App_Spurious_ISR             0x485b    0x2  Code  Lc  app_vect.o [1]
App_UsageFault_ISR           0x4857    0x2  Code  Lc  app_vect.o [1]
BSP_BumpSensorsInit          0x35a9   0x1a  Code  Gb  bsp_sensors.o [1]
BSP_CPUClkFreq               0x2b51   0x12  Code  Gb  bsp.o [1]
BSP_CPU_ClkFreq_MHz     0x2000'2ee4    0x4  Data  Gb  bsp.o [1]
BSP_DisplayClear             0x3387   0x4c  Code  Gb  bsp_display.o [1]
BSP_DisplayInit              0x3409   0xd2  Code  Gb  bsp_display.o [1]
BSP_DisplayOn                0x33d3   0x36  Code  Gb  bsp_display.o [1]
BSP_DisplayWriteArray        0x3309   0x3e  Code  Lc  bsp_display.o [1]
BSP_DisplayWriteByte         0x32d7   0x32  Code  Lc  bsp_display.o [1]
BSP_DisplayWriteFinal        0x3347   0x40  Code  Lc  bsp_display.o [1]
BSP_DisplayWriteFirst        0x32b1   0x26  Code  Lc  bsp_display.o [1]
BSP_Init                     0x2aed   0x64  Code  Gb  bsp.o [1]
BSP_IntDisAll                0x3059    0x8  Code  Gb  bsp_int.o [1]
BSP_IntEn                    0x3061   0x10  Code  Gb  bsp_int.o [1]
BSP_IntHandler               0x3287   0x20  Code  Lc  bsp_int.o [1]
BSP_IntHandlerADC0           0x310b    0xa  Code  Gb  bsp_int.o [1]
BSP_IntHandlerADC1           0x3115    0xa  Code  Gb  bsp_int.o [1]
BSP_IntHandlerADC1_0         0x3241    0xa  Code  Gb  bsp_int.o [1]
BSP_IntHandlerADC1_1         0x324b    0xa  Code  Gb  bsp_int.o [1]
BSP_IntHandlerADC1_2         0x3255    0xa  Code  Gb  bsp_int.o [1]
BSP_IntHandlerADC1_3         0x325f    0xa  Code  Gb  bsp_int.o [1]
BSP_IntHandlerADC2           0x311f    0xa  Code  Gb  bsp_int.o [1]
BSP_IntHandlerADC3           0x3129    0xa  Code  Gb  bsp_int.o [1]
BSP_IntHandlerCAN0           0x31fb    0xa  Code  Gb  bsp_int.o [1]
BSP_IntHandlerCAN1           0x3205    0xa  Code  Gb  bsp_int.o [1]
BSP_IntHandlerCOMP0          0x3179    0xa  Code  Gb  bsp_int.o [1]
BSP_IntHandlerCOMP1          0x3183    0xa  Code  Gb  bsp_int.o [1]
BSP_IntHandlerCOMP2          0x318d    0xa  Code  Gb  bsp_int.o [1]
BSP_IntHandlerDummy          0x32ad    0x2  Code  Lc  bsp_int.o [1]
BSP_IntHandlerEPI            0x3273    0xa  Code  Gb  bsp_int.o [1]
BSP_IntHandlerETH            0x320f    0xa  Code  Gb  bsp_int.o [1]
BSP_IntHandlerFLASH          0x31a1    0xa  Code  Gb  bsp_int.o [1]
BSP_IntHandlerGPIOA          0x30b1    0xa  Code  Gb  bsp_int.o [1]
BSP_IntHandlerGPIOB          0x30bb    0xa  Code  Gb  bsp_int.o [1]
BSP_IntHandlerGPIOC          0x30c5    0xa  Code  Gb  bsp_int.o [1]
BSP_IntHandlerGPIOD          0x30cf    0xa  Code  Gb  bsp_int.o [1]
BSP_IntHandlerGPIOE          0x30d9    0xa  Code  Gb  bsp_int.o [1]
BSP_IntHandlerGPIOF          0x31ab    0xa  Code  Gb  bsp_int.o [1]
BSP_IntHandlerGPIOG          0x31b5    0xa  Code  Gb  bsp_int.o [1]
BSP_IntHandlerGPIOH          0x31bf    0xa  Code  Gb  bsp_int.o [1]
BSP_IntHandlerGPIOJ          0x327d    0xa  Code  Gb  bsp_int.o [1]
BSP_IntHandlerHIBERNATE
                             0x3219    0xa  Code  Gb  bsp_int.o [1]
BSP_IntHandlerI2C0           0x3101    0xa  Code  Gb  bsp_int.o [1]
BSP_IntHandlerI2C1           0x31f1    0xa  Code  Gb  bsp_int.o [1]
BSP_IntHandlerI2S0           0x3269    0xa  Code  Gb  bsp_int.o [1]
BSP_IntHandlerSSI0           0x30f7    0xa  Code  Gb  bsp_int.o [1]
BSP_IntHandlerSSI1           0x31d3    0xa  Code  Gb  bsp_int.o [1]
BSP_IntHandlerSYSCTL         0x3197    0xa  Code  Gb  bsp_int.o [1]
BSP_IntHandlerTIMER0A        0x313d    0xa  Code  Gb  bsp_int.o [1]
BSP_IntHandlerTIMER0B        0x3147    0xa  Code  Gb  bsp_int.o [1]
BSP_IntHandlerTIMER1A        0x3151    0xa  Code  Gb  bsp_int.o [1]
BSP_IntHandlerTIMER1B        0x315b    0xa  Code  Gb  bsp_int.o [1]
BSP_IntHandlerTIMER2A        0x3165    0xa  Code  Gb  bsp_int.o [1]
BSP_IntHandlerTIMER2B        0x316f    0xa  Code  Gb  bsp_int.o [1]
BSP_IntHandlerTIMER3A        0x31dd    0xa  Code  Gb  bsp_int.o [1]
BSP_IntHandlerTIMER3B        0x31e7    0xa  Code  Gb  bsp_int.o [1]
BSP_IntHandlerUART0          0x30e3    0xa  Code  Gb  bsp_int.o [1]
BSP_IntHandlerUART1          0x30ed    0xa  Code  Gb  bsp_int.o [1]
BSP_IntHandlerUART2          0x31c9    0xa  Code  Gb  bsp_int.o [1]
BSP_IntHandlerUDMA_ERR       0x3237    0xa  Code  Gb  bsp_int.o [1]
BSP_IntHandlerUDMA_SW        0x322d    0xa  Code  Gb  bsp_int.o [1]
BSP_IntHandlerUSB            0x3223    0xa  Code  Gb  bsp_int.o [1]
BSP_IntHandlerWATCHDOG       0x3133    0xa  Code  Gb  bsp_int.o [1]
BSP_IntInit                  0x3099   0x18  Code  Gb  bsp_int.o [1]
BSP_IntVectSet               0x3071   0x28  Code  Gb  bsp_int.o [1]
BSP_IntVectTbl          0x2000'2664  0x118  Data  Lc  bsp_int.o [1]
BSP_LED_Off                  0x356b   0x36  Code  Gb  bsp_io.o [1]
BSP_LED_On                   0x3535   0x36  Code  Gb  bsp_io.o [1]
BSP_LEDsInit                 0x3523   0x12  Code  Gb  bsp_io.o [1]
BSP_MotorDir                 0x37ef   0x44  Code  Gb  bsp_motor.o [1]
BSP_MotorRun                 0x3833   0x1c  Code  Gb  bsp_motor.o [1]
BSP_MotorSpeed               0x3883   0x7e  Code  Gb  bsp_motor.o [1]
BSP_MotorStop                0x384f   0x34  Code  Gb  bsp_motor.o [1]
BSP_MotorsInit               0x370d   0xe2  Code  Gb  bsp_motor.o [1]
BSP_PushButtonsInit          0x3509   0x1a  Code  Gb  bsp_io.o [1]
BSP_WheelSensorEnable        0x366b    0xe  Code  Gb  bsp_sensors.o [1]
BSP_WheelSensorIntEnable
                             0x3679   0x86  Code  Gb  bsp_sensors.o [1]
BSP_WheelSensorsInit         0x35c3   0xa8  Code  Gb  bsp_sensors.o [1]
CPU_CntLeadZeros             0x1c7f         Code  Gb  cpu_a.o [1]
CPU_Init                     0x1fe9   0x10  Code  Gb  cpu_core.o [1]
CPU_IntDis                   0x1c69         Code  Gb  cpu_a.o [1]
CPU_IntDisMeasCtr       0x2000'2f5c    0x2  Data  Gb  cpu_core.o [1]
CPU_IntDisMeasInit           0x20c3   0x78  Code  Lc  cpu_core.o [1]
CPU_IntDisMeasMaxCalc        0x213b   0x12  Code  Lc  cpu_core.o [1]
CPU_IntDisMeasMaxCurGet
                             0x203d   0x18  Code  Gb  cpu_core.o [1]
CPU_IntDisMeasMaxCurReset
                             0x2021   0x1c  Code  Gb  cpu_core.o [1]
CPU_IntDisMeasMaxCur_cnts
                        0x2000'2efc    0x4  Data  Gb  cpu_core.o [1]
CPU_IntDisMeasMax_cnts  0x2000'2f00    0x4  Data  Gb  cpu_core.o [1]
CPU_IntDisMeasOvrhd_cnts
                        0x2000'2ef8    0x4  Data  Gb  cpu_core.o [1]
CPU_IntDisMeasStart          0x2055   0x22  Code  Gb  cpu_core.o [1]
CPU_IntDisMeasStart_cnts
                        0x2000'2ef0    0x4  Data  Gb  cpu_core.o [1]
CPU_IntDisMeasStop           0x2077   0x36  Code  Gb  cpu_core.o [1]
CPU_IntDisMeasStop_cnts
                        0x2000'2ef4    0x4  Data  Gb  cpu_core.o [1]
CPU_IntDisNestCtr       0x2000'2f5e    0x2  Data  Gb  cpu_core.o [1]
CPU_IntEn                    0x1c6d         Code  Gb  cpu_a.o [1]
CPU_IntSrcEn                 0x3929  0x126  Code  Gb  cpu_c.o [1]
CPU_Name                0x2000'2ecc   0x10  Data  Gb  cpu_core.o [1]
CPU_NameClr                  0x1ff9   0x22  Code  Gb  cpu_core.o [1]
CPU_NameInit                 0x20ad    0x8  Code  Lc  cpu_core.o [1]
CPU_RevBits                  0x1c85         Code  Gb  cpu_a.o [1]
CPU_SR_Restore               0x1c79         Code  Gb  cpu_a.o [1]
CPU_SR_Save                  0x1c71         Code  Gb  cpu_a.o [1]
CPU_TS_Init                  0x20b5    0xe  Code  Lc  cpu_core.o [1]
CPU_TS_TmrFreqSet            0x201b    0x6  Code  Gb  cpu_core.o [1]
CPU_TS_TmrFreq_Hz       0x2000'2eec    0x4  Data  Gb  cpu_core.o [1]
CPU_TS_TmrInit               0x21f5   0x16  Code  Gb  cpu_bsp.o [1]
CPU_TS_TmrRd                 0x220b    0x6  Code  Gb  cpu_bsp.o [1]
CPU_WaitForExcept            0x1c8f         Code  Gb  cpu_a.o [1]
CPU_WaitForInt               0x1c8b         Code  Gb  cpu_a.o [1]
CSTACK$$Base            0x2000'2f78          --   Gb  - Linker created -
CSTACK$$Limit           0x2000'3378          --   Gb  - Linker created -
CommMem2                0x2000'2eac   0x20  Data  Gb  app.o [1]
GPIODirModeSet               0x3b25   0x52  Code  Gb  gpio.o [1]
GPIOIntTypeSet               0x3b77   0x78  Code  Gb  gpio.o [1]
GPIOPadConfigSet             0x3bef  0x15c  Code  Gb  gpio.o [1]
GPIOPinConfigure             0x3e33   0x46  Code  Gb  gpio.o [1]
GPIOPinIntClear              0x3d8b    0xc  Code  Gb  gpio.o [1]
GPIOPinIntDisable            0x3d5f   0x14  Code  Gb  gpio.o [1]
GPIOPinIntEnable             0x3d4b   0x14  Code  Gb  gpio.o [1]
GPIOPinIntStatus             0x3d73   0x18  Code  Gb  gpio.o [1]
GPIOPinTypeGPIOInput         0x3dab   0x22  Code  Gb  gpio.o [1]
GPIOPinTypeGPIOOutput        0x3dcd   0x22  Code  Gb  gpio.o [1]
GPIOPinTypeI2C               0x3def   0x22  Code  Gb  gpio.o [1]
GPIOPinTypePWM               0x3e11   0x22  Code  Gb  gpio.o [1]
GPIOPinWrite                 0x3d97   0x14  Code  Gb  gpio.o [1]
I2CMasterControl             0x3af1    0x6  Code  Gb  i2c.o [1]
I2CMasterDataPut             0x3b17    0xc  Code  Gb  i2c.o [1]
I2CMasterEnable              0x3a97   0x12  Code  Gb  i2c.o [1]
I2CMasterErr                 0x3af7   0x20  Code  Gb  i2c.o [1]
I2CMasterInitExpClk          0x3a61   0x36  Code  Gb  i2c.o [1]
I2CMasterIntStatus           0x3aa9   0x2c  Code  Gb  i2c.o [1]
I2CMasterSlaveAddrSet        0x3add   0x14  Code  Gb  i2c.o [1]
IntWheelSensor               0x42b1   0xbc  Code  Gb  app.o [1]
IntWheelSensor::CountL  0x2000'2f6a    0x1  Data  Lc  app.o [1]
IntWheelSensor::CountR  0x2000'2f6b    0x1  Data  Lc  app.o [1]
IntWheelSensor::data    0x2000'2f6c    0x1  Data  Lc  app.o [1]
LEDBlink                     0x4201   0x30  Code  Lc  app.o [1]
Left_tgt                0x2000'2f68    0x1  Data  Gb  app.o [1]
Mem_Clr                      0x2a8d    0xc  Code  Gb  lib_mem.o [1]
Mem_Set                      0x2a99   0x54  Code  Gb  lib_mem.o [1]
OSCfg_DataSizeRAM            0x48e0    0x4  Data  Gb  os_cfg_app.o [1]
OSCfg_ISRStk            0x2000'2064  0x200  Data  Gb  os_cfg_app.o [1]
OSCfg_ISRStkBasePtr          0x4898    0x4  Data  Gb  os_cfg_app.o [1]
OSCfg_ISRStkSize             0x489c    0x4  Data  Gb  os_cfg_app.o [1]
OSCfg_ISRStkSizeRAM          0x48a0    0x4  Data  Gb  os_cfg_app.o [1]
OSCfg_IdleTaskStk       0x2000'1e64  0x200  Data  Gb  os_cfg_app.o [1]
OSCfg_IdleTaskStkBasePtr
                             0x4888    0x4  Data  Gb  os_cfg_app.o [1]
OSCfg_IdleTaskStkLimit       0x488c    0x4  Data  Gb  os_cfg_app.o [1]
OSCfg_IdleTaskStkSize        0x4890    0x4  Data  Gb  os_cfg_app.o [1]
OSCfg_IdleTaskStkSizeRAM
                             0x4894    0x4  Data  Gb  os_cfg_app.o [1]
OSCfg_Init                   0x1bbd   0xac  Code  Gb  os_cfg_app.o [1]
OSCfg_MsgPool           0x2000'0c24  0x640  Data  Gb  os_cfg_app.o [1]
OSCfg_MsgPoolBasePtr         0x48a8    0x4  Data  Gb  os_cfg_app.o [1]
OSCfg_MsgPoolSize            0x1c92    0x2  Data  Gb  os_cfg_app.o [1]
OSCfg_MsgPoolSizeRAM         0x48a4    0x4  Data  Gb  os_cfg_app.o [1]
OSCfg_StkSizeMin             0x48ac    0x4  Data  Gb  os_cfg_app.o [1]
OSCfg_TickRate_Hz            0x48b0    0x4  Data  Gb  os_cfg_app.o [1]
OSCfg_TickTaskPrio           0x4912    0x1  Data  Gb  os_cfg_app.o [1]
OSCfg_TickTaskStk       0x2000'2264  0x200  Data  Gb  os_cfg_app.o [1]
OSCfg_TickTaskStkBasePtr
                             0x48b4    0x4  Data  Gb  os_cfg_app.o [1]
OSCfg_TickTaskStkLimit       0x48b8    0x4  Data  Gb  os_cfg_app.o [1]
OSCfg_TickTaskStkSize        0x48bc    0x4  Data  Gb  os_cfg_app.o [1]
OSCfg_TickTaskStkSizeRAM
                             0x48c0    0x4  Data  Gb  os_cfg_app.o [1]
OSCfg_TickWheel         0x2000'2ddc   0x68  Data  Gb  os_cfg_app.o [1]
OSCfg_TickWheelSize          0x2b9e    0x2  Data  Gb  os_cfg_app.o [1]
OSCfg_TickWheelSizeRAM       0x48c4    0x4  Data  Gb  os_cfg_app.o [1]
OSCfg_TmrTaskPrio            0x4913    0x1  Data  Gb  os_cfg_app.o [1]
OSCfg_TmrTaskRate_Hz         0x48c8    0x4  Data  Gb  os_cfg_app.o [1]
OSCfg_TmrTaskStk        0x2000'2464  0x200  Data  Gb  os_cfg_app.o [1]
OSCfg_TmrTaskStkBasePtr
                             0x48cc    0x4  Data  Gb  os_cfg_app.o [1]
OSCfg_TmrTaskStkLimit        0x48d0    0x4  Data  Gb  os_cfg_app.o [1]
OSCfg_TmrTaskStkSize         0x48d4    0x4  Data  Gb  os_cfg_app.o [1]
OSCfg_TmrTaskStkSizeRAM
                             0x48d8    0x4  Data  Gb  os_cfg_app.o [1]
OSCfg_TmrWheel          0x2000'2e44   0x68  Data  Gb  os_cfg_app.o [1]
OSCfg_TmrWheelSize           0x32ae    0x2  Data  Gb  os_cfg_app.o [1]
OSCfg_TmrWheelSizeRAM        0x48dc    0x4  Data  Gb  os_cfg_app.o [1]
OSDbg_AppHooksEn             0x4915    0x1  Data  Gb  os_dbg.o [1]
OSDbg_ArgChkEn               0x4914    0x1  Data  Gb  os_dbg.o [1]
OSDbg_CalledFromISRChkEn
                             0x4916    0x1  Data  Gb  os_dbg.o [1]
OSDbg_DataSize               0x48ec    0x4  Data  Gb  os_dbg.o [1]
OSDbg_DbgEn                  0x3b22    0x2  Data  Gb  os_dbg.o [1]
OSDbg_EndiannessTest         0x48e4    0x4  Data  Gb  os_dbg.o [1]
OSDbg_FlagEn                 0x4917    0x1  Data  Gb  os_dbg.o [1]
OSDbg_FlagGrp                0x466c   0x28  Data  Gb  os_dbg.o [1]
OSDbg_ISRPostDeferredEn
                             0x4918    0x1  Data  Gb  os_dbg.o [1]
OSDbg_Mem                    0x472c   0x20  Data  Gb  os_dbg.o [1]
OSDbg_MemEn                  0x4919    0x1  Data  Gb  os_dbg.o [1]
OSDbg_MemSize                0x3f76    0x2  Data  Gb  os_dbg.o [1]
OSDbg_MsgEn                  0x491a    0x1  Data  Gb  os_dbg.o [1]
OSDbg_MsgPoolSize            0x48f0    0x2  Data  Gb  os_dbg.o [1]
OSDbg_MsgQSize               0x48f2    0x2  Data  Gb  os_dbg.o [1]
OSDbg_MsgSize                0x476e    0x2  Data  Gb  os_dbg.o [1]
OSDbg_Mutex                  0x4614   0x2c  Data  Gb  os_dbg.o [1]
OSDbg_MutexDelEn             0x491c    0x1  Data  Gb  os_dbg.o [1]
OSDbg_MutexEn                0x491b    0x1  Data  Gb  os_dbg.o [1]
OSDbg_MutexPendAbortEn       0x491d    0x1  Data  Gb  os_dbg.o [1]
OSDbg_MutexSize              0x48f4    0x2  Data  Gb  os_dbg.o [1]
OSDbg_ObjTypeChkEn           0x491e    0x1  Data  Gb  os_dbg.o [1]
OSDbg_PendDataSize           0x48f6    0x2  Data  Gb  os_dbg.o [1]
OSDbg_PendListSize           0x48f8    0x2  Data  Gb  os_dbg.o [1]
OSDbg_PendMultiEn            0x491f    0x1  Data  Gb  os_dbg.o [1]
OSDbg_PendObjSize            0x48fa    0x2  Data  Gb  os_dbg.o [1]
OSDbg_PrioMax                0x48fc    0x2  Data  Gb  os_dbg.o [1]
OSDbg_PrioTblSize            0x48fe    0x2  Data  Gb  os_dbg.o [1]
OSDbg_PtrSize                0x4900    0x2  Data  Gb  os_dbg.o [1]
OSDbg_Q                      0x45e4   0x30  Data  Gb  os_dbg.o [1]
OSDbg_QDelEn                 0x4921    0x1  Data  Gb  os_dbg.o [1]
OSDbg_QEn                    0x4920    0x1  Data  Gb  os_dbg.o [1]
OSDbg_QFlushEn               0x4922    0x1  Data  Gb  os_dbg.o [1]
OSDbg_QPendAbortEn           0x4923    0x1  Data  Gb  os_dbg.o [1]
OSDbg_QSize                  0x4902    0x2  Data  Gb  os_dbg.o [1]
OSDbg_RdyList                0x4904    0x2  Data  Gb  os_dbg.o [1]
OSDbg_RdyListSize            0x48e8    0x4  Data  Gb  os_dbg.o [1]
OSDbg_SchedRoundRobinEn
                             0x4924    0x1  Data  Gb  os_dbg.o [1]
OSDbg_Sem                    0x4694   0x28  Data  Gb  os_dbg.o [1]
OSDbg_SemEn                  0x4925    0x1  Data  Gb  os_dbg.o [1]
OSDbg_StatTaskEn             0x4927    0x1  Data  Gb  os_dbg.o [1]
OSDbg_StatTaskStkChkEn       0x4928    0x1  Data  Gb  os_dbg.o [1]
OSDbg_StkWidth               0x4926    0x1  Data  Gb  os_dbg.o [1]
OSDbg_TCBSize                0x4908    0x2  Data  Gb  os_dbg.o [1]
OSDbg_TaskChangePrioEn       0x4929    0x1  Data  Gb  os_dbg.o [1]
OSDbg_TaskDelEn              0x492a    0x1  Data  Gb  os_dbg.o [1]
OSDbg_TaskProfileEn          0x492d    0x1  Data  Gb  os_dbg.o [1]
OSDbg_TaskQEn                0x492b    0x1  Data  Gb  os_dbg.o [1]
OSDbg_TaskQPendAbortEn       0x492c    0x1  Data  Gb  os_dbg.o [1]
OSDbg_TaskRegTblSize         0x4906    0x2  Data  Gb  os_dbg.o [1]
OSDbg_TaskSemPendAbortEn
                             0x492e    0x1  Data  Gb  os_dbg.o [1]
OSDbg_TaskSuspendEn          0x492f    0x1  Data  Gb  os_dbg.o [1]
OSDbg_TickSpokeSize          0x490a    0x2  Data  Gb  os_dbg.o [1]
OSDbg_TimeDlyHMSMEn          0x4930    0x1  Data  Gb  os_dbg.o [1]
OSDbg_TimeDlyResumeEn        0x4931    0x1  Data  Gb  os_dbg.o [1]
OSDbg_Tmr                    0x45b0   0x34  Data  Gb  os_dbg.o [1]
OSDbg_TmrDelEn               0x4933    0x1  Data  Gb  os_dbg.o [1]
OSDbg_TmrEn                  0x4932    0x1  Data  Gb  os_dbg.o [1]
OSDbg_TmrSize                0x490c    0x2  Data  Gb  os_dbg.o [1]
OSDbg_TmrSpokeSize           0x490e    0x2  Data  Gb  os_dbg.o [1]
OSDbg_VersionNbr             0x4910    0x2  Data  Gb  os_dbg.o [1]
OSIdleTaskCtr           0x2000'2f0c    0x4  Data  Gb  os_var.o [1]
OSIdleTaskHook                0x9c5    0x2  Code  Gb  os_cpu_c.o [1]
OSIdleTaskTCB           0x2000'2bb4   0x8c  Data  Gb  os_var.o [1]
OSInit                        0x11d   0xce  Code  Gb  os_core.o [1]
OSInitHook                    0x9c7   0x14  Code  Gb  os_cpu_c.o [1]
OSIntEnter                    0x1eb   0x1c  Code  Gb  os_core.o [1]
OSIntExit                     0x207   0x98  Code  Gb  os_core.o [1]
OSIntNestingCtr         0x2000'2f6d    0x1  Data  Gb  os_var.o [1]
OSMemCreate                  0x1505   0x9a  Code  Gb  os_mem.o [1]
OSMemDbgListPtr         0x2000'2f10    0x4  Data  Gb  os_var.o [1]
OSMemGet                     0x159f   0x4a  Code  Gb  os_mem.o [1]
OSMemPut                     0x15e9   0x4a  Code  Gb  os_mem.o [1]
OSMemQty                0x2000'2f60    0x2  Data  Gb  os_var.o [1]
OSMsgPool               0x2000'2edc    0x8  Data  Gb  os_var.o [1]
OSMutexDbgListPtr       0x2000'2f14    0x4  Data  Gb  os_var.o [1]
OSMutexQty              0x2000'2f62    0x2  Data  Gb  os_var.o [1]
OSPrioCur               0x2000'2f6f    0x1  Data  Gb  os_var.o [1]
OSPrioHighRdy           0x2000'2f70    0x1  Data  Gb  os_var.o [1]
OSPrioTbl               0x2000'2f08    0x4  Data  Gb  os_prio.o [1]
OSQDbgListPtr           0x2000'2f18    0x4  Data  Gb  os_var.o [1]
OSQQty                  0x2000'2f64    0x2  Data  Gb  os_var.o [1]
OSRdyList               0x2000'277c   0xf0  Data  Gb  os_var.o [1]
OSRunning               0x2000'2f6e    0x1  Data  Gb  os_var.o [1]
OSSched                       0x29f   0x7a  Code  Gb  os_core.o [1]
OSSchedLock                   0x319   0x60  Code  Gb  os_core.o [1]
OSSchedLockNestingCtr   0x2000'2f71    0x1  Data  Gb  os_var.o [1]
OSSchedLockTimeBegin    0x2000'2f1c    0x4  Data  Gb  os_var.o [1]
OSSchedLockTimeMax      0x2000'2f20    0x4  Data  Gb  os_var.o [1]
OSSchedLockTimeMaxCur   0x2000'2f24    0x4  Data  Gb  os_var.o [1]
OSSchedUnlock                 0x379   0x7c  Code  Gb  os_core.o [1]
OSStart                       0x3f5   0x52  Code  Gb  os_core.o [1]
OSStartHighRdy               0x2171         Code  Gb  os_cpu_a.o [1]
OSTCBCurPtr             0x2000'2f4c    0x4  Data  Gb  os_var.o [1]
OSTCBHighRdyPtr         0x2000'2f50    0x4  Data  Gb  os_var.o [1]
OSTaskCreate                  0xb95  0x120  Code  Gb  os_task.o [1]
OSTaskCreateHook              0x9db    0x2  Code  Gb  os_cpu_c.o [1]
OSTaskCreateRecursive        0x1c95  0x162  Code  Gb  OS_RecTaskServices.o [1]
OSTaskCtxSwCtr          0x2000'2f28    0x4  Data  Gb  os_var.o [1]
OSTaskDbgListPtr        0x2000'2f2c    0x4  Data  Gb  os_var.o [1]
OSTaskDel                     0xcb5   0xfe  Code  Gb  os_task.o [1]
OSTaskDelHook                 0x9dd    0x2  Code  Gb  os_cpu_c.o [1]
OSTaskDelRecursive           0x1df7   0xdc  Code  Gb  OS_RecTaskServices.o [1]
OSTaskQty               0x2000'2f66    0x2  Data  Gb  os_var.o [1]
OSTaskReturnHook              0x9df    0x2  Code  Gb  os_cpu_c.o [1]
OSTaskSemPend                 0xdb3  0x126  Code  Gb  os_task.o [1]
OSTaskSemPost                 0xed9   0x1c  Code  Gb  os_task.o [1]
OSTaskStkInit                 0x9e1   0x7e  Code  Gb  os_cpu_c.o [1]
OSTaskSwHook                  0xa5f   0x2c  Code  Gb  os_cpu_c.o [1]
OSTickCtr               0x2000'2f30    0x4  Data  Gb  os_var.o [1]
OSTickTaskTCB           0x2000'2c40   0x8c  Data  Gb  os_var.o [1]
OSTickTaskTimeMax       0x2000'2f34    0x4  Data  Gb  os_var.o [1]
OSTimeTick                   0x2219   0x30  Code  Gb  os_time.o [1]
OSTimeTickHook                0xa8b    0x2  Code  Gb  os_cpu_c.o [1]
OSTmrDbgListPtr         0x2000'2f38    0x4  Data  Gb  os_var.o [1]
OSTmrTaskTCB            0x2000'2ccc   0x8c  Data  Gb  os_var.o [1]
OSTmrTaskTimeMax        0x2000'2f3c    0x4  Data  Gb  os_var.o [1]
OSTmrTickCtr            0x2000'2f40    0x4  Data  Gb  os_var.o [1]
OSTmrUpdateCnt          0x2000'2f44    0x4  Data  Gb  os_var.o [1]
OSTmrUpdateCtr          0x2000'2f48    0x4  Data  Gb  os_var.o [1]
OS_CPU_ExceptStkBase    0x2000'2f04    0x4  Data  Gb  os_cpu_c.o [1]
OS_CPU_PendSVHandler         0x218f         Code  Gb  os_cpu_a.o [1]
OS_CPU_SysTickHandler         0xa8d   0x2a  Code  Gb  os_cpu_c.o [1]
OS_CPU_SysTickInit            0xab7   0x24  Code  Gb  os_cpu_c.o [1]
OS_Dbg_Init                  0x1a4d  0x170  Code  Gb  os_dbg.o [1]
OS_IdleTask                   0x447   0x28  Code  Gb  os_core.o [1]
OS_IdleTaskInit               0x46f   0x50  Code  Gb  os_core.o [1]
OS_MemDbgListAdd             0x1633   0x1e  Code  Gb  os_mem.o [1]
OS_MemInit                   0x1651   0x12  Code  Gb  os_mem.o [1]
OS_MsgPoolCreate             0x1675   0x40  Code  Gb  os_msg.o [1]
OS_MsgPoolInit               0x16b5   0x24  Code  Gb  os_msg.o [1]
OS_MsgQFreeAll               0x16d9   0x3e  Code  Gb  os_msg.o [1]
OS_MsgQInit                  0x1717   0x14  Code  Gb  os_msg.o [1]
OS_MutexInit                 0x1739   0x12  Code  Gb  os_mutex.o [1]
OS_Pend                       0x4bf   0x54  Code  Gb  os_core.o [1]
OS_PendDataInit               0x513   0x38  Code  Gb  os_core.o [1]
OS_PendDbgNameAdd             0x54b   0x42  Code  Gb  os_core.o [1]
OS_PendDbgNameRemove          0x58d   0x1c  Code  Gb  os_core.o [1]
OS_PendListInsertPrio         0x5ad   0x72  Code  Gb  os_core.o [1]
OS_PendListRemove             0x61f   0x2a  Code  Gb  os_core.o [1]
OS_PendListRemove1            0x649   0x48  Code  Gb  os_core.o [1]
OS_Post                       0x691   0xc0  Code  Gb  os_core.o [1]
OS_Post1                      0x751   0x28  Code  Gb  os_core.o [1]
OS_PrioGetHighest             0xb19   0x20  Code  Gb  os_prio.o [1]
OS_PrioInit                   0xb05   0x14  Code  Gb  os_prio.o [1]
OS_PrioInsert                 0xb39   0x2a  Code  Gb  os_prio.o [1]
OS_PrioRemove                 0xb63   0x2c  Code  Gb  os_prio.o [1]
OS_QInit                     0x1755   0x12  Code  Gb  os_q.o [1]
OS_RdyListInit                0x779   0x2a  Code  Gb  os_core.o [1]
OS_RdyListInsert              0x7a3   0x28  Code  Gb  os_core.o [1]
OS_RdyListInsertHead          0x7cb   0x3a  Code  Gb  os_core.o [1]
OS_RdyListInsertTail          0x805   0x38  Code  Gb  os_core.o [1]
OS_RdyListRemove              0x83d   0x5c  Code  Gb  os_core.o [1]
OS_SchedLockTimeMeasStart
                              0x899   0x14  Code  Gb  os_core.o [1]
OS_SchedLockTimeMeasStop
                              0x8ad   0x2a  Code  Gb  os_core.o [1]
OS_TaskBlock                  0x939   0x38  Code  Gb  os_core.o [1]
OS_TaskDbgListAdd             0xef5   0x26  Code  Gb  os_task.o [1]
OS_TaskDbgListRemove          0xf1b   0x4a  Code  Gb  os_task.o [1]
OS_TaskInit                   0xf65   0x18  Code  Gb  os_task.o [1]
OS_TaskInitTCB                0xf7d   0xa8  Code  Gb  os_task.o [1]
OS_TaskRdy                    0x971   0x1a  Code  Gb  os_core.o [1]
OS_TaskReturn                0x1025   0x14  Code  Gb  os_task.o [1]
OS_TaskSemPost               0x1039   0xd4  Code  Gb  os_task.o [1]
OS_TickListInit              0x11cf   0x2e  Code  Gb  os_tick.o [1]
OS_TickListInsert            0x11fd  0x11c  Code  Gb  os_tick.o [1]
OS_TickListRemove            0x1319   0x42  Code  Gb  os_tick.o [1]
OS_TickListUpdate            0x135b  0x172  Code  Gb  os_tick.o [1]
OS_TickTask                  0x1139   0x26  Code  Gb  os_tick.o [1]
OS_TickTaskInit              0x115f   0x70  Code  Gb  os_tick.o [1]
OS_TmrInit                   0x1771   0xd6  Code  Gb  os_tmr.o [1]
OS_TmrLink                   0x1847   0xd0  Code  Gb  os_tmr.o [1]
OS_TmrTask                   0x1965   0xa6  Code  Gb  os_tmr.o [1]
OS_TmrUnlink                 0x1917   0x4c  Code  Gb  os_tmr.o [1]
PWMGenConfigure              0x3e85   0x3c  Code  Gb  pwm.o [1]
PWMGenEnable                 0x3ee3    0xe  Code  Gb  pwm.o [1]
PWMGenPeriodSet              0x3ec1   0x22  Code  Gb  pwm.o [1]
PWMOutputInvert              0x3f4b   0x2c  Code  Gb  pwm.o [1]
PWMOutputState               0x3f1f   0x2c  Code  Gb  pwm.o [1]
PWMPulseWidthSet             0x3ef1   0x2e  Code  Gb  pwm.o [1]
RBFindMin                    0x24fb    0xc  Code  Gb  RBTree2.o [1]
RMSched                      0x1fa5   0x1e  Code  Gb  OS_RecTaskServices.o [1]
Region$$Table$$Base          0x4708          --   Gb  - Linker created -
Region$$Table$$Limit         0x472c          --   Gb  - Linker created -
Right_tgt               0x2000'2f69    0x1  Data  Gb  app.o [1]
RoboTurn                     0x436d   0xc8  Code  Gb  app.o [1]
SysCtlClockGet               0x2e45  0x1a2  Code  Gb  sysctl.o [1]
SysCtlClockSet               0x2cd9  0x16c  Code  Gb  sysctl.o [1]
SysCtlDelay                  0x2cd1    0x8  Code  Gb  sysctl.o [1]
SysCtlPWMClockSet            0x2fe7    0xe  Code  Gb  sysctl.o [1]
SysCtlPeripheralEnable       0x2ca5   0x2c  Code  Gb  sysctl.o [1]
SysCtlPeripheralReset        0x2c45   0x60  Code  Gb  sysctl.o [1]
_Rand_idx               0x2000'2dd8    0x4  Data  Lc  rand.o [2]
_Rand_rv                0x2000'2d58   0x80  Data  Lc  rand.o [2]
_Randinit               0x2000'0014    0x1  Data  Gb  rand.o [2]
_Randseed               0x2000'0018    0x4  Data  Gb  rand.o [2]
__cmain                      0x474d         Code  Gb  cmain.o [4]
__exit                       0x3915   0x14  Code  Gb  exit.o [5]
__iar_close_ttio             0x3f79   0x2e  Code  Gb  iarttio.o [5]
__iar_copy_init3             0x4641   0x2c  Code  Gb  copy_init3.o [4]
__iar_data_init3             0x46bd   0x28  Code  Gb  data_init.o [4]
__iar_lookup_ttioh           0x3fa9    0x4  Code  Gb  XShttio.o [2]
__iar_program_start          0x485d         Code  Gb  cstartup_M.o [4]
__iar_ttio_handles      0x2000'001c    0x8  Data  Lc  XShttio.o [2]
__iar_zero_init3              0x98b   0x3a  Code  Gb  zero_init3.o [4]
__low_level_init             0x476b    0x4  Code  Gb  low_level_init.o [2]
__vector_table                  0x0  0x11c  Data  Gb  app_vect.o [1]
_call_main                   0x4759         Code  Gb  cmain.o [4]
_exit                        0x2b95         Code  Gb  cexit.o [4]
_main                        0x4767         Code  Gb  cmain.o [4]
append                       0x27bf   0x2c  Code  Gb  linkedList.o [1]
chooseHeight                 0x28bd   0x22  Code  Lc  skiplist.o [1]
color_delete                 0x2539  0x162  Code  Gb  RBTree2.o [1]
color_insert                 0x22e9  0x116  Code  Gb  RBTree2.o [1]
create                       0x275d   0x62  Code  Gb  linkedList.o [1]
delete                       0x269b   0xb8  Code  Gb  RBTree2.o [1]
dispose                      0x27ff   0xb2  Code  Gb  linkedList.o [1]
exit                         0x28b9    0x4  Code  Gb  exit.o [2]
g_pucRITInit                 0x4518   0x50  Data  Lc  bsp_display.o [1]
g_pucRow1                    0x4868    0x8  Data  Lc  bsp_display.o [1]
g_pucRow2                    0x4870    0x8  Data  Lc  bsp_display.o [1]
g_pulGPIOBaseAddrs           0x4568   0x48  Data  Lc  gpio.o [1]
g_pulRCGCRegs                0x4844    0xc  Data  Lc  sysctl.o [1]
g_pulSRCRRegs                0x4838    0xc  Data  Lc  sysctl.o [1]
g_pulXtals                   0x44bc   0x5c  Data  Lc  sysctl.o [1]
g_ulDelay               0x2000'2ee8    0x4  Data  Lc  bsp_display.o [1]
getMinKeyNode2               0x2a89    0x4  Code  Gb  skiplist.o [1]
insert                       0x23ff   0xd8  Code  Gb  RBTree2.o [1]
leftRotate                   0x225d   0x46  Code  Gb  RBTree2.o [1]
leftTurn                     0x4261   0x16  Code  Lc  app.o [1]
main                         0x3fb5  0x10e  Code  Gb  app.o [1]
min                          0x2507    0xc  Code  Gb  RBTree2.o [1]
moveBackward                 0x4249   0x16  Code  Lc  app.o [1]
moveForward                  0x4231   0x16  Code  Lc  app.o [1]
p_addr                  0x2000'0024  0xc00  Data  Gb  app.o [1]
periodBackward          0x2000'0008    0x4  Data  Lc  app.o [1]
periodBlink             0x2000'0000    0x4  Data  Lc  app.o [1]
periodForward           0x2000'0004    0x4  Data  Lc  app.o [1]
periodLeft              0x2000'000c    0x4  Data  Lc  app.o [1]
periodRight             0x2000'0010    0x4  Data  Lc  app.o [1]
rand                         0x2ba1   0x94  Code  Gb  rand.o [2]
readyQueue              0x2000'2f58    0x4  Data  Gb  skiplist.o [1]
releaseTask                  0x1f51   0x54  Code  Gb  OS_RecTaskServices.o [1]
rightRotate                  0x22a3   0x46  Code  Gb  RBTree2.o [1]
rightTurn                    0x4279   0x16  Code  Lc  app.o [1]
root                    0x2000'2f54    0x4  Data  Gb  RBTree2.o [1]
searchRB                     0x24d7   0x24  Code  Gb  RBTree2.o [1]
skiplistCreate               0x2991   0x30  Code  Gb  skiplist.o [1]
skiplistCreateNode           0x28df   0xb2  Code  Lc  skiplist.o [1]
skiplistInsert               0x29f3   0x8e  Code  Gb  skiplist.o [1]
skiplistSearch               0x29c1   0x32  Code  Gb  skiplist.o [1]
successor                    0x2513   0x26  Code  Gb  RBTree2.o [1]
tickHandlerRecursion         0x1ed3   0x7c  Code  Gb  OS_RecTaskServices.o [1]
traverse                     0x27eb   0x14  Code  Gb  linkedList.o [1]


[1] = C:\Users\ahj\Desktop\CE4057\Source_Code_CE4057\ce4053\Micrium\Software\EvalBoards\TI\LM3S9B92-EVALBOT\IAR\uCOS-III-CE4053_PG\Flash\Obj
[2] = dl7M_tlf.a
[3] = m7M_tl.a
[4] = rt7M_tl.a
[5] = shb_l.a

  17 444 bytes of readonly  code memory
   1 296 bytes of readonly  data memory
  13 170 bytes of readwrite data memory

Errors: none
Warnings: none
