###############################################################################
#
# IAR ELF Linker V8.30.1.114/W32 for ARM                  07/Oct/2018  00:28:59
# Copyright 2007-2018 IAR Systems AB.
#
#    Output file  =  
#        C:\Users\ahj\Desktop\CE4057\Source_Code_CE4057\ce4053\Micrium\Software\EvalBoards\TI\LM3S9B92-EVALBOT\IAR\uCOS-III-CE4053_PG\Flash\Exe\uCOS-III-Ex4.out
#    Map file     =  
#        C:\Users\ahj\Desktop\CE4057\Source_Code_CE4057\ce4053\Micrium\Software\EvalBoards\TI\LM3S9B92-EVALBOT\IAR\uCOS-III-CE4053_PG\Flash\List\uCOS-III-Ex4.map
#    Command line =  
#        -f C:\Users\ahj\AppData\Local\Temp\EW9B61.tmp
#        (C:\Users\ahj\Desktop\CE4057\Source_Code_CE4057\ce4053\Micrium\Software\EvalBoards\TI\LM3S9B92-EVALBOT\IAR\uCOS-III-CE4053_PG\Flash\Obj\adc.o
#        C:\Users\ahj\Desktop\CE4057\Source_Code_CE4057\ce4053\Micrium\Software\EvalBoards\TI\LM3S9B92-EVALBOT\IAR\uCOS-III-CE4053_PG\Flash\Obj\app.o
#        C:\Users\ahj\Desktop\CE4057\Source_Code_CE4057\ce4053\Micrium\Software\EvalBoards\TI\LM3S9B92-EVALBOT\IAR\uCOS-III-CE4053_PG\Flash\Obj\app_vect.o
#        C:\Users\ahj\Desktop\CE4057\Source_Code_CE4057\ce4053\Micrium\Software\EvalBoards\TI\LM3S9B92-EVALBOT\IAR\uCOS-III-CE4053_PG\Flash\Obj\bsp.o
#        C:\Users\ahj\Desktop\CE4057\Source_Code_CE4057\ce4053\Micrium\Software\EvalBoards\TI\LM3S9B92-EVALBOT\IAR\uCOS-III-CE4053_PG\Flash\Obj\bsp_dac.o
#        C:\Users\ahj\Desktop\CE4057\Source_Code_CE4057\ce4053\Micrium\Software\EvalBoards\TI\LM3S9B92-EVALBOT\IAR\uCOS-III-CE4053_PG\Flash\Obj\bsp_display.o
#        C:\Users\ahj\Desktop\CE4057\Source_Code_CE4057\ce4053\Micrium\Software\EvalBoards\TI\LM3S9B92-EVALBOT\IAR\uCOS-III-CE4053_PG\Flash\Obj\bsp_int.o
#        C:\Users\ahj\Desktop\CE4057\Source_Code_CE4057\ce4053\Micrium\Software\EvalBoards\TI\LM3S9B92-EVALBOT\IAR\uCOS-III-CE4053_PG\Flash\Obj\bsp_io.o
#        C:\Users\ahj\Desktop\CE4057\Source_Code_CE4057\ce4053\Micrium\Software\EvalBoards\TI\LM3S9B92-EVALBOT\IAR\uCOS-III-CE4053_PG\Flash\Obj\bsp_motor.o
#        C:\Users\ahj\Desktop\CE4057\Source_Code_CE4057\ce4053\Micrium\Software\EvalBoards\TI\LM3S9B92-EVALBOT\IAR\uCOS-III-CE4053_PG\Flash\Obj\bsp_sensors.o
#        C:\Users\ahj\Desktop\CE4057\Source_Code_CE4057\ce4053\Micrium\Software\EvalBoards\TI\LM3S9B92-EVALBOT\IAR\uCOS-III-CE4053_PG\Flash\Obj\can.o
#        C:\Users\ahj\Desktop\CE4057\Source_Code_CE4057\ce4053\Micrium\Software\EvalBoards\TI\LM3S9B92-EVALBOT\IAR\uCOS-III-CE4053_PG\Flash\Obj\comp.o
#        C:\Users\ahj\Desktop\CE4057\Source_Code_CE4057\ce4053\Micrium\Software\EvalBoards\TI\LM3S9B92-EVALBOT\IAR\uCOS-III-CE4053_PG\Flash\Obj\cpu_.o
#        C:\Users\ahj\Desktop\CE4057\Source_Code_CE4057\ce4053\Micrium\Software\EvalBoards\TI\LM3S9B92-EVALBOT\IAR\uCOS-III-CE4053_PG\Flash\Obj\cpu_a.o
#        C:\Users\ahj\Desktop\CE4057\Source_Code_CE4057\ce4053\Micrium\Software\EvalBoards\TI\LM3S9B92-EVALBOT\IAR\uCOS-III-CE4053_PG\Flash\Obj\cpu_bsp.o
#        C:\Users\ahj\Desktop\CE4057\Source_Code_CE4057\ce4053\Micrium\Software\EvalBoards\TI\LM3S9B92-EVALBOT\IAR\uCOS-III-CE4053_PG\Flash\Obj\cpu_c.o
#        C:\Users\ahj\Desktop\CE4057\Source_Code_CE4057\ce4053\Micrium\Software\EvalBoards\TI\LM3S9B92-EVALBOT\IAR\uCOS-III-CE4053_PG\Flash\Obj\cpu_core.o
#        C:\Users\ahj\Desktop\CE4057\Source_Code_CE4057\ce4053\Micrium\Software\EvalBoards\TI\LM3S9B92-EVALBOT\IAR\uCOS-III-CE4053_PG\Flash\Obj\epi.o
#        C:\Users\ahj\Desktop\CE4057\Source_Code_CE4057\ce4053\Micrium\Software\EvalBoards\TI\LM3S9B92-EVALBOT\IAR\uCOS-III-CE4053_PG\Flash\Obj\ethernet.o
#        C:\Users\ahj\Desktop\CE4057\Source_Code_CE4057\ce4053\Micrium\Software\EvalBoards\TI\LM3S9B92-EVALBOT\IAR\uCOS-III-CE4053_PG\Flash\Obj\fatfs.o
#        C:\Users\ahj\Desktop\CE4057\Source_Code_CE4057\ce4053\Micrium\Software\EvalBoards\TI\LM3S9B92-EVALBOT\IAR\uCOS-III-CE4053_PG\Flash\Obj\flash.o
#        C:\Users\ahj\Desktop\CE4057\Source_Code_CE4057\ce4053\Micrium\Software\EvalBoards\TI\LM3S9B92-EVALBOT\IAR\uCOS-III-CE4053_PG\Flash\Obj\gpio.o
#        C:\Users\ahj\Desktop\CE4057\Source_Code_CE4057\ce4053\Micrium\Software\EvalBoards\TI\LM3S9B92-EVALBOT\IAR\uCOS-III-CE4053_PG\Flash\Obj\hibernate.o
#        C:\Users\ahj\Desktop\CE4057\Source_Code_CE4057\ce4053\Micrium\Software\EvalBoards\TI\LM3S9B92-EVALBOT\IAR\uCOS-III-CE4053_PG\Flash\Obj\i2c.o
#        C:\Users\ahj\Desktop\CE4057\Source_Code_CE4057\ce4053\Micrium\Software\EvalBoards\TI\LM3S9B92-EVALBOT\IAR\uCOS-III-CE4053_PG\Flash\Obj\i2s.o
#        C:\Users\ahj\Desktop\CE4057\Source_Code_CE4057\ce4053\Micrium\Software\EvalBoards\TI\LM3S9B92-EVALBOT\IAR\uCOS-III-CE4053_PG\Flash\Obj\interrupt.o
#        C:\Users\ahj\Desktop\CE4057\Source_Code_CE4057\ce4053\Micrium\Software\EvalBoards\TI\LM3S9B92-EVALBOT\IAR\uCOS-III-CE4053_PG\Flash\Obj\lib_ascii.o
#        C:\Users\ahj\Desktop\CE4057\Source_Code_CE4057\ce4053\Micrium\Software\EvalBoards\TI\LM3S9B92-EVALBOT\IAR\uCOS-III-CE4053_PG\Flash\Obj\lib_math.o
#        C:\Users\ahj\Desktop\CE4057\Source_Code_CE4057\ce4053\Micrium\Software\EvalBoards\TI\LM3S9B92-EVALBOT\IAR\uCOS-III-CE4053_PG\Flash\Obj\lib_mem.o
#        C:\Users\ahj\Desktop\CE4057\Source_Code_CE4057\ce4053\Micrium\Software\EvalBoards\TI\LM3S9B92-EVALBOT\IAR\uCOS-III-CE4053_PG\Flash\Obj\lib_str.o
#        C:\Users\ahj\Desktop\CE4057\Source_Code_CE4057\ce4053\Micrium\Software\EvalBoards\TI\LM3S9B92-EVALBOT\IAR\uCOS-III-CE4053_PG\Flash\Obj\linkedList.o
#        C:\Users\ahj\Desktop\CE4057\Source_Code_CE4057\ce4053\Micrium\Software\EvalBoards\TI\LM3S9B92-EVALBOT\IAR\uCOS-III-CE4053_PG\Flash\Obj\microsd.o
#        C:\Users\ahj\Desktop\CE4057\Source_Code_CE4057\ce4053\Micrium\Software\EvalBoards\TI\LM3S9B92-EVALBOT\IAR\uCOS-III-CE4053_PG\Flash\Obj\mpu.o
#        C:\Users\ahj\Desktop\CE4057\Source_Code_CE4057\ce4053\Micrium\Software\EvalBoards\TI\LM3S9B92-EVALBOT\IAR\uCOS-III-CE4053_PG\Flash\Obj\os_app_hooks.o
#        C:\Users\ahj\Desktop\CE4057\Source_Code_CE4057\ce4053\Micrium\Software\EvalBoards\TI\LM3S9B92-EVALBOT\IAR\uCOS-III-CE4053_PG\Flash\Obj\os_cfg_app.o
#        C:\Users\ahj\Desktop\CE4057\Source_Code_CE4057\ce4053\Micrium\Software\EvalBoards\TI\LM3S9B92-EVALBOT\IAR\uCOS-III-CE4053_PG\Flash\Obj\os_core.o
#        C:\Users\ahj\Desktop\CE4057\Source_Code_CE4057\ce4053\Micrium\Software\EvalBoards\TI\LM3S9B92-EVALBOT\IAR\uCOS-III-CE4053_PG\Flash\Obj\os_cpu_a.o
#        C:\Users\ahj\Desktop\CE4057\Source_Code_CE4057\ce4053\Micrium\Software\EvalBoards\TI\LM3S9B92-EVALBOT\IAR\uCOS-III-CE4053_PG\Flash\Obj\os_cpu_c.o
#        C:\Users\ahj\Desktop\CE4057\Source_Code_CE4057\ce4053\Micrium\Software\EvalBoards\TI\LM3S9B92-EVALBOT\IAR\uCOS-III-CE4053_PG\Flash\Obj\os_dbg.o
#        C:\Users\ahj\Desktop\CE4057\Source_Code_CE4057\ce4053\Micrium\Software\EvalBoards\TI\LM3S9B92-EVALBOT\IAR\uCOS-III-CE4053_PG\Flash\Obj\os_flag.o
#        C:\Users\ahj\Desktop\CE4057\Source_Code_CE4057\ce4053\Micrium\Software\EvalBoards\TI\LM3S9B92-EVALBOT\IAR\uCOS-III-CE4053_PG\Flash\Obj\os_int.o
#        C:\Users\ahj\Desktop\CE4057\Source_Code_CE4057\ce4053\Micrium\Software\EvalBoards\TI\LM3S9B92-EVALBOT\IAR\uCOS-III-CE4053_PG\Flash\Obj\os_mem.o
#        C:\Users\ahj\Desktop\CE4057\Source_Code_CE4057\ce4053\Micrium\Software\EvalBoards\TI\LM3S9B92-EVALBOT\IAR\uCOS-III-CE4053_PG\Flash\Obj\os_msg.o
#        C:\Users\ahj\Desktop\CE4057\Source_Code_CE4057\ce4053\Micrium\Software\EvalBoards\TI\LM3S9B92-EVALBOT\IAR\uCOS-III-CE4053_PG\Flash\Obj\os_mutex.o
#        C:\Users\ahj\Desktop\CE4057\Source_Code_CE4057\ce4053\Micrium\Software\EvalBoards\TI\LM3S9B92-EVALBOT\IAR\uCOS-III-CE4053_PG\Flash\Obj\os_pend_multi.o
#        C:\Users\ahj\Desktop\CE4057\Source_Code_CE4057\ce4053\Micrium\Software\EvalBoards\TI\LM3S9B92-EVALBOT\IAR\uCOS-III-CE4053_PG\Flash\Obj\os_prio.o
#        C:\Users\ahj\Desktop\CE4057\Source_Code_CE4057\ce4053\Micrium\Software\EvalBoards\TI\LM3S9B92-EVALBOT\IAR\uCOS-III-CE4053_PG\Flash\Obj\os_q.o
#        C:\Users\ahj\Desktop\CE4057\Source_Code_CE4057\ce4053\Micrium\Software\EvalBoards\TI\LM3S9B92-EVALBOT\IAR\uCOS-III-CE4053_PG\Flash\Obj\OS_RecTaskServices.o
#        C:\Users\ahj\Desktop\CE4057\Source_Code_CE4057\ce4053\Micrium\Software\EvalBoards\TI\LM3S9B92-EVALBOT\IAR\uCOS-III-CE4053_PG\Flash\Obj\os_sem.o
#        C:\Users\ahj\Desktop\CE4057\Source_Code_CE4057\ce4053\Micrium\Software\EvalBoards\TI\LM3S9B92-EVALBOT\IAR\uCOS-III-CE4053_PG\Flash\Obj\os_stat.o
#        C:\Users\ahj\Desktop\CE4057\Source_Code_CE4057\ce4053\Micrium\Software\EvalBoards\TI\LM3S9B92-EVALBOT\IAR\uCOS-III-CE4053_PG\Flash\Obj\os_task.o
#        C:\Users\ahj\Desktop\CE4057\Source_Code_CE4057\ce4053\Micrium\Software\EvalBoards\TI\LM3S9B92-EVALBOT\IAR\uCOS-III-CE4053_PG\Flash\Obj\os_tick.o
#        C:\Users\ahj\Desktop\CE4057\Source_Code_CE4057\ce4053\Micrium\Software\EvalBoards\TI\LM3S9B92-EVALBOT\IAR\uCOS-III-CE4053_PG\Flash\Obj\os_time.o
#        C:\Users\ahj\Desktop\CE4057\Source_Code_CE4057\ce4053\Micrium\Software\EvalBoards\TI\LM3S9B92-EVALBOT\IAR\uCOS-III-CE4053_PG\Flash\Obj\os_tmr.o
#        C:\Users\ahj\Desktop\CE4057\Source_Code_CE4057\ce4053\Micrium\Software\EvalBoards\TI\LM3S9B92-EVALBOT\IAR\uCOS-III-CE4053_PG\Flash\Obj\os_var.o
#        C:\Users\ahj\Desktop\CE4057\Source_Code_CE4057\ce4053\Micrium\Software\EvalBoards\TI\LM3S9B92-EVALBOT\IAR\uCOS-III-CE4053_PG\Flash\Obj\pwm.o
#        C:\Users\ahj\Desktop\CE4057\Source_Code_CE4057\ce4053\Micrium\Software\EvalBoards\TI\LM3S9B92-EVALBOT\IAR\uCOS-III-CE4053_PG\Flash\Obj\qei.o
#        C:\Users\ahj\Desktop\CE4057\Source_Code_CE4057\ce4053\Micrium\Software\EvalBoards\TI\LM3S9B92-EVALBOT\IAR\uCOS-III-CE4053_PG\Flash\Obj\RBTree.o
#        C:\Users\ahj\Desktop\CE4057\Source_Code_CE4057\ce4053\Micrium\Software\EvalBoards\TI\LM3S9B92-EVALBOT\IAR\uCOS-III-CE4053_PG\Flash\Obj\RBTree2.o
#        C:\Users\ahj\Desktop\CE4057\Source_Code_CE4057\ce4053\Micrium\Software\EvalBoards\TI\LM3S9B92-EVALBOT\IAR\uCOS-III-CE4053_PG\Flash\Obj\ssi.o
#        C:\Users\ahj\Desktop\CE4057\Source_Code_CE4057\ce4053\Micrium\Software\EvalBoards\TI\LM3S9B92-EVALBOT\IAR\uCOS-III-CE4053_PG\Flash\Obj\sysctl.o
#        C:\Users\ahj\Desktop\CE4057\Source_Code_CE4057\ce4053\Micrium\Software\EvalBoards\TI\LM3S9B92-EVALBOT\IAR\uCOS-III-CE4053_PG\Flash\Obj\systick.o
#        C:\Users\ahj\Desktop\CE4057\Source_Code_CE4057\ce4053\Micrium\Software\EvalBoards\TI\LM3S9B92-EVALBOT\IAR\uCOS-III-CE4053_PG\Flash\Obj\timer.o
#        C:\Users\ahj\Desktop\CE4057\Source_Code_CE4057\ce4053\Micrium\Software\EvalBoards\TI\LM3S9B92-EVALBOT\IAR\uCOS-III-CE4053_PG\Flash\Obj\uart.o
#        C:\Users\ahj\Desktop\CE4057\Source_Code_CE4057\ce4053\Micrium\Software\EvalBoards\TI\LM3S9B92-EVALBOT\IAR\uCOS-III-CE4053_PG\Flash\Obj\udma.o
#        C:\Users\ahj\Desktop\CE4057\Source_Code_CE4057\ce4053\Micrium\Software\EvalBoards\TI\LM3S9B92-EVALBOT\IAR\uCOS-III-CE4053_PG\Flash\Obj\usb.o
#        C:\Users\ahj\Desktop\CE4057\Source_Code_CE4057\ce4053\Micrium\Software\EvalBoards\TI\LM3S9B92-EVALBOT\IAR\uCOS-III-CE4053_PG\Flash\Obj\watchdog.o
#        --redirect _Printf=_PrintfFull --redirect _Scanf=_ScanfFull
#        --no_out_extension -o
#        C:\Users\ahj\Desktop\CE4057\Source_Code_CE4057\ce4053\Micrium\Software\EvalBoards\TI\LM3S9B92-EVALBOT\IAR\uCOS-III-CE4053_PG\Flash\Exe\uCOS-III-Ex4.out
#        --map
#        C:\Users\ahj\Desktop\CE4057\Source_Code_CE4057\ce4053\Micrium\Software\EvalBoards\TI\LM3S9B92-EVALBOT\IAR\uCOS-III-CE4053_PG\Flash\List\uCOS-III-Ex4.map
#        --config
#        C:\Users\ahj\Desktop\CE4057\Source_Code_CE4057\ce4053\Micrium\Software\EvalBoards\TI\LM3S9B92-EVALBOT\IAR\uCOS-III-CE4053_PG\..\BSP\LM3S9B92_Flash.icf
#        --semihosting --entry __iar_program_start --vfe --text_out locale)
#
###############################################################################

*******************************************************************************
*** RUNTIME MODEL ATTRIBUTES
***

CppFlavor       = *
__Heap_Handler  = Basic
__SystemLibrary = DLib
__dlib_version  = 6


*******************************************************************************
*** HEAP SELECTION
***

The basic heap was selected because some modules are built with
size limitations (and not runtime checking), and --advanced_heap
was not specified.


*******************************************************************************
*** PLACEMENT SUMMARY
***

"A0":  place at start of [from 0x0 to 0x3'ffff] { ro section .intvec };
"P1":  place in [from 0x0 to 0x3'ffff] { ro };
"P2":  place in [from 0x0 to 0x3'ffff] { section wave_1 };
"P3":  place in [from 0x0 to 0x3'ffff] { section wave_2 };
"P4":  place in [from 0x0 to 0x3'ffff] { section wave_3 };
"P5":  place in [from 0x0 to 0x3'ffff] { section wave_4 };
"P6":  place in [from 0x0 to 0x3'ffff] { section wave_5 };
define block HEAP with size = 0M, alignment = 8 { };
define block CSTACK with size = 1K, alignment = 8 { };
"P7":  place in [from 0x2000'0000 to 0x2001'7fff] {
          rw, block HEAP, block CSTACK };
initialize by copy { rw };

No sections matched the following patterns:

  section wave_1  in "P1-P6"
  section wave_2  in "P1-P6"
  section wave_3  in "P1-P6"
  section wave_4  in "P1-P6"
  section wave_5  in "P1-P6"


  Section            Kind         Address    Size  Object
  -------            ----         -------    ----  ------
"A0":                                       0x11c
  .intvec            const            0x0   0x11c  app_vect.o [1]
                                  - 0x11c   0x11c

"P1-P6":                                   0x62e9
  .text              ro code        0x11c   0xf7a  xprintffull.o [2]
  .text              ro code       0x1096    0x7a  lz77_init_single.o [4]
  .text              ro code       0x1110    0x78  xlocale_c.o [2]
  .text              ro code       0x1188    0x16  strchr.o [4]
  .text              ro code       0x119e    0x3a  zero_init3.o [4]
  .text              ro code       0x11d8    0x40  xfail_s.o [2]
  .text              ro code       0x1218    0x36  strlen.o [4]
  .text              ro code       0x124e    0x1e  xencoding_8859_1.o [2]
  .text              ro code       0x126c    0x58  memchr.o [4]
  .text              ro code       0x12c4     0xa  xmbcurmax.o [2]
  .rodata            const         0x12ce     0x2  os_cfg_app.o [1]
  .text              ro code       0x12d0    0xa6  ABImemcpy.o [4]
  .rodata            const         0x1376     0x2  os_cfg_app.o [1]
  .text              ro code       0x1378   0x230  I64DivMod.o [4]
  .text              ro code       0x15a8   0x1a2  DblMul.o [3]
  .rodata            const         0x174a     0x2  os_cfg_app.o [1]
  .text              ro code       0x174c    0x70  frexp.o [3]
  .text              ro code       0x17bc    0x2e  DblCmpLe.o [3]
  .rodata            const         0x17ea     0x2  os_dbg.o [1]
  .text              ro code       0x17ec    0x2e  DblCmpGe.o [3]
  .rodata            const         0x181a     0x2  os_dbg.o [1]
  .text              ro code       0x181c   0x13a  ldexp.o [3]
  .rodata            const         0x1956     0x2  os_dbg.o [1]
  .text              ro code       0x1958    0x3a  DblToS32.o [3]
  .rodata            const         0x1992     0x2  os_dbg.o [1]
  .text              ro code       0x1994    0x22  S32ToDbl.o [3]
  .rodata            const         0x19b6     0x2  os_dbg.o [1]
  .text              ro code       0x19b8    0xe2  DblSub.o [3]
  .rodata            const         0x1a9a     0x2  os_dbg.o [1]
  .text              ro code       0x1a9c   0x246  DblDiv.o [3]
  .rodata            const         0x1ce2     0x2  os_dbg.o [1]
  .text              ro code       0x1ce4    0x28  DblToU32.o [3]
  .text              ro code       0x1d0c    0x1a  U32ToDbl.o [3]
  .text              ro code       0x1d26     0x6  abort.o [2]
  .text              ro code       0x1d2c     0x2  I64DivZer.o [4]
  .rodata            const         0x1d2e     0x2  os_dbg.o [1]
  .text              ro code       0x1d30   0x16a  DblAdd.o [3]
  .rodata            const         0x1e9a     0x2  os_dbg.o [1]
  .text              ro code       0x1e9c    0x14  exit.o [5]
  .text              ro code       0x1eb0    0x80  iarttio.o [5]
  .text              ro code       0x1f30    0x3c  XShttio.o [2]
  .text              ro code       0x1f6c   0x852  os_core.o [1]
  .rodata            const         0x27be     0x2  os_dbg.o [1]
  .text              ro code       0x27c0   0x140  os_cpu_c.o [1]
  .text              ro code       0x2900    0x90  os_prio.o [1]
  .text              ro code       0x2990   0x5a4  os_task.o [1]
  .text              ro code       0x2f34   0x3c4  os_tick.o [1]
  .text              ro code       0x32f8    0xc4  os_msg.o [1]
  .text              ro code       0x33bc    0x1c  os_mutex.o [1]
  .text              ro code       0x33d8    0x1c  os_q.o [1]
  .text              ro code       0x33f4   0x2dc  os_tmr.o [1]
  .text              ro code       0x36d0   0x16c  os_dbg.o [1]
  .text              ro code       0x383c    0xac  os_cfg_app.o [1]
  CODE               ro code       0x38e8    0x2a  cpu_a.o [1]
  .rodata            const         0x3912     0x2  os_dbg.o [1]
  .text              ro code       0x3914   0x188  cpu_core.o [1]
  CODE               ro code       0x3a9c    0x84  os_cpu_a.o [1]
  .text              ro code       0x3b20    0x24  cpu_bsp.o [1]
  .text              ro code       0x3b44    0x44  os_time.o [1]
  .text              ro code       0x3b88    0x60  lib_mem.o [1]
  .text              ro code       0x3be8    0xa8  bsp.o [1]
  .text              ro code       0x3c90   0x414  sysctl.o [1]
  .text              ro code       0x40a4   0x256  bsp_int.o [1]
  .rodata            const         0x42fa     0x2  os_dbg.o [1]
  .text              ro code       0x42fc   0x258  bsp_display.o [1]
  .text              ro code       0x4554   0x100  bsp_io.o [1]
  .text              ro code       0x4654   0x164  bsp_sensors.o [1]
  .text              ro code       0x47b8   0x208  bsp_motor.o [1]
  .text              ro code       0x49c0   0x138  cpu_c.o [1]
  .text              ro code       0x4af8    0xc2  i2c.o [1]
  .rodata            const         0x4bba     0x2  os_dbg.o [1]
  .text              ro code       0x4bbc   0x368  gpio.o [1]
  .text              ro code       0x4f24    0xf2  pwm.o [1]
  .rodata            const         0x5016     0x2  os_dbg.o [1]
  .text              ro code       0x5018   0x3c8  app.o [1]
  .text              ro code       0x53e0   0x104  OS_RecTaskServices.o [1]
  .text              ro code       0x54e4   0x274  RBTree2.o [1]
  .text              ro code       0x5758    0x28  printf.o [2]
  .text              ro code       0x5780    0x50  linkedList.o [1]
  .text              ro code       0x57d0   0x140  heap0.o [2]
  .text              ro code       0x5910     0x4  exit.o [2]
  .text              ro code       0x5914    0x2c  xgetmemchunk.o [2]
  .text              ro code       0x5940     0xe  cexit.o [4]
  .rodata            const         0x594e     0x2  os_dbg.o [1]
  .text              ro code       0x5950    0x3c  xcloseall.o [2]
  .text              ro code       0x598c    0x7e  fclose.o [2]
  .text              ro code       0x5a0a    0x10  write.o [5]
  .rodata            const         0x5a1a     0x2  os_dbg.o [1]
  .text              ro code       0x5a1c    0x8c  xfofind.o [2]
  .text              ro code       0x5aa8    0xac  fflush.o [2]
  .text              ro code       0x5b54     0x4  heaptramp0.o [2]
  .text              ro code       0x5b58    0x18  close.o [5]
  .text              ro code       0x5b70    0x14  remove.o [5]
  .text              ro code       0x5b84    0x1e  dwrite.o [5]
  .rodata            const         0x5ba2     0x2  os_dbg.o [1]
  .text              ro code       0x5ba4    0xcc  XShHandles.o [2]
  .text              ro code       0x5c70    0x20  iarwstd.o [5]
  .text              ro code       0x5c90    0x22  iarwrite.o [5]
  .text              ro code       0x5cb2    0xd8  xfspos.o [2]
  .text              ro code       0x5d8a     0xc  xfgpos.o [2]
  .text              ro code       0x5d96    0x4a  lseek.o [5]
  .text              ro code       0x5de0    0xb4  xfwprep.o [2]
  .text              ro code       0x5e94    0x24  fseek.o [2]
  .rodata            const         0x5eb8    0x5c  sysctl.o [1]
  .text              ro code       0x5f14    0x54  fputc.o [2]
  .rodata            const         0x5f68    0x50  bsp_display.o [1]
  .rodata            const         0x5fb8    0x48  gpio.o [1]
  .rodata            const         0x6000    0x34  os_dbg.o [1]
  .rodata            const         0x6034    0x30  os_dbg.o [1]
  .rodata            const         0x6064    0x30  RBTree2.o [1]
  .rodata            const         0x6094    0x2c  os_dbg.o [1]
  .rodata            const         0x60c0    0x28  os_dbg.o [1]
  .rodata            const         0x60e8    0x28  os_dbg.o [1]
  .text              ro code       0x6110    0x28  data_init.o [4]
  .rodata            const         0x6138    0x24  RBTree2.o [1]
  .iar.init_table    const         0x615c    0x20  - Linker created -
  .rodata            const         0x617c    0x20  os_dbg.o [1]
  .text              ro code       0x619c    0x1e  cmain.o [4]
  .text              ro code       0x61ba     0x4  low_level_init.o [2]
  .rodata            const         0x61be     0x2  os_dbg.o [1]
  .rodata            const         0x61c0    0x1c  linkedList.o [1]
  .rodata            const         0x61dc    0x18  os_tmr.o [1]
  .rodata            const         0x61f4    0x18  RBTree2.o [1]
  .text              ro code       0x620c    0x16  xprout.o [2]
  .rodata            const         0x6222     0x2  os_dbg.o [1]
  .text              ro code       0x6224     0xc  putchar.o [2]
  .rodata            const         0x6230    0x14  os_core.o [1]
  .rodata            const         0x6244    0x14  os_tick.o [1]
  .rodata            const         0x6258    0x10  app.o [1]
  .rodata            const         0x6268    0x10  app.o [1]
  .rodata            const         0x6278    0x10  app.o [1]
  .rodata            const         0x6288    0x10  app.o [1]
  .rodata            const         0x6298     0xc  os_core.o [1]
  .rodata            const         0x62a4     0xc  sysctl.o [1]
  .rodata            const         0x62b0     0xc  sysctl.o [1]
  .text              ro code       0x62bc     0xc  app_vect.o [1]
  .text              ro code       0x62c8     0xc  cstartup_M.o [4]
  .rodata            const         0x62d4     0x8  bsp_display.o [1]
  .rodata            const         0x62dc     0x8  bsp_display.o [1]
  .rodata            const         0x62e4     0x8  os_core.o [1]
  .rodata            const         0x62ec     0x8  os_task.o [1]
  .rodata            const         0x62f4     0x6  xlocale_c.o [2]
  .rodata            const         0x62fa     0x1  os_cfg_app.o [1]
  .rodata            const         0x62fb     0x1  os_cfg_app.o [1]
  .rodata            const         0x62fc     0x4  os_cfg_app.o [1]
  .rodata            const         0x6300     0x4  os_cfg_app.o [1]
  .rodata            const         0x6304     0x4  os_cfg_app.o [1]
  .rodata            const         0x6308     0x4  os_cfg_app.o [1]
  .rodata            const         0x630c     0x4  os_cfg_app.o [1]
  .rodata            const         0x6310     0x4  os_cfg_app.o [1]
  .rodata            const         0x6314     0x4  os_cfg_app.o [1]
  .rodata            const         0x6318     0x4  os_cfg_app.o [1]
  .rodata            const         0x631c     0x4  os_cfg_app.o [1]
  .rodata            const         0x6320     0x4  os_cfg_app.o [1]
  .rodata            const         0x6324     0x4  os_cfg_app.o [1]
  .rodata            const         0x6328     0x4  os_cfg_app.o [1]
  .rodata            const         0x632c     0x4  os_cfg_app.o [1]
  .rodata            const         0x6330     0x4  os_cfg_app.o [1]
  .rodata            const         0x6334     0x4  os_cfg_app.o [1]
  .rodata            const         0x6338     0x4  os_cfg_app.o [1]
  .rodata            const         0x633c     0x4  os_cfg_app.o [1]
  .rodata            const         0x6340     0x4  os_cfg_app.o [1]
  .rodata            const         0x6344     0x4  os_cfg_app.o [1]
  .rodata            const         0x6348     0x4  os_cfg_app.o [1]
  .rodata            const         0x634c     0x4  os_cfg_app.o [1]
  .rodata            const         0x6350     0x4  os_cfg_app.o [1]
  .rodata            const         0x6354     0x4  os_cfg_app.o [1]
  .rodata            const         0x6358     0x4  os_dbg.o [1]
  .rodata            const         0x635c     0x4  os_dbg.o [1]
  .rodata            const         0x6360     0x4  os_dbg.o [1]
  .rodata            const         0x6364     0x1  os_dbg.o [1]
  .rodata            const         0x6365     0x1  os_dbg.o [1]
  .rodata            const         0x6366     0x1  os_dbg.o [1]
  .rodata            const         0x6367     0x1  os_dbg.o [1]
  .rodata            const         0x6368     0x1  os_dbg.o [1]
  .rodata            const         0x6369     0x1  os_dbg.o [1]
  .rodata            const         0x636a     0x1  os_dbg.o [1]
  .rodata            const         0x636b     0x1  os_dbg.o [1]
  .rodata            const         0x636c     0x1  os_dbg.o [1]
  .rodata            const         0x636d     0x1  os_dbg.o [1]
  .rodata            const         0x636e     0x1  os_dbg.o [1]
  .rodata            const         0x636f     0x1  os_dbg.o [1]
  .rodata            const         0x6370     0x1  os_dbg.o [1]
  .rodata            const         0x6371     0x1  os_dbg.o [1]
  .rodata            const         0x6372     0x1  os_dbg.o [1]
  .rodata            const         0x6373     0x1  os_dbg.o [1]
  .rodata            const         0x6374     0x1  os_dbg.o [1]
  .rodata            const         0x6375     0x1  os_dbg.o [1]
  .rodata            const         0x6376     0x1  os_dbg.o [1]
  .rodata            const         0x6377     0x1  os_dbg.o [1]
  .rodata            const         0x6378     0x1  os_dbg.o [1]
  .rodata            const         0x6379     0x1  os_dbg.o [1]
  .rodata            const         0x637a     0x1  os_dbg.o [1]
  .rodata            const         0x637b     0x1  os_dbg.o [1]
  .rodata            const         0x637c     0x1  os_dbg.o [1]
  .rodata            const         0x637d     0x1  os_dbg.o [1]
  .rodata            const         0x637e     0x1  os_dbg.o [1]
  .rodata            const         0x637f     0x1  os_dbg.o [1]
  .rodata            const         0x6380     0x1  os_dbg.o [1]
  .rodata            const         0x6381     0x1  os_dbg.o [1]
  .rodata            const         0x6382     0x1  os_dbg.o [1]
  .rodata            const         0x6383     0x1  os_dbg.o [1]
  .text              ro code       0x6384     0x0  cstart_closeall.o [4]
  .rodata            const         0x6384     0x0  zero_init3.o [4]
  .rodata            const         0x6384     0x0  lz77_init_single.o [4]
  Initializer bytes  const         0x6384    0x81  <for P7-1>
                                 - 0x6405  0x62e9

"P7", part 1 of 3:                          0x184
  P7-1                        0x2000'0000   0x184  <Init block>
    .data            inited   0x2000'0000     0x4  app.o [1]
    .data            inited   0x2000'0004    0x38  xlocale_c.o [2]
    .data            inited   0x2000'003c    0x48  xlocale_c.o [2]
    .data            inited   0x2000'0084    0x48  xfiles.o [2]
    .data            inited   0x2000'00cc    0x48  xfiles.o [2]
    .data            inited   0x2000'0114    0x48  xfiles.o [2]
    .data            inited   0x2000'015c    0x20  xfiles.o [2]
    .data            inited   0x2000'017c     0x8  XShttio.o [2]
                            - 0x2000'0184   0x184

"P7", part 2 of 3:                         0x1ebc
  .bss               zero     0x2000'0184   0x640  os_cfg_app.o [1]
  .bss               zero     0x2000'07c4   0x200  app.o [1]
  .bss               zero     0x2000'09c4   0x200  app.o [1]
  .bss               zero     0x2000'0bc4   0x200  app.o [1]
  .bss               zero     0x2000'0dc4   0x200  app.o [1]
  .bss               zero     0x2000'0fc4   0x200  os_cfg_app.o [1]
  .bss               zero     0x2000'11c4   0x200  os_cfg_app.o [1]
  .bss               zero     0x2000'13c4   0x200  os_cfg_app.o [1]
  .bss               zero     0x2000'15c4   0x200  os_cfg_app.o [1]
  .bss               zero     0x2000'17c4   0x118  bsp_int.o [1]
  .bss               zero     0x2000'18dc    0xf0  os_var.o [1]
  .bss               zero     0x2000'19cc    0x8c  app.o [1]
  .bss               zero     0x2000'1a58    0x8c  app.o [1]
  .bss               zero     0x2000'1ae4    0x8c  app.o [1]
  .bss               zero     0x2000'1b70    0x8c  app.o [1]
  .bss               zero     0x2000'1bfc    0x8c  os_var.o [1]
  .bss               zero     0x2000'1c88    0x8c  os_var.o [1]
  .bss               zero     0x2000'1d14    0x8c  os_var.o [1]
  .bss               zero     0x2000'1da0    0x80  XShHandles.o [2]
  .bss               zero     0x2000'1e20    0x68  os_cfg_app.o [1]
  .bss               zero     0x2000'1e88    0x68  os_cfg_app.o [1]
  .bss               zero     0x2000'1ef0    0x50  xfiles.o [2]
  .bss               zero     0x2000'1f40    0x50  xfiles.o [2]
  .bss               zero     0x2000'1f90    0x10  cpu_core.o [1]
  .bss               zero     0x2000'1fa0     0x8  os_var.o [1]
  .bss               zero     0x2000'1fa8     0x8  heap0.o [2]
  .bss               zero     0x2000'1fb0     0x4  bsp.o [1]
  .bss               zero     0x2000'1fb4     0x4  bsp_display.o [1]
  .bss               zero     0x2000'1fb8     0x4  cpu_core.o [1]
  .bss               zero     0x2000'1fbc     0x4  cpu_core.o [1]
  .bss               zero     0x2000'1fc0     0x4  cpu_core.o [1]
  .bss               zero     0x2000'1fc4     0x4  cpu_core.o [1]
  .bss               zero     0x2000'1fc8     0x4  cpu_core.o [1]
  .bss               zero     0x2000'1fcc     0x4  cpu_core.o [1]
  .bss               zero     0x2000'1fd0     0x4  os_cpu_c.o [1]
  .bss               zero     0x2000'1fd4     0x4  os_prio.o [1]
  .bss               zero     0x2000'1fd8     0x4  os_var.o [1]
  .bss               zero     0x2000'1fdc     0x4  os_var.o [1]
  .bss               zero     0x2000'1fe0     0x4  os_var.o [1]
  .bss               zero     0x2000'1fe4     0x4  os_var.o [1]
  .bss               zero     0x2000'1fe8     0x4  os_var.o [1]
  .bss               zero     0x2000'1fec     0x4  os_var.o [1]
  .bss               zero     0x2000'1ff0     0x4  os_var.o [1]
  .bss               zero     0x2000'1ff4     0x4  os_var.o [1]
  .bss               zero     0x2000'1ff8     0x4  os_var.o [1]
  .bss               zero     0x2000'1ffc     0x4  os_var.o [1]
  .bss               zero     0x2000'2000     0x4  os_var.o [1]
  .bss               zero     0x2000'2004     0x4  os_var.o [1]
  .bss               zero     0x2000'2008     0x4  os_var.o [1]
  .bss               zero     0x2000'200c     0x4  os_var.o [1]
  .bss               zero     0x2000'2010     0x4  os_var.o [1]
  .bss               zero     0x2000'2014     0x4  os_var.o [1]
  .bss               zero     0x2000'2018     0x4  os_var.o [1]
  .bss               zero     0x2000'201c     0x4  RBTree2.o [1]
  .bss               zero     0x2000'2020     0x4  xfail_s.o [2]
  .bss               zero     0x2000'2024     0x4  xgetmemchunk.o [2]
  .bss               zero     0x2000'2028     0x2  cpu_core.o [1]
  .bss               zero     0x2000'202a     0x2  cpu_core.o [1]
  .bss               zero     0x2000'202c     0x2  os_var.o [1]
  .bss               zero     0x2000'202e     0x2  os_var.o [1]
  .bss               zero     0x2000'2030     0x2  os_var.o [1]
  .bss               zero     0x2000'2032     0x1  app.o [1]
  .bss               zero     0x2000'2033     0x1  app.o [1]
  .bss               zero     0x2000'2034     0x1  app.o [1]
  .bss               zero     0x2000'2035     0x1  app.o [1]
  .bss               zero     0x2000'2036     0x1  app.o [1]
  .bss               zero     0x2000'2037     0x1  os_var.o [1]
  .bss               zero     0x2000'2038     0x1  os_var.o [1]
  .bss               zero     0x2000'2039     0x1  os_var.o [1]
  .bss               zero     0x2000'203a     0x1  os_var.o [1]
  .bss               zero     0x2000'203b     0x1  os_var.o [1]
  .bss               zero     0x2000'203c     0x1  XShttio.o [2]
                            - 0x2000'203d  0x1eb9

"P7", part 3 of 3:                          0x400
  HEAP                        0x2000'2040     0x0  <Block>
  CSTACK                      0x2000'2040   0x400  <Block>
    CSTACK           uninit   0x2000'2040   0x400  <Block tail>
                            - 0x2000'2440   0x400

Unused ranges:

         From           To      Size
         ----           --      ----
       0x6405     0x3'ffff  0x3'9bfb
  0x2000'2440  0x2001'7fff  0x1'5bc0


*******************************************************************************
*** INIT TABLE
***

          Address      Size
          -------      ----
Zero (__iar_zero_init3)
    1 destination range, total size 0x1eb9:
          0x2000'0184  0x1eb9

Copy/lz77 (__iar_lz77_init_single3)
    1 source range, total size 0x81 (33% of destination):
               0x6384    0x81
    1 destination range, total size 0x184:
          0x2000'0000   0x184



*******************************************************************************
*** MODULE SUMMARY
***

    Module                ro code  ro data  rw data
    ------                -------  -------  -------
command line/config:
    -----------------------------------------------
    Total:

C:\Users\ahj\Desktop\CE4057\Source_Code_CE4057\ce4053\Micrium\Software\EvalBoards\TI\LM3S9B92-EVALBOT\IAR\uCOS-III-CE4053_PG\Flash\Obj: [1]
    OS_RecTaskServices.o      260
    RBTree2.o                 628      108        4
    app.o                     968       65    2 617
    app_vect.o                 12      284
    bsp.o                     168                 4
    bsp_display.o             600       96        4
    bsp_int.o                 598               280
    bsp_io.o                  256
    bsp_motor.o               520
    bsp_sensors.o             356
    cpu_a.o                    42
    cpu_bsp.o                  36
    cpu_c.o                   312
    cpu_core.o                392                44
    gpio.o                    872       72
    i2c.o                     194
    lib_mem.o                  96
    linkedList.o               80       28
    os_cfg_app.o              172      100    3 856
    os_core.o               2 130       40
    os_cpu_a.o                132
    os_cpu_c.o                320                 4
    os_dbg.o                  364      338
    os_msg.o                  196
    os_mutex.o                 28
    os_prio.o                 144                 4
    os_q.o                     28
    os_task.o               1 444        8
    os_tick.o                 964       20
    os_time.o                  68
    os_tmr.o                  732       24
    os_var.o                                    747
    pwm.o                     242
    sysctl.o                1 044      116
    -----------------------------------------------
    Total:                 14 398    1 299    7 564

dl7M_tlf.a: [2]
    XShHandles.o              204               128
    XShttio.o                  60        3        9
    abort.o                     6
    exit.o                      4
    fclose.o                  126
    fflush.o                  172
    fputc.o                    84
    fseek.o                    36
    heap0.o                   320                 8
    heaptramp0.o                4
    low_level_init.o            4
    printf.o                   40
    putchar.o                  12
    xcloseall.o                60
    xencoding_8859_1.o         30
    xfail_s.o                  64                 4
    xfgpos.o                   12
    xfiles.o                            83      408
    xfofind.o                 140
    xfspos.o                  216
    xfwprep.o                 180
    xgetmemchunk.o             44                 4
    xlocale_c.o               120       48      128
    xmbcurmax.o                10
    xprintffull.o           3 962
    xprout.o                   22
    -----------------------------------------------
    Total:                  5 932      134      689

m7M_tl.a: [3]
    DblAdd.o                  362
    DblCmpGe.o                 46
    DblCmpLe.o                 46
    DblDiv.o                  582
    DblMul.o                  418
    DblSub.o                  226
    DblToS32.o                 58
    DblToU32.o                 40
    S32ToDbl.o                 34
    U32ToDbl.o                 26
    frexp.o                   112
    ldexp.o                   314
    -----------------------------------------------
    Total:                  2 264

rt7M_tl.a: [4]
    ABImemcpy.o               166
    I64DivMod.o               560
    I64DivZer.o                 2
    cexit.o                    14
    cmain.o                    30
    cstart_closeall.o
    cstartup_M.o               12
    data_init.o                40
    lz77_init_single.o        122
    memchr.o                   88
    strchr.o                   22
    strlen.o                   54
    zero_init3.o               58
    -----------------------------------------------
    Total:                  1 168

shb_l.a: [5]
    close.o                    24
    dwrite.o                   30
    exit.o                     20
    iarttio.o                 128
    iarwrite.o                 34
    iarwstd.o                  32
    lseek.o                    74
    remove.o                   20
    write.o                    16
    -----------------------------------------------
    Total:                    378

    Linker created                      32    1 024
---------------------------------------------------
    Grand Total:           24 140    1 465    9 277


*******************************************************************************
*** ENTRY LIST
***

Entry                       Address   Size  Type      Object
-----                       -------   ----  ----      ------
.iar.init_table$$Base        0x615c          --   Gb  - Linker created -
.iar.init_table$$Limit       0x617c          --   Gb  - Linker created -
?main                        0x619d         Code  Gb  cmain.o [4]
Aldata                  0x2000'1fa8    0x8  Data  Lc  heap0.o [2]
AppRobotMotorDriveSensorEnable
                             0x51e1   0x20  Code  Lc  app.o [1]
AppTaskOne                   0x5131   0x60  Code  Lc  app.o [1]
AppTaskOneStk           0x2000'09c4  0x200  Data  Lc  app.o [1]
AppTaskOneTCB           0x2000'1a58   0x8c  Data  Lc  app.o [1]
AppTaskStart                 0x5065   0xcc  Code  Lc  app.o [1]
AppTaskStartStk         0x2000'07c4  0x200  Data  Lc  app.o [1]
AppTaskStartTCB         0x2000'19cc   0x8c  Data  Lc  app.o [1]
AppTaskThreeStk         0x2000'0dc4  0x200  Data  Lc  app.o [1]
AppTaskThreeTCB         0x2000'1b70   0x8c  Data  Lc  app.o [1]
AppTaskTwo                   0x5191   0x50  Code  Lc  app.o [1]
AppTaskTwoStk           0x2000'0bc4  0x200  Data  Lc  app.o [1]
AppTaskTwoTCB           0x2000'1ae4   0x8c  Data  Lc  app.o [1]
App_BusFault_ISR             0x62c1    0x2  Code  Lc  app_vect.o [1]
App_Fault_ISR                0x62bf    0x2  Code  Lc  app_vect.o [1]
App_MemFault_ISR             0x62c5    0x2  Code  Lc  app_vect.o [1]
App_NMI_ISR                  0x62bd    0x2  Code  Lc  app_vect.o [1]
App_Spurious_ISR             0x62c7    0x2  Code  Lc  app_vect.o [1]
App_UsageFault_ISR           0x62c3    0x2  Code  Lc  app_vect.o [1]
BSP_BumpSensorsInit          0x4655   0x1a  Code  Gb  bsp_sensors.o [1]
BSP_CPUClkFreq               0x3c4d   0x12  Code  Gb  bsp.o [1]
BSP_CPU_ClkFreq_MHz     0x2000'1fb0    0x4  Data  Gb  bsp.o [1]
BSP_DisplayClear             0x43d3   0x4c  Code  Gb  bsp_display.o [1]
BSP_DisplayInit              0x4455   0xd2  Code  Gb  bsp_display.o [1]
BSP_DisplayOn                0x441f   0x36  Code  Gb  bsp_display.o [1]
BSP_DisplayWriteArray        0x4355   0x3e  Code  Lc  bsp_display.o [1]
BSP_DisplayWriteByte         0x4323   0x32  Code  Lc  bsp_display.o [1]
BSP_DisplayWriteFinal        0x4393   0x40  Code  Lc  bsp_display.o [1]
BSP_DisplayWriteFirst        0x42fd   0x26  Code  Lc  bsp_display.o [1]
BSP_Init                     0x3be9   0x64  Code  Gb  bsp.o [1]
BSP_IntDisAll                0x40a5    0x8  Code  Gb  bsp_int.o [1]
BSP_IntEn                    0x40ad   0x10  Code  Gb  bsp_int.o [1]
BSP_IntHandler               0x42d3   0x20  Code  Lc  bsp_int.o [1]
BSP_IntHandlerADC0           0x4157    0xa  Code  Gb  bsp_int.o [1]
BSP_IntHandlerADC1           0x4161    0xa  Code  Gb  bsp_int.o [1]
BSP_IntHandlerADC1_0         0x428d    0xa  Code  Gb  bsp_int.o [1]
BSP_IntHandlerADC1_1         0x4297    0xa  Code  Gb  bsp_int.o [1]
BSP_IntHandlerADC1_2         0x42a1    0xa  Code  Gb  bsp_int.o [1]
BSP_IntHandlerADC1_3         0x42ab    0xa  Code  Gb  bsp_int.o [1]
BSP_IntHandlerADC2           0x416b    0xa  Code  Gb  bsp_int.o [1]
BSP_IntHandlerADC3           0x4175    0xa  Code  Gb  bsp_int.o [1]
BSP_IntHandlerCAN0           0x4247    0xa  Code  Gb  bsp_int.o [1]
BSP_IntHandlerCAN1           0x4251    0xa  Code  Gb  bsp_int.o [1]
BSP_IntHandlerCOMP0          0x41c5    0xa  Code  Gb  bsp_int.o [1]
BSP_IntHandlerCOMP1          0x41cf    0xa  Code  Gb  bsp_int.o [1]
BSP_IntHandlerCOMP2          0x41d9    0xa  Code  Gb  bsp_int.o [1]
BSP_IntHandlerDummy          0x42f9    0x2  Code  Lc  bsp_int.o [1]
BSP_IntHandlerEPI            0x42bf    0xa  Code  Gb  bsp_int.o [1]
BSP_IntHandlerETH            0x425b    0xa  Code  Gb  bsp_int.o [1]
BSP_IntHandlerFLASH          0x41ed    0xa  Code  Gb  bsp_int.o [1]
BSP_IntHandlerGPIOA          0x40fd    0xa  Code  Gb  bsp_int.o [1]
BSP_IntHandlerGPIOB          0x4107    0xa  Code  Gb  bsp_int.o [1]
BSP_IntHandlerGPIOC          0x4111    0xa  Code  Gb  bsp_int.o [1]
BSP_IntHandlerGPIOD          0x411b    0xa  Code  Gb  bsp_int.o [1]
BSP_IntHandlerGPIOE          0x4125    0xa  Code  Gb  bsp_int.o [1]
BSP_IntHandlerGPIOF          0x41f7    0xa  Code  Gb  bsp_int.o [1]
BSP_IntHandlerGPIOG          0x4201    0xa  Code  Gb  bsp_int.o [1]
BSP_IntHandlerGPIOH          0x420b    0xa  Code  Gb  bsp_int.o [1]
BSP_IntHandlerGPIOJ          0x42c9    0xa  Code  Gb  bsp_int.o [1]
BSP_IntHandlerHIBERNATE
                             0x4265    0xa  Code  Gb  bsp_int.o [1]
BSP_IntHandlerI2C0           0x414d    0xa  Code  Gb  bsp_int.o [1]
BSP_IntHandlerI2C1           0x423d    0xa  Code  Gb  bsp_int.o [1]
BSP_IntHandlerI2S0           0x42b5    0xa  Code  Gb  bsp_int.o [1]
BSP_IntHandlerSSI0           0x4143    0xa  Code  Gb  bsp_int.o [1]
BSP_IntHandlerSSI1           0x421f    0xa  Code  Gb  bsp_int.o [1]
BSP_IntHandlerSYSCTL         0x41e3    0xa  Code  Gb  bsp_int.o [1]
BSP_IntHandlerTIMER0A        0x4189    0xa  Code  Gb  bsp_int.o [1]
BSP_IntHandlerTIMER0B        0x4193    0xa  Code  Gb  bsp_int.o [1]
BSP_IntHandlerTIMER1A        0x419d    0xa  Code  Gb  bsp_int.o [1]
BSP_IntHandlerTIMER1B        0x41a7    0xa  Code  Gb  bsp_int.o [1]
BSP_IntHandlerTIMER2A        0x41b1    0xa  Code  Gb  bsp_int.o [1]
BSP_IntHandlerTIMER2B        0x41bb    0xa  Code  Gb  bsp_int.o [1]
BSP_IntHandlerTIMER3A        0x4229    0xa  Code  Gb  bsp_int.o [1]
BSP_IntHandlerTIMER3B        0x4233    0xa  Code  Gb  bsp_int.o [1]
BSP_IntHandlerUART0          0x412f    0xa  Code  Gb  bsp_int.o [1]
BSP_IntHandlerUART1          0x4139    0xa  Code  Gb  bsp_int.o [1]
BSP_IntHandlerUART2          0x4215    0xa  Code  Gb  bsp_int.o [1]
BSP_IntHandlerUDMA_ERR       0x4283    0xa  Code  Gb  bsp_int.o [1]
BSP_IntHandlerUDMA_SW        0x4279    0xa  Code  Gb  bsp_int.o [1]
BSP_IntHandlerUSB            0x426f    0xa  Code  Gb  bsp_int.o [1]
BSP_IntHandlerWATCHDOG       0x417f    0xa  Code  Gb  bsp_int.o [1]
BSP_IntInit                  0x40e5   0x18  Code  Gb  bsp_int.o [1]
BSP_IntVectSet               0x40bd   0x28  Code  Gb  bsp_int.o [1]
BSP_IntVectTbl          0x2000'17c4  0x118  Data  Lc  bsp_int.o [1]
BSP_LED_Off                  0x45b7   0x36  Code  Gb  bsp_io.o [1]
BSP_LED_On                   0x4581   0x36  Code  Gb  bsp_io.o [1]
BSP_LED_Toggle               0x45ed   0x60  Code  Gb  bsp_io.o [1]
BSP_LEDsInit                 0x456f   0x12  Code  Gb  bsp_io.o [1]
BSP_MotorDir                 0x489b   0x44  Code  Gb  bsp_motor.o [1]
BSP_MotorRun                 0x48df   0x1c  Code  Gb  bsp_motor.o [1]
BSP_MotorSpeed               0x492f   0x7e  Code  Gb  bsp_motor.o [1]
BSP_MotorStop                0x48fb   0x34  Code  Gb  bsp_motor.o [1]
BSP_MotorsInit               0x47b9   0xe2  Code  Gb  bsp_motor.o [1]
BSP_PushButtonsInit          0x4555   0x1a  Code  Gb  bsp_io.o [1]
BSP_WheelSensorEnable        0x4717    0xe  Code  Gb  bsp_sensors.o [1]
BSP_WheelSensorIntEnable
                             0x4725   0x86  Code  Gb  bsp_sensors.o [1]
BSP_WheelSensorsInit         0x466f   0xa8  Code  Gb  bsp_sensors.o [1]
CPU_CntLeadZeros             0x38ff         Code  Gb  cpu_a.o [1]
CPU_Init                     0x3915   0x10  Code  Gb  cpu_core.o [1]
CPU_IntDis                   0x38e9         Code  Gb  cpu_a.o [1]
CPU_IntDisMeasCtr       0x2000'2028    0x2  Data  Gb  cpu_core.o [1]
CPU_IntDisMeasInit           0x39ef   0x78  Code  Lc  cpu_core.o [1]
CPU_IntDisMeasMaxCalc        0x3a67   0x12  Code  Lc  cpu_core.o [1]
CPU_IntDisMeasMaxCurGet
                             0x3969   0x18  Code  Gb  cpu_core.o [1]
CPU_IntDisMeasMaxCurReset
                             0x394d   0x1c  Code  Gb  cpu_core.o [1]
CPU_IntDisMeasMaxCur_cnts
                        0x2000'1fc8    0x4  Data  Gb  cpu_core.o [1]
CPU_IntDisMeasMax_cnts  0x2000'1fcc    0x4  Data  Gb  cpu_core.o [1]
CPU_IntDisMeasOvrhd_cnts
                        0x2000'1fc4    0x4  Data  Gb  cpu_core.o [1]
CPU_IntDisMeasStart          0x3981   0x22  Code  Gb  cpu_core.o [1]
CPU_IntDisMeasStart_cnts
                        0x2000'1fbc    0x4  Data  Gb  cpu_core.o [1]
CPU_IntDisMeasStop           0x39a3   0x36  Code  Gb  cpu_core.o [1]
CPU_IntDisMeasStop_cnts
                        0x2000'1fc0    0x4  Data  Gb  cpu_core.o [1]
CPU_IntDisNestCtr       0x2000'202a    0x2  Data  Gb  cpu_core.o [1]
CPU_IntEn                    0x38ed         Code  Gb  cpu_a.o [1]
CPU_IntSrcEn                 0x49c1  0x126  Code  Gb  cpu_c.o [1]
CPU_Name                0x2000'1f90   0x10  Data  Gb  cpu_core.o [1]
CPU_NameClr                  0x3925   0x22  Code  Gb  cpu_core.o [1]
CPU_NameInit                 0x39d9    0x8  Code  Lc  cpu_core.o [1]
CPU_RevBits                  0x3905         Code  Gb  cpu_a.o [1]
CPU_SR_Restore               0x38f9         Code  Gb  cpu_a.o [1]
CPU_SR_Save                  0x38f1         Code  Gb  cpu_a.o [1]
CPU_TS_Init                  0x39e1    0xe  Code  Lc  cpu_core.o [1]
CPU_TS_TmrFreqSet            0x3947    0x6  Code  Gb  cpu_core.o [1]
CPU_TS_TmrFreq_Hz       0x2000'1fb8    0x4  Data  Gb  cpu_core.o [1]
CPU_TS_TmrInit               0x3b21   0x16  Code  Gb  cpu_bsp.o [1]
CPU_TS_TmrRd                 0x3b37    0x6  Code  Gb  cpu_bsp.o [1]
CPU_WaitForExcept            0x390f         Code  Gb  cpu_a.o [1]
CPU_WaitForInt               0x390b         Code  Gb  cpu_a.o [1]
CSTACK$$Base            0x2000'2040          --   Gb  - Linker created -
CSTACK$$Limit           0x2000'2440          --   Gb  - Linker created -
CacheMore                    0x1115   0x24  Code  Lc  xlocale_c.o [2]
GPIODirModeSet               0x4bbd   0x52  Code  Gb  gpio.o [1]
GPIOIntTypeSet               0x4c0f   0x78  Code  Gb  gpio.o [1]
GPIOPadConfigSet             0x4c87  0x15c  Code  Gb  gpio.o [1]
GPIOPinConfigure             0x4ed5   0x46  Code  Gb  gpio.o [1]
GPIOPinIntClear              0x4e23    0xc  Code  Gb  gpio.o [1]
GPIOPinIntDisable            0x4df7   0x14  Code  Gb  gpio.o [1]
GPIOPinIntEnable             0x4de3   0x14  Code  Gb  gpio.o [1]
GPIOPinIntStatus             0x4e0b   0x18  Code  Gb  gpio.o [1]
GPIOPinRead                  0x4e2f    0xa  Code  Gb  gpio.o [1]
GPIOPinTypeGPIOInput         0x4e4d   0x22  Code  Gb  gpio.o [1]
GPIOPinTypeGPIOOutput        0x4e6f   0x22  Code  Gb  gpio.o [1]
GPIOPinTypeI2C               0x4e91   0x22  Code  Gb  gpio.o [1]
GPIOPinTypePWM               0x4eb3   0x22  Code  Gb  gpio.o [1]
GPIOPinWrite                 0x4e39   0x14  Code  Gb  gpio.o [1]
HEAP$$Base              0x2000'2040          --   Gb  - Linker created -
HEAP$$Limit             0x2000'2040          --   Gb  - Linker created -
I2CMasterControl             0x4b89    0x6  Code  Gb  i2c.o [1]
I2CMasterDataPut             0x4baf    0xc  Code  Gb  i2c.o [1]
I2CMasterEnable              0x4b2f   0x12  Code  Gb  i2c.o [1]
I2CMasterErr                 0x4b8f   0x20  Code  Gb  i2c.o [1]
I2CMasterInitExpClk          0x4af9   0x36  Code  Gb  i2c.o [1]
I2CMasterIntStatus           0x4b41   0x2c  Code  Gb  i2c.o [1]
I2CMasterSlaveAddrSet        0x4b75   0x14  Code  Gb  i2c.o [1]
IntWheelSensor               0x5201   0xbc  Code  Gb  app.o [1]
IntWheelSensor::CountL  0x2000'2034    0x1  Data  Lc  app.o [1]
IntWheelSensor::CountR  0x2000'2035    0x1  Data  Lc  app.o [1]
IntWheelSensor::data    0x2000'2036    0x1  Data  Lc  app.o [1]
Left_tgt                0x2000'2032    0x1  Data  Gb  app.o [1]
LoadInt                       0x2df   0x7a  Code  Lc  xprintffull.o [2]
Mem_Clr                      0x3b89    0xc  Code  Gb  lib_mem.o [1]
Mem_Set                      0x3b95   0x54  Code  Gb  lib_mem.o [1]
OSCfg_DataSizeRAM            0x6354    0x4  Data  Gb  os_cfg_app.o [1]
OSCfg_ISRStk            0x2000'11c4  0x200  Data  Gb  os_cfg_app.o [1]
OSCfg_ISRStkBasePtr          0x630c    0x4  Data  Gb  os_cfg_app.o [1]
OSCfg_ISRStkSize             0x6310    0x4  Data  Gb  os_cfg_app.o [1]
OSCfg_ISRStkSizeRAM          0x6314    0x4  Data  Gb  os_cfg_app.o [1]
OSCfg_IdleTaskStk       0x2000'0fc4  0x200  Data  Gb  os_cfg_app.o [1]
OSCfg_IdleTaskStkBasePtr
                             0x62fc    0x4  Data  Gb  os_cfg_app.o [1]
OSCfg_IdleTaskStkLimit       0x6300    0x4  Data  Gb  os_cfg_app.o [1]
OSCfg_IdleTaskStkSize        0x6304    0x4  Data  Gb  os_cfg_app.o [1]
OSCfg_IdleTaskStkSizeRAM
                             0x6308    0x4  Data  Gb  os_cfg_app.o [1]
OSCfg_Init                   0x383d   0xac  Code  Gb  os_cfg_app.o [1]
OSCfg_MsgPool           0x2000'0184  0x640  Data  Gb  os_cfg_app.o [1]
OSCfg_MsgPoolBasePtr         0x631c    0x4  Data  Gb  os_cfg_app.o [1]
OSCfg_MsgPoolSize            0x12ce    0x2  Data  Gb  os_cfg_app.o [1]
OSCfg_MsgPoolSizeRAM         0x6318    0x4  Data  Gb  os_cfg_app.o [1]
OSCfg_StkSizeMin             0x6320    0x4  Data  Gb  os_cfg_app.o [1]
OSCfg_TickRate_Hz            0x6324    0x4  Data  Gb  os_cfg_app.o [1]
OSCfg_TickTaskPrio           0x62fa    0x1  Data  Gb  os_cfg_app.o [1]
OSCfg_TickTaskStk       0x2000'13c4  0x200  Data  Gb  os_cfg_app.o [1]
OSCfg_TickTaskStkBasePtr
                             0x6328    0x4  Data  Gb  os_cfg_app.o [1]
OSCfg_TickTaskStkLimit       0x632c    0x4  Data  Gb  os_cfg_app.o [1]
OSCfg_TickTaskStkSize        0x6330    0x4  Data  Gb  os_cfg_app.o [1]
OSCfg_TickTaskStkSizeRAM
                             0x6334    0x4  Data  Gb  os_cfg_app.o [1]
OSCfg_TickWheel         0x2000'1e20   0x68  Data  Gb  os_cfg_app.o [1]
OSCfg_TickWheelSize          0x1376    0x2  Data  Gb  os_cfg_app.o [1]
OSCfg_TickWheelSizeRAM       0x6338    0x4  Data  Gb  os_cfg_app.o [1]
OSCfg_TmrTaskPrio            0x62fb    0x1  Data  Gb  os_cfg_app.o [1]
OSCfg_TmrTaskRate_Hz         0x633c    0x4  Data  Gb  os_cfg_app.o [1]
OSCfg_TmrTaskStk        0x2000'15c4  0x200  Data  Gb  os_cfg_app.o [1]
OSCfg_TmrTaskStkBasePtr
                             0x6340    0x4  Data  Gb  os_cfg_app.o [1]
OSCfg_TmrTaskStkLimit        0x6344    0x4  Data  Gb  os_cfg_app.o [1]
OSCfg_TmrTaskStkSize         0x6348    0x4  Data  Gb  os_cfg_app.o [1]
OSCfg_TmrTaskStkSizeRAM
                             0x634c    0x4  Data  Gb  os_cfg_app.o [1]
OSCfg_TmrWheel          0x2000'1e88   0x68  Data  Gb  os_cfg_app.o [1]
OSCfg_TmrWheelSize           0x174a    0x2  Data  Gb  os_cfg_app.o [1]
OSCfg_TmrWheelSizeRAM        0x6350    0x4  Data  Gb  os_cfg_app.o [1]
OSDbg_AppHooksEn             0x6365    0x1  Data  Gb  os_dbg.o [1]
OSDbg_ArgChkEn               0x6364    0x1  Data  Gb  os_dbg.o [1]
OSDbg_CalledFromISRChkEn
                             0x6366    0x1  Data  Gb  os_dbg.o [1]
OSDbg_DataSize               0x6360    0x4  Data  Gb  os_dbg.o [1]
OSDbg_DbgEn                  0x17ea    0x2  Data  Gb  os_dbg.o [1]
OSDbg_EndiannessTest         0x6358    0x4  Data  Gb  os_dbg.o [1]
OSDbg_FlagEn                 0x6367    0x1  Data  Gb  os_dbg.o [1]
OSDbg_FlagGrp                0x60c0   0x28  Data  Gb  os_dbg.o [1]
OSDbg_ISRPostDeferredEn
                             0x6368    0x1  Data  Gb  os_dbg.o [1]
OSDbg_Mem                    0x617c   0x20  Data  Gb  os_dbg.o [1]
OSDbg_MemEn                  0x6369    0x1  Data  Gb  os_dbg.o [1]
OSDbg_MsgEn                  0x636a    0x1  Data  Gb  os_dbg.o [1]
OSDbg_MsgPoolSize            0x1956    0x2  Data  Gb  os_dbg.o [1]
OSDbg_MsgQSize               0x1992    0x2  Data  Gb  os_dbg.o [1]
OSDbg_MsgSize                0x181a    0x2  Data  Gb  os_dbg.o [1]
OSDbg_Mutex                  0x6094   0x2c  Data  Gb  os_dbg.o [1]
OSDbg_MutexDelEn             0x636c    0x1  Data  Gb  os_dbg.o [1]
OSDbg_MutexEn                0x636b    0x1  Data  Gb  os_dbg.o [1]
OSDbg_MutexPendAbortEn       0x636d    0x1  Data  Gb  os_dbg.o [1]
OSDbg_MutexSize              0x19b6    0x2  Data  Gb  os_dbg.o [1]
OSDbg_ObjTypeChkEn           0x636e    0x1  Data  Gb  os_dbg.o [1]
OSDbg_PendDataSize           0x1a9a    0x2  Data  Gb  os_dbg.o [1]
OSDbg_PendListSize           0x1ce2    0x2  Data  Gb  os_dbg.o [1]
OSDbg_PendMultiEn            0x636f    0x1  Data  Gb  os_dbg.o [1]
OSDbg_PendObjSize            0x1d2e    0x2  Data  Gb  os_dbg.o [1]
OSDbg_PrioMax                0x1e9a    0x2  Data  Gb  os_dbg.o [1]
OSDbg_PrioTblSize            0x27be    0x2  Data  Gb  os_dbg.o [1]
OSDbg_PtrSize                0x3912    0x2  Data  Gb  os_dbg.o [1]
OSDbg_Q                      0x6034   0x30  Data  Gb  os_dbg.o [1]
OSDbg_QDelEn                 0x6371    0x1  Data  Gb  os_dbg.o [1]
OSDbg_QEn                    0x6370    0x1  Data  Gb  os_dbg.o [1]
OSDbg_QFlushEn               0x6372    0x1  Data  Gb  os_dbg.o [1]
OSDbg_QPendAbortEn           0x6373    0x1  Data  Gb  os_dbg.o [1]
OSDbg_QSize                  0x42fa    0x2  Data  Gb  os_dbg.o [1]
OSDbg_RdyList                0x4bba    0x2  Data  Gb  os_dbg.o [1]
OSDbg_RdyListSize            0x635c    0x4  Data  Gb  os_dbg.o [1]
OSDbg_SchedRoundRobinEn
                             0x6374    0x1  Data  Gb  os_dbg.o [1]
OSDbg_Sem                    0x60e8   0x28  Data  Gb  os_dbg.o [1]
OSDbg_SemEn                  0x6375    0x1  Data  Gb  os_dbg.o [1]
OSDbg_StatTaskEn             0x6377    0x1  Data  Gb  os_dbg.o [1]
OSDbg_StatTaskStkChkEn       0x6378    0x1  Data  Gb  os_dbg.o [1]
OSDbg_StkWidth               0x6376    0x1  Data  Gb  os_dbg.o [1]
OSDbg_TCBSize                0x594e    0x2  Data  Gb  os_dbg.o [1]
OSDbg_TaskChangePrioEn       0x6379    0x1  Data  Gb  os_dbg.o [1]
OSDbg_TaskDelEn              0x637a    0x1  Data  Gb  os_dbg.o [1]
OSDbg_TaskProfileEn          0x637d    0x1  Data  Gb  os_dbg.o [1]
OSDbg_TaskQEn                0x637b    0x1  Data  Gb  os_dbg.o [1]
OSDbg_TaskQPendAbortEn       0x637c    0x1  Data  Gb  os_dbg.o [1]
OSDbg_TaskRegTblSize         0x5016    0x2  Data  Gb  os_dbg.o [1]
OSDbg_TaskSemPendAbortEn
                             0x637e    0x1  Data  Gb  os_dbg.o [1]
OSDbg_TaskSuspendEn          0x637f    0x1  Data  Gb  os_dbg.o [1]
OSDbg_TickSpokeSize          0x5a1a    0x2  Data  Gb  os_dbg.o [1]
OSDbg_TimeDlyHMSMEn          0x6380    0x1  Data  Gb  os_dbg.o [1]
OSDbg_TimeDlyResumeEn        0x6381    0x1  Data  Gb  os_dbg.o [1]
OSDbg_Tmr                    0x6000   0x34  Data  Gb  os_dbg.o [1]
OSDbg_TmrDelEn               0x6383    0x1  Data  Gb  os_dbg.o [1]
OSDbg_TmrEn                  0x6382    0x1  Data  Gb  os_dbg.o [1]
OSDbg_TmrSize                0x5ba2    0x2  Data  Gb  os_dbg.o [1]
OSDbg_TmrSpokeSize           0x61be    0x2  Data  Gb  os_dbg.o [1]
OSDbg_VersionNbr             0x6222    0x2  Data  Gb  os_dbg.o [1]
OSIdleTaskCtr           0x2000'1fd8    0x4  Data  Gb  os_var.o [1]
OSIdleTaskHook               0x27c1    0x2  Code  Gb  os_cpu_c.o [1]
OSIdleTaskTCB           0x2000'1bfc   0x8c  Data  Gb  os_var.o [1]
OSInit                       0x1f6d   0xc2  Code  Gb  os_core.o [1]
OSInitHook                   0x27c3   0x14  Code  Gb  os_cpu_c.o [1]
OSIntEnter                   0x202f   0x1c  Code  Gb  os_core.o [1]
OSIntExit                    0x204b   0x98  Code  Gb  os_core.o [1]
OSIntNestingCtr         0x2000'2037    0x1  Data  Gb  os_var.o [1]
OSMsgPool               0x2000'1fa0    0x8  Data  Gb  os_var.o [1]
OSMutexDbgListPtr       0x2000'1fdc    0x4  Data  Gb  os_var.o [1]
OSMutexQty              0x2000'202c    0x2  Data  Gb  os_var.o [1]
OSPrioCur               0x2000'2039    0x1  Data  Gb  os_var.o [1]
OSPrioHighRdy           0x2000'203a    0x1  Data  Gb  os_var.o [1]
OSPrioTbl               0x2000'1fd4    0x4  Data  Gb  os_prio.o [1]
OSQDbgListPtr           0x2000'1fe0    0x4  Data  Gb  os_var.o [1]
OSQQty                  0x2000'202e    0x2  Data  Gb  os_var.o [1]
OSRdyList               0x2000'18dc   0xf0  Data  Gb  os_var.o [1]
OSRunning               0x2000'2038    0x1  Data  Gb  os_var.o [1]
OSSched                      0x20e3   0x6a  Code  Gb  os_core.o [1]
OSSchedLock                  0x214d   0x60  Code  Gb  os_core.o [1]
OSSchedLockNestingCtr   0x2000'203b    0x1  Data  Gb  os_var.o [1]
OSSchedLockTimeBegin    0x2000'1fe4    0x4  Data  Gb  os_var.o [1]
OSSchedLockTimeMax      0x2000'1fe8    0x4  Data  Gb  os_var.o [1]
OSSchedLockTimeMaxCur   0x2000'1fec    0x4  Data  Gb  os_var.o [1]
OSSchedUnlock                0x21ad   0x7c  Code  Gb  os_core.o [1]
OSStart                      0x2229   0x52  Code  Gb  os_core.o [1]
OSStartHighRdy               0x3a9d         Code  Gb  os_cpu_a.o [1]
OSTCBCurPtr             0x2000'2014    0x4  Data  Gb  os_var.o [1]
OSTCBHighRdyPtr         0x2000'2018    0x4  Data  Gb  os_var.o [1]
OSTaskCreate                 0x2991  0x120  Code  Gb  os_task.o [1]
OSTaskCreateHook             0x27d7    0x2  Code  Gb  os_cpu_c.o [1]
OSTaskCreateRecursive        0x53e1  0x104  Code  Gb  OS_RecTaskServices.o [1]
OSTaskCtxSwCtr          0x2000'1ff0    0x4  Data  Gb  os_var.o [1]
OSTaskDbgListPtr        0x2000'1ff4    0x4  Data  Gb  os_var.o [1]
OSTaskDel                    0x2ab1   0xfe  Code  Gb  os_task.o [1]
OSTaskDelHook                0x27d9    0x2  Code  Gb  os_cpu_c.o [1]
OSTaskQty               0x2000'2030    0x2  Data  Gb  os_var.o [1]
OSTaskReturnHook             0x27db    0x2  Code  Gb  os_cpu_c.o [1]
OSTaskSemPend                0x2baf  0x126  Code  Gb  os_task.o [1]
OSTaskSemPost                0x2cd5   0x1c  Code  Gb  os_task.o [1]
OSTaskStkInit                0x27dd   0x7e  Code  Gb  os_cpu_c.o [1]
OSTaskSwHook                 0x285b   0x2c  Code  Gb  os_cpu_c.o [1]
OSTickCtr               0x2000'1ff8    0x4  Data  Gb  os_var.o [1]
OSTickTaskTCB           0x2000'1c88   0x8c  Data  Gb  os_var.o [1]
OSTickTaskTimeMax       0x2000'1ffc    0x4  Data  Gb  os_var.o [1]
OSTimeTick                   0x3b45   0x30  Code  Gb  os_time.o [1]
OSTimeTickHook               0x2887    0x2  Code  Gb  os_cpu_c.o [1]
OSTmrDbgListPtr         0x2000'2000    0x4  Data  Gb  os_var.o [1]
OSTmrTaskTCB            0x2000'1d14   0x8c  Data  Gb  os_var.o [1]
OSTmrTaskTimeMax        0x2000'2004    0x4  Data  Gb  os_var.o [1]
OSTmrTickCtr            0x2000'2008    0x4  Data  Gb  os_var.o [1]
OSTmrUpdateCnt          0x2000'200c    0x4  Data  Gb  os_var.o [1]
OSTmrUpdateCtr          0x2000'2010    0x4  Data  Gb  os_var.o [1]
OS_CPU_ExceptStkBase    0x2000'1fd0    0x4  Data  Gb  os_cpu_c.o [1]
OS_CPU_PendSVHandler         0x3abb         Code  Gb  os_cpu_a.o [1]
OS_CPU_SysTickHandler        0x2889   0x2a  Code  Gb  os_cpu_c.o [1]
OS_CPU_SysTickInit           0x28b3   0x24  Code  Gb  os_cpu_c.o [1]
OS_Dbg_Init                  0x36d1  0x16c  Code  Gb  os_dbg.o [1]
OS_IdleTask                  0x227b   0x28  Code  Gb  os_core.o [1]
OS_IdleTaskInit              0x22a3   0x50  Code  Gb  os_core.o [1]
OS_MsgPoolCreate             0x32f9   0x40  Code  Gb  os_msg.o [1]
OS_MsgPoolInit               0x3339   0x24  Code  Gb  os_msg.o [1]
OS_MsgQFreeAll               0x335d   0x3e  Code  Gb  os_msg.o [1]
OS_MsgQInit                  0x339b   0x14  Code  Gb  os_msg.o [1]
OS_MutexInit                 0x33bd   0x12  Code  Gb  os_mutex.o [1]
OS_Pend                      0x22f3   0x54  Code  Gb  os_core.o [1]
OS_PendDataInit              0x2347   0x38  Code  Gb  os_core.o [1]
OS_PendDbgNameAdd            0x237f   0x42  Code  Gb  os_core.o [1]
OS_PendDbgNameRemove         0x23c1   0x1c  Code  Gb  os_core.o [1]
OS_PendListInsertPrio        0x23e1   0x72  Code  Gb  os_core.o [1]
OS_PendListRemove            0x2453   0x2a  Code  Gb  os_core.o [1]
OS_PendListRemove1           0x247d   0x48  Code  Gb  os_core.o [1]
OS_Post                      0x24c5   0xc0  Code  Gb  os_core.o [1]
OS_Post1                     0x2585   0x28  Code  Gb  os_core.o [1]
OS_PrioGetHighest            0x2915   0x20  Code  Gb  os_prio.o [1]
OS_PrioInit                  0x2901   0x14  Code  Gb  os_prio.o [1]
OS_PrioInsert                0x2935   0x2a  Code  Gb  os_prio.o [1]
OS_PrioRemove                0x295f   0x2c  Code  Gb  os_prio.o [1]
OS_QInit                     0x33d9   0x12  Code  Gb  os_q.o [1]
OS_RdyListInit               0x25ad   0x2a  Code  Gb  os_core.o [1]
OS_RdyListInsert             0x25d7   0x28  Code  Gb  os_core.o [1]
OS_RdyListInsertHead         0x25ff   0x3a  Code  Gb  os_core.o [1]
OS_RdyListInsertTail         0x2639   0x38  Code  Gb  os_core.o [1]
OS_RdyListRemove             0x2671   0x5c  Code  Gb  os_core.o [1]
OS_SchedLockTimeMeasStart
                             0x26cd   0x14  Code  Gb  os_core.o [1]
OS_SchedLockTimeMeasStop
                             0x26e1   0x2a  Code  Gb  os_core.o [1]
OS_TaskBlock                 0x276d   0x38  Code  Gb  os_core.o [1]
OS_TaskDbgListAdd            0x2cf1   0x26  Code  Gb  os_task.o [1]
OS_TaskDbgListRemove         0x2d17   0x4a  Code  Gb  os_task.o [1]
OS_TaskInit                  0x2d61   0x18  Code  Gb  os_task.o [1]
OS_TaskInitTCB               0x2d79   0xa8  Code  Gb  os_task.o [1]
OS_TaskRdy                   0x27a5   0x1a  Code  Gb  os_core.o [1]
OS_TaskReturn                0x2e21   0x14  Code  Gb  os_task.o [1]
OS_TaskSemPost               0x2e35   0xd4  Code  Gb  os_task.o [1]
OS_TickListInit              0x2fcb   0x2e  Code  Gb  os_tick.o [1]
OS_TickListInsert            0x2ff9  0x11c  Code  Gb  os_tick.o [1]
OS_TickListRemove            0x3115   0x42  Code  Gb  os_tick.o [1]
OS_TickListUpdate            0x3157  0x16c  Code  Gb  os_tick.o [1]
OS_TickTask                  0x2f35   0x26  Code  Gb  os_tick.o [1]
OS_TickTaskInit              0x2f5b   0x70  Code  Gb  os_tick.o [1]
OS_TmrInit                   0x33f5   0xd6  Code  Gb  os_tmr.o [1]
OS_TmrLink                   0x34cb   0xd0  Code  Gb  os_tmr.o [1]
OS_TmrTask                   0x35e9   0xa6  Code  Gb  os_tmr.o [1]
OS_TmrUnlink                 0x359b   0x4c  Code  Gb  os_tmr.o [1]
PWMGenConfigure              0x4f25   0x3c  Code  Gb  pwm.o [1]
PWMGenEnable                 0x4f83    0xe  Code  Gb  pwm.o [1]
PWMGenPeriodSet              0x4f61   0x22  Code  Gb  pwm.o [1]
PWMOutputInvert              0x4feb   0x2c  Code  Gb  pwm.o [1]
PWMOutputState               0x4fbf   0x2c  Code  Gb  pwm.o [1]
PWMPulseWidthSet             0x4f91   0x2e  Code  Gb  pwm.o [1]
Region$$Table$$Base          0x615c          --   Gb  - Linker created -
Region$$Table$$Limit         0x617c          --   Gb  - Linker created -
Right_tgt               0x2000'2033    0x1  Data  Gb  app.o [1]
RoboTurn                     0x52bd   0xc8  Code  Gb  app.o [1]
SysCtlClockGet               0x3e91  0x1a2  Code  Gb  sysctl.o [1]
SysCtlClockSet               0x3d25  0x16c  Code  Gb  sysctl.o [1]
SysCtlDelay                  0x3d1d    0x8  Code  Gb  sysctl.o [1]
SysCtlPWMClockSet            0x4033    0xe  Code  Gb  sysctl.o [1]
SysCtlPeripheralEnable       0x3cf1   0x2c  Code  Gb  sysctl.o [1]
SysCtlPeripheralReset        0x3c91   0x60  Code  Gb  sysctl.o [1]
_Close_all                   0x5951   0x3c  Code  Gb  xcloseall.o [2]
_Encoding_8859_1_Mbrlen
                             0x1261    0x2  Code  Gb  xencoding_8859_1.o [2]
_Encoding_8859_1_Wctomb
                             0x124f   0x12  Code  Gb  xencoding_8859_1.o [2]
_Files                  0x2000'015c   0x20  Data  Gb  xfiles.o [2]
_Fofree                      0x5a1d   0x86  Code  Gb  xfofind.o [2]
_Fspos                       0x5cb3   0xd8  Code  Gb  xfspos.o [2]
_Fwprep                      0x5de1   0xb4  Code  Gb  xfwprep.o [2]
_GenldFull                    0xd71  0x274  Code  Lc  xprintffull.o [2]
_LdtobFull                    0x945  0x400  Code  Lc  xprintffull.o [2]
_LitobFull                    0x7ed  0x112  Code  Lc  xprintffull.o [2]
_Locale_lconv           0x2000'0004   0x38  Data  Lc  xlocale_c.o [2]
_Nnl                         0x5d8b    0xc  Code  Gb  xfgpos.o [2]
_PrintfFull                   0x11d  0x1aa  Code  Gb  xprintffull.o [2]
_Prout                       0x620d   0x16  Code  Gb  xprout.o [2]
_PutcharsFull                 0xfe5   0x2e  Code  Lc  xprintffull.o [2]
_PutfldFull                   0x359  0x2d8  Code  Lc  xprintffull.o [2]
_PutstrFull                   0x727   0xc6  Code  Lc  xprintffull.o [2]
_PuttxtFull                   0x631   0xf6  Code  Lc  xprintffull.o [2]
__aeabi_cdcmple              0x17bd         Code  Gb  DblCmpLe.o [3]
__aeabi_cdrcmple             0x17ed         Code  Gb  DblCmpGe.o [3]
__aeabi_d2iz                 0x1959         Code  Gb  DblToS32.o [3]
__aeabi_d2uiz                0x1ce5         Code  Gb  DblToU32.o [3]
__aeabi_ddiv                 0x1a9d         Code  Gb  DblDiv.o [3]
__aeabi_dmul                 0x15a9         Code  Gb  DblMul.o [3]
__aeabi_dsub                 0x19b9         Code  Gb  DblSub.o [3]
__aeabi_i2d                  0x1995         Code  Gb  S32ToDbl.o [3]
__aeabi_ldiv0                0x1d2d         Code  Gb  I64DivZer.o [4]
__aeabi_memcpy               0x12d1         Code  Gb  ABImemcpy.o [4]
__aeabi_memcpy4              0x12f1         Code  Gb  ABImemcpy.o [4]
__aeabi_memcpy8              0x12f1         Code  Gb  ABImemcpy.o [4]
__aeabi_ui2d                 0x1d0d         Code  Gb  U32ToDbl.o [3]
__aeabi_uldivmod             0x1379         Code  Gb  I64DivMod.o [4]
__basic_free                 0x587d   0x16  Code  Gb  heap0.o [2]
__basic_free_intern          0x5893   0x7a  Code  Lc  heap0.o [2]
__basic_malloc               0x57d1   0x18  Code  Gb  heap0.o [2]
__basic_malloc_intern        0x57e9   0x94  Code  Lc  heap0.o [2]
__cexit_closeall             0x5943         Code  Gb  cexit.o [4]
__close                      0x5b59   0x18  Code  Gb  close.o [5]
__cmain                      0x619d         Code  Gb  cmain.o [4]
__cstart_closeall            0x6384         Data  Gb  cstart_closeall.o [4]
__data_GetMemChunk           0x5915   0x2c  Code  Gb  xgetmemchunk.o [2]
__data_GetMemChunk::start
                        0x2000'2024    0x4  Data  Lc  xgetmemchunk.o [2]
__dwrite                     0x5b85   0x1e  Code  Gb  dwrite.o [5]
__exit                       0x1e9d   0x14  Code  Gb  exit.o [5]
__iar_Fail_s                 0x11d9   0x1c  Code  Gb  xfail_s.o [2]
__iar_Mbcurmax               0x12c5    0xa  Code  Gb  xmbcurmax.o [2]
__iar_Memchr                 0x126d         Code  Gb  memchr.o [4]
__iar_Stderr            0x2000'0114   0x48  Data  Gb  xfiles.o [2]
__iar_Stdin             0x2000'0084   0x48  Data  Gb  xfiles.o [2]
__iar_Stdout            0x2000'00cc   0x48  Data  Gb  xfiles.o [2]
__iar_Strchr                 0x1189         Code  Gb  strchr.o [4]
__iar_close_ttio             0x1eb1   0x2e  Code  Gb  iarttio.o [5]
__iar_dadd                   0x19c9         Code  Gb  DblSub.o [3]
__iar_data_init3             0x6111   0x28  Code  Gb  data_init.o [4]
__iar_dsub                   0x1d31         Code  Gb  DblAdd.o [3]
__iar_dsubStart              0x1d43         Code  Gb  DblAdd.o [3]
__iar_frexp                  0x1759         Code  Gb  frexp.o [3]
__iar_frexp64                0x174d         Code  Gb  frexp.o [3]
__iar_frexpl                 0x1759         Code  Gb  frexp.o [3]
__iar_get_ttio               0x1ee1   0x4c  Code  Gb  iarttio.o [5]
__iar_globLocale        0x2000'003c   0x48  Data  Lc  xlocale_c.o [2]
__iar_global_Locale          0x1111    0x4  Code  Gb  xlocale_c.o [2]
__iar_ldexp64                0x181d         Code  Gb  ldexp.o [3]
__iar_lookup_ttioh           0x1f5f    0x4  Code  Gb  XShttio.o [2]
__iar_lz77_init_single3
                             0x1097   0x7a  Code  Gb  lz77_init_single.o [4]
__iar_program_start          0x62c9         Code  Gb  cstartup_M.o [4]
__iar_scalbln64              0x181d         Code  Gb  ldexp.o [3]
__iar_scalbn64               0x181d         Code  Gb  ldexp.o [3]
__iar_sh_Discard             0x5ba5   0x42  Code  Gb  XShHandles.o [2]
__iar_sh_Move                0x5be7   0x46  Code  Gb  XShHandles.o [2]
__iar_sh_Pos                 0x5c2d   0x3e  Code  Gb  XShHandles.o [2]
__iar_sh_stdout              0x5c71   0x20  Code  Gb  iarwstd.o [5]
__iar_sh_write               0x5c91   0x22  Code  Gb  iarwrite.o [5]
__iar_ttio_guard_lock        0x1f31   0x1e  Code  Gb  XShttio.o [2]
__iar_ttio_guard_unlock
                             0x1f4f   0x10  Code  Gb  XShttio.o [2]
__iar_ttio_handles      0x2000'017c    0x8  Data  Lc  XShttio.o [2]
__iar_zero_init3             0x119f   0x3a  Code  Gb  zero_init3.o [4]
__low_level_init             0x61bb    0x4  Code  Gb  low_level_init.o [2]
__lseek                      0x5d97   0x4a  Code  Gb  lseek.o [5]
__vector_table                  0x0  0x11c  Data  Gb  app_vect.o [1]
__write                      0x5a0b   0x10  Code  Gb  write.o [5]
_call_main                   0x61a9         Code  Gb  cmain.o [4]
_exit                        0x5941         Code  Gb  cexit.o [4]
_gLocale_mblen               0x1175    0x4  Code  Gb  xlocale_c.o [2]
_gLocale_mblenInt            0x1139   0x2c  Code  Gb  xlocale_c.o [2]
_gLocale_wctomb              0x1179    0x4  Code  Gb  xlocale_c.o [2]
_gLocale_wctombInt           0x1171    0x4  Code  Gb  xlocale_c.o [2]
_main                        0x61b7         Code  Gb  cmain.o [4]
abort                        0x1d27    0x6  Code  Gb  abort.o [2]
append                       0x57a7   0x26  Code  Gb  linkedList.o [1]
color_insert                 0x5571  0x116  Code  Gb  RBTree2.o [1]
create                       0x5781   0x26  Code  Gb  linkedList.o [1]
ebuf                    0x2000'1ef0   0x50  Data  Lc  xfiles.o [2]
exit                         0x5911    0x4  Code  Gb  exit.o [2]
fclose                       0x598d   0x7e  Code  Gb  fclose.o [2]
fflush                       0x5b1d   0x34  Code  Gb  fflush.o [2]
fflushOne                    0x5aa9   0x74  Code  Lc  fflush.o [2]
fputc                        0x5f15   0x54  Code  Gb  fputc.o [2]
free                         0x5b55    0x4  Code  Gb  heaptramp0.o [2]
frexp                        0x174d         Code  Gb  frexp.o [3]
frexpl                       0x174d         Code  Gb  frexp.o [3]
fseek                        0x5e95   0x24  Code  Gb  fseek.o [2]
g_pucRITInit                 0x5f68   0x50  Data  Lc  bsp_display.o [1]
g_pucRow1                    0x62d4    0x8  Data  Lc  bsp_display.o [1]
g_pucRow2                    0x62dc    0x8  Data  Lc  bsp_display.o [1]
g_pulGPIOBaseAddrs           0x5fb8   0x48  Data  Lc  gpio.o [1]
g_pulRCGCRegs                0x62b0    0xc  Data  Lc  sysctl.o [1]
g_pulSRCRRegs                0x62a4    0xc  Data  Lc  sysctl.o [1]
g_pulXtals                   0x5eb8   0x5c  Data  Lc  sysctl.o [1]
g_ulDelay               0x2000'1fb4    0x4  Data  Lc  bsp_display.o [1]
iMove                   0x2000'0000    0x4  Data  Gb  app.o [1]
insert                       0x5687   0x8e  Code  Gb  RBTree2.o [1]
ldexp                        0x181d         Code  Gb  ldexp.o [3]
ldexpl                       0x181d         Code  Gb  ldexp.o [3]
leftRotate                   0x54e5   0x46  Code  Gb  RBTree2.o [1]
localeconv                   0x117d    0x4  Code  Gb  xlocale_c.o [2]
main                         0x5019   0x4c  Code  Gb  app.o [1]
memchr                       0x126d         Code  Gb  memchr.o [4]
obuf                    0x2000'1f40   0x50  Data  Lc  xfiles.o [2]
printf                       0x5759   0x28  Code  Gb  printf.o [2]
putchar                      0x6225    0xc  Code  Gb  putchar.o [2]
remove                       0x5b71   0x14  Code  Gb  remove.o [5]
rightRotate                  0x552b   0x46  Code  Gb  RBTree2.o [1]
root                    0x2000'201c    0x4  Data  Gb  RBTree2.o [1]
sFileInfo               0x2000'1da0   0x80  Data  Lc  XShHandles.o [2]
scalbln                      0x181d         Code  Gb  ldexp.o [3]
scalblnl                     0x181d         Code  Gb  ldexp.o [3]
scalbn                       0x181d         Code  Gb  ldexp.o [3]
scalbnl                      0x181d         Code  Gb  ldexp.o [3]
scale                         0x8ff   0x46  Code  Lc  xprintffull.o [2]
searchRB                     0x5715   0x32  Code  Gb  RBTree2.o [1]
sec_hand                0x2000'2020    0x4  Data  Lc  xfail_s.o [2]
strchr                       0x1189         Code  Gb  strchr.o [4]
strlen                       0x1219         Code  Gb  strlen.o [4]
ttio_guard              0x2000'203c    0x1  Data  Lc  XShttio.o [2]


[1] = C:\Users\ahj\Desktop\CE4057\Source_Code_CE4057\ce4053\Micrium\Software\EvalBoards\TI\LM3S9B92-EVALBOT\IAR\uCOS-III-CE4053_PG\Flash\Obj
[2] = dl7M_tlf.a
[3] = m7M_tl.a
[4] = rt7M_tl.a
[5] = shb_l.a

  24 140 bytes of readonly  code memory
   1 465 bytes of readonly  data memory
   9 277 bytes of readwrite data memory

Errors: none
Warnings: none
